[2018-01-26T19:59:53.413+0530][372.645s] GC(30) Pause Young (Allocation Failure)
[2018-01-26T19:59:53.413+0530][372.646s] GC(30) Using 4 workers of 4 for evacuation
[2018-01-26T19:59:53.497+0530][372.729s] GC(30) ParNew: 109248K->21824K(109248K)
[2018-01-26T19:59:53.497+0530][372.730s] GC(30) CMS: 101126K->108915K(393216K)
[2018-01-26T19:59:53.497+0530][372.730s] GC(30) Metaspace: 46699K->46699K(1093632K)
[2018-01-26T19:59:53.497+0530][372.730s] GC(30) Pause Young (Allocation Failure) 205M->127M(490M) 84.671ms
[2018-01-26T19:59:53.498+0530][372.730s] GC(30) User=0.05s Sys=0.00s Real=0.09s
[2018-01-26T19:59:57.157+0530][376.390s] GC(31) Pause Young (Allocation Failure)
[2018-01-26T19:59:57.158+0530][376.391s] GC(31) Using 4 workers of 4 for evacuation
[2018-01-26T19:59:57.197+0530][376.430s] GC(31) ParNew: 109248K->21824K(109248K)
[2018-01-26T19:59:57.197+0530][376.430s] GC(31) CMS: 108915K->111900K(393216K)
[2018-01-26T19:59:57.197+0530][376.430s] GC(31) Metaspace: 47142K->47142K(1093632K)
[2018-01-26T19:59:57.198+0530][376.431s] GC(31) Pause Young (Allocation Failure) 213M->130M(490M) 40.716ms
[2018-01-26T19:59:57.198+0530][376.431s] GC(31) User=0.04s Sys=0.00s Real=0.04s
[2018-01-26T20:00:00.904+0530][380.137s] GC(32) Pause Young (Allocation Failure)
[2018-01-26T20:00:00.921+0530][380.154s] GC(32) Using 4 workers of 4 for evacuation
[2018-01-26T20:00:01.038+0530][380.271s] GC(32) ParNew: 109248K->21824K(109248K)
[2018-01-26T20:00:01.038+0530][380.271s] GC(32) CMS: 111900K->117560K(393216K)
[2018-01-26T20:00:01.038+0530][380.271s] GC(32) Metaspace: 47179K->47179K(1093632K)
[2018-01-26T20:00:01.039+0530][380.272s] GC(32) Pause Young (Allocation Failure) 215M->136M(490M) 134.520ms
[2018-01-26T20:00:01.041+0530][380.273s] GC(32) User=0.05s Sys=0.01s Real=0.14s
[2018-01-26T20:00:04.258+0530][383.491s] GC(33) Pause Young (Allocation Failure)
[2018-01-26T20:00:04.259+0530][383.492s] GC(33) Using 4 workers of 4 for evacuation
[2018-01-26T20:00:04.332+0530][383.565s] GC(33) ParNew: 109248K->21824K(109248K)
[2018-01-26T20:00:04.332+0530][383.565s] GC(33) CMS: 117560K->121811K(393216K)
[2018-01-26T20:00:04.332+0530][383.565s] GC(33) Metaspace: 47179K->47179K(1093632K)
[2018-01-26T20:00:04.333+0530][383.565s] GC(33) Pause Young (Allocation Failure) 221M->140M(490M) 74.693ms
[2018-01-26T20:00:04.333+0530][383.566s] GC(33) User=0.04s Sys=0.00s Real=0.08s
[2018-01-26T20:00:07.276+0530][386.509s] GC(34) Pause Young (Allocation Failure)
[2018-01-26T20:00:07.277+0530][386.510s] GC(34) Using 4 workers of 4 for evacuation
[2018-01-26T20:00:07.327+0530][386.560s] GC(34) ParNew: 109248K->21824K(109248K)
[2018-01-26T20:00:07.327+0530][386.560s] GC(34) CMS: 121811K->128414K(393216K)
[2018-01-26T20:00:07.327+0530][386.560s] GC(34) Metaspace: 47181K->47181K(1093632K)
[2018-01-26T20:00:07.328+0530][386.561s] GC(34) Pause Young (Allocation Failure) 225M->146M(490M) 52.120ms
[2018-01-26T20:00:07.328+0530][386.561s] GC(34) User=0.05s Sys=0.01s Real=0.05s
[2018-01-26T20:00:12.622+0530][391.855s] GC(35) Pause Young (Allocation Failure)
[2018-01-26T20:00:12.637+0530][391.870s] GC(35) Using 4 workers of 4 for evacuation
[2018-01-26T20:00:12.760+0530][391.992s] GC(35) ParNew: 109248K->21824K(109248K)
[2018-01-26T20:00:12.760+0530][391.993s] GC(35) CMS: 128414K->131642K(393216K)
[2018-01-26T20:00:12.760+0530][391.993s] GC(35) Metaspace: 47218K->47218K(1093632K)
[2018-01-26T20:00:12.760+0530][391.993s] GC(35) Pause Young (Allocation Failure) 232M->149M(490M) 138.305ms
[2018-01-26T20:00:12.761+0530][391.994s] GC(35) User=0.04s Sys=0.00s Real=0.14s
[2018-01-26T20:00:17.582+0530][396.815s] GC(36) Pause Young (Allocation Failure)
[2018-01-26T20:00:17.595+0530][396.828s] GC(36) Using 4 workers of 4 for evacuation
[2018-01-26T20:00:17.663+0530][396.896s] GC(36) ParNew: 109248K->21824K(109248K)
[2018-01-26T20:00:17.663+0530][396.896s] GC(36) CMS: 131642K->136854K(393216K)
[2018-01-26T20:00:17.663+0530][396.896s] GC(36) Metaspace: 47220K->47220K(1093632K)
[2018-01-26T20:00:17.664+0530][396.897s] GC(36) Pause Young (Allocation Failure) 235M->154M(490M) 81.274ms
[2018-01-26T20:00:17.664+0530][396.897s] GC(36) User=0.05s Sys=0.01s Real=0.08s
[2018-01-26T20:00:20.976+0530][400.209s] GC(37) Pause Young (Allocation Failure)
[2018-01-26T20:00:20.977+0530][400.210s] GC(37) Using 4 workers of 4 for evacuation
[2018-01-26T20:00:21.049+0530][400.282s] GC(37) ParNew: 109248K->21824K(109248K)
[2018-01-26T20:00:21.050+0530][400.282s] GC(37) CMS: 136854K->143960K(393216K)
[2018-01-26T20:00:21.050+0530][400.282s] GC(37) Metaspace: 47223K->47223K(1093632K)
[2018-01-26T20:00:21.050+0530][400.283s] GC(37) Pause Young (Allocation Failure) 240M->161M(490M) 73.956ms
[2018-01-26T20:00:21.051+0530][400.283s] GC(37) User=0.04s Sys=0.00s Real=0.07s
[2018-01-26T20:00:23.812+0530][403.045s] GC(38) Pause Young (Allocation Failure)
[2018-01-26T20:00:23.818+0530][403.051s] GC(38) Using 4 workers of 4 for evacuation
[2018-01-26T20:00:23.861+0530][403.094s] GC(38) ParNew: 109248K->21824K(109248K)
[2018-01-26T20:00:23.861+0530][403.094s] GC(38) CMS: 143960K->146510K(393216K)
[2018-01-26T20:00:23.861+0530][403.094s] GC(38) Metaspace: 47227K->47227K(1093632K)
[2018-01-26T20:00:23.862+0530][403.095s] GC(38) Pause Young (Allocation Failure) 247M->164M(490M) 49.580ms
[2018-01-26T20:00:23.862+0530][403.095s] GC(38) User=0.04s Sys=0.01s Real=0.06s
[2018-01-26T20:00:27.017+0530][406.250s] GC(39) Pause Young (Allocation Failure)
[2018-01-26T20:00:27.018+0530][406.251s] GC(39) Using 4 workers of 4 for evacuation
[2018-01-26T20:00:27.068+0530][406.301s] GC(39) ParNew: 109248K->21824K(109248K)
[2018-01-26T20:00:27.069+0530][406.301s] GC(39) CMS: 146510K->150413K(393216K)
[2018-01-26T20:00:27.069+0530][406.301s] GC(39) Metaspace: 47250K->47250K(1093632K)
[2018-01-26T20:00:27.069+0530][406.302s] GC(39) Pause Young (Allocation Failure) 249M->168M(490M) 52.319ms
[2018-01-26T20:00:27.070+0530][406.303s] GC(39) User=0.03s Sys=0.00s Real=0.05s
[2018-01-26T20:00:30.845+0530][410.078s] GC(40) Pause Young (Allocation Failure)
[2018-01-26T20:00:30.847+0530][410.079s] GC(40) Using 4 workers of 4 for evacuation
[2018-01-26T20:00:30.949+0530][410.181s] GC(40) ParNew: 109248K->21824K(109248K)
[2018-01-26T20:00:30.951+0530][410.183s] GC(40) CMS: 150413K->155895K(393216K)
[2018-01-26T20:00:30.951+0530][410.184s] GC(40) Metaspace: 47261K->47261K(1093632K)
[2018-01-26T20:00:30.952+0530][410.184s] GC(40) Pause Young (Allocation Failure) 253M->173M(490M) 106.153ms
[2018-01-26T20:00:30.952+0530][410.185s] GC(40) User=0.06s Sys=0.00s Real=0.10s
[2018-01-26T20:00:34.902+0530][414.135s] GC(41) Pause Young (Allocation Failure)
[2018-01-26T20:00:34.915+0530][414.148s] GC(41) Using 4 workers of 4 for evacuation
[2018-01-26T20:00:35.018+0530][414.250s] GC(41) ParNew: 109248K->21824K(109248K)
[2018-01-26T20:00:35.018+0530][414.251s] GC(41) CMS: 155895K->160763K(393216K)
[2018-01-26T20:00:35.018+0530][414.251s] GC(41) Metaspace: 47273K->47273K(1093632K)
[2018-01-26T20:00:35.019+0530][414.252s] GC(41) Pause Young (Allocation Failure) 258M->178M(490M) 116.341ms
[2018-01-26T20:00:35.019+0530][414.252s] GC(41) User=0.04s Sys=0.02s Real=0.11s
[2018-01-26T20:00:39.009+0530][418.241s] GC(42) Pause Young (Allocation Failure)
[2018-01-26T20:00:39.010+0530][418.243s] GC(42) Using 4 workers of 4 for evacuation
[2018-01-26T20:00:39.112+0530][418.345s] GC(42) ParNew: 109248K->21824K(109248K)
[2018-01-26T20:00:39.113+0530][418.345s] GC(42) CMS: 160763K->168955K(393216K)
[2018-01-26T20:00:39.113+0530][418.345s] GC(42) Metaspace: 47273K->47273K(1093632K)
[2018-01-26T20:00:39.113+0530][418.346s] GC(42) Pause Young (Allocation Failure) 263M->186M(490M) 104.733ms
[2018-01-26T20:00:39.114+0530][418.347s] GC(42) User=0.07s Sys=0.01s Real=0.11s
[2018-01-26T20:00:42.635+0530][421.868s] GC(43) Pause Young (Allocation Failure)
[2018-01-26T20:00:42.636+0530][421.869s] GC(43) Using 4 workers of 4 for evacuation
[2018-01-26T20:00:42.713+0530][421.946s] GC(43) ParNew: 109248K->21824K(109248K)
[2018-01-26T20:00:42.713+0530][421.946s] GC(43) CMS: 168955K->172893K(393216K)
[2018-01-26T20:00:42.713+0530][421.946s] GC(43) Metaspace: 47301K->47301K(1093632K)
[2018-01-26T20:00:42.714+0530][421.946s] GC(43) Pause Young (Allocation Failure) 271M->190M(490M) 78.468ms
[2018-01-26T20:00:42.714+0530][421.947s] GC(43) User=0.06s Sys=0.00s Real=0.08s
[2018-01-26T20:00:47.572+0530][426.804s] GC(44) Pause Young (Allocation Failure)
[2018-01-26T20:00:47.573+0530][426.806s] GC(44) Using 4 workers of 4 for evacuation
[2018-01-26T20:00:47.669+0530][426.901s] GC(44) ParNew: 109248K->21824K(109248K)
[2018-01-26T20:00:47.669+0530][426.902s] GC(44) CMS: 172893K->177998K(393216K)
[2018-01-26T20:00:47.669+0530][426.902s] GC(44) Metaspace: 47301K->47301K(1093632K)
[2018-01-26T20:00:47.670+0530][426.902s] GC(44) Pause Young (Allocation Failure) 275M->195M(490M) 97.837ms
[2018-01-26T20:00:47.670+0530][426.903s] GC(44) User=0.05s Sys=0.01s Real=0.09s
[2018-01-26T20:00:51.185+0530][430.418s] GC(45) Pause Young (Allocation Failure)
[2018-01-26T20:00:51.187+0530][430.420s] GC(45) Using 4 workers of 4 for evacuation
[2018-01-26T20:00:51.286+0530][430.519s] GC(45) ParNew: 109248K->21824K(109248K)
[2018-01-26T20:00:51.287+0530][430.519s] GC(45) CMS: 177998K->182801K(393216K)
[2018-01-26T20:00:51.287+0530][430.519s] GC(45) Metaspace: 47304K->47304K(1093632K)
[2018-01-26T20:00:51.287+0530][430.520s] GC(45) Pause Young (Allocation Failure) 280M->199M(490M) 102.028ms
[2018-01-26T20:00:51.288+0530][430.521s] GC(45) User=0.06s Sys=0.00s Real=0.10s
[2018-01-26T20:00:54.951+0530][434.184s] GC(46) Pause Young (Allocation Failure)
[2018-01-26T20:00:54.956+0530][434.189s] GC(46) Using 4 workers of 4 for evacuation
[2018-01-26T20:00:55.039+0530][434.272s] GC(46) ParNew: 109248K->21824K(109248K)
[2018-01-26T20:00:55.039+0530][434.272s] GC(46) CMS: 182801K->189128K(393216K)
[2018-01-26T20:00:55.039+0530][434.272s] GC(46) Metaspace: 47309K->47309K(1093632K)
[2018-01-26T20:00:55.040+0530][434.273s] GC(46) Pause Young (Allocation Failure) 285M->206M(490M) 89.386ms
[2018-01-26T20:00:55.041+0530][434.273s] GC(46) User=0.07s Sys=0.00s Real=0.09s
[2018-01-26T20:00:58.399+0530][437.631s] GC(47) Pause Young (Allocation Failure)
[2018-01-26T20:00:58.410+0530][437.642s] GC(47) Using 4 workers of 4 for evacuation
[2018-01-26T20:00:58.488+0530][437.721s] GC(47) ParNew: 109248K->21824K(109248K)
[2018-01-26T20:00:58.488+0530][437.721s] GC(47) CMS: 189128K->195495K(393216K)
[2018-01-26T20:00:58.488+0530][437.721s] GC(47) Metaspace: 47325K->47325K(1093632K)
[2018-01-26T20:00:58.489+0530][437.722s] GC(47) Pause Young (Allocation Failure) 291M->212M(490M) 90.323ms
[2018-01-26T20:00:58.490+0530][437.722s] GC(47) User=0.06s Sys=0.01s Real=0.09s
[2018-01-26T20:01:02.333+0530][441.566s] GC(48) Pause Young (Allocation Failure)
[2018-01-26T20:01:02.335+0530][441.568s] GC(48) Using 4 workers of 4 for evacuation
[2018-01-26T20:01:02.458+0530][441.691s] GC(48) ParNew: 109248K->21824K(109248K)
[2018-01-26T20:01:02.458+0530][441.691s] GC(48) CMS: 195495K->200660K(393216K)
[2018-01-26T20:01:02.458+0530][441.691s] GC(48) Metaspace: 47326K->47326K(1093632K)
[2018-01-26T20:01:02.459+0530][441.692s] GC(48) Pause Young (Allocation Failure) 297M->217M(490M) 125.316ms
[2018-01-26T20:01:02.459+0530][441.692s] GC(48) User=0.05s Sys=0.01s Real=0.14s
[2018-01-26T20:01:02.508+0530][441.741s] GC(49) Pause Initial Mark
[2018-01-26T20:01:02.522+0530][441.754s] GC(49) Pause Initial Mark 218M->218M(490M) 13.467ms
[2018-01-26T20:01:02.522+0530][441.755s] GC(49) User=0.01s Sys=0.00s Real=0.02s
[2018-01-26T20:01:02.530+0530][441.763s] GC(49) Concurrent Mark
[2018-01-26T20:01:02.530+0530][441.763s] GC(49) Using 4 workers of 4 for marking
[2018-01-26T20:01:02.813+0530][442.046s] GC(49) Concurrent Mark 282.791ms
[2018-01-26T20:01:02.814+0530][442.047s] GC(49) User=0.14s Sys=0.01s Real=0.29s
[2018-01-26T20:01:02.814+0530][442.047s] GC(49) Concurrent Preclean
[2018-01-26T20:01:02.816+0530][442.049s] GC(49) Concurrent Preclean 2.039ms
[2018-01-26T20:01:02.836+0530][442.069s] GC(49) User=0.01s Sys=0.00s Real=0.00s
[2018-01-26T20:01:02.837+0530][442.070s] GC(49) Concurrent Abortable Preclean
[2018-01-26T20:01:05.133+0530][444.365s] GC(49) Concurrent Abortable Preclean 2295.595ms
[2018-01-26T20:01:05.133+0530][444.366s] GC(49) User=0.76s Sys=0.16s Real=2.29s
[2018-01-26T20:01:05.165+0530][444.398s] GC(49) Pause Remark
[2018-01-26T20:01:05.166+0530][444.399s] GC(50) Pause Young (CMS Final Remark)
[2018-01-26T20:01:05.167+0530][444.400s] GC(50) Using 4 workers of 4 for evacuation
[2018-01-26T20:01:05.254+0530][444.487s] GC(50) ParNew: 66629K->21824K(109248K)
[2018-01-26T20:01:05.254+0530][444.487s] GC(50) CMS: 200660K->203934K(393216K)
[2018-01-26T20:01:05.254+0530][444.487s] GC(50) Metaspace: 47327K->47327K(1093632K)
[2018-01-26T20:01:05.255+0530][444.488s] GC(50) Pause Young (CMS Final Remark) 261M->220M(490M) 89.637ms
[2018-01-26T20:01:05.256+0530][444.489s] GC(50) User=0.05s Sys=0.00s Real=0.09s
[2018-01-26T20:01:05.389+0530][444.622s] GC(49) Pause Remark 261M->220M(490M) 224.341ms
[2018-01-26T20:01:05.390+0530][444.623s] GC(49) User=0.12s Sys=0.00s Real=0.22s
[2018-01-26T20:01:05.432+0530][444.665s] GC(49) Concurrent Sweep
[2018-01-26T20:01:05.699+0530][444.932s] GC(49) Concurrent Sweep 267.302ms
[2018-01-26T20:01:05.700+0530][444.933s] GC(49) User=0.09s Sys=0.04s Real=0.27s
[2018-01-26T20:01:05.713+0530][444.946s] GC(49) Concurrent Reset
[2018-01-26T20:01:05.714+0530][444.947s] GC(49) Concurrent Reset 0.717ms
[2018-01-26T20:01:05.715+0530][444.947s] GC(49) User=0.00s Sys=0.00s Real=0.01s
[2018-01-26T20:01:05.715+0530][444.947s] GC(49) Old: 200660K->138861K(393216K)
[2018-01-26T20:01:09.165+0530][448.397s] GC(51) Pause Young (Allocation Failure)
[2018-01-26T20:01:09.166+0530][448.399s] GC(51) Using 4 workers of 4 for evacuation
[2018-01-26T20:01:09.254+0530][448.487s] GC(51) ParNew: 109248K->21824K(109248K)
[2018-01-26T20:01:09.254+0530][448.487s] GC(51) CMS: 138861K->142948K(393216K)
[2018-01-26T20:01:09.254+0530][448.487s] GC(51) Metaspace: 47303K->47303K(1093632K)
[2018-01-26T20:01:09.255+0530][448.488s] GC(51) Pause Young (Allocation Failure) 242M->160M(490M) 90.419ms
[2018-01-26T20:01:09.259+0530][448.492s] GC(51) User=0.05s Sys=0.01s Real=0.09s
[2018-01-26T20:01:12.273+0530][451.506s] GC(52) Pause Young (Allocation Failure)
[2018-01-26T20:01:12.277+0530][451.510s] GC(52) Using 4 workers of 4 for evacuation
[2018-01-26T20:01:12.373+0530][451.606s] GC(52) ParNew: 109248K->21824K(109248K)
[2018-01-26T20:01:12.373+0530][451.606s] GC(52) CMS: 142948K->149449K(393216K)
[2018-01-26T20:01:12.373+0530][451.606s] GC(52) Metaspace: 47342K->47342K(1093632K)
[2018-01-26T20:01:12.374+0530][451.607s] GC(52) Pause Young (Allocation Failure) 246M->167M(490M) 100.867ms
[2018-01-26T20:01:12.375+0530][451.608s] GC(52) User=0.07s Sys=0.00s Real=0.11s
[2018-01-26T20:01:15.114+0530][454.347s] GC(53) Pause Young (Allocation Failure)
[2018-01-26T20:01:15.117+0530][454.350s] GC(53) Using 4 workers of 4 for evacuation
[2018-01-26T20:01:15.169+0530][454.402s] GC(53) ParNew: 109248K->21824K(109248K)
[2018-01-26T20:01:15.169+0530][454.402s] GC(53) CMS: 149449K->153106K(393216K)
[2018-01-26T20:01:15.169+0530][454.402s] GC(53) Metaspace: 47351K->47351K(1093632K)
[2018-01-26T20:01:15.170+0530][454.403s] GC(53) Pause Young (Allocation Failure) 252M->170M(490M) 56.179ms
[2018-01-26T20:01:15.171+0530][454.403s] GC(53) User=0.04s Sys=0.00s Real=0.05s
[2018-01-26T20:01:19.073+0530][458.306s] GC(54) Pause Young (Allocation Failure)
[2018-01-26T20:01:19.075+0530][458.308s] GC(54) Using 4 workers of 4 for evacuation
[2018-01-26T20:01:19.183+0530][458.416s] GC(54) ParNew: 109248K->21824K(109248K)
[2018-01-26T20:01:19.183+0530][458.416s] GC(54) CMS: 153106K->157726K(393216K)
[2018-01-26T20:01:19.183+0530][458.416s] GC(54) Metaspace: 47356K->47356K(1093632K)
[2018-01-26T20:01:19.184+0530][458.417s] GC(54) Pause Young (Allocation Failure) 256M->175M(490M) 111.309ms
[2018-01-26T20:01:19.185+0530][458.418s] GC(54) User=0.05s Sys=0.00s Real=0.12s
[2018-01-26T20:01:22.779+0530][462.012s] GC(55) Pause Young (Allocation Failure)
[2018-01-26T20:01:22.787+0530][462.020s] GC(55) Using 4 workers of 4 for evacuation
[2018-01-26T20:01:22.871+0530][462.104s] GC(55) ParNew: 109248K->21824K(109248K)
[2018-01-26T20:01:22.871+0530][462.104s] GC(55) CMS: 157726K->161809K(393216K)
[2018-01-26T20:01:22.871+0530][462.104s] GC(55) Metaspace: 47356K->47356K(1093632K)
[2018-01-26T20:01:22.872+0530][462.105s] GC(55) Pause Young (Allocation Failure) 260M->179M(490M) 92.785ms
[2018-01-26T20:01:22.873+0530][462.105s] GC(55) User=0.06s Sys=0.00s Real=0.09s
[2018-01-26T20:01:27.392+0530][466.624s] GC(56) Pause Young (Allocation Failure)
[2018-01-26T20:01:27.394+0530][466.626s] GC(56) Using 4 workers of 4 for evacuation
[2018-01-26T20:01:27.488+0530][466.721s] GC(56) ParNew: 109247K->21824K(109248K)
[2018-01-26T20:01:27.489+0530][466.721s] GC(56) CMS: 161809K->170141K(393216K)
[2018-01-26T20:01:27.489+0530][466.721s] GC(56) Metaspace: 47362K->47362K(1093632K)
[2018-01-26T20:01:27.490+0530][466.723s] GC(56) Pause Young (Allocation Failure) 264M->187M(490M) 98.140ms
[2018-01-26T20:01:27.490+0530][466.723s] GC(56) User=0.06s Sys=0.00s Real=0.10s
[2018-01-26T20:01:30.614+0530][469.846s] GC(57) Pause Young (Allocation Failure)
[2018-01-26T20:01:30.620+0530][469.853s] GC(57) Using 4 workers of 4 for evacuation
[2018-01-26T20:01:30.684+0530][469.916s] GC(57) ParNew: 109248K->21824K(109248K)
[2018-01-26T20:01:30.684+0530][469.916s] GC(57) CMS: 170141K->173716K(393216K)
[2018-01-26T20:01:30.684+0530][469.917s] GC(57) Metaspace: 47364K->47364K(1093632K)
[2018-01-26T20:01:30.685+0530][469.918s] GC(57) Pause Young (Allocation Failure) 272M->190M(490M) 71.240ms
[2018-01-26T20:01:30.686+0530][469.918s] GC(57) User=0.05s Sys=0.00s Real=0.07s
[2018-01-26T20:01:34.318+0530][473.550s] GC(58) Pause Young (Allocation Failure)
[2018-01-26T20:01:34.319+0530][473.552s] GC(58) Using 4 workers of 4 for evacuation
[2018-01-26T20:01:34.424+0530][473.657s] GC(58) ParNew: 109230K->21824K(109248K)
[2018-01-26T20:01:34.424+0530][473.657s] GC(58) CMS: 173716K->178812K(393216K)
[2018-01-26T20:01:34.424+0530][473.657s] GC(58) Metaspace: 47364K->47364K(1093632K)
[2018-01-26T20:01:34.425+0530][473.658s] GC(58) Pause Young (Allocation Failure) 276M->195M(490M) 107.423ms
[2018-01-26T20:01:34.426+0530][473.659s] GC(58) User=0.06s Sys=0.00s Real=0.11s
[2018-01-26T20:01:38.162+0530][477.395s] GC(59) Pause Young (Allocation Failure)
[2018-01-26T20:01:38.164+0530][477.396s] GC(59) Using 4 workers of 4 for evacuation
[2018-01-26T20:01:38.247+0530][477.480s] GC(59) ParNew: 109248K->21824K(109248K)
[2018-01-26T20:01:38.248+0530][477.480s] GC(59) CMS: 178812K->185687K(393216K)
[2018-01-26T20:01:38.248+0530][477.480s] GC(59) Metaspace: 47365K->47365K(1093632K)
[2018-01-26T20:01:38.249+0530][477.481s] GC(59) Pause Young (Allocation Failure) 281M->202M(490M) 86.736ms
[2018-01-26T20:01:38.249+0530][477.482s] GC(59) User=0.06s Sys=0.00s Real=0.08s
[2018-01-26T20:01:41.856+0530][481.089s] GC(60) Pause Young (Allocation Failure)
[2018-01-26T20:01:41.858+0530][481.091s] GC(60) Using 4 workers of 4 for evacuation
[2018-01-26T20:01:41.935+0530][481.168s] GC(60) ParNew: 109248K->21824K(109248K)
[2018-01-26T20:01:41.936+0530][481.168s] GC(60) CMS: 185687K->192803K(393216K)
[2018-01-26T20:01:41.936+0530][481.168s] GC(60) Metaspace: 47377K->47377K(1093632K)
[2018-01-26T20:01:41.937+0530][481.170s] GC(60) Pause Young (Allocation Failure) 288M->209M(490M) 80.508ms
[2018-01-26T20:01:41.938+0530][481.170s] GC(60) User=0.04s Sys=0.01s Real=0.08s
[2018-01-26T20:01:45.620+0530][484.852s] GC(61) Pause Young (Allocation Failure)
[2018-01-26T20:01:45.636+0530][484.869s] GC(61) Using 4 workers of 4 for evacuation
[2018-01-26T20:01:45.717+0530][484.950s] GC(61) ParNew: 109248K->21824K(109248K)
[2018-01-26T20:01:45.717+0530][484.950s] GC(61) CMS: 192803K->200774K(393216K)
[2018-01-26T20:01:45.717+0530][484.950s] GC(61) Metaspace: 47377K->47377K(1093632K)
