[2018-01-26T20:03:16.668+0530][575.901s] GC(90) Pause Young (CMS Final Remark) 247M->222M(490M) 88.084ms
[2018-01-26T20:03:16.669+0530][575.902s] GC(90) User=0.05s Sys=0.01s Real=0.08s
[2018-01-26T20:03:16.756+0530][575.988s] GC(88) Pause Remark 247M->222M(490M) 176.628ms
[2018-01-26T20:03:16.757+0530][575.990s] GC(88) User=0.12s Sys=0.01s Real=0.18s
[2018-01-26T20:03:16.777+0530][576.009s] GC(88) Concurrent Sweep
[2018-01-26T20:03:17.062+0530][576.294s] GC(88) Concurrent Sweep 285.056ms
[2018-01-26T20:03:17.063+0530][576.296s] GC(88) User=0.13s Sys=0.02s Real=0.29s
[2018-01-26T20:03:17.072+0530][576.305s] GC(88) Concurrent Reset
[2018-01-26T20:03:17.073+0530][576.306s] GC(88) Concurrent Reset 0.733ms
[2018-01-26T20:03:17.092+0530][576.325s] GC(88) User=0.00s Sys=0.01s Real=0.01s
[2018-01-26T20:03:17.092+0530][576.325s] GC(88) Old: 199301K->157185K(393216K)
[2018-01-26T20:03:19.936+0530][579.168s] GC(91) Pause Young (Allocation Failure)
[2018-01-26T20:03:19.939+0530][579.172s] GC(91) Using 4 workers of 4 for evacuation
[2018-01-26T20:03:19.996+0530][579.229s] GC(91) ParNew: 109248K->21824K(109248K)
[2018-01-26T20:03:19.996+0530][579.229s] GC(91) CMS: 157185K->161418K(393216K)
[2018-01-26T20:03:19.996+0530][579.229s] GC(91) Metaspace: 47256K->47256K(1093632K)
[2018-01-26T20:03:19.998+0530][579.231s] GC(91) Pause Young (Allocation Failure) 260M->178M(490M) 62.626ms
[2018-01-26T20:03:19.999+0530][579.232s] GC(91) User=0.05s Sys=0.01s Real=0.06s
[2018-01-26T20:03:24.062+0530][583.295s] GC(92) Pause Young (Allocation Failure)
[2018-01-26T20:03:24.066+0530][583.299s] GC(92) Using 4 workers of 4 for evacuation
[2018-01-26T20:03:24.193+0530][583.426s] GC(92) ParNew: 109248K->21824K(109248K)
[2018-01-26T20:03:24.193+0530][583.426s] GC(92) CMS: 161418K->166117K(393216K)
[2018-01-26T20:03:24.193+0530][583.426s] GC(92) Metaspace: 47256K->47256K(1093632K)
[2018-01-26T20:03:24.195+0530][583.428s] GC(92) Pause Young (Allocation Failure) 264M->183M(490M) 132.373ms
[2018-01-26T20:03:24.196+0530][583.429s] GC(92) User=0.05s Sys=0.00s Real=0.13s
[2018-01-26T20:03:27.991+0530][587.224s] GC(93) Pause Young (Allocation Failure)
[2018-01-26T20:03:27.999+0530][587.232s] GC(93) Using 4 workers of 4 for evacuation
[2018-01-26T20:03:28.141+0530][587.374s] GC(93) ParNew: 109248K->21824K(109248K)
[2018-01-26T20:03:28.141+0530][587.374s] GC(93) CMS: 166117K->172552K(393216K)
[2018-01-26T20:03:28.141+0530][587.374s] GC(93) Metaspace: 47288K->47288K(1093632K)
[2018-01-26T20:03:28.148+0530][587.381s] GC(93) Pause Young (Allocation Failure) 268M->189M(490M) 157.212ms
[2018-01-26T20:03:28.150+0530][587.382s] GC(93) User=0.07s Sys=0.00s Real=0.16s
[2018-01-26T20:03:30.899+0530][590.132s] GC(94) Pause Young (Allocation Failure)
[2018-01-26T20:03:30.902+0530][590.135s] GC(94) Using 4 workers of 4 for evacuation
[2018-01-26T20:03:31.050+0530][590.283s] GC(94) ParNew: 109248K->21824K(109248K)
[2018-01-26T20:03:31.050+0530][590.283s] GC(94) CMS: 172552K->175397K(393216K)
[2018-01-26T20:03:31.050+0530][590.283s] GC(94) Metaspace: 47290K->47290K(1093632K)
[2018-01-26T20:03:31.052+0530][590.285s] GC(94) Pause Young (Allocation Failure) 275M->192M(490M) 152.414ms
[2018-01-26T20:03:31.053+0530][590.286s] GC(94) User=0.07s Sys=0.01s Real=0.17s
[2018-01-26T20:03:34.020+0530][593.253s] GC(95) Pause Young (Allocation Failure)
[2018-01-26T20:03:34.032+0530][593.265s] GC(95) Using 4 workers of 4 for evacuation
[2018-01-26T20:03:34.165+0530][593.398s] GC(95) ParNew: 109248K->21824K(109248K)
[2018-01-26T20:03:34.165+0530][593.398s] GC(95) CMS: 175397K->180998K(393216K)
[2018-01-26T20:03:34.165+0530][593.398s] GC(95) Metaspace: 47291K->47291K(1093632K)
[2018-01-26T20:03:34.167+0530][593.400s] GC(95) Pause Young (Allocation Failure) 277M->198M(490M) 146.875ms
[2018-01-26T20:03:34.168+0530][593.401s] GC(95) User=0.07s Sys=0.00s Real=0.15s
[2018-01-26T20:03:37.657+0530][596.890s] GC(96) Pause Young (Allocation Failure)
[2018-01-26T20:03:37.668+0530][596.901s] GC(96) Using 4 workers of 4 for evacuation
[2018-01-26T20:03:37.791+0530][597.024s] GC(96) ParNew: 109219K->21824K(109248K)
[2018-01-26T20:03:37.792+0530][597.024s] GC(96) CMS: 180998K->185857K(393216K)
[2018-01-26T20:03:37.792+0530][597.025s] GC(96) Metaspace: 47291K->47291K(1093632K)
[2018-01-26T20:03:37.794+0530][597.027s] GC(96) Pause Young (Allocation Failure) 283M->202M(490M) 136.355ms
[2018-01-26T20:03:37.795+0530][597.028s] GC(96) User=0.07s Sys=0.00s Real=0.15s
[2018-01-26T20:03:41.049+0530][600.282s] GC(97) Pause Young (Allocation Failure)
[2018-01-26T20:03:41.061+0530][600.294s] GC(97) Using 4 workers of 4 for evacuation
[2018-01-26T20:03:41.167+0530][600.400s] GC(97) ParNew: 109248K->21824K(109248K)
[2018-01-26T20:03:41.167+0530][600.400s] GC(97) CMS: 185857K->191370K(393216K)
[2018-01-26T20:03:41.168+0530][600.400s] GC(97) Metaspace: 47291K->47291K(1093632K)
[2018-01-26T20:03:41.170+0530][600.403s] GC(97) Pause Young (Allocation Failure) 288M->208M(490M) 120.991ms
[2018-01-26T20:03:41.171+0530][600.404s] GC(97) User=0.05s Sys=0.01s Real=0.12s
[2018-01-26T20:03:45.174+0530][604.406s] GC(98) Pause Young (Allocation Failure)
[2018-01-26T20:03:45.182+0530][604.415s] GC(98) Using 4 workers of 4 for evacuation
[2018-01-26T20:03:45.298+0530][604.531s] GC(98) ParNew: 109248K->21824K(109248K)
[2018-01-26T20:03:45.298+0530][604.531s] GC(98) CMS: 191370K->196984K(393216K)
[2018-01-26T20:03:45.298+0530][604.531s] GC(98) Metaspace: 47295K->47295K(1093632K)
[2018-01-26T20:03:45.304+0530][604.537s] GC(98) Pause Young (Allocation Failure) 293M->213M(490M) 130.638ms
[2018-01-26T20:03:45.306+0530][604.538s] GC(98) User=0.05s Sys=0.01s Real=0.13s
[2018-01-26T20:03:45.424+0530][604.657s] GC(99) Pause Initial Mark
[2018-01-26T20:03:45.502+0530][604.735s] GC(99) Pause Initial Mark 215M->215M(490M) 77.930ms
[2018-01-26T20:03:45.503+0530][604.736s] GC(99) User=0.03s Sys=0.01s Real=0.08s
[2018-01-26T20:03:45.556+0530][604.789s] GC(99) Concurrent Mark
[2018-01-26T20:03:45.556+0530][604.789s] GC(99) Using 4 workers of 4 for marking
[2018-01-26T20:03:46.064+0530][605.297s] GC(99) Concurrent Mark 507.957ms
[2018-01-26T20:03:46.065+0530][605.298s] GC(99) User=0.17s Sys=0.02s Real=0.51s
[2018-01-26T20:03:46.066+0530][605.299s] GC(99) Concurrent Preclean
[2018-01-26T20:03:46.070+0530][605.303s] GC(99) Concurrent Preclean 4.115ms
[2018-01-26T20:03:46.082+0530][605.315s] GC(99) User=0.01s Sys=0.00s Real=0.01s
[2018-01-26T20:03:46.083+0530][605.316s] GC(99) Concurrent Abortable Preclean
[2018-01-26T20:03:48.024+0530][607.257s] GC(99) Concurrent Abortable Preclean 1941.008ms
[2018-01-26T20:03:48.051+0530][607.284s] GC(99) User=0.50s Sys=0.17s Real=1.94s
[2018-01-26T20:03:48.097+0530][607.329s] GC(99) Pause Remark
[2018-01-26T20:03:48.098+0530][607.331s] GC(100) Pause Young (CMS Final Remark)
[2018-01-26T20:03:48.104+0530][607.336s] GC(100) Using 4 workers of 4 for evacuation
[2018-01-26T20:03:48.216+0530][607.449s] GC(100) ParNew: 65740K->21824K(109248K)
[2018-01-26T20:03:48.216+0530][607.449s] GC(100) CMS: 196984K->199885K(393216K)
[2018-01-26T20:03:48.216+0530][607.449s] GC(100) Metaspace: 47295K->47295K(1093632K)
[2018-01-26T20:03:48.219+0530][607.451s] GC(100) Pause Young (CMS Final Remark) 256M->216M(490M) 120.340ms
[2018-01-26T20:03:48.220+0530][607.452s] GC(100) User=0.06s Sys=0.00s Real=0.12s
[2018-01-26T20:03:48.385+0530][607.617s] GC(99) Pause Remark 256M->216M(490M) 287.900ms
[2018-01-26T20:03:48.396+0530][607.629s] GC(99) User=0.14s Sys=0.01s Real=0.30s
[2018-01-26T20:03:48.511+0530][607.744s] GC(99) Concurrent Sweep
[2018-01-26T20:03:48.960+0530][608.192s] GC(99) Concurrent Sweep 448.118ms
[2018-01-26T20:03:48.961+0530][608.193s] GC(99) User=0.13s Sys=0.02s Real=0.45s
[2018-01-26T20:03:48.962+0530][608.195s] GC(99) Concurrent Reset
[2018-01-26T20:03:48.987+0530][608.219s] GC(99) Concurrent Reset 24.907ms
[2018-01-26T20:03:48.988+0530][608.221s] GC(99) User=0.01s Sys=0.00s Real=0.03s
[2018-01-26T20:03:48.988+0530][608.221s] GC(99) Old: 196984K->145127K(393216K)
[2018-01-26T20:03:51.580+0530][610.813s] GC(101) Pause Young (Allocation Failure)
[2018-01-26T20:03:51.587+0530][610.820s] GC(101) Using 4 workers of 4 for evacuation
[2018-01-26T20:03:51.731+0530][610.964s] GC(101) ParNew: 109248K->21824K(109248K)
[2018-01-26T20:03:51.732+0530][610.965s] GC(101) CMS: 145127K->149396K(393216K)
[2018-01-26T20:03:51.732+0530][610.965s] GC(101) Metaspace: 47296K->47296K(1093632K)
[2018-01-26T20:03:51.740+0530][610.972s] GC(101) Pause Young (Allocation Failure) 248M->167M(490M) 159.771ms
[2018-01-26T20:03:51.741+0530][610.974s] GC(101) User=0.08s Sys=0.00s Real=0.17s
[2018-01-26T20:04:14.692+0530][633.925s] GC(102) Pause Young (Allocation Failure)
[2018-01-26T20:04:14.701+0530][633.934s] GC(102) Using 4 workers of 4 for evacuation
[2018-01-26T20:04:14.877+0530][634.110s] GC(102) ParNew: 109248K->21824K(109248K)
[2018-01-26T20:04:14.877+0530][634.110s] GC(102) CMS: 149396K->152145K(393216K)
[2018-01-26T20:04:14.877+0530][634.110s] GC(102) Metaspace: 47311K->47311K(1093632K)
[2018-01-26T20:04:14.879+0530][634.112s] GC(102) Pause Young (Allocation Failure) 252M->169M(490M) 186.881ms
[2018-01-26T20:04:14.886+0530][634.118s] GC(102) User=0.07s Sys=0.01s Real=0.20s
[2018-01-26T20:04:44.686+0530][663.919s] GC(103) Pause Young (Allocation Failure)
[2018-01-26T20:04:44.691+0530][663.924s] GC(103) Using 4 workers of 4 for evacuation
[2018-01-26T20:04:44.801+0530][664.034s] GC(103) ParNew: 109248K->21824K(109248K)
[2018-01-26T20:04:44.801+0530][664.034s] GC(103) CMS: 152145K->153344K(393216K)
[2018-01-26T20:04:44.801+0530][664.034s] GC(103) Metaspace: 47311K->47311K(1093632K)
[2018-01-26T20:04:44.803+0530][664.036s] GC(103) Pause Young (Allocation Failure) 255M->171M(490M) 116.876ms
[2018-01-26T20:04:44.805+0530][664.037s] GC(103) User=0.05s Sys=0.00s Real=0.12s
[2018-01-26T20:05:16.496+0530][695.728s] GC(104) Pause Young (Allocation Failure)
[2018-01-26T20:05:16.509+0530][695.741s] GC(104) Using 4 workers of 4 for evacuation
[2018-01-26T20:05:16.600+0530][695.832s] GC(104) ParNew: 109247K->18228K(109248K)
[2018-01-26T20:05:16.600+0530][695.833s] GC(104) CMS: 153344K->153541K(393216K)
[2018-01-26T20:05:16.600+0530][695.833s] GC(104) Metaspace: 47311K->47311K(1093632K)
[2018-01-26T20:05:16.602+0530][695.835s] GC(104) Pause Young (Allocation Failure) 256M->167M(490M) 106.367ms
[2018-01-26T20:05:16.603+0530][695.836s] GC(104) User=0.06s Sys=0.00s Real=0.11s
[2018-01-26T20:05:47.018+0530][726.251s] GC(105) Pause Young (Allocation Failure)
[2018-01-26T20:05:47.022+0530][726.255s] GC(105) Using 4 workers of 4 for evacuation
[2018-01-26T20:05:47.063+0530][726.296s] GC(105) ParNew: 105652K->5592K(109248K)
[2018-01-26T20:05:47.063+0530][726.296s] GC(105) CMS: 153541K->153812K(393216K)
[2018-01-26T20:05:47.063+0530][726.296s] GC(105) Metaspace: 47311K->47311K(1093632K)
[2018-01-26T20:05:47.065+0530][726.298s] GC(105) Pause Young (Allocation Failure) 253M->155M(490M) 47.457ms
[2018-01-26T20:05:47.066+0530][726.299s] GC(105) User=0.05s Sys=0.00s Real=0.05s
[2018-01-26T20:06:19.887+0530][759.119s] GC(106) Pause Young (Allocation Failure)
[2018-01-26T20:06:19.900+0530][759.133s] GC(106) Using 4 workers of 4 for evacuation
[2018-01-26T20:06:19.986+0530][759.219s] GC(106) ParNew: 93016K->2983K(109248K)
[2018-01-26T20:06:19.986+0530][759.219s] GC(106) CMS: 153812K->154092K(393216K)
[2018-01-26T20:06:19.986+0530][759.219s] GC(106) Metaspace: 47311K->47311K(1093632K)
[2018-01-26T20:06:19.989+0530][759.221s] GC(106) Pause Young (Allocation Failure) 241M->153M(490M) 101.894ms
[2018-01-26T20:06:19.990+0530][759.223s] GC(106) User=0.04s Sys=0.00s Real=0.10s
[2018-01-26T20:06:54.380+0530][793.613s] GC(107) Pause Young (Allocation Failure)
[2018-01-26T20:06:54.385+0530][793.618s] GC(107) Using 4 workers of 4 for evacuation
[2018-01-26T20:06:54.434+0530][793.666s] GC(107) ParNew: 90407K->1698K(109248K)
[2018-01-26T20:06:54.434+0530][793.667s] GC(107) CMS: 154092K->154586K(393216K)
[2018-01-26T20:06:54.434+0530][793.667s] GC(107) Metaspace: 47311K->47311K(1093632K)
[2018-01-26T20:06:54.436+0530][793.669s] GC(107) Pause Young (Allocation Failure) 238M->152M(490M) 55.683ms
[2018-01-26T20:06:54.437+0530][793.670s] GC(107) User=0.04s Sys=0.01s Real=0.05s
[2018-01-26T20:07:26.529+0530][825.762s] GC(108) Pause Young (Allocation Failure)
[2018-01-26T20:07:26.534+0530][825.766s] GC(108) Using 4 workers of 4 for evacuation
[2018-01-26T20:07:26.574+0530][825.807s] GC(108) ParNew: 89122K->1198K(109248K)
[2018-01-26T20:07:26.574+0530][825.807s] GC(108) CMS: 154586K->154890K(393216K)
[2018-01-26T20:07:26.574+0530][825.807s] GC(108) Metaspace: 47311K->47311K(1093632K)
[2018-01-26T20:07:26.576+0530][825.809s] GC(108) Pause Young (Allocation Failure) 237M->152M(490M) 47.001ms
[2018-01-26T20:07:26.577+0530][825.810s] GC(108) User=0.04s Sys=0.00s Real=0.05s
[2018-01-26T20:07:59.369+0530][858.602s] GC(109) Pause Young (Allocation Failure)
[2018-01-26T20:07:59.375+0530][858.607s] GC(109) Using 4 workers of 4 for evacuation
[2018-01-26T20:07:59.471+0530][858.703s] GC(109) ParNew: 88622K->622K(109248K)
[2018-01-26T20:07:59.471+0530][858.704s] GC(109) CMS: 154890K->155474K(393216K)
[2018-01-26T20:07:59.471+0530][858.704s] GC(109) Metaspace: 47311K->47311K(1093632K)
[2018-01-26T20:07:59.473+0530][858.706s] GC(109) Pause Young (Allocation Failure) 237M->152M(490M) 103.737ms
[2018-01-26T20:07:59.474+0530][858.707s] GC(109) User=0.06s Sys=0.00s Real=0.11s
[2018-01-26T20:08:33.160+0530][892.393s] GC(110) Pause Young (Allocation Failure)
[2018-01-26T20:08:33.171+0530][892.404s] GC(110) Using 4 workers of 4 for evacuation
[2018-01-26T20:08:33.253+0530][892.486s] GC(110) ParNew: 88046K->210K(109248K)
[2018-01-26T20:08:33.253+0530][892.486s] GC(110) CMS: 155474K->155796K(393216K)
[2018-01-26T20:08:33.253+0530][892.486s] GC(110) Metaspace: 47311K->47311K(1093632K)
[2018-01-26T20:08:33.257+0530][892.490s] GC(110) Pause Young (Allocation Failure) 237M->152M(490M) 96.479ms
[2018-01-26T20:08:33.258+0530][892.491s] GC(110) User=0.05s Sys=0.00s Real=0.10s
[2018-01-26T20:09:04.606+0530][923.839s] GC(111) Pause Young (Allocation Failure)
[2018-01-26T20:09:04.610+0530][923.843s] GC(111) Using 4 workers of 4 for evacuation
[2018-01-26T20:09:04.685+0530][923.918s] GC(111) ParNew: 87634K->56K(109248K)
[2018-01-26T20:09:04.685+0530][923.918s] GC(111) CMS: 155796K->155813K(393216K)
[2018-01-26T20:09:04.685+0530][923.918s] GC(111) Metaspace: 47311K->47311K(1093632K)
[2018-01-26T20:09:04.687+0530][923.920s] GC(111) Pause Young (Allocation Failure) 237M->152M(490M) 81.486ms
[2018-01-26T20:09:04.688+0530][923.921s] GC(111) User=0.03s Sys=0.01s Real=0.09s
[2018-01-26T20:09:37.786+0530][957.019s] GC(112) Pause Young (Allocation Failure)
[2018-01-26T20:09:37.791+0530][957.023s] GC(112) Using 4 workers of 4 for evacuation
[2018-01-26T20:09:37.840+0530][957.073s] GC(112) ParNew: 87480K->20K(109248K)
[2018-01-26T20:09:37.840+0530][957.073s] GC(112) CMS: 155813K->155818K(393216K)
[2018-01-26T20:09:37.840+0530][957.073s] GC(112) Metaspace: 47311K->47311K(1093632K)
[2018-01-26T20:09:37.842+0530][957.075s] GC(112) Pause Young (Allocation Failure) 237M->152M(490M) 56.215ms
[2018-01-26T20:09:37.844+0530][957.076s] GC(112) User=0.04s Sys=0.00s Real=0.06s
[2018-01-26T20:10:11.126+0530][990.359s] GC(113) Pause Young (Allocation Failure)
[2018-01-26T20:10:11.137+0530][990.370s] GC(113) Using 4 workers of 4 for evacuation
[2018-01-26T20:10:11.180+0530][990.413s] GC(113) ParNew: 87444K->16K(109248K)
[2018-01-26T20:10:11.181+0530][990.413s] GC(113) CMS: 155818K->155824K(393216K)
[2018-01-26T20:10:11.181+0530][990.413s] GC(113) Metaspace: 47311K->47311K(1093632K)
[2018-01-26T20:10:11.183+0530][990.416s] GC(113) Pause Young (Allocation Failure) 237M->152M(490M) 56.724ms
[2018-01-26T20:10:11.184+0530][990.417s] GC(113) User=0.04s Sys=0.00s Real=0.06s
[2018-01-26T20:10:42.491+0530][1021.723s] GC(114) Pause Young (Allocation Failure)
[2018-01-26T20:10:42.495+0530][1021.728s] GC(114) Using 4 workers of 4 for evacuation
[2018-01-26T20:10:42.538+0530][1021.771s] GC(114) ParNew: 87440K->14K(109248K)
[2018-01-26T20:10:42.538+0530][1021.771s] GC(114) CMS: 155824K->155824K(393216K)
[2018-01-26T20:10:42.538+0530][1021.771s] GC(114) Metaspace: 47311K->47311K(1093632K)
[2018-01-26T20:10:42.545+0530][1021.777s] GC(114) Pause Young (Allocation Failure) 237M->152M(490M) 53.892ms
[2018-01-26T20:10:42.546+0530][1021.779s] GC(114) User=0.04s Sys=0.00s Real=0.06s
[2018-01-26T20:11:15.894+0530][1055.127s] GC(115) Pause Young (Allocation Failure)
[2018-01-26T20:11:15.898+0530][1055.131s] GC(115) Using 4 workers of 4 for evacuation
[2018-01-26T20:11:15.933+0530][1055.166s] GC(115) ParNew: 87438K->14K(109248K)
[2018-01-26T20:11:15.933+0530][1055.166s] GC(115) CMS: 155824K->155824K(393216K)
[2018-01-26T20:11:15.933+0530][1055.166s] GC(115) Metaspace: 47312K->47312K(1093632K)
[2018-01-26T20:11:15.935+0530][1055.168s] GC(115) Pause Young (Allocation Failure) 237M->152M(490M) 41.754ms
[2018-01-26T20:11:15.937+0530][1055.169s] GC(115) User=0.04s Sys=0.00s Real=0.04s
[2018-01-26T20:11:49.019+0530][1088.252s] GC(116) Pause Young (Allocation Failure)
[2018-01-26T20:11:49.030+0530][1088.263s] GC(116) Using 4 workers of 4 for evacuation
[2018-01-26T20:11:49.067+0530][1088.299s] GC(116) ParNew: 87438K->16K(109248K)
[2018-01-26T20:11:49.067+0530][1088.299s] GC(116) CMS: 155824K->155825K(393216K)
[2018-01-26T20:11:49.067+0530][1088.299s] GC(116) Metaspace: 47312K->47312K(1093632K)
[2018-01-26T20:11:49.070+0530][1088.303s] GC(116) Pause Young (Allocation Failure) 237M->152M(490M) 50.939ms
[2018-01-26T20:11:49.071+0530][1088.304s] GC(116) User=0.04s Sys=0.00s Real=0.06s
[2018-01-26T20:12:20.582+0530][1119.815s] GC(117) Pause Young (Allocation Failure)
[2018-01-26T20:12:20.593+0530][1119.826s] GC(117) Using 4 workers of 4 for evacuation
[2018-01-26T20:12:20.649+0530][1119.882s] GC(117) ParNew: 87440K->16K(109248K)
[2018-01-26T20:12:20.649+0530][1119.882s] GC(117) CMS: 155825K->155825K(393216K)
[2018-01-26T20:12:20.649+0530][1119.882s] GC(117) Metaspace: 47312K->47312K(1093632K)
[2018-01-26T20:12:20.651+0530][1119.884s] GC(117) Pause Young (Allocation Failure) 237M->152M(490M) 68.884ms
[2018-01-26T20:12:20.653+0530][1119.886s] GC(117) User=0.04s Sys=0.00s Real=0.07s
[2018-01-26T20:12:54.336+0530][1153.568s] GC(118) Pause Young (Allocation Failure)
[2018-01-26T20:12:54.354+0530][1153.587s] GC(118) Using 4 workers of 4 for evacuation
[2018-01-26T20:12:54.393+0530][1153.626s] GC(118) ParNew: 87440K->14K(109248K)
[2018-01-26T20:12:54.393+0530][1153.626s] GC(118) CMS: 155825K->155825K(393216K)
[2018-01-26T20:12:54.393+0530][1153.626s] GC(118) Metaspace: 47313K->47313K(1093632K)
[2018-01-26T20:12:54.395+0530][1153.628s] GC(118) Pause Young (Allocation Failure) 237M->152M(490M) 59.559ms
[2018-01-26T20:12:54.396+0530][1153.629s] GC(118) User=0.05s Sys=0.00s Real=0.07s
[2018-01-26T20:13:26.892+0530][1186.124s] GC(119) Pause Young (Allocation Failure)
[2018-01-26T20:13:26.903+0530][1186.136s] GC(119) Using 4 workers of 4 for evacuation
[2018-01-26T20:13:26.985+0530][1186.218s] GC(119) ParNew: 87437K->14K(109248K)
[2018-01-26T20:13:26.986+0530][1186.218s] GC(119) CMS: 155825K->155825K(393216K)
[2018-01-26T20:13:26.986+0530][1186.218s] GC(119) Metaspace: 47313K->47313K(1093632K)
[2018-01-26T20:13:26.987+0530][1186.220s] GC(119) Pause Young (Allocation Failure) 237M->152M(490M) 95.952ms
[2018-01-26T20:13:26.989+0530][1186.221s] GC(119) User=0.04s Sys=0.01s Real=0.10s
[2018-01-26T20:13:58.870+0530][1218.103s] GC(120) Pause Young (Allocation Failure)
[2018-01-26T20:13:58.875+0530][1218.108s] GC(120) Using 4 workers of 4 for evacuation
[2018-01-26T20:13:58.943+0530][1218.176s] GC(120) ParNew: 87438K->16K(109248K)
[2018-01-26T20:13:58.943+0530][1218.176s] GC(120) CMS: 155825K->155825K(393216K)
[2018-01-26T20:13:58.943+0530][1218.176s] GC(120) Metaspace: 47313K->47313K(1093632K)
[2018-01-26T20:13:58.946+0530][1218.178s] GC(120) Pause Young (Allocation Failure) 237M->152M(490M) 75.209ms
[2018-01-26T20:13:58.947+0530][1218.180s] GC(120) User=0.05s Sys=0.01s Real=0.08s
