[2018-01-26T20:01:45.719+0530][484.951s] GC(61) Pause Young (Allocation Failure) 294M->217M(490M) 98.925ms
[2018-01-26T20:01:45.719+0530][484.952s] GC(61) User=0.06s Sys=0.01s Real=0.10s
[2018-01-26T20:01:45.781+0530][485.014s] GC(62) Pause Initial Mark
[2018-01-26T20:01:45.826+0530][485.059s] GC(62) Pause Initial Mark 219M->219M(490M) 44.530ms
[2018-01-26T20:01:45.827+0530][485.059s] GC(62) User=0.03s Sys=0.00s Real=0.05s
[2018-01-26T20:01:45.837+0530][485.070s] GC(62) Concurrent Mark
[2018-01-26T20:01:45.837+0530][485.070s] GC(62) Using 4 workers of 4 for marking
[2018-01-26T20:01:46.184+0530][485.417s] GC(62) Concurrent Mark 346.909ms
[2018-01-26T20:01:46.185+0530][485.418s] GC(62) User=0.18s Sys=0.01s Real=0.35s
[2018-01-26T20:01:46.185+0530][485.418s] GC(62) Concurrent Preclean
[2018-01-26T20:01:46.188+0530][485.420s] GC(62) Concurrent Preclean 2.150ms
[2018-01-26T20:01:46.188+0530][485.421s] GC(62) User=0.01s Sys=0.00s Real=0.00s
[2018-01-26T20:01:46.189+0530][485.422s] GC(62) Concurrent Abortable Preclean
[2018-01-26T20:01:48.138+0530][487.371s] GC(62) Concurrent Abortable Preclean 1949.020ms
[2018-01-26T20:01:48.139+0530][487.371s] GC(62) User=0.82s Sys=0.13s Real=1.95s
[2018-01-26T20:01:48.151+0530][487.384s] GC(62) Pause Remark
[2018-01-26T20:01:48.152+0530][487.385s] GC(63) Pause Young (CMS Final Remark)
[2018-01-26T20:01:48.154+0530][487.387s] GC(63) Using 4 workers of 4 for evacuation
[2018-01-26T20:01:48.207+0530][487.440s] GC(63) ParNew: 66450K->21824K(109248K)
[2018-01-26T20:01:48.208+0530][487.440s] GC(63) CMS: 200774K->201593K(393216K)
[2018-01-26T20:01:48.208+0530][487.440s] GC(63) Metaspace: 47377K->47377K(1093632K)
[2018-01-26T20:01:48.216+0530][487.449s] GC(63) Pause Young (CMS Final Remark) 260M->218M(490M) 63.812ms
[2018-01-26T20:01:48.217+0530][487.449s] GC(63) User=0.05s Sys=0.00s Real=0.07s
[2018-01-26T20:01:48.308+0530][487.541s] GC(62) Pause Remark 260M->218M(490M) 157.339ms
[2018-01-26T20:01:48.309+0530][487.542s] GC(62) User=0.11s Sys=0.01s Real=0.16s
[2018-01-26T20:01:48.362+0530][487.595s] GC(62) Concurrent Sweep
[2018-01-26T20:01:48.753+0530][487.986s] GC(62) Concurrent Sweep 390.800ms
[2018-01-26T20:01:48.754+0530][487.987s] GC(62) User=0.15s Sys=0.02s Real=0.39s
[2018-01-26T20:01:48.754+0530][487.987s] GC(62) Concurrent Reset
[2018-01-26T20:01:48.755+0530][487.988s] GC(62) Concurrent Reset 0.700ms
[2018-01-26T20:01:48.756+0530][487.989s] GC(62) User=0.00s Sys=0.00s Real=0.00s
[2018-01-26T20:01:48.756+0530][487.989s] GC(62) Old: 200774K->138072K(393216K)
[2018-01-26T20:01:52.326+0530][491.559s] GC(64) Pause Young (Allocation Failure)
[2018-01-26T20:01:52.337+0530][491.570s] GC(64) Using 4 workers of 4 for evacuation
[2018-01-26T20:01:52.455+0530][491.688s] GC(64) ParNew: 109248K->21824K(109248K)
[2018-01-26T20:01:52.455+0530][491.688s] GC(64) CMS: 138072K->141806K(393216K)
[2018-01-26T20:01:52.455+0530][491.688s] GC(64) Metaspace: 47067K->47067K(1093632K)
[2018-01-26T20:01:52.456+0530][491.689s] GC(64) Pause Young (Allocation Failure) 241M->159M(490M) 129.923ms
[2018-01-26T20:01:52.457+0530][491.690s] GC(64) User=0.07s Sys=0.00s Real=0.13s
[2018-01-26T20:01:55.761+0530][494.994s] GC(65) Pause Young (Allocation Failure)
[2018-01-26T20:01:55.763+0530][494.996s] GC(65) Using 4 workers of 4 for evacuation
[2018-01-26T20:01:55.878+0530][495.111s] GC(65) ParNew: 109248K->21824K(109248K)
[2018-01-26T20:01:55.879+0530][495.111s] GC(65) CMS: 141806K->149856K(393216K)
[2018-01-26T20:01:55.879+0530][495.111s] GC(65) Metaspace: 47075K->47075K(1093632K)
[2018-01-26T20:01:55.880+0530][495.113s] GC(65) Pause Young (Allocation Failure) 245M->167M(490M) 118.977ms
[2018-01-26T20:01:55.881+0530][495.114s] GC(65) User=0.05s Sys=0.01s Real=0.12s
[2018-01-26T20:01:59.868+0530][499.101s] GC(66) Pause Young (Allocation Failure)
[2018-01-26T20:01:59.878+0530][499.110s] GC(66) Using 4 workers of 4 for evacuation
[2018-01-26T20:01:59.963+0530][499.196s] GC(66) ParNew: 109248K->21824K(109248K)
[2018-01-26T20:01:59.963+0530][499.196s] GC(66) CMS: 149856K->154259K(393216K)
[2018-01-26T20:01:59.963+0530][499.196s] GC(66) Metaspace: 47080K->47080K(1093632K)
[2018-01-26T20:01:59.965+0530][499.197s] GC(66) Pause Young (Allocation Failure) 253M->171M(490M) 96.378ms
[2018-01-26T20:01:59.965+0530][499.198s] GC(66) User=0.06s Sys=0.01s Real=0.10s
[2018-01-26T20:02:03.065+0530][502.298s] GC(67) Pause Young (Allocation Failure)
[2018-01-26T20:02:03.067+0530][502.300s] GC(67) Using 4 workers of 4 for evacuation
[2018-01-26T20:02:03.138+0530][502.371s] GC(67) ParNew: 109248K->21824K(109248K)
[2018-01-26T20:02:03.139+0530][502.371s] GC(67) CMS: 154259K->159347K(393216K)
[2018-01-26T20:02:03.139+0530][502.371s] GC(67) Metaspace: 47081K->47081K(1093632K)
[2018-01-26T20:02:03.140+0530][502.373s] GC(67) Pause Young (Allocation Failure) 257M->176M(490M) 74.716ms
[2018-01-26T20:02:03.141+0530][502.373s] GC(67) User=0.04s Sys=0.01s Real=0.08s
[2018-01-26T20:02:06.214+0530][505.447s] GC(68) Pause Young (Allocation Failure)
[2018-01-26T20:02:06.217+0530][505.450s] GC(68) Using 4 workers of 4 for evacuation
[2018-01-26T20:02:06.312+0530][505.545s] GC(68) ParNew: 109248K->21824K(109248K)
[2018-01-26T20:02:06.312+0530][505.545s] GC(68) CMS: 159347K->165129K(393216K)
[2018-01-26T20:02:06.312+0530][505.545s] GC(68) Metaspace: 47081K->47081K(1093632K)
[2018-01-26T20:02:06.313+0530][505.546s] GC(68) Pause Young (Allocation Failure) 262M->182M(490M) 99.370ms
[2018-01-26T20:02:06.314+0530][505.547s] GC(68) User=0.05s Sys=0.00s Real=0.10s
[2018-01-26T20:02:10.132+0530][509.364s] GC(69) Pause Young (Allocation Failure)
[2018-01-26T20:02:10.141+0530][509.374s] GC(69) Using 4 workers of 4 for evacuation
[2018-01-26T20:02:10.219+0530][509.452s] GC(69) ParNew: 109248K->21824K(109248K)
[2018-01-26T20:02:10.219+0530][509.452s] GC(69) CMS: 165129K->168622K(393216K)
[2018-01-26T20:02:10.219+0530][509.452s] GC(69) Metaspace: 47081K->47081K(1093632K)
[2018-01-26T20:02:10.221+0530][509.454s] GC(69) Pause Young (Allocation Failure) 267M->185M(490M) 89.096ms
[2018-01-26T20:02:10.222+0530][509.454s] GC(69) User=0.04s Sys=0.00s Real=0.10s
[2018-01-26T20:02:13.185+0530][512.418s] GC(70) Pause Young (Allocation Failure)
[2018-01-26T20:02:13.187+0530][512.420s] GC(70) Using 4 workers of 4 for evacuation
[2018-01-26T20:02:13.271+0530][512.504s] GC(70) ParNew: 109247K->21824K(109248K)
[2018-01-26T20:02:13.271+0530][512.504s] GC(70) CMS: 168622K->176109K(393216K)
[2018-01-26T20:02:13.271+0530][512.504s] GC(70) Metaspace: 47132K->47132K(1093632K)
[2018-01-26T20:02:13.273+0530][512.506s] GC(70) Pause Young (Allocation Failure) 271M->193M(490M) 88.019ms
[2018-01-26T20:02:13.274+0530][512.507s] GC(70) User=0.06s Sys=0.00s Real=0.09s
[2018-01-26T20:02:16.138+0530][515.371s] GC(71) Pause Young (Allocation Failure)
[2018-01-26T20:02:16.143+0530][515.376s] GC(71) Using 4 workers of 4 for evacuation
[2018-01-26T20:02:16.207+0530][515.440s] GC(71) ParNew: 109248K->21824K(109248K)
[2018-01-26T20:02:16.207+0530][515.440s] GC(71) CMS: 176109K->179984K(393216K)
[2018-01-26T20:02:16.207+0530][515.440s] GC(71) Metaspace: 47132K->47132K(1093632K)
[2018-01-26T20:02:16.208+0530][515.441s] GC(71) Pause Young (Allocation Failure) 278M->197M(490M) 70.363ms
[2018-01-26T20:02:16.209+0530][515.442s] GC(71) User=0.05s Sys=0.00s Real=0.07s
[2018-01-26T20:02:20.513+0530][519.746s] GC(72) Pause Young (Allocation Failure)
[2018-01-26T20:02:20.521+0530][519.754s] GC(72) Using 4 workers of 4 for evacuation
[2018-01-26T20:02:20.621+0530][519.853s] GC(72) ParNew: 109244K->21824K(109248K)
[2018-01-26T20:02:20.621+0530][519.854s] GC(72) CMS: 179984K->185814K(393216K)
[2018-01-26T20:02:20.621+0530][519.854s] GC(72) Metaspace: 47134K->47134K(1093632K)
[2018-01-26T20:02:20.622+0530][519.855s] GC(72) Pause Young (Allocation Failure) 282M->202M(490M) 108.859ms
[2018-01-26T20:02:20.623+0530][519.856s] GC(72) User=0.05s Sys=0.01s Real=0.11s
[2018-01-26T20:02:24.205+0530][523.437s] GC(73) Pause Young (Allocation Failure)
[2018-01-26T20:02:24.207+0530][523.440s] GC(73) Using 4 workers of 4 for evacuation
[2018-01-26T20:02:24.342+0530][523.575s] GC(73) ParNew: 109248K->21824K(109248K)
[2018-01-26T20:02:24.342+0530][523.575s] GC(73) CMS: 185814K->191108K(393216K)
[2018-01-26T20:02:24.342+0530][523.575s] GC(73) Metaspace: 47135K->47135K(1093632K)
[2018-01-26T20:02:24.344+0530][523.577s] GC(73) Pause Young (Allocation Failure) 288M->207M(490M) 139.351ms
[2018-01-26T20:02:24.345+0530][523.578s] GC(73) User=0.07s Sys=0.00s Real=0.14s
[2018-01-26T20:02:28.627+0530][527.859s] GC(74) Pause Young (Allocation Failure)
[2018-01-26T20:02:28.629+0530][527.862s] GC(74) Using 4 workers of 4 for evacuation
[2018-01-26T20:02:28.702+0530][527.934s] GC(74) ParNew: 109248K->21824K(109248K)
[2018-01-26T20:02:28.702+0530][527.935s] GC(74) CMS: 191108K->196436K(393216K)
[2018-01-26T20:02:28.702+0530][527.935s] GC(74) Metaspace: 47143K->47143K(1093632K)
[2018-01-26T20:02:28.705+0530][527.938s] GC(74) Pause Young (Allocation Failure) 293M->213M(490M) 78.058ms
[2018-01-26T20:02:28.712+0530][527.945s] GC(74) User=0.05s Sys=0.01s Real=0.08s
[2018-01-26T20:02:32.663+0530][531.896s] GC(75) Pause Young (Allocation Failure)
[2018-01-26T20:02:32.666+0530][531.899s] GC(75) Using 4 workers of 4 for evacuation
[2018-01-26T20:02:32.805+0530][532.037s] GC(75) ParNew: 109248K->21824K(109248K)
[2018-01-26T20:02:32.805+0530][532.037s] GC(75) CMS: 196436K->203542K(393216K)
[2018-01-26T20:02:32.805+0530][532.037s] GC(75) Metaspace: 47143K->47143K(1093632K)
[2018-01-26T20:02:32.806+0530][532.039s] GC(75) Pause Young (Allocation Failure) 298M->220M(490M) 143.361ms
[2018-01-26T20:02:32.807+0530][532.040s] GC(75) User=0.07s Sys=0.01s Real=0.15s
[2018-01-26T20:02:32.884+0530][532.117s] GC(76) Pause Initial Mark
[2018-01-26T20:02:32.915+0530][532.147s] GC(76) Pause Initial Mark 222M->222M(490M) 30.243ms
[2018-01-26T20:02:32.916+0530][532.148s] GC(76) User=0.03s Sys=0.00s Real=0.03s
[2018-01-26T20:02:32.950+0530][532.183s] GC(76) Concurrent Mark
[2018-01-26T20:02:32.950+0530][532.183s] GC(76) Using 4 workers of 4 for marking
[2018-01-26T20:02:33.369+0530][532.602s] GC(76) Concurrent Mark 418.521ms
[2018-01-26T20:02:33.370+0530][532.603s] GC(76) User=0.20s Sys=0.02s Real=0.42s
[2018-01-26T20:02:33.371+0530][532.603s] GC(76) Concurrent Preclean
[2018-01-26T20:02:33.373+0530][532.606s] GC(76) Concurrent Preclean 2.294ms
[2018-01-26T20:02:33.374+0530][532.607s] GC(76) User=0.00s Sys=0.00s Real=0.00s
[2018-01-26T20:02:33.396+0530][532.629s] GC(76) Concurrent Abortable Preclean
[2018-01-26T20:02:35.259+0530][534.492s] GC(76) Concurrent Abortable Preclean 1862.649ms
[2018-01-26T20:02:35.260+0530][534.493s] GC(76) User=0.63s Sys=0.17s Real=1.88s
[2018-01-26T20:02:35.287+0530][534.520s] GC(76) Pause Remark
[2018-01-26T20:02:35.296+0530][534.528s] GC(77) Pause Young (CMS Final Remark)
[2018-01-26T20:02:35.298+0530][534.531s] GC(77) Using 4 workers of 4 for evacuation
[2018-01-26T20:02:35.381+0530][534.614s] GC(77) ParNew: 68680K->21824K(109248K)
[2018-01-26T20:02:35.381+0530][534.614s] GC(77) CMS: 203542K->204845K(393216K)
[2018-01-26T20:02:35.381+0530][534.614s] GC(77) Metaspace: 47143K->47143K(1093632K)
[2018-01-26T20:02:35.383+0530][534.615s] GC(77) Pause Young (CMS Final Remark) 265M->221M(490M) 87.014ms
[2018-01-26T20:02:35.387+0530][534.619s] GC(77) User=0.04s Sys=0.00s Real=0.10s
[2018-01-26T20:02:35.490+0530][534.723s] GC(76) Pause Remark 265M->221M(490M) 203.485ms
[2018-01-26T20:02:35.491+0530][534.724s] GC(76) User=0.11s Sys=0.01s Real=0.20s
[2018-01-26T20:02:35.526+0530][534.759s] GC(76) Concurrent Sweep
[2018-01-26T20:02:35.822+0530][535.055s] GC(76) Concurrent Sweep 296.194ms
[2018-01-26T20:02:35.851+0530][535.084s] GC(76) User=0.12s Sys=0.03s Real=0.30s
[2018-01-26T20:02:35.852+0530][535.085s] GC(76) Concurrent Reset
[2018-01-26T20:02:35.853+0530][535.086s] GC(76) Concurrent Reset 0.787ms
[2018-01-26T20:02:35.854+0530][535.087s] GC(76) User=0.00s Sys=0.00s Real=0.00s
[2018-01-26T20:02:35.854+0530][535.087s] GC(76) Old: 203542K->141269K(393216K)
[2018-01-26T20:02:38.823+0530][538.056s] GC(78) Pause Young (Allocation Failure)
[2018-01-26T20:02:38.831+0530][538.063s] GC(78) Using 4 workers of 4 for evacuation
[2018-01-26T20:02:38.951+0530][538.184s] GC(78) ParNew: 109248K->21824K(109248K)
[2018-01-26T20:02:38.951+0530][538.184s] GC(78) CMS: 141269K->147131K(393216K)
[2018-01-26T20:02:38.951+0530][538.184s] GC(78) Metaspace: 47143K->47143K(1093632K)
[2018-01-26T20:02:38.953+0530][538.186s] GC(78) Pause Young (Allocation Failure) 244M->164M(490M) 130.067ms
[2018-01-26T20:02:38.954+0530][538.187s] GC(78) User=0.06s Sys=0.00s Real=0.12s
[2018-01-26T20:02:42.374+0530][541.607s] GC(79) Pause Young (Allocation Failure)
[2018-01-26T20:02:42.377+0530][541.610s] GC(79) Using 4 workers of 4 for evacuation
[2018-01-26T20:02:42.478+0530][541.711s] GC(79) ParNew: 109248K->21824K(109248K)
[2018-01-26T20:02:42.478+0530][541.711s] GC(79) CMS: 147131K->152093K(393216K)
[2018-01-26T20:02:42.478+0530][541.711s] GC(79) Metaspace: 47149K->47149K(1093632K)
[2018-01-26T20:02:42.480+0530][541.713s] GC(79) Pause Young (Allocation Failure) 250M->169M(490M) 106.365ms
[2018-01-26T20:02:42.481+0530][541.714s] GC(79) User=0.05s Sys=0.02s Real=0.12s
[2018-01-26T20:02:45.766+0530][544.999s] GC(80) Pause Young (Allocation Failure)
[2018-01-26T20:02:45.783+0530][545.016s] GC(80) Using 4 workers of 4 for evacuation
[2018-01-26T20:02:45.859+0530][545.092s] GC(80) ParNew: 109248K->21824K(109248K)
[2018-01-26T20:02:45.860+0530][545.092s] GC(80) CMS: 152093K->160272K(393216K)
[2018-01-26T20:02:45.860+0530][545.092s] GC(80) Metaspace: 47151K->47151K(1093632K)
[2018-01-26T20:02:45.862+0530][545.094s] GC(80) Pause Young (Allocation Failure) 255M->177M(490M) 95.604ms
[2018-01-26T20:02:45.863+0530][545.095s] GC(80) User=0.08s Sys=0.00s Real=0.10s
[2018-01-26T20:02:49.307+0530][548.540s] GC(81) Pause Young (Allocation Failure)
[2018-01-26T20:02:49.310+0530][548.543s] GC(81) Using 4 workers of 4 for evacuation
[2018-01-26T20:02:49.366+0530][548.598s] GC(81) ParNew: 109248K->21824K(109248K)
[2018-01-26T20:02:49.366+0530][548.598s] GC(81) CMS: 160272K->164434K(393216K)
[2018-01-26T20:02:49.366+0530][548.598s] GC(81) Metaspace: 47153K->47153K(1093632K)
[2018-01-26T20:02:49.367+0530][548.600s] GC(81) Pause Young (Allocation Failure) 263M->181M(490M) 59.810ms
[2018-01-26T20:02:49.368+0530][548.601s] GC(81) User=0.05s Sys=0.01s Real=0.06s
[2018-01-26T20:02:52.997+0530][552.230s] GC(82) Pause Young (Allocation Failure)
[2018-01-26T20:02:53.001+0530][552.233s] GC(82) Using 4 workers of 4 for evacuation
[2018-01-26T20:02:53.095+0530][552.328s] GC(82) ParNew: 109248K->21824K(109248K)
[2018-01-26T20:02:53.095+0530][552.328s] GC(82) CMS: 164434K->168846K(393216K)
[2018-01-26T20:02:53.095+0530][552.328s] GC(82) Metaspace: 47153K->47153K(1093632K)
[2018-01-26T20:02:53.097+0530][552.330s] GC(82) Pause Young (Allocation Failure) 267M->186M(490M) 99.954ms
[2018-01-26T20:02:53.098+0530][552.331s] GC(82) User=0.05s Sys=0.00s Real=0.10s
[2018-01-26T20:02:56.480+0530][555.713s] GC(83) Pause Young (Allocation Failure)
[2018-01-26T20:02:56.486+0530][555.719s] GC(83) Using 4 workers of 4 for evacuation
[2018-01-26T20:02:56.578+0530][555.811s] GC(83) ParNew: 109248K->21824K(109248K)
[2018-01-26T20:02:56.578+0530][555.811s] GC(83) CMS: 168846K->172228K(393216K)
[2018-01-26T20:02:56.578+0530][555.811s] GC(83) Metaspace: 47170K->47170K(1093632K)
[2018-01-26T20:02:56.580+0530][555.813s] GC(83) Pause Young (Allocation Failure) 271M->189M(490M) 99.618ms
[2018-01-26T20:02:56.581+0530][555.814s] GC(83) User=0.06s Sys=0.00s Real=0.10s
[2018-01-26T20:02:59.906+0530][559.139s] GC(84) Pause Young (Allocation Failure)
[2018-01-26T20:02:59.910+0530][559.142s] GC(84) Using 4 workers of 4 for evacuation
[2018-01-26T20:03:00.069+0530][559.301s] GC(84) ParNew: 109247K->21824K(109248K)
[2018-01-26T20:03:00.069+0530][559.302s] GC(84) CMS: 172228K->181225K(393216K)
[2018-01-26T20:03:00.069+0530][559.302s] GC(84) Metaspace: 47171K->47171K(1093632K)
[2018-01-26T20:03:00.071+0530][559.303s] GC(84) Pause Young (Allocation Failure) 274M->198M(490M) 164.273ms
[2018-01-26T20:03:00.072+0530][559.305s] GC(84) User=0.07s Sys=0.00s Real=0.16s
[2018-01-26T20:03:03.099+0530][562.332s] GC(85) Pause Young (Allocation Failure)
[2018-01-26T20:03:03.102+0530][562.335s] GC(85) Using 4 workers of 4 for evacuation
[2018-01-26T20:03:03.174+0530][562.406s] GC(85) ParNew: 109245K->21824K(109248K)
[2018-01-26T20:03:03.174+0530][562.406s] GC(85) CMS: 181225K->186928K(393216K)
[2018-01-26T20:03:03.174+0530][562.407s] GC(85) Metaspace: 47246K->47246K(1093632K)
[2018-01-26T20:03:03.176+0530][562.408s] GC(85) Pause Young (Allocation Failure) 283M->203M(490M) 76.494ms
[2018-01-26T20:03:03.177+0530][562.410s] GC(85) User=0.06s Sys=0.00s Real=0.08s
[2018-01-26T20:03:06.202+0530][565.435s] GC(86) Pause Young (Allocation Failure)
[2018-01-26T20:03:06.207+0530][565.439s] GC(86) Using 4 workers of 4 for evacuation
[2018-01-26T20:03:06.290+0530][565.523s] GC(86) ParNew: 109248K->21824K(109248K)
[2018-01-26T20:03:06.291+0530][565.523s] GC(86) CMS: 186928K->189616K(393216K)
[2018-01-26T20:03:06.291+0530][565.524s] GC(86) Metaspace: 47246K->47246K(1093632K)
[2018-01-26T20:03:06.300+0530][565.533s] GC(86) Pause Young (Allocation Failure) 289M->206M(490M) 97.793ms
[2018-01-26T20:03:06.301+0530][565.534s] GC(86) User=0.05s Sys=0.01s Real=0.09s
[2018-01-26T20:03:09.405+0530][568.638s] GC(87) Pause Young (Allocation Failure)
[2018-01-26T20:03:09.416+0530][568.649s] GC(87) Using 4 workers of 4 for evacuation
[2018-01-26T20:03:09.488+0530][568.721s] GC(87) ParNew: 109248K->21824K(109248K)
[2018-01-26T20:03:09.488+0530][568.721s] GC(87) CMS: 189616K->199301K(393216K)
[2018-01-26T20:03:09.488+0530][568.721s] GC(87) Metaspace: 47246K->47246K(1093632K)
[2018-01-26T20:03:09.491+0530][568.723s] GC(87) Pause Young (Allocation Failure) 291M->215M(490M) 85.398ms
[2018-01-26T20:03:09.492+0530][568.725s] GC(87) User=0.06s Sys=0.00s Real=0.08s
[2018-01-26T20:03:09.608+0530][568.841s] GC(88) Pause Initial Mark
[2018-01-26T20:03:09.674+0530][568.906s] GC(88) Pause Initial Mark 218M->218M(490M) 65.184ms
[2018-01-26T20:03:09.675+0530][568.908s] GC(88) User=0.03s Sys=0.00s Real=0.07s
[2018-01-26T20:03:09.722+0530][568.955s] GC(88) Concurrent Mark
[2018-01-26T20:03:09.722+0530][568.955s] GC(88) Using 4 workers of 4 for marking
[2018-01-26T20:03:10.439+0530][569.672s] GC(88) Concurrent Mark 717.171ms
[2018-01-26T20:03:10.441+0530][569.673s] GC(88) User=0.25s Sys=0.09s Real=0.72s
[2018-01-26T20:03:10.442+0530][569.674s] GC(88) Concurrent Preclean
[2018-01-26T20:03:10.444+0530][569.677s] GC(88) Concurrent Preclean 2.606ms
[2018-01-26T20:03:10.445+0530][569.678s] GC(88) User=0.01s Sys=0.00s Real=0.00s
[2018-01-26T20:03:10.446+0530][569.679s] GC(88) Concurrent Abortable Preclean
[2018-01-26T20:03:15.177+0530][574.410s] GC(89) Pause Young (Allocation Failure)
[2018-01-26T20:03:15.181+0530][574.414s] GC(89) Using 4 workers of 4 for evacuation
[2018-01-26T20:03:15.255+0530][574.488s] GC(89) ParNew: 109248K->21824K(109248K)
[2018-01-26T20:03:15.255+0530][574.488s] GC(89) CMS: 199301K->203040K(393216K)
[2018-01-26T20:03:15.255+0530][574.488s] GC(89) Metaspace: 47255K->47255K(1093632K)
[2018-01-26T20:03:15.257+0530][574.490s] GC(89) Pause Young (Allocation Failure) 301M->219M(490M) 80.216ms
[2018-01-26T20:03:15.259+0530][574.491s] GC(89) User=0.04s Sys=0.01s Real=0.08s
[2018-01-26T20:03:16.538+0530][575.770s] GC(88) Concurrent Abortable Preclean 6091.503ms
[2018-01-26T20:03:16.539+0530][575.772s] GC(88) User=2.28s Sys=0.42s Real=6.09s
[2018-01-26T20:03:16.579+0530][575.812s] GC(88) Pause Remark
[2018-01-26T20:03:16.580+0530][575.813s] GC(90) Pause Young (CMS Final Remark)
[2018-01-26T20:03:16.583+0530][575.816s] GC(90) Using 4 workers of 4 for evacuation
[2018-01-26T20:03:16.666+0530][575.899s] GC(90) ParNew: 50123K->21824K(109248K)
[2018-01-26T20:03:16.666+0530][575.899s] GC(90) CMS: 203040K->206092K(393216K)
[2018-01-26T20:03:16.666+0530][575.899s] GC(90) Metaspace: 47255K->47255K(1093632K)
