[2018-01-26T20:14:32.966+0530][1252.199s] GC(121) Pause Young (Allocation Failure)
[2018-01-26T20:14:32.984+0530][1252.216s] GC(121) Using 4 workers of 4 for evacuation
[2018-01-26T20:14:33.054+0530][1252.287s] GC(121) ParNew: 87440K->14K(109248K)
[2018-01-26T20:14:33.054+0530][1252.287s] GC(121) CMS: 155825K->155825K(393216K)
[2018-01-26T20:14:33.054+0530][1252.287s] GC(121) Metaspace: 47313K->47313K(1093632K)
[2018-01-26T20:14:33.056+0530][1252.289s] GC(121) Pause Young (Allocation Failure) 237M->152M(490M) 89.999ms
[2018-01-26T20:14:33.057+0530][1252.290s] GC(121) User=0.06s Sys=0.00s Real=0.09s
[2018-01-26T20:15:05.138+0530][1284.371s] GC(122) Pause Young (Allocation Failure)
[2018-01-26T20:15:05.143+0530][1284.376s] GC(122) Using 4 workers of 4 for evacuation
[2018-01-26T20:15:05.211+0530][1284.444s] GC(122) ParNew: 87438K->14K(109248K)
[2018-01-26T20:15:05.211+0530][1284.444s] GC(122) CMS: 155825K->155825K(393216K)
[2018-01-26T20:15:05.211+0530][1284.444s] GC(122) Metaspace: 47313K->47313K(1093632K)
[2018-01-26T20:15:05.213+0530][1284.446s] GC(122) Pause Young (Allocation Failure) 237M->152M(490M) 75.469ms
[2018-01-26T20:15:05.214+0530][1284.447s] GC(122) User=0.05s Sys=0.00s Real=0.08s
[2018-01-26T20:15:37.297+0530][1316.529s] GC(123) Pause Young (Allocation Failure)
[2018-01-26T20:15:37.305+0530][1316.538s] GC(123) Using 4 workers of 4 for evacuation
[2018-01-26T20:15:37.347+0530][1316.580s] GC(123) ParNew: 87438K->16K(109248K)
[2018-01-26T20:15:37.348+0530][1316.580s] GC(123) CMS: 155825K->155825K(393216K)
[2018-01-26T20:15:37.348+0530][1316.581s] GC(123) Metaspace: 47313K->47313K(1093632K)
[2018-01-26T20:15:37.350+0530][1316.583s] GC(123) Pause Young (Allocation Failure) 237M->152M(490M) 53.502ms
[2018-01-26T20:15:37.352+0530][1316.584s] GC(123) User=0.05s Sys=0.00s Real=0.06s
[2018-01-26T20:16:11.592+0530][1350.825s] GC(124) Pause Young (Allocation Failure)
[2018-01-26T20:16:11.600+0530][1350.833s] GC(124) Using 4 workers of 4 for evacuation
[2018-01-26T20:16:11.673+0530][1350.906s] GC(124) ParNew: 87440K->14K(109248K)
[2018-01-26T20:16:11.673+0530][1350.906s] GC(124) CMS: 155825K->155825K(393216K)
[2018-01-26T20:16:11.673+0530][1350.906s] GC(124) Metaspace: 47313K->47313K(1093632K)
[2018-01-26T20:16:11.675+0530][1350.908s] GC(124) Pause Young (Allocation Failure) 237M->152M(490M) 83.034ms
[2018-01-26T20:16:11.680+0530][1350.912s] GC(124) User=0.04s Sys=0.00s Real=0.09s
[2018-01-26T20:16:43.601+0530][1382.834s] GC(125) Pause Young (Allocation Failure)
[2018-01-26T20:16:43.606+0530][1382.839s] GC(125) Using 4 workers of 4 for evacuation
[2018-01-26T20:16:43.658+0530][1382.891s] GC(125) ParNew: 87438K->14K(109248K)
[2018-01-26T20:16:43.658+0530][1382.891s] GC(125) CMS: 155825K->155825K(393216K)
[2018-01-26T20:16:43.658+0530][1382.891s] GC(125) Metaspace: 47313K->47313K(1093632K)
[2018-01-26T20:16:43.664+0530][1382.897s] GC(125) Pause Young (Allocation Failure) 237M->152M(490M) 62.631ms
[2018-01-26T20:16:43.665+0530][1382.898s] GC(125) User=0.06s Sys=0.00s Real=0.06s
[2018-01-26T20:17:15.668+0530][1414.901s] GC(126) Pause Young (Allocation Failure)
[2018-01-26T20:17:15.675+0530][1414.908s] GC(126) Using 4 workers of 4 for evacuation
[2018-01-26T20:17:15.733+0530][1414.965s] GC(126) ParNew: 87438K->14K(109248K)
[2018-01-26T20:17:15.733+0530][1414.966s] GC(126) CMS: 155825K->155825K(393216K)
[2018-01-26T20:17:15.733+0530][1414.966s] GC(126) Metaspace: 47313K->47313K(1093632K)
[2018-01-26T20:17:15.735+0530][1414.968s] GC(126) Pause Young (Allocation Failure) 237M->152M(490M) 66.832ms
[2018-01-26T20:17:15.740+0530][1414.972s] GC(126) User=0.05s Sys=0.00s Real=0.07s
[2018-01-26T20:17:49.892+0530][1449.125s] GC(127) Pause Young (Allocation Failure)
[2018-01-26T20:17:49.897+0530][1449.130s] GC(127) Using 4 workers of 4 for evacuation
[2018-01-26T20:17:49.936+0530][1449.169s] GC(127) ParNew: 87438K->14K(109248K)
[2018-01-26T20:17:49.937+0530][1449.169s] GC(127) CMS: 155825K->155825K(393216K)
[2018-01-26T20:17:49.937+0530][1449.169s] GC(127) Metaspace: 47313K->47313K(1093632K)
[2018-01-26T20:17:49.939+0530][1449.172s] GC(127) Pause Young (Allocation Failure) 237M->152M(490M) 46.677ms
[2018-01-26T20:17:49.940+0530][1449.173s] GC(127) User=0.05s Sys=0.01s Real=0.05s
[2018-01-26T20:18:22.010+0530][1481.243s] GC(128) Pause Young (Allocation Failure)
[2018-01-26T20:18:22.015+0530][1481.248s] GC(128) Using 4 workers of 4 for evacuation
[2018-01-26T20:18:22.084+0530][1481.317s] GC(128) ParNew: 87438K->14K(109248K)
[2018-01-26T20:18:22.085+0530][1481.317s] GC(128) CMS: 155825K->155825K(393216K)
[2018-01-26T20:18:22.085+0530][1481.317s] GC(128) Metaspace: 47313K->47313K(1093632K)
[2018-01-26T20:18:22.087+0530][1481.319s] GC(128) Pause Young (Allocation Failure) 237M->152M(490M) 76.585ms
[2018-01-26T20:18:22.088+0530][1481.321s] GC(128) User=0.05s Sys=0.00s Real=0.08s
[2018-01-26T20:18:53.978+0530][1513.211s] GC(129) Pause Young (Allocation Failure)
[2018-01-26T20:18:53.984+0530][1513.217s] GC(129) Using 4 workers of 4 for evacuation
[2018-01-26T20:18:54.029+0530][1513.262s] GC(129) ParNew: 87438K->12K(109248K)
[2018-01-26T20:18:54.030+0530][1513.262s] GC(129) CMS: 155825K->155825K(393216K)
[2018-01-26T20:18:54.030+0530][1513.262s] GC(129) Metaspace: 47313K->47313K(1093632K)
[2018-01-26T20:18:54.033+0530][1513.266s] GC(129) Pause Young (Allocation Failure) 237M->152M(490M) 55.621ms
[2018-01-26T20:18:54.035+0530][1513.268s] GC(129) User=0.06s Sys=0.00s Real=0.06s
[2018-01-26T20:19:28.484+0530][1547.716s] GC(130) Pause Young (Allocation Failure)
[2018-01-26T20:19:28.490+0530][1547.723s] GC(130) Using 4 workers of 4 for evacuation
[2018-01-26T20:19:28.534+0530][1547.767s] GC(130) ParNew: 87436K->16K(109248K)
[2018-01-26T20:19:28.534+0530][1547.767s] GC(130) CMS: 155825K->155825K(393216K)
[2018-01-26T20:19:28.534+0530][1547.767s] GC(130) Metaspace: 47313K->47313K(1093632K)
[2018-01-26T20:19:28.536+0530][1547.769s] GC(130) Pause Young (Allocation Failure) 237M->152M(490M) 52.751ms
[2018-01-26T20:19:28.538+0530][1547.770s] GC(130) User=0.04s Sys=0.00s Real=0.05s
[2018-01-26T20:20:00.321+0530][1579.553s] GC(131) Pause Young (Allocation Failure)
[2018-01-26T20:20:00.330+0530][1579.562s] GC(131) Using 4 workers of 4 for evacuation
[2018-01-26T20:20:00.400+0530][1579.633s] GC(131) ParNew: 87440K->16K(109248K)
[2018-01-26T20:20:00.400+0530][1579.633s] GC(131) CMS: 155825K->155826K(393216K)
[2018-01-26T20:20:00.400+0530][1579.633s] GC(131) Metaspace: 47313K->47313K(1093632K)
[2018-01-26T20:20:00.402+0530][1579.635s] GC(131) Pause Young (Allocation Failure) 237M->152M(490M) 81.542ms
[2018-01-26T20:20:00.403+0530][1579.636s] GC(131) User=0.04s Sys=0.00s Real=0.09s
[2018-01-26T20:20:32.400+0530][1611.633s] GC(132) Pause Young (Allocation Failure)
[2018-01-26T20:20:32.405+0530][1611.638s] GC(132) Using 4 workers of 4 for evacuation
[2018-01-26T20:20:32.480+0530][1611.712s] GC(132) ParNew: 87440K->16K(109248K)
[2018-01-26T20:20:32.480+0530][1611.712s] GC(132) CMS: 155826K->155826K(393216K)
[2018-01-26T20:20:32.480+0530][1611.712s] GC(132) Metaspace: 47313K->47313K(1093632K)
[2018-01-26T20:20:32.482+0530][1611.715s] GC(132) Pause Young (Allocation Failure) 237M->152M(490M) 81.345ms
[2018-01-26T20:20:32.483+0530][1611.716s] GC(132) User=0.05s Sys=0.01s Real=0.08s
[2018-01-26T20:21:06.968+0530][1646.200s] GC(133) Pause Young (Allocation Failure)
[2018-01-26T20:21:06.978+0530][1646.211s] GC(133) Using 4 workers of 4 for evacuation
[2018-01-26T20:21:07.027+0530][1646.260s] GC(133) ParNew: 87440K->16K(109248K)
[2018-01-26T20:21:07.028+0530][1646.261s] GC(133) CMS: 155826K->155826K(393216K)
[2018-01-26T20:21:07.028+0530][1646.261s] GC(133) Metaspace: 47313K->47313K(1093632K)
[2018-01-26T20:21:07.030+0530][1646.263s] GC(133) Pause Young (Allocation Failure) 237M->152M(490M) 62.098ms
[2018-01-26T20:21:07.031+0530][1646.264s] GC(133) User=0.05s Sys=0.00s Real=0.06s
[2018-01-26T20:21:38.806+0530][1678.039s] GC(134) Pause Young (Allocation Failure)
[2018-01-26T20:21:38.813+0530][1678.046s] GC(134) Using 4 workers of 4 for evacuation
[2018-01-26T20:21:38.868+0530][1678.101s] GC(134) ParNew: 87440K->16K(109248K)
[2018-01-26T20:21:38.868+0530][1678.101s] GC(134) CMS: 155826K->155826K(393216K)
[2018-01-26T20:21:38.868+0530][1678.101s] GC(134) Metaspace: 47313K->47313K(1093632K)
[2018-01-26T20:21:38.870+0530][1678.103s] GC(134) Pause Young (Allocation Failure) 237M->152M(490M) 64.529ms
[2018-01-26T20:21:38.875+0530][1678.108s] GC(134) User=0.04s Sys=0.00s Real=0.07s
[2018-01-26T20:22:11.170+0530][1710.402s] GC(135) Pause Young (Allocation Failure)
[2018-01-26T20:22:11.174+0530][1710.407s] GC(135) Using 4 workers of 4 for evacuation
[2018-01-26T20:22:11.258+0530][1710.490s] GC(135) ParNew: 87440K->14K(109248K)
[2018-01-26T20:22:11.258+0530][1710.491s] GC(135) CMS: 155826K->155826K(393216K)
[2018-01-26T20:22:11.258+0530][1710.491s] GC(135) Metaspace: 47313K->47313K(1093632K)
[2018-01-26T20:22:11.260+0530][1710.493s] GC(135) Pause Young (Allocation Failure) 237M->152M(490M) 90.242ms
[2018-01-26T20:22:11.261+0530][1710.494s] GC(135) User=0.04s Sys=0.01s Real=0.10s
[2018-01-26T20:22:45.214+0530][1744.447s] GC(136) Pause Young (Allocation Failure)
[2018-01-26T20:22:45.231+0530][1744.463s] GC(136) Using 4 workers of 4 for evacuation
[2018-01-26T20:22:45.312+0530][1744.544s] GC(136) ParNew: 87438K->16K(109248K)
[2018-01-26T20:22:45.312+0530][1744.544s] GC(136) CMS: 155826K->155826K(393216K)
[2018-01-26T20:22:45.312+0530][1744.544s] GC(136) Metaspace: 47313K->47313K(1093632K)
[2018-01-26T20:22:45.316+0530][1744.548s] GC(136) Pause Young (Allocation Failure) 237M->152M(490M) 101.021ms
[2018-01-26T20:22:45.317+0530][1744.549s] GC(136) User=0.05s Sys=0.00s Real=0.10s
[2018-01-26T20:23:17.207+0530][1776.440s] GC(137) Pause Young (Allocation Failure)
[2018-01-26T20:23:17.212+0530][1776.445s] GC(137) Using 4 workers of 4 for evacuation
[2018-01-26T20:23:17.259+0530][1776.491s] GC(137) ParNew: 87440K->14K(109248K)
[2018-01-26T20:23:17.259+0530][1776.491s] GC(137) CMS: 155826K->155826K(393216K)
[2018-01-26T20:23:17.259+0530][1776.491s] GC(137) Metaspace: 47313K->47313K(1093632K)
[2018-01-26T20:23:17.265+0530][1776.498s] GC(137) Pause Young (Allocation Failure) 237M->152M(490M) 57.968ms
[2018-01-26T20:23:17.267+0530][1776.499s] GC(137) User=0.05s Sys=0.00s Real=0.06s
[2018-01-26T20:23:49.655+0530][1808.887s] GC(138) Pause Young (Allocation Failure)
[2018-01-26T20:23:49.663+0530][1808.896s] GC(138) Using 4 workers of 4 for evacuation
[2018-01-26T20:23:49.716+0530][1808.949s] GC(138) ParNew: 87438K->14K(109248K)
[2018-01-26T20:23:49.716+0530][1808.949s] GC(138) CMS: 155826K->155826K(393216K)
[2018-01-26T20:23:49.716+0530][1808.949s] GC(138) Metaspace: 47313K->47313K(1093632K)
[2018-01-26T20:23:49.725+0530][1808.958s] GC(138) Pause Young (Allocation Failure) 237M->152M(490M) 70.435ms
[2018-01-26T20:23:49.726+0530][1808.959s] GC(138) User=0.06s Sys=0.00s Real=0.07s
[2018-01-26T20:24:23.467+0530][1842.700s] GC(139) Pause Young (Allocation Failure)
[2018-01-26T20:24:23.480+0530][1842.712s] GC(139) Using 4 workers of 4 for evacuation
[2018-01-26T20:24:23.529+0530][1842.761s] GC(139) ParNew: 87438K->16K(109248K)
[2018-01-26T20:24:23.529+0530][1842.761s] GC(139) CMS: 155826K->155826K(393216K)
[2018-01-26T20:24:23.529+0530][1842.761s] GC(139) Metaspace: 47313K->47313K(1093632K)
[2018-01-26T20:24:23.531+0530][1842.763s] GC(139) Pause Young (Allocation Failure) 237M->152M(490M) 63.940ms
[2018-01-26T20:24:23.532+0530][1842.765s] GC(139) User=0.05s Sys=0.00s Real=0.07s
[2018-01-26T20:24:55.040+0530][1874.273s] GC(140) Pause Young (Allocation Failure)
[2018-01-26T20:24:55.045+0530][1874.278s] GC(140) Using 4 workers of 4 for evacuation
[2018-01-26T20:24:55.098+0530][1874.331s] GC(140) ParNew: 87440K->14K(109248K)
[2018-01-26T20:24:55.098+0530][1874.331s] GC(140) CMS: 155826K->155826K(393216K)
[2018-01-26T20:24:55.098+0530][1874.331s] GC(140) Metaspace: 47313K->47313K(1093632K)
[2018-01-26T20:24:55.100+0530][1874.333s] GC(140) Pause Young (Allocation Failure) 237M->152M(490M) 60.126ms
[2018-01-26T20:24:55.101+0530][1874.334s] GC(140) User=0.05s Sys=0.00s Real=0.07s
[2018-01-26T20:25:28.470+0530][1907.703s] GC(141) Pause Young (Allocation Failure)
[2018-01-26T20:25:28.476+0530][1907.709s] GC(141) Using 4 workers of 4 for evacuation
[2018-01-26T20:25:28.561+0530][1907.794s] GC(141) ParNew: 87438K->14K(109248K)
[2018-01-26T20:25:28.561+0530][1907.794s] GC(141) CMS: 155826K->155826K(393216K)
[2018-01-26T20:25:28.561+0530][1907.794s] GC(141) Metaspace: 47313K->47313K(1093632K)
[2018-01-26T20:25:28.563+0530][1907.796s] GC(141) Pause Young (Allocation Failure) 237M->152M(490M) 93.232ms
[2018-01-26T20:25:28.564+0530][1907.797s] GC(141) User=0.05s Sys=0.00s Real=0.10s
[2018-01-26T20:26:01.611+0530][1940.844s] GC(142) Pause Young (Allocation Failure)
[2018-01-26T20:26:01.626+0530][1940.859s] GC(142) Using 4 workers of 4 for evacuation
[2018-01-26T20:26:01.670+0530][1940.902s] GC(142) ParNew: 87438K->12K(109248K)
[2018-01-26T20:26:01.670+0530][1940.902s] GC(142) CMS: 155826K->155826K(393216K)
[2018-01-26T20:26:01.670+0530][1940.902s] GC(142) Metaspace: 47313K->47313K(1093632K)
[2018-01-26T20:26:01.672+0530][1940.904s] GC(142) Pause Young (Allocation Failure) 237M->152M(490M) 60.253ms
[2018-01-26T20:26:01.673+0530][1940.906s] GC(142) User=0.05s Sys=0.00s Real=0.07s
[2018-01-26T20:26:32.882+0530][1972.115s] GC(143) Pause Young (Allocation Failure)
[2018-01-26T20:26:32.887+0530][1972.120s] GC(143) Using 4 workers of 4 for evacuation
[2018-01-26T20:26:32.923+0530][1972.156s] GC(143) ParNew: 87436K->14K(109248K)
[2018-01-26T20:26:32.923+0530][1972.156s] GC(143) CMS: 155826K->155826K(393216K)
[2018-01-26T20:26:32.923+0530][1972.156s] GC(143) Metaspace: 47313K->47313K(1093632K)
[2018-01-26T20:26:32.925+0530][1972.158s] GC(143) Pause Young (Allocation Failure) 237M->152M(490M) 43.434ms
[2018-01-26T20:26:32.926+0530][1972.159s] GC(143) User=0.04s Sys=0.00s Real=0.04s
[2018-01-26T20:27:06.509+0530][2005.742s] GC(144) Pause Young (Allocation Failure)
[2018-01-26T20:27:06.514+0530][2005.747s] GC(144) Using 4 workers of 4 for evacuation
[2018-01-26T20:27:06.550+0530][2005.782s] GC(144) ParNew: 87438K->14K(109248K)
[2018-01-26T20:27:06.550+0530][2005.782s] GC(144) CMS: 155826K->155826K(393216K)
[2018-01-26T20:27:06.550+0530][2005.782s] GC(144) Metaspace: 47313K->47313K(1093632K)
[2018-01-26T20:27:06.552+0530][2005.785s] GC(144) Pause Young (Allocation Failure) 237M->152M(490M) 43.092ms
[2018-01-26T20:27:06.553+0530][2005.786s] GC(144) User=0.04s Sys=0.00s Real=0.05s
[2018-01-26T20:27:39.460+0530][2038.692s] GC(145) Pause Young (Allocation Failure)
[2018-01-26T20:27:39.464+0530][2038.697s] GC(145) Using 4 workers of 4 for evacuation
[2018-01-26T20:27:39.505+0530][2038.738s] GC(145) ParNew: 87438K->14K(109248K)
[2018-01-26T20:27:39.505+0530][2038.738s] GC(145) CMS: 155826K->155826K(393216K)
[2018-01-26T20:27:39.505+0530][2038.738s] GC(145) Metaspace: 47313K->47313K(1093632K)
[2018-01-26T20:27:39.507+0530][2038.740s] GC(145) Pause Young (Allocation Failure) 237M->152M(490M) 47.489ms
[2018-01-26T20:27:39.508+0530][2038.741s] GC(145) User=0.04s Sys=0.01s Real=0.04s
[2018-01-26T20:28:11.324+0530][2070.557s] GC(146) Pause Young (Allocation Failure)
[2018-01-26T20:28:11.329+0530][2070.561s] GC(146) Using 4 workers of 4 for evacuation
[2018-01-26T20:28:11.416+0530][2070.649s] GC(146) ParNew: 87438K->14K(109248K)
[2018-01-26T20:28:11.417+0530][2070.649s] GC(146) CMS: 155826K->155826K(393216K)
[2018-01-26T20:28:11.417+0530][2070.650s] GC(146) Metaspace: 47313K->47313K(1093632K)
[2018-01-26T20:28:11.419+0530][2070.652s] GC(146) Pause Young (Allocation Failure) 237M->152M(490M) 95.066ms
[2018-01-26T20:28:11.426+0530][2070.659s] GC(146) User=0.05s Sys=0.00s Real=0.10s
[2018-01-26T20:28:44.860+0530][2104.093s] GC(147) Pause Young (Allocation Failure)
[2018-01-26T20:28:44.865+0530][2104.098s] GC(147) Using 4 workers of 4 for evacuation
[2018-01-26T20:28:44.900+0530][2104.132s] GC(147) ParNew: 87438K->16K(109248K)
[2018-01-26T20:28:44.900+0530][2104.132s] GC(147) CMS: 155826K->155826K(393216K)
[2018-01-26T20:28:44.900+0530][2104.132s] GC(147) Metaspace: 47313K->47313K(1093632K)
[2018-01-26T20:28:44.902+0530][2104.134s] GC(147) Pause Young (Allocation Failure) 237M->152M(490M) 41.390ms
[2018-01-26T20:28:44.903+0530][2104.136s] GC(147) User=0.04s Sys=0.00s Real=0.05s
[2018-01-26T20:29:17.613+0530][2136.846s] GC(148) Pause Young (Allocation Failure)
[2018-01-26T20:29:17.626+0530][2136.859s] GC(148) Using 4 workers of 4 for evacuation
[2018-01-26T20:29:17.683+0530][2136.916s] GC(148) ParNew: 87440K->14K(109248K)
[2018-01-26T20:29:17.683+0530][2136.916s] GC(148) CMS: 155826K->155826K(393216K)
[2018-01-26T20:29:17.683+0530][2136.916s] GC(148) Metaspace: 47313K->47313K(1093632K)
[2018-01-26T20:29:17.685+0530][2136.918s] GC(148) Pause Young (Allocation Failure) 237M->152M(490M) 71.969ms
[2018-01-26T20:29:17.687+0530][2136.920s] GC(148) User=0.05s Sys=0.00s Real=0.07s
[2018-01-26T20:29:49.578+0530][2168.811s] GC(149) Pause Young (Allocation Failure)
[2018-01-26T20:29:49.585+0530][2168.818s] GC(149) Using 4 workers of 4 for evacuation
[2018-01-26T20:29:49.617+0530][2168.850s] GC(149) ParNew: 87438K->14K(109248K)
[2018-01-26T20:29:49.617+0530][2168.850s] GC(149) CMS: 155826K->155827K(393216K)
[2018-01-26T20:29:49.617+0530][2168.850s] GC(149) Metaspace: 47313K->47313K(1093632K)
[2018-01-26T20:29:49.620+0530][2168.852s] GC(149) Pause Young (Allocation Failure) 237M->152M(490M) 41.175ms
[2018-01-26T20:29:49.621+0530][2168.854s] GC(149) User=0.03s Sys=0.00s Real=0.05s
[2018-01-26T20:30:23.566+0530][2202.798s] GC(150) Pause Young (Allocation Failure)
[2018-01-26T20:30:23.577+0530][2202.810s] GC(150) Using 4 workers of 4 for evacuation
[2018-01-26T20:30:23.637+0530][2202.870s] GC(150) ParNew: 87438K->14K(109248K)
[2018-01-26T20:30:23.638+0530][2202.870s] GC(150) CMS: 155827K->155827K(393216K)
[2018-01-26T20:30:23.638+0530][2202.870s] GC(150) Metaspace: 47313K->47313K(1093632K)
[2018-01-26T20:30:23.640+0530][2202.873s] GC(150) Pause Young (Allocation Failure) 237M->152M(490M) 74.492ms
[2018-01-26T20:30:23.641+0530][2202.874s] GC(150) User=0.06s Sys=0.00s Real=0.08s
[2018-01-26T20:30:56.056+0530][2235.289s] GC(151) Pause Young (Allocation Failure)
[2018-01-26T20:30:56.061+0530][2235.294s] GC(151) Using 4 workers of 4 for evacuation
[2018-01-26T20:30:56.135+0530][2235.368s] GC(151) ParNew: 87438K->16K(109248K)
[2018-01-26T20:30:56.136+0530][2235.368s] GC(151) CMS: 155827K->155827K(393216K)
[2018-01-26T20:30:56.136+0530][2235.368s] GC(151) Metaspace: 47313K->47313K(1093632K)
[2018-01-26T20:30:56.138+0530][2235.370s] GC(151) Pause Young (Allocation Failure) 237M->152M(490M) 81.469ms
[2018-01-26T20:30:56.139+0530][2235.372s] GC(151) User=0.05s Sys=0.01s Real=0.08s
[2018-01-26T20:31:28.098+0530][2267.331s] GC(152) Pause Young (Allocation Failure)
[2018-01-26T20:31:28.108+0530][2267.341s] GC(152) Using 4 workers of 4 for evacuation
[2018-01-26T20:31:28.168+0530][2267.400s] GC(152) ParNew: 87440K->16K(109248K)
[2018-01-26T20:31:28.168+0530][2267.400s] GC(152) CMS: 155827K->155827K(393216K)
[2018-01-26T20:31:28.168+0530][2267.400s] GC(152) Metaspace: 47313K->47313K(1093632K)
[2018-01-26T20:31:28.170+0530][2267.402s] GC(152) Pause Young (Allocation Failure) 237M->152M(490M) 71.151ms
[2018-01-26T20:31:28.171+0530][2267.404s] GC(152) User=0.04s Sys=0.00s Real=0.07s
[2018-01-26T20:32:02.298+0530][2301.531s] GC(153) Pause Young (Allocation Failure)
[2018-01-26T20:32:02.303+0530][2301.536s] GC(153) Using 4 workers of 4 for evacuation
[2018-01-26T20:32:02.340+0530][2301.573s] GC(153) ParNew: 87440K->12K(109248K)
[2018-01-26T20:32:02.340+0530][2301.573s] GC(153) CMS: 155827K->155827K(393216K)
[2018-01-26T20:32:02.340+0530][2301.573s] GC(153) Metaspace: 47313K->47313K(1093632K)
[2018-01-26T20:32:02.343+0530][2301.575s] GC(153) Pause Young (Allocation Failure) 237M->152M(490M) 44.415ms
[2018-01-26T20:32:02.344+0530][2301.577s] GC(153) User=0.03s Sys=0.01s Real=0.05s
[2018-01-26T20:32:34.430+0530][2333.663s] GC(154) Pause Young (Allocation Failure)
