[2018-01-26T20:32:34.439+0530][2333.672s] GC(154) Using 4 workers of 4 for evacuation
[2018-01-26T20:32:34.480+0530][2333.712s] GC(154) ParNew: 87436K->14K(109248K)
[2018-01-26T20:32:34.480+0530][2333.713s] GC(154) CMS: 155827K->155827K(393216K)
[2018-01-26T20:32:34.480+0530][2333.713s] GC(154) Metaspace: 47313K->47313K(1093632K)
[2018-01-26T20:32:34.483+0530][2333.716s] GC(154) Pause Young (Allocation Failure) 237M->152M(490M) 53.153ms
[2018-01-26T20:32:34.485+0530][2333.718s] GC(154) User=0.05s Sys=0.00s Real=0.06s
[2018-01-26T20:33:06.603+0530][2365.836s] GC(155) Pause Young (Allocation Failure)
[2018-01-26T20:33:06.608+0530][2365.841s] GC(155) Using 4 workers of 4 for evacuation
[2018-01-26T20:33:06.647+0530][2365.880s] GC(155) ParNew: 87437K->14K(109248K)
[2018-01-26T20:33:06.647+0530][2365.880s] GC(155) CMS: 155827K->155827K(393216K)
[2018-01-26T20:33:06.647+0530][2365.880s] GC(155) Metaspace: 47313K->47313K(1093632K)
[2018-01-26T20:33:06.649+0530][2365.882s] GC(155) Pause Young (Allocation Failure) 237M->152M(490M) 46.173ms
[2018-01-26T20:33:06.651+0530][2365.884s] GC(155) User=0.04s Sys=0.00s Real=0.04s
[2018-01-26T20:33:40.756+0530][2399.989s] GC(156) Pause Young (Allocation Failure)
[2018-01-26T20:33:40.763+0530][2399.996s] GC(156) Using 4 workers of 4 for evacuation
[2018-01-26T20:33:40.808+0530][2400.040s] GC(156) ParNew: 87438K->16K(109248K)
[2018-01-26T20:33:40.808+0530][2400.041s] GC(156) CMS: 155827K->155827K(393216K)
[2018-01-26T20:33:40.808+0530][2400.041s] GC(156) Metaspace: 47313K->47313K(1093632K)
[2018-01-26T20:33:40.810+0530][2400.042s] GC(156) Pause Young (Allocation Failure) 237M->152M(490M) 53.781ms
[2018-01-26T20:33:40.811+0530][2400.044s] GC(156) User=0.04s Sys=0.01s Real=0.05s
[2018-01-26T20:34:12.952+0530][2432.185s] GC(157) Pause Young (Allocation Failure)
[2018-01-26T20:34:12.963+0530][2432.195s] GC(157) Using 4 workers of 4 for evacuation
[2018-01-26T20:34:13.040+0530][2432.273s] GC(157) ParNew: 87440K->16K(109248K)
[2018-01-26T20:34:13.040+0530][2432.273s] GC(157) CMS: 155827K->155827K(393216K)
[2018-01-26T20:34:13.040+0530][2432.273s] GC(157) Metaspace: 47313K->47313K(1093632K)
[2018-01-26T20:34:13.042+0530][2432.275s] GC(157) Pause Young (Allocation Failure) 237M->152M(490M) 89.941ms
[2018-01-26T20:34:13.043+0530][2432.276s] GC(157) User=0.04s Sys=0.01s Real=0.09s
[2018-01-26T20:34:44.890+0530][2464.123s] GC(158) Pause Young (Allocation Failure)
[2018-01-26T20:34:44.895+0530][2464.127s] GC(158) Using 4 workers of 4 for evacuation
[2018-01-26T20:34:44.931+0530][2464.164s] GC(158) ParNew: 87440K->14K(109248K)
[2018-01-26T20:34:44.932+0530][2464.164s] GC(158) CMS: 155827K->155827K(393216K)
[2018-01-26T20:34:44.932+0530][2464.164s] GC(158) Metaspace: 47313K->47313K(1093632K)
[2018-01-26T20:34:44.934+0530][2464.166s] GC(158) Pause Young (Allocation Failure) 237M->152M(490M) 43.488ms
[2018-01-26T20:34:44.935+0530][2464.168s] GC(158) User=0.04s Sys=0.00s Real=0.05s
[2018-01-26T20:35:19.220+0530][2498.453s] GC(159) Pause Young (Allocation Failure)
[2018-01-26T20:35:19.225+0530][2498.458s] GC(159) Using 4 workers of 4 for evacuation
[2018-01-26T20:35:19.306+0530][2498.539s] GC(159) ParNew: 87438K->14K(109248K)
[2018-01-26T20:35:19.306+0530][2498.539s] GC(159) CMS: 155827K->155827K(393216K)
[2018-01-26T20:35:19.306+0530][2498.539s] GC(159) Metaspace: 47313K->47313K(1093632K)
[2018-01-26T20:35:19.312+0530][2498.545s] GC(159) Pause Young (Allocation Failure) 237M->152M(490M) 91.408ms
[2018-01-26T20:35:19.313+0530][2498.546s] GC(159) User=0.05s Sys=0.00s Real=0.11s
[2018-01-26T20:35:51.366+0530][2530.599s] GC(160) Pause Young (Allocation Failure)
[2018-01-26T20:35:51.372+0530][2530.604s] GC(160) Using 4 workers of 4 for evacuation
[2018-01-26T20:35:51.408+0530][2530.641s] GC(160) ParNew: 87438K->16K(109248K)
[2018-01-26T20:35:51.408+0530][2530.641s] GC(160) CMS: 155827K->155827K(393216K)
[2018-01-26T20:35:51.408+0530][2530.641s] GC(160) Metaspace: 47313K->47313K(1093632K)
[2018-01-26T20:35:51.410+0530][2530.643s] GC(160) Pause Young (Allocation Failure) 237M->152M(490M) 44.156ms
[2018-01-26T20:35:51.412+0530][2530.644s] GC(160) User=0.04s Sys=0.00s Real=0.05s
[2018-01-26T20:36:23.475+0530][2562.708s] GC(161) Pause Young (Allocation Failure)
[2018-01-26T20:36:23.480+0530][2562.713s] GC(161) Using 4 workers of 4 for evacuation
[2018-01-26T20:36:23.526+0530][2562.759s] GC(161) ParNew: 87440K->14K(109248K)
[2018-01-26T20:36:23.526+0530][2562.759s] GC(161) CMS: 155827K->155827K(393216K)
[2018-01-26T20:36:23.526+0530][2562.759s] GC(161) Metaspace: 47313K->47313K(1093632K)
[2018-01-26T20:36:23.528+0530][2562.761s] GC(161) Pause Young (Allocation Failure) 237M->152M(490M) 53.047ms
[2018-01-26T20:36:23.529+0530][2562.762s] GC(161) User=0.05s Sys=0.00s Real=0.05s
[2018-01-26T20:36:57.920+0530][2597.153s] GC(162) Pause Young (Allocation Failure)
[2018-01-26T20:36:57.925+0530][2597.158s] GC(162) Using 4 workers of 4 for evacuation
[2018-01-26T20:36:57.959+0530][2597.192s] GC(162) ParNew: 87438K->16K(109248K)
[2018-01-26T20:36:57.959+0530][2597.192s] GC(162) CMS: 155827K->155827K(393216K)
[2018-01-26T20:36:57.959+0530][2597.192s] GC(162) Metaspace: 47313K->47313K(1093632K)
[2018-01-26T20:36:57.961+0530][2597.194s] GC(162) Pause Young (Allocation Failure) 237M->152M(490M) 41.219ms
[2018-01-26T20:36:57.962+0530][2597.195s] GC(162) User=0.04s Sys=0.00s Real=0.05s
[2018-01-26T20:37:29.678+0530][2628.910s] GC(163) Pause Young (Allocation Failure)
[2018-01-26T20:37:29.682+0530][2628.915s] GC(163) Using 4 workers of 4 for evacuation
[2018-01-26T20:37:29.719+0530][2628.952s] GC(163) ParNew: 87440K->14K(109248K)
[2018-01-26T20:37:29.719+0530][2628.952s] GC(163) CMS: 155827K->155827K(393216K)
[2018-01-26T20:37:29.719+0530][2628.952s] GC(163) Metaspace: 47313K->47313K(1093632K)
[2018-01-26T20:37:29.721+0530][2628.954s] GC(163) Pause Young (Allocation Failure) 237M->152M(490M) 43.603ms
[2018-01-26T20:37:29.723+0530][2628.955s] GC(163) User=0.04s Sys=0.00s Real=0.05s
[2018-01-26T20:38:02.024+0530][2661.257s] GC(164) Pause Young (Allocation Failure)
[2018-01-26T20:38:02.029+0530][2661.261s] GC(164) Using 4 workers of 4 for evacuation
[2018-01-26T20:38:02.061+0530][2661.294s] GC(164) ParNew: 87438K->12K(109248K)
[2018-01-26T20:38:02.061+0530][2661.294s] GC(164) CMS: 155827K->155828K(393216K)
[2018-01-26T20:38:02.061+0530][2661.294s] GC(164) Metaspace: 47313K->47313K(1093632K)
[2018-01-26T20:38:02.063+0530][2661.296s] GC(164) Pause Young (Allocation Failure) 237M->152M(490M) 39.058ms
[2018-01-26T20:38:02.064+0530][2661.297s] GC(164) User=0.04s Sys=0.00s Real=0.04s
[2018-01-26T20:38:36.682+0530][2695.915s] GC(165) Pause Young (Allocation Failure)
[2018-01-26T20:38:36.687+0530][2695.920s] GC(165) Using 4 workers of 4 for evacuation
[2018-01-26T20:38:36.725+0530][2695.958s] GC(165) ParNew: 87436K->16K(109248K)
[2018-01-26T20:38:36.725+0530][2695.958s] GC(165) CMS: 155828K->155828K(393216K)
[2018-01-26T20:38:36.725+0530][2695.958s] GC(165) Metaspace: 47313K->47313K(1093632K)
[2018-01-26T20:38:36.727+0530][2695.960s] GC(165) Pause Young (Allocation Failure) 237M->152M(490M) 44.552ms
[2018-01-26T20:38:36.728+0530][2695.961s] GC(165) User=0.04s Sys=0.00s Real=0.04s
[2018-01-26T20:39:08.556+0530][2727.789s] GC(166) Pause Young (Allocation Failure)
[2018-01-26T20:39:08.562+0530][2727.795s] GC(166) Using 4 workers of 4 for evacuation
[2018-01-26T20:39:08.602+0530][2727.834s] GC(166) ParNew: 87440K->12K(109248K)
[2018-01-26T20:39:08.602+0530][2727.835s] GC(166) CMS: 155828K->155828K(393216K)
[2018-01-26T20:39:08.602+0530][2727.835s] GC(166) Metaspace: 47313K->47313K(1093632K)
[2018-01-26T20:39:08.604+0530][2727.837s] GC(166) Pause Young (Allocation Failure) 237M->152M(490M) 47.583ms
[2018-01-26T20:39:08.605+0530][2727.838s] GC(166) User=0.05s Sys=0.00s Real=0.05s
[2018-01-26T20:39:40.698+0530][2759.931s] GC(167) Pause Young (Allocation Failure)
[2018-01-26T20:39:40.705+0530][2759.937s] GC(167) Using 4 workers of 4 for evacuation
[2018-01-26T20:39:40.749+0530][2759.981s] GC(167) ParNew: 87436K->14K(109248K)
[2018-01-26T20:39:40.749+0530][2759.981s] GC(167) CMS: 155828K->155828K(393216K)
[2018-01-26T20:39:40.749+0530][2759.981s] GC(167) Metaspace: 47313K->47313K(1093632K)
[2018-01-26T20:39:40.751+0530][2759.984s] GC(167) Pause Young (Allocation Failure) 237M->152M(490M) 52.734ms
[2018-01-26T20:39:40.753+0530][2759.986s] GC(167) User=0.05s Sys=0.00s Real=0.06s
[2018-01-26T20:40:14.984+0530][2794.217s] GC(168) Pause Young (Allocation Failure)
[2018-01-26T20:40:14.993+0530][2794.226s] GC(168) Using 4 workers of 4 for evacuation
[2018-01-26T20:40:15.057+0530][2794.290s] GC(168) ParNew: 87438K->14K(109248K)
[2018-01-26T20:40:15.057+0530][2794.290s] GC(168) CMS: 155828K->155828K(393216K)
[2018-01-26T20:40:15.057+0530][2794.290s] GC(168) Metaspace: 47313K->47313K(1093632K)
[2018-01-26T20:40:15.059+0530][2794.292s] GC(168) Pause Young (Allocation Failure) 237M->152M(490M) 74.998ms
[2018-01-26T20:40:15.061+0530][2794.294s] GC(168) User=0.05s Sys=0.00s Real=0.07s
[2018-01-26T20:40:46.975+0530][2826.208s] GC(169) Pause Young (Allocation Failure)
[2018-01-26T20:40:46.980+0530][2826.213s] GC(169) Using 4 workers of 4 for evacuation
[2018-01-26T20:40:47.021+0530][2826.254s] GC(169) ParNew: 87438K->12K(109248K)
[2018-01-26T20:40:47.021+0530][2826.254s] GC(169) CMS: 155828K->155828K(393216K)
[2018-01-26T20:40:47.021+0530][2826.254s] GC(169) Metaspace: 47313K->47313K(1093632K)
[2018-01-26T20:40:47.024+0530][2826.257s] GC(169) Pause Young (Allocation Failure) 237M->152M(490M) 48.510ms
[2018-01-26T20:40:47.025+0530][2826.258s] GC(169) User=0.05s Sys=0.01s Real=0.05s
[2018-01-26T20:41:19.682+0530][2858.915s] GC(170) Pause Young (Allocation Failure)
[2018-01-26T20:41:19.686+0530][2858.919s] GC(170) Using 4 workers of 4 for evacuation
[2018-01-26T20:41:19.723+0530][2858.956s] GC(170) ParNew: 87436K->14K(109248K)
[2018-01-26T20:41:19.723+0530][2858.956s] GC(170) CMS: 155828K->155828K(393216K)
[2018-01-26T20:41:19.723+0530][2858.956s] GC(170) Metaspace: 47313K->47313K(1093632K)
[2018-01-26T20:41:19.725+0530][2858.958s] GC(170) Pause Young (Allocation Failure) 237M->152M(490M) 43.713ms
[2018-01-26T20:41:19.727+0530][2858.959s] GC(170) User=0.05s Sys=0.00s Real=0.04s
[2018-01-26T20:41:53.709+0530][2892.941s] GC(171) Pause Young (Allocation Failure)
[2018-01-26T20:41:53.719+0530][2892.952s] GC(171) Using 4 workers of 4 for evacuation
[2018-01-26T20:41:53.795+0530][2893.028s] GC(171) ParNew: 87438K->14K(109248K)
[2018-01-26T20:41:53.795+0530][2893.028s] GC(171) CMS: 155828K->155828K(393216K)
[2018-01-26T20:41:53.795+0530][2893.028s] GC(171) Metaspace: 47313K->47313K(1093632K)
[2018-01-26T20:41:53.801+0530][2893.033s] GC(171) Pause Young (Allocation Failure) 237M->152M(490M) 91.883ms
[2018-01-26T20:41:53.802+0530][2893.035s] GC(171) User=0.04s Sys=0.01s Real=0.10s
[2018-01-26T20:42:25.387+0530][2924.620s] GC(172) Pause Young (Allocation Failure)
[2018-01-26T20:42:25.396+0530][2924.629s] GC(172) Using 4 workers of 4 for evacuation
[2018-01-26T20:42:25.469+0530][2924.702s] GC(172) ParNew: 87438K->12K(109248K)
[2018-01-26T20:42:25.469+0530][2924.702s] GC(172) CMS: 155828K->155828K(393216K)
[2018-01-26T20:42:25.469+0530][2924.702s] GC(172) Metaspace: 47313K->47313K(1093632K)
[2018-01-26T20:42:25.471+0530][2924.704s] GC(172) Pause Young (Allocation Failure) 237M->152M(490M) 83.970ms
[2018-01-26T20:42:25.473+0530][2924.705s] GC(172) User=0.03s Sys=0.01s Real=0.08s
[2018-01-26T20:42:58.689+0530][2957.922s] GC(173) Pause Young (Allocation Failure)
[2018-01-26T20:42:58.699+0530][2957.931s] GC(173) Using 4 workers of 4 for evacuation
[2018-01-26T20:42:58.762+0530][2957.995s] GC(173) ParNew: 87436K->16K(109248K)
[2018-01-26T20:42:58.762+0530][2957.995s] GC(173) CMS: 155828K->155828K(393216K)
[2018-01-26T20:42:58.762+0530][2957.995s] GC(173) Metaspace: 47313K->47313K(1093632K)
[2018-01-26T20:42:58.765+0530][2957.997s] GC(173) Pause Young (Allocation Failure) 237M->152M(490M) 75.835ms
[2018-01-26T20:42:58.766+0530][2957.999s] GC(173) User=0.04s Sys=0.01s Real=0.08s
[2018-01-26T20:43:31.997+0530][2991.229s] GC(174) Pause Young (Allocation Failure)
[2018-01-26T20:43:32.003+0530][2991.236s] GC(174) Using 4 workers of 4 for evacuation
[2018-01-26T20:43:32.037+0530][2991.269s] GC(174) ParNew: 87440K->16K(109248K)
[2018-01-26T20:43:32.037+0530][2991.269s] GC(174) CMS: 155828K->155828K(393216K)
[2018-01-26T20:43:32.037+0530][2991.269s] GC(174) Metaspace: 47313K->47313K(1093632K)
[2018-01-26T20:43:32.039+0530][2991.272s] GC(174) Pause Young (Allocation Failure) 237M->152M(490M) 42.131ms
[2018-01-26T20:43:32.040+0530][2991.273s] GC(174) User=0.04s Sys=0.01s Real=0.05s
[2018-01-26T20:44:03.311+0530][3022.543s] GC(175) Pause Young (Allocation Failure)
[2018-01-26T20:44:03.315+0530][3022.548s] GC(175) Using 4 workers of 4 for evacuation
[2018-01-26T20:44:03.355+0530][3022.587s] GC(175) ParNew: 87440K->16K(109248K)
[2018-01-26T20:44:03.355+0530][3022.587s] GC(175) CMS: 155828K->155828K(393216K)
[2018-01-26T20:44:03.355+0530][3022.588s] GC(175) Metaspace: 47313K->47313K(1093632K)
[2018-01-26T20:44:03.357+0530][3022.590s] GC(175) Pause Young (Allocation Failure) 237M->152M(490M) 46.281ms
[2018-01-26T20:44:03.358+0530][3022.591s] GC(175) User=0.05s Sys=0.00s Real=0.05s
[2018-01-26T20:44:37.030+0530][3056.263s] GC(176) Pause Young (Allocation Failure)
[2018-01-26T20:44:37.039+0530][3056.271s] GC(176) Using 4 workers of 4 for evacuation
[2018-01-26T20:44:37.074+0530][3056.307s] GC(176) ParNew: 87440K->14K(109248K)
[2018-01-26T20:44:37.075+0530][3056.307s] GC(176) CMS: 155828K->155828K(393216K)
[2018-01-26T20:44:37.075+0530][3056.307s] GC(176) Metaspace: 47313K->47313K(1093632K)
[2018-01-26T20:44:37.077+0530][3056.309s] GC(176) Pause Young (Allocation Failure) 237M->152M(490M) 46.760ms
[2018-01-26T20:44:37.078+0530][3056.311s] GC(176) User=0.05s Sys=0.00s Real=0.05s
[2018-01-26T20:45:10.262+0530][3089.495s] GC(177) Pause Young (Allocation Failure)
[2018-01-26T20:45:10.269+0530][3089.502s] GC(177) Using 4 workers of 4 for evacuation
[2018-01-26T20:45:10.306+0530][3089.539s] GC(177) ParNew: 87438K->16K(109248K)
[2018-01-26T20:45:10.306+0530][3089.539s] GC(177) CMS: 155828K->155828K(393216K)
[2018-01-26T20:45:10.306+0530][3089.539s] GC(177) Metaspace: 47313K->47313K(1093632K)
[2018-01-26T20:45:10.308+0530][3089.541s] GC(177) Pause Young (Allocation Failure) 237M->152M(490M) 46.066ms
[2018-01-26T20:45:10.309+0530][3089.542s] GC(177) User=0.04s Sys=0.00s Real=0.04s
[2018-01-26T20:45:41.958+0530][3121.190s] GC(178) Pause Young (Allocation Failure)
[2018-01-26T20:45:41.962+0530][3121.195s] GC(178) Using 4 workers of 4 for evacuation
[2018-01-26T20:45:42.002+0530][3121.235s] GC(178) ParNew: 87440K->14K(109248K)
[2018-01-26T20:45:42.002+0530][3121.235s] GC(178) CMS: 155828K->155828K(393216K)
[2018-01-26T20:45:42.002+0530][3121.235s] GC(178) Metaspace: 47313K->47313K(1093632K)
[2018-01-26T20:45:42.004+0530][3121.237s] GC(178) Pause Young (Allocation Failure) 237M->152M(490M) 46.811ms
[2018-01-26T20:45:42.006+0530][3121.239s] GC(178) User=0.05s Sys=0.00s Real=0.05s
[2018-01-26T20:46:15.457+0530][3154.690s] GC(179) Pause Young (Allocation Failure)
[2018-01-26T20:46:15.463+0530][3154.696s] GC(179) Using 4 workers of 4 for evacuation
[2018-01-26T20:46:15.499+0530][3154.731s] GC(179) ParNew: 87438K->14K(109248K)
[2018-01-26T20:46:15.499+0530][3154.731s] GC(179) CMS: 155828K->155828K(393216K)
[2018-01-26T20:46:15.499+0530][3154.731s] GC(179) Metaspace: 47313K->47313K(1093632K)
[2018-01-26T20:46:15.501+0530][3154.734s] GC(179) Pause Young (Allocation Failure) 237M->152M(490M) 44.161ms
[2018-01-26T20:46:15.502+0530][3154.735s] GC(179) User=0.03s Sys=0.01s Real=0.05s
[2018-01-26T20:46:48.442+0530][3187.675s] GC(180) Pause Young (Allocation Failure)
[2018-01-26T20:46:48.447+0530][3187.680s] GC(180) Using 4 workers of 4 for evacuation
[2018-01-26T20:46:48.488+0530][3187.721s] GC(180) ParNew: 87438K->16K(109248K)
[2018-01-26T20:46:48.488+0530][3187.721s] GC(180) CMS: 155828K->155828K(393216K)
[2018-01-26T20:46:48.488+0530][3187.721s] GC(180) Metaspace: 47313K->47313K(1093632K)
[2018-01-26T20:46:48.490+0530][3187.723s] GC(180) Pause Young (Allocation Failure) 237M->152M(490M) 47.700ms
[2018-01-26T20:46:48.491+0530][3187.724s] GC(180) User=0.04s Sys=0.00s Real=0.04s
[2018-01-26T20:47:20.265+0530][3219.498s] GC(181) Pause Young (Allocation Failure)
[2018-01-26T20:47:20.271+0530][3219.504s] GC(181) Using 4 workers of 4 for evacuation
[2018-01-26T20:47:20.305+0530][3219.537s] GC(181) ParNew: 87440K->14K(109248K)
[2018-01-26T20:47:20.305+0530][3219.537s] GC(181) CMS: 155828K->155829K(393216K)
[2018-01-26T20:47:20.305+0530][3219.537s] GC(181) Metaspace: 47313K->47313K(1093632K)
[2018-01-26T20:47:20.307+0530][3219.539s] GC(181) Pause Young (Allocation Failure) 237M->152M(490M) 41.544ms
[2018-01-26T20:47:20.308+0530][3219.541s] GC(181) User=0.04s Sys=0.00s Real=0.04s
[2018-01-26T20:47:54.176+0530][3253.409s] GC(182) Pause Young (Allocation Failure)
[2018-01-26T20:47:54.181+0530][3253.414s] GC(182) Using 4 workers of 4 for evacuation
[2018-01-26T20:47:54.227+0530][3253.460s] GC(182) ParNew: 87438K->14K(109248K)
[2018-01-26T20:47:54.227+0530][3253.460s] GC(182) CMS: 155829K->155829K(393216K)
[2018-01-26T20:47:54.227+0530][3253.460s] GC(182) Metaspace: 47313K->47313K(1093632K)
[2018-01-26T20:47:54.230+0530][3253.462s] GC(182) Pause Young (Allocation Failure) 237M->152M(490M) 53.906ms
[2018-01-26T20:47:54.231+0530][3253.464s] GC(182) User=0.05s Sys=0.01s Real=0.05s
[2018-01-26T20:48:26.735+0530][3285.967s] GC(183) Pause Young (Allocation Failure)
[2018-01-26T20:48:26.740+0530][3285.973s] GC(183) Using 4 workers of 4 for evacuation
[2018-01-26T20:48:26.778+0530][3286.011s] GC(183) ParNew: 87438K->14K(109248K)
[2018-01-26T20:48:26.779+0530][3286.011s] GC(183) CMS: 155829K->155829K(393216K)
[2018-01-26T20:48:26.779+0530][3286.011s] GC(183) Metaspace: 47313K->47313K(1093632K)
[2018-01-26T20:48:26.781+0530][3286.014s] GC(183) Pause Young (Allocation Failure) 237M->152M(490M) 46.116ms
[2018-01-26T20:48:26.782+0530][3286.015s] GC(183) User=0.04s Sys=0.00s Real=0.05s
[2018-01-26T20:48:58.779+0530][3318.011s] GC(184) Pause Young (Allocation Failure)
[2018-01-26T20:48:58.783+0530][3318.016s] GC(184) Using 4 workers of 4 for evacuation
[2018-01-26T20:48:58.834+0530][3318.067s] GC(184) ParNew: 87438K->14K(109248K)
[2018-01-26T20:48:58.834+0530][3318.067s] GC(184) CMS: 155829K->155829K(393216K)
[2018-01-26T20:48:58.834+0530][3318.067s] GC(184) Metaspace: 47313K->47313K(1093632K)
[2018-01-26T20:48:58.836+0530][3318.069s] GC(184) Pause Young (Allocation Failure) 237M->152M(490M) 57.596ms
[2018-01-26T20:48:58.838+0530][3318.070s] GC(184) User=0.05s Sys=0.00s Real=0.06s
[2018-01-26T20:49:32.976+0530][3352.209s] GC(185) Pause Young (Allocation Failure)
[2018-01-26T20:49:32.981+0530][3352.213s] GC(185) Using 4 workers of 4 for evacuation
[2018-01-26T20:49:33.015+0530][3352.247s] GC(185) ParNew: 87438K->16K(109248K)
[2018-01-26T20:49:33.015+0530][3352.247s] GC(185) CMS: 155829K->155829K(393216K)
[2018-01-26T20:49:33.015+0530][3352.248s] GC(185) Metaspace: 47313K->47313K(1093632K)
[2018-01-26T20:49:33.017+0530][3352.249s] GC(185) Pause Young (Allocation Failure) 237M->152M(490M) 40.845ms
[2018-01-26T20:49:33.018+0530][3352.251s] GC(185) User=0.04s Sys=0.00s Real=0.04s
[2018-01-26T20:50:05.088+0530][3384.321s] GC(186) Pause Young (Allocation Failure)
[2018-01-26T20:50:05.093+0530][3384.326s] GC(186) Using 4 workers of 4 for evacuation
[2018-01-26T20:50:05.128+0530][3384.361s] GC(186) ParNew: 87440K->16K(109248K)
[2018-01-26T20:50:05.128+0530][3384.361s] GC(186) CMS: 155829K->155829K(393216K)
[2018-01-26T20:50:05.128+0530][3384.361s] GC(186) Metaspace: 47313K->47313K(1093632K)
[2018-01-26T20:50:05.131+0530][3384.363s] GC(186) Pause Young (Allocation Failure) 237M->152M(490M) 42.626ms
[2018-01-26T20:50:05.132+0530][3384.365s] GC(186) User=0.04s Sys=0.00s Real=0.05s
[2018-01-26T20:50:37.417+0530][3416.650s] GC(187) Pause Young (Allocation Failure)
[2018-01-26T20:50:37.422+0530][3416.654s] GC(187) Using 4 workers of 4 for evacuation
