[2018-01-27T14:43:42.015+0530][0.087s] Using Concurrent Mark Sweep
[2018-01-27T14:43:42.016+0530][0.087s] Heap address: 0x00000000e0000000, size: 512 MB, Compressed Oops mode: 32-bit
[2018-01-27T14:43:48.173+0530][6.245s] GC(0) Pause Initial Mark
[2018-01-27T14:43:48.211+0530][6.282s] GC(0) Pause Initial Mark 72M->72M(490M) 37.369ms
[2018-01-27T14:43:48.211+0530][6.283s] GC(0) User=0.03s Sys=0.00s Real=0.04s
[2018-01-27T14:43:48.212+0530][6.283s] GC(0) Concurrent Mark
[2018-01-27T14:43:48.212+0530][6.283s] GC(0) Using 4 workers of 4 for marking
[2018-01-27T14:43:48.212+0530][6.284s] GC(0) Concurrent Mark 0.671ms
[2018-01-27T14:43:48.212+0530][6.284s] GC(0) User=0.00s Sys=0.00s Real=0.00s
[2018-01-27T14:43:48.213+0530][6.284s] GC(0) Concurrent Preclean
[2018-01-27T14:43:48.214+0530][6.285s] GC(0) Concurrent Preclean 1.005ms
[2018-01-27T14:43:48.214+0530][6.285s] GC(0) User=0.00s Sys=0.00s Real=0.00s
[2018-01-27T14:43:48.214+0530][6.285s] GC(0) Concurrent Abortable Preclean
[2018-01-27T14:43:48.927+0530][6.998s] GC(1) Pause Young (Allocation Failure)
[2018-01-27T14:43:48.927+0530][6.999s] GC(1) Using 4 workers of 4 for evacuation
[2018-01-27T14:43:48.976+0530][7.048s] GC(0) Concurrent Abortable Preclean 762.651ms
[2018-01-27T14:43:48.976+0530][7.048s] GC(0) User=0.38s Sys=0.06s Real=0.76s
[2018-01-27T14:43:48.993+0530][7.065s] GC(1) ParNew: 87424K->15401K(109248K)
[2018-01-27T14:43:48.993+0530][7.065s] GC(1) CMS: 0K->0K(393216K)
[2018-01-27T14:43:48.993+0530][7.065s] GC(1) Metaspace: 22220K->22220K(1071104K)
[2018-01-27T14:43:48.993+0530][7.065s] GC(1) Pause Young (Allocation Failure) 85M->15M(490M) 66.300ms
[2018-01-27T14:43:48.993+0530][7.065s] GC(1) User=0.05s Sys=0.01s Real=0.06s
[2018-01-27T14:43:49.000+0530][7.072s] GC(0) Pause Remark
[2018-01-27T14:43:49.000+0530][7.072s] GC(2) Pause Young (CMS Final Remark)
[2018-01-27T14:43:49.000+0530][7.072s] GC(2) Using 4 workers of 4 for evacuation
[2018-01-27T14:43:49.045+0530][7.117s] GC(2) ParNew: 18809K->16604K(109248K)
[2018-01-27T14:43:49.045+0530][7.117s] GC(2) CMS: 0K->0K(393216K)
[2018-01-27T14:43:49.045+0530][7.117s] GC(2) Metaspace: 22227K->22227K(1071104K)
[2018-01-27T14:43:49.045+0530][7.117s] GC(2) Pause Young (CMS Final Remark) 18M->16M(490M) 45.160ms
[2018-01-27T14:43:49.045+0530][7.117s] GC(2) User=0.04s Sys=0.01s Real=0.04s
[2018-01-27T14:43:49.074+0530][7.146s] GC(0) Pause Remark 18M->16M(490M) 74.254ms
[2018-01-27T14:43:49.075+0530][7.146s] GC(0) User=0.07s Sys=0.01s Real=0.07s
[2018-01-27T14:43:49.084+0530][7.155s] GC(0) Concurrent Sweep
[2018-01-27T14:43:49.084+0530][7.155s] GC(0) Concurrent Sweep 0.092ms
[2018-01-27T14:43:49.084+0530][7.156s] GC(0) User=0.00s Sys=0.00s Real=0.00s
[2018-01-27T14:43:49.084+0530][7.156s] GC(0) Concurrent Reset
[2018-01-27T14:43:49.090+0530][7.161s] GC(0) Concurrent Reset 5.704ms
[2018-01-27T14:43:49.090+0530][7.161s] GC(0) User=0.00s Sys=0.01s Real=0.01s
[2018-01-27T14:43:49.090+0530][7.161s] GC(0) Old: 0K->0K(393216K)
[2018-01-27T14:43:52.417+0530][10.489s] GC(3) Pause Young (Allocation Failure)
[2018-01-27T14:43:52.417+0530][10.489s] GC(3) Using 4 workers of 4 for evacuation
[2018-01-27T14:43:52.488+0530][10.560s] GC(3) ParNew: 104028K->21824K(109248K)
[2018-01-27T14:43:52.488+0530][10.560s] GC(3) CMS: 0K->1592K(393216K)
[2018-01-27T14:43:52.488+0530][10.560s] GC(3) Metaspace: 28070K->28070K(1075200K)
[2018-01-27T14:43:52.488+0530][10.560s] GC(3) Pause Young (Allocation Failure) 101M->22M(490M) 71.139ms
[2018-01-27T14:43:52.488+0530][10.560s] GC(3) User=0.05s Sys=0.00s Real=0.08s
[2018-01-27T14:43:53.396+0530][11.468s] GC(4) Pause Young (Allocation Failure)
[2018-01-27T14:43:53.397+0530][11.468s] GC(4) Using 4 workers of 4 for evacuation
[2018-01-27T14:43:53.496+0530][11.567s] GC(4) ParNew: 109248K->21824K(109248K)
[2018-01-27T14:43:53.496+0530][11.567s] GC(4) CMS: 1592K->11179K(393216K)
[2018-01-27T14:43:53.496+0530][11.567s] GC(4) Metaspace: 29185K->29185K(1077248K)
[2018-01-27T14:43:53.496+0530][11.567s] GC(4) Pause Young (Allocation Failure) 108M->32M(490M) 99.665ms
[2018-01-27T14:43:53.496+0530][11.567s] GC(4) User=0.07s Sys=0.01s Real=0.10s
[2018-01-27T14:43:53.755+0530][11.826s] GC(5) Pause Young (Allocation Failure)
[2018-01-27T14:43:53.755+0530][11.827s] GC(5) Using 4 workers of 4 for evacuation
[2018-01-27T14:43:53.791+0530][11.862s] GC(5) ParNew: 109248K->16824K(109248K)
[2018-01-27T14:43:53.791+0530][11.862s] GC(5) CMS: 11179K->11179K(393216K)
[2018-01-27T14:43:53.791+0530][11.862s] GC(5) Metaspace: 29583K->29583K(1077248K)
[2018-01-27T14:43:53.791+0530][11.862s] GC(5) Pause Young (Allocation Failure) 117M->27M(490M) 35.998ms
[2018-01-27T14:43:53.791+0530][11.862s] GC(5) User=0.02s Sys=0.00s Real=0.04s
[2018-01-27T14:43:54.329+0530][12.401s] GC(6) Pause Young (Allocation Failure)
[2018-01-27T14:43:54.329+0530][12.401s] GC(6) Using 4 workers of 4 for evacuation
[2018-01-27T14:43:54.361+0530][12.433s] GC(6) ParNew: 104248K->15485K(109248K)
[2018-01-27T14:43:54.362+0530][12.433s] GC(6) CMS: 11179K->11179K(393216K)
[2018-01-27T14:43:54.362+0530][12.433s] GC(6) Metaspace: 30651K->30651K(1077248K)
[2018-01-27T14:43:54.362+0530][12.433s] GC(6) Pause Young (Allocation Failure) 112M->26M(490M) 32.752ms
[2018-01-27T14:43:54.362+0530][12.433s] GC(6) User=0.03s Sys=0.00s Real=0.04s
[2018-01-27T14:43:54.636+0530][12.708s] GC(7) Pause Young (Allocation Failure)
[2018-01-27T14:43:54.636+0530][12.708s] GC(7) Using 4 workers of 4 for evacuation
[2018-01-27T14:43:54.674+0530][12.745s] GC(7) ParNew: 102909K->18753K(109248K)
[2018-01-27T14:43:54.674+0530][12.745s] GC(7) CMS: 11179K->11179K(393216K)
[2018-01-27T14:43:54.674+0530][12.746s] GC(7) Metaspace: 30755K->30755K(1077248K)
[2018-01-27T14:43:54.674+0530][12.746s] GC(7) Pause Young (Allocation Failure) 111M->29M(490M) 37.888ms
[2018-01-27T14:43:54.674+0530][12.746s] GC(7) User=0.03s Sys=0.00s Real=0.04s
[2018-01-27T14:43:54.913+0530][12.985s] GC(8) Pause Young (Allocation Failure)
[2018-01-27T14:43:54.914+0530][12.985s] GC(8) Using 4 workers of 4 for evacuation
[2018-01-27T14:43:54.943+0530][13.014s] GC(8) ParNew: 106177K->18877K(109248K)
[2018-01-27T14:43:54.943+0530][13.014s] GC(8) CMS: 11179K->11179K(393216K)
[2018-01-27T14:43:54.943+0530][13.014s] GC(8) Metaspace: 30916K->30916K(1079296K)
[2018-01-27T14:43:54.943+0530][13.014s] GC(8) Pause Young (Allocation Failure) 114M->29M(490M) 29.452ms
[2018-01-27T14:43:54.943+0530][13.015s] GC(8) User=0.03s Sys=0.00s Real=0.03s
[2018-01-27T14:43:55.983+0530][14.055s] GC(9) Pause Young (Allocation Failure)
[2018-01-27T14:43:55.983+0530][14.055s] GC(9) Using 4 workers of 4 for evacuation
[2018-01-27T14:43:56.030+0530][14.102s] GC(9) ParNew: 106301K->15005K(109248K)
[2018-01-27T14:43:56.030+0530][14.102s] GC(9) CMS: 11179K->11179K(393216K)
[2018-01-27T14:43:56.030+0530][14.102s] GC(9) Metaspace: 32424K->32424K(1079296K)
[2018-01-27T14:43:56.030+0530][14.102s] GC(9) Pause Young (Allocation Failure) 114M->25M(490M) 47.328ms
[2018-01-27T14:43:56.030+0530][14.102s] GC(9) User=0.04s Sys=0.00s Real=0.05s
[2018-01-27T14:43:56.993+0530][15.064s] GC(10) Pause Young (Allocation Failure)
[2018-01-27T14:43:56.993+0530][15.064s] GC(10) Using 4 workers of 4 for evacuation
[2018-01-27T14:43:57.025+0530][15.097s] GC(10) ParNew: 102429K->21824K(109248K)
[2018-01-27T14:43:57.025+0530][15.097s] GC(10) CMS: 11179K->11181K(393216K)
[2018-01-27T14:43:57.025+0530][15.097s] GC(10) Metaspace: 35089K->35089K(1081344K)
[2018-01-27T14:43:57.025+0530][15.097s] GC(10) Pause Young (Allocation Failure) 110M->32M(490M) 32.690ms
[2018-01-27T14:43:57.025+0530][15.097s] GC(10) User=0.03s Sys=0.00s Real=0.03s
[2018-01-27T14:43:58.157+0530][16.229s] GC(11) Pause Young (Allocation Failure)
[2018-01-27T14:43:58.158+0530][16.229s] GC(11) Using 4 workers of 4 for evacuation
[2018-01-27T14:43:58.218+0530][16.289s] GC(11) ParNew: 109248K->19378K(109248K)
[2018-01-27T14:43:58.218+0530][16.289s] GC(11) CMS: 11181K->20200K(393216K)
[2018-01-27T14:43:58.218+0530][16.289s] GC(11) Metaspace: 38713K->38713K(1085440K)
[2018-01-27T14:43:58.218+0530][16.289s] GC(11) Pause Young (Allocation Failure) 117M->38M(490M) 60.234ms
[2018-01-27T14:43:58.218+0530][16.289s] GC(11) User=0.05s Sys=0.01s Real=0.06s
[2018-01-27T14:43:58.236+0530][16.307s] GC(12) Pause Initial Mark
[2018-01-27T14:43:58.250+0530][16.322s] GC(12) Pause Initial Mark 40M->40M(490M) 14.709ms
[2018-01-27T14:43:58.250+0530][16.322s] GC(12) User=0.02s Sys=0.00s Real=0.02s
[2018-01-27T14:43:58.257+0530][16.328s] GC(12) Concurrent Mark
[2018-01-27T14:43:58.257+0530][16.329s] GC(12) Using 4 workers of 4 for marking
[2018-01-27T14:43:58.309+0530][16.381s] GC(12) Concurrent Mark 52.174ms
[2018-01-27T14:43:58.309+0530][16.381s] GC(12) User=0.05s Sys=0.00s Real=0.06s
[2018-01-27T14:43:58.309+0530][16.381s] GC(12) Concurrent Preclean
[2018-01-27T14:43:58.312+0530][16.384s] GC(12) Concurrent Preclean 2.429ms
[2018-01-27T14:43:58.312+0530][16.384s] GC(12) User=0.01s Sys=0.00s Real=0.00s
[2018-01-27T14:43:58.312+0530][16.384s] GC(12) Concurrent Abortable Preclean
[2018-01-27T14:43:58.503+0530][16.575s] GC(12) Concurrent Abortable Preclean 191.079ms
[2018-01-27T14:43:58.504+0530][16.575s] GC(12) User=0.18s Sys=0.01s Real=0.19s
[2018-01-27T14:43:58.504+0530][16.575s] GC(12) Pause Remark
[2018-01-27T14:43:58.504+0530][16.575s] GC(13) Pause Young (CMS Final Remark)
[2018-01-27T14:43:58.504+0530][16.575s] GC(13) Using 4 workers of 4 for evacuation
[2018-01-27T14:43:58.544+0530][16.615s] GC(13) ParNew: 83082K->16955K(109248K)
[2018-01-27T14:43:58.544+0530][16.615s] GC(13) CMS: 20200K->20600K(393216K)
[2018-01-27T14:43:58.544+0530][16.615s] GC(13) Metaspace: 38781K->38781K(1085440K)
[2018-01-27T14:43:58.544+0530][16.615s] GC(13) Pause Young (CMS Final Remark) 100M->36M(490M) 39.960ms
[2018-01-27T14:43:58.544+0530][16.615s] GC(13) User=0.04s Sys=0.00s Real=0.04s
[2018-01-27T14:43:58.595+0530][16.667s] GC(12) Pause Remark 100M->36M(490M) 91.823ms
[2018-01-27T14:43:58.596+0530][16.667s] GC(12) User=0.09s Sys=0.00s Real=0.09s
[2018-01-27T14:43:58.600+0530][16.672s] GC(12) Concurrent Sweep
[2018-01-27T14:43:58.617+0530][16.688s] GC(12) Concurrent Sweep 16.342ms
[2018-01-27T14:43:58.617+0530][16.688s] GC(12) User=0.02s Sys=0.00s Real=0.01s
[2018-01-27T14:43:58.617+0530][16.688s] GC(12) Concurrent Reset
[2018-01-27T14:43:58.618+0530][16.689s] GC(12) Concurrent Reset 0.783ms
[2018-01-27T14:43:58.618+0530][16.689s] GC(12) User=0.00s Sys=0.00s Real=0.00s
[2018-01-27T14:43:58.618+0530][16.689s] GC(12) Old: 20200K->19107K(393216K)
[2018-01-27T14:43:58.751+0530][16.823s] GC(14) Pause Young (Allocation Failure)
[2018-01-27T14:43:58.751+0530][16.823s] GC(14) Using 4 workers of 4 for evacuation
[2018-01-27T14:43:58.789+0530][16.860s] GC(14) ParNew: 104379K->15985K(109248K)
[2018-01-27T14:43:58.789+0530][16.860s] GC(14) CMS: 19107K->19237K(393216K)
[2018-01-27T14:43:58.789+0530][16.860s] GC(14) Metaspace: 38792K->38792K(1085440K)
[2018-01-27T14:43:58.789+0530][16.860s] GC(14) Pause Young (Allocation Failure) 120M->34M(490M) 37.417ms
[2018-01-27T14:43:58.789+0530][16.860s] GC(14) User=0.03s Sys=0.00s Real=0.04s
[2018-01-27T18:23:00.106+0530][7356.137s] GC(15) Pause Young (Allocation Failure)
[2018-01-27T18:23:00.106+0530][7356.137s] GC(15) Using 4 workers of 4 for evacuation
[2018-01-27T18:23:00.227+0530][7356.258s] GC(15) ParNew: 103409K->21824K(109248K)
[2018-01-27T18:23:00.227+0530][7356.258s] GC(15) CMS: 19237K->19630K(393216K)
[2018-01-27T18:23:00.227+0530][7356.258s] GC(15) Metaspace: 42679K->42679K(1089536K)
[2018-01-27T18:23:00.227+0530][7356.258s] GC(15) Pause Young (Allocation Failure) 119M->40M(490M) 121.025ms
[2018-01-27T18:23:00.227+0530][7356.258s] GC(15) User=0.06s Sys=0.00s Real=0.13s
[2018-01-28T07:24:59.676+0530][54275.707s] GC(16) Pause Young (Allocation Failure)
[2018-01-28T07:24:59.679+0530][54275.710s] GC(16) Using 4 workers of 4 for evacuation
[2018-01-28T07:24:59.762+0530][54275.793s] GC(16) ParNew: 109248K->21824K(109248K)
[2018-01-28T07:24:59.762+0530][54275.793s] GC(16) CMS: 19630K->20308K(393216K)
[2018-01-28T07:24:59.762+0530][54275.793s] GC(16) Metaspace: 44075K->44075K(1089536K)
[2018-01-28T07:24:59.762+0530][54275.794s] GC(16) Pause Young (Allocation Failure) 125M->41M(490M) 86.092ms
[2018-01-28T07:24:59.763+0530][54275.794s] GC(16) User=0.04s Sys=0.00s Real=0.09s
[2018-01-29T11:35:55.615+0530][102384.423s] GC(17) Pause Young (Allocation Failure)
[2018-01-29T11:35:55.620+0530][102384.429s] GC(17) Using 4 workers of 4 for evacuation
[2018-01-29T11:35:55.808+0530][102384.617s] GC(17) ParNew: 109248K->21824K(109248K)
[2018-01-29T11:35:55.808+0530][102384.617s] GC(17) CMS: 20308K->21559K(393216K)
[2018-01-29T11:35:55.808+0530][102384.617s] GC(17) Metaspace: 44820K->44820K(1091584K)
[2018-01-29T11:35:55.808+0530][102384.617s] GC(17) Pause Young (Allocation Failure) 126M->42M(490M) 193.542ms
[2018-01-29T11:35:55.808+0530][102384.617s] GC(17) User=0.05s Sys=0.00s Real=0.19s
[2018-01-31T12:18:35.597+0530][182389.712s] GC(18) Pause Young (Allocation Failure)
[2018-01-31T12:18:35.602+0530][182389.716s] GC(18) Using 4 workers of 4 for evacuation
[2018-01-31T12:18:36.182+0530][182390.296s] GC(18) ParNew: 109248K->21824K(109248K)
[2018-01-31T12:18:36.182+0530][182390.296s] GC(18) CMS: 21559K->22485K(393216K)
[2018-01-31T12:18:36.182+0530][182390.296s] GC(18) Metaspace: 45483K->45483K(1091584K)
[2018-01-31T12:18:36.182+0530][182390.296s] GC(18) Pause Young (Allocation Failure) 127M->43M(490M) 584.763ms
[2018-01-31T12:18:36.182+0530][182390.296s] GC(18) User=0.00s Sys=0.19s Real=0.58s
