[2018-01-26T21:08:42.694+0530][4501.927s] GC(220) ParNew: 87713K->73K(109248K)
[2018-01-26T21:08:42.694+0530][4501.927s] GC(220) CMS: 156350K->156350K(393216K)
[2018-01-26T21:08:42.694+0530][4501.927s] GC(220) Metaspace: 47458K->47458K(1093632K)
[2018-01-26T21:08:42.696+0530][4501.929s] GC(220) Pause Young (Allocation Failure) 238M->152M(490M) 45.447ms
[2018-01-26T21:08:42.697+0530][4501.930s] GC(220) User=0.05s Sys=0.00s Real=0.05s
[2018-01-26T21:09:14.731+0530][4533.964s] GC(221) Pause Young (Allocation Failure)
[2018-01-26T21:09:14.737+0530][4533.970s] GC(221) Using 4 workers of 4 for evacuation
[2018-01-26T21:09:14.776+0530][4534.009s] GC(221) ParNew: 87497K->27K(109248K)
[2018-01-26T21:09:14.776+0530][4534.009s] GC(221) CMS: 156350K->156350K(393216K)
[2018-01-26T21:09:14.776+0530][4534.009s] GC(221) Metaspace: 47458K->47458K(1093632K)
[2018-01-26T21:09:14.778+0530][4534.011s] GC(221) Pause Young (Allocation Failure) 238M->152M(490M) 46.951ms
[2018-01-26T21:09:14.780+0530][4534.013s] GC(221) User=0.05s Sys=0.00s Real=0.06s
[2018-01-26T21:09:47.075+0530][4566.308s] GC(222) Pause Young (Allocation Failure)
[2018-01-26T21:09:47.080+0530][4566.313s] GC(222) Using 4 workers of 4 for evacuation
[2018-01-26T21:09:47.119+0530][4566.351s] GC(222) ParNew: 87451K->16K(109248K)
[2018-01-26T21:09:47.119+0530][4566.351s] GC(222) CMS: 156350K->156350K(393216K)
[2018-01-26T21:09:47.119+0530][4566.351s] GC(222) Metaspace: 47458K->47458K(1093632K)
[2018-01-26T21:09:47.121+0530][4566.354s] GC(222) Pause Young (Allocation Failure) 238M->152M(490M) 45.571ms
[2018-01-26T21:09:47.122+0530][4566.355s] GC(222) User=0.05s Sys=0.00s Real=0.05s
[2018-01-26T21:10:21.434+0530][4600.667s] GC(223) Pause Young (Allocation Failure)
[2018-01-26T21:10:21.439+0530][4600.672s] GC(223) Using 4 workers of 4 for evacuation
[2018-01-26T21:10:21.483+0530][4600.716s] GC(223) ParNew: 87440K->16K(109248K)
[2018-01-26T21:10:21.483+0530][4600.716s] GC(223) CMS: 156350K->156351K(393216K)
[2018-01-26T21:10:21.483+0530][4600.716s] GC(223) Metaspace: 47458K->47458K(1093632K)
[2018-01-26T21:10:21.485+0530][4600.718s] GC(223) Pause Young (Allocation Failure) 238M->152M(490M) 50.891ms
[2018-01-26T21:10:21.486+0530][4600.719s] GC(223) User=0.04s Sys=0.00s Real=0.05s
[2018-01-26T21:10:53.465+0530][4632.698s] GC(224) Pause Young (Allocation Failure)
[2018-01-26T21:10:53.470+0530][4632.703s] GC(224) Using 4 workers of 4 for evacuation
[2018-01-26T21:10:53.511+0530][4632.744s] GC(224) ParNew: 87439K->16K(109248K)
[2018-01-26T21:10:53.511+0530][4632.744s] GC(224) CMS: 156351K->156351K(393216K)
[2018-01-26T21:10:53.511+0530][4632.744s] GC(224) Metaspace: 47458K->47458K(1093632K)
[2018-01-26T21:10:53.513+0530][4632.746s] GC(224) Pause Young (Allocation Failure) 238M->152M(490M) 48.406ms
[2018-01-26T21:10:53.515+0530][4632.747s] GC(224) User=0.04s Sys=0.00s Real=0.05s
[2018-01-26T21:11:25.650+0530][4664.883s] GC(225) Pause Young (Allocation Failure)
[2018-01-26T21:11:25.656+0530][4664.888s] GC(225) Using 4 workers of 4 for evacuation
[2018-01-26T21:11:25.692+0530][4664.925s] GC(225) ParNew: 87440K->16K(109248K)
[2018-01-26T21:11:25.693+0530][4664.925s] GC(225) CMS: 156351K->156351K(393216K)
[2018-01-26T21:11:25.693+0530][4664.925s] GC(225) Metaspace: 47458K->47458K(1093632K)
[2018-01-26T21:11:25.696+0530][4664.928s] GC(225) Pause Young (Allocation Failure) 238M->152M(490M) 45.497ms
[2018-01-26T21:11:25.697+0530][4664.930s] GC(225) User=0.05s Sys=0.00s Real=0.05s
[2018-01-26T21:12:00.043+0530][4699.276s] GC(226) Pause Young (Allocation Failure)
[2018-01-26T21:12:00.047+0530][4699.280s] GC(226) Using 4 workers of 4 for evacuation
[2018-01-26T21:12:00.117+0530][4699.350s] GC(226) ParNew: 87440K->14K(109248K)
[2018-01-26T21:12:00.117+0530][4699.350s] GC(226) CMS: 156351K->156351K(393216K)
[2018-01-26T21:12:00.117+0530][4699.350s] GC(226) Metaspace: 47458K->47458K(1093632K)
[2018-01-26T21:12:00.119+0530][4699.352s] GC(226) Pause Young (Allocation Failure) 238M->152M(490M) 76.089ms
[2018-01-26T21:12:00.120+0530][4699.353s] GC(226) User=0.05s Sys=0.00s Real=0.08s
[2018-01-26T21:12:32.294+0530][4731.527s] GC(227) Pause Young (Allocation Failure)
[2018-01-26T21:12:32.298+0530][4731.531s] GC(227) Using 4 workers of 4 for evacuation
[2018-01-26T21:12:32.384+0530][4731.617s] GC(227) ParNew: 87438K->12K(109248K)
[2018-01-26T21:12:32.384+0530][4731.617s] GC(227) CMS: 156351K->156351K(393216K)
[2018-01-26T21:12:32.384+0530][4731.617s] GC(227) Metaspace: 47458K->47458K(1093632K)
[2018-01-26T21:12:32.387+0530][4731.620s] GC(227) Pause Young (Allocation Failure) 238M->152M(490M) 92.686ms
[2018-01-26T21:12:32.388+0530][4731.621s] GC(227) User=0.04s Sys=0.00s Real=0.09s
[2018-01-26T21:13:04.378+0530][4763.611s] GC(228) Pause Young (Allocation Failure)
[2018-01-26T21:13:04.384+0530][4763.617s] GC(228) Using 4 workers of 4 for evacuation
[2018-01-26T21:13:04.418+0530][4763.651s] GC(228) ParNew: 87436K->16K(109248K)
[2018-01-26T21:13:04.418+0530][4763.651s] GC(228) CMS: 156351K->156351K(393216K)
[2018-01-26T21:13:04.418+0530][4763.651s] GC(228) Metaspace: 47458K->47458K(1093632K)
[2018-01-26T21:13:04.420+0530][4763.653s] GC(228) Pause Young (Allocation Failure) 238M->152M(490M) 41.938ms
[2018-01-26T21:13:04.421+0530][4763.654s] GC(228) User=0.04s Sys=0.00s Real=0.05s
[2018-01-26T21:13:39.015+0530][4798.248s] GC(229) Pause Young (Allocation Failure)
[2018-01-26T21:13:39.021+0530][4798.253s] GC(229) Using 4 workers of 4 for evacuation
[2018-01-26T21:13:39.100+0530][4798.333s] GC(229) ParNew: 87440K->14K(109248K)
[2018-01-26T21:13:39.100+0530][4798.333s] GC(229) CMS: 156351K->156351K(393216K)
[2018-01-26T21:13:39.100+0530][4798.333s] GC(229) Metaspace: 47458K->47458K(1093632K)
[2018-01-26T21:13:39.102+0530][4798.335s] GC(229) Pause Young (Allocation Failure) 238M->152M(490M) 87.010ms
[2018-01-26T21:13:39.108+0530][4798.341s] GC(229) User=0.04s Sys=0.00s Real=0.10s
[2018-01-26T21:14:10.984+0530][4830.216s] GC(230) Pause Young (Allocation Failure)
[2018-01-26T21:14:10.988+0530][4830.221s] GC(230) Using 4 workers of 4 for evacuation
[2018-01-26T21:14:11.028+0530][4830.261s] GC(230) ParNew: 87438K->14K(109248K)
[2018-01-26T21:14:11.028+0530][4830.261s] GC(230) CMS: 156351K->156351K(393216K)
[2018-01-26T21:14:11.028+0530][4830.261s] GC(230) Metaspace: 47458K->47458K(1093632K)
[2018-01-26T21:14:11.030+0530][4830.263s] GC(230) Pause Young (Allocation Failure) 238M->152M(490M) 46.676ms
[2018-01-26T21:14:11.032+0530][4830.264s] GC(230) User=0.04s Sys=0.00s Real=0.04s
[2018-01-26T21:14:43.032+0530][4862.265s] GC(231) Pause Young (Allocation Failure)
[2018-01-26T21:14:43.038+0530][4862.271s] GC(231) Using 4 workers of 4 for evacuation
[2018-01-26T21:14:43.088+0530][4862.320s] GC(231) ParNew: 87438K->14K(109248K)
[2018-01-26T21:14:43.088+0530][4862.320s] GC(231) CMS: 156351K->156351K(393216K)
[2018-01-26T21:14:43.088+0530][4862.321s] GC(231) Metaspace: 47458K->47458K(1093632K)
[2018-01-26T21:14:43.090+0530][4862.323s] GC(231) Pause Young (Allocation Failure) 238M->152M(490M) 57.729ms
[2018-01-26T21:14:43.092+0530][4862.324s] GC(231) User=0.06s Sys=0.00s Real=0.07s
[2018-01-26T21:15:17.462+0530][4896.694s] GC(232) Pause Young (Allocation Failure)
[2018-01-26T21:15:17.466+0530][4896.698s] GC(232) Using 4 workers of 4 for evacuation
[2018-01-26T21:15:17.502+0530][4896.735s] GC(232) ParNew: 87438K->16K(109248K)
[2018-01-26T21:15:17.502+0530][4896.735s] GC(232) CMS: 156351K->156351K(393216K)
[2018-01-26T21:15:17.502+0530][4896.735s] GC(232) Metaspace: 47458K->47458K(1093632K)
[2018-01-26T21:15:17.505+0530][4896.737s] GC(232) Pause Young (Allocation Failure) 238M->152M(490M) 42.809ms
[2018-01-26T21:15:17.506+0530][4896.738s] GC(232) User=0.04s Sys=0.00s Real=0.05s
[2018-01-26T21:15:49.335+0530][4928.568s] GC(233) Pause Young (Allocation Failure)
[2018-01-26T21:15:49.343+0530][4928.575s] GC(233) Using 4 workers of 4 for evacuation
[2018-01-26T21:15:49.381+0530][4928.614s] GC(233) ParNew: 87440K->14K(109248K)
[2018-01-26T21:15:49.381+0530][4928.614s] GC(233) CMS: 156351K->156351K(393216K)
[2018-01-26T21:15:49.381+0530][4928.614s] GC(233) Metaspace: 47458K->47458K(1093632K)
[2018-01-26T21:15:49.383+0530][4928.616s] GC(233) Pause Young (Allocation Failure) 238M->152M(490M) 48.225ms
[2018-01-26T21:15:49.385+0530][4928.618s] GC(233) User=0.04s Sys=0.00s Real=0.06s
[2018-01-26T21:16:21.863+0530][4961.095s] GC(234) Pause Young (Allocation Failure)
[2018-01-26T21:16:21.867+0530][4961.100s] GC(234) Using 4 workers of 4 for evacuation
[2018-01-26T21:16:21.912+0530][4961.145s] GC(234) ParNew: 87438K->14K(109248K)
[2018-01-26T21:16:21.912+0530][4961.145s] GC(234) CMS: 156351K->156351K(393216K)
[2018-01-26T21:16:21.912+0530][4961.145s] GC(234) Metaspace: 47458K->47458K(1093632K)
[2018-01-26T21:16:21.914+0530][4961.147s] GC(234) Pause Young (Allocation Failure) 238M->152M(490M) 51.584ms
[2018-01-26T21:16:21.916+0530][4961.149s] GC(234) User=0.05s Sys=0.00s Real=0.05s
[2018-01-26T21:16:56.118+0530][4995.351s] GC(235) Pause Young (Allocation Failure)
[2018-01-26T21:16:56.124+0530][4995.356s] GC(235) Using 4 workers of 4 for evacuation
[2018-01-26T21:16:56.173+0530][4995.406s] GC(235) ParNew: 87437K->14K(109248K)
[2018-01-26T21:16:56.173+0530][4995.406s] GC(235) CMS: 156351K->156351K(393216K)
[2018-01-26T21:16:56.173+0530][4995.406s] GC(235) Metaspace: 47458K->47458K(1093632K)
[2018-01-26T21:16:56.175+0530][4995.408s] GC(235) Pause Young (Allocation Failure) 238M->152M(490M) 56.860ms
[2018-01-26T21:16:56.177+0530][4995.409s] GC(235) User=0.06s Sys=0.00s Real=0.05s
[2018-01-26T21:17:27.895+0530][5027.128s] GC(236) Pause Young (Allocation Failure)
[2018-01-26T21:17:27.900+0530][5027.133s] GC(236) Using 4 workers of 4 for evacuation
[2018-01-26T21:17:27.938+0530][5027.170s] GC(236) ParNew: 87438K->16K(109248K)
[2018-01-26T21:17:27.938+0530][5027.170s] GC(236) CMS: 156351K->156351K(393216K)
[2018-01-26T21:17:27.938+0530][5027.170s] GC(236) Metaspace: 47458K->47458K(1093632K)
[2018-01-26T21:17:27.940+0530][5027.173s] GC(236) Pause Young (Allocation Failure) 238M->152M(490M) 44.283ms
[2018-01-26T21:17:27.941+0530][5027.174s] GC(236) User=0.05s Sys=0.00s Real=0.04s
[2018-01-26T21:18:00.418+0530][5059.651s] GC(237) Pause Young (Allocation Failure)
[2018-01-26T21:18:00.424+0530][5059.657s] GC(237) Using 4 workers of 4 for evacuation
[2018-01-26T21:18:00.463+0530][5059.696s] GC(237) ParNew: 87440K->12K(109248K)
[2018-01-26T21:18:00.464+0530][5059.696s] GC(237) CMS: 156351K->156351K(393216K)
[2018-01-26T21:18:00.464+0530][5059.696s] GC(237) Metaspace: 47458K->47458K(1093632K)
[2018-01-26T21:18:00.466+0530][5059.698s] GC(237) Pause Young (Allocation Failure) 238M->152M(490M) 47.491ms
[2018-01-26T21:18:00.467+0530][5059.700s] GC(237) User=0.05s Sys=0.00s Real=0.05s
[2018-01-26T21:18:34.314+0530][5093.547s] GC(238) Pause Young (Allocation Failure)
[2018-01-26T21:18:34.322+0530][5093.555s] GC(238) Using 4 workers of 4 for evacuation
[2018-01-26T21:18:34.416+0530][5093.649s] GC(238) ParNew: 87436K->16K(109248K)
[2018-01-26T21:18:34.417+0530][5093.649s] GC(238) CMS: 156351K->156352K(393216K)
[2018-01-26T21:18:34.417+0530][5093.649s] GC(238) Metaspace: 47459K->47459K(1093632K)
[2018-01-26T21:18:34.422+0530][5093.655s] GC(238) Pause Young (Allocation Failure) 238M->152M(490M) 108.522ms
[2018-01-26T21:18:34.424+0530][5093.657s] GC(238) User=0.05s Sys=0.00s Real=0.12s
[2018-01-26T21:19:05.572+0530][5124.805s] GC(239) Pause Young (Allocation Failure)
[2018-01-26T21:19:05.585+0530][5124.818s] GC(239) Using 4 workers of 4 for evacuation
[2018-01-26T21:19:05.666+0530][5124.899s] GC(239) ParNew: 87440K->16K(109248K)
[2018-01-26T21:19:05.666+0530][5124.899s] GC(239) CMS: 156352K->156352K(393216K)
[2018-01-26T21:19:05.666+0530][5124.899s] GC(239) Metaspace: 47459K->47459K(1093632K)
[2018-01-26T21:19:05.668+0530][5124.901s] GC(239) Pause Young (Allocation Failure) 238M->152M(490M) 95.969ms
[2018-01-26T21:19:05.672+0530][5124.904s] GC(239) User=0.05s Sys=0.00s Real=0.10s
[2018-01-26T21:19:38.726+0530][5157.959s] GC(240) Pause Young (Allocation Failure)
[2018-01-26T21:19:38.735+0530][5157.968s] GC(240) Using 4 workers of 4 for evacuation
[2018-01-26T21:19:38.770+0530][5158.003s] GC(240) ParNew: 87440K->16K(109248K)
[2018-01-26T21:19:38.770+0530][5158.003s] GC(240) CMS: 156352K->156352K(393216K)
[2018-01-26T21:19:38.770+0530][5158.003s] GC(240) Metaspace: 47459K->47459K(1093632K)
[2018-01-26T21:19:38.772+0530][5158.005s] GC(240) Pause Young (Allocation Failure) 238M->152M(490M) 45.669ms
[2018-01-26T21:19:38.773+0530][5158.006s] GC(240) User=0.04s Sys=0.00s Real=0.05s
[2018-01-26T21:20:11.489+0530][5190.722s] GC(241) Pause Young (Allocation Failure)
[2018-01-26T21:20:11.507+0530][5190.740s] GC(241) Using 4 workers of 4 for evacuation
[2018-01-26T21:20:11.595+0530][5190.828s] GC(241) ParNew: 87440K->14K(109248K)
[2018-01-26T21:20:11.595+0530][5190.828s] GC(241) CMS: 156352K->156352K(393216K)
[2018-01-26T21:20:11.595+0530][5190.828s] GC(241) Metaspace: 47459K->47459K(1093632K)
[2018-01-26T21:20:11.598+0530][5190.831s] GC(241) Pause Young (Allocation Failure) 238M->152M(490M) 109.188ms
[2018-01-26T21:20:11.604+0530][5190.837s] GC(241) User=0.05s Sys=0.00s Real=0.12s
[2018-01-26T21:20:42.676+0530][5221.909s] GC(242) Pause Young (Allocation Failure)
[2018-01-26T21:20:42.681+0530][5221.914s] GC(242) Using 4 workers of 4 for evacuation
[2018-01-26T21:20:42.724+0530][5221.956s] GC(242) ParNew: 87438K->14K(109248K)
[2018-01-26T21:20:42.724+0530][5221.956s] GC(242) CMS: 156352K->156352K(393216K)
[2018-01-26T21:20:42.724+0530][5221.956s] GC(242) Metaspace: 47459K->47459K(1093632K)
[2018-01-26T21:20:42.726+0530][5221.958s] GC(242) Pause Young (Allocation Failure) 238M->152M(490M) 49.794ms
[2018-01-26T21:20:42.727+0530][5221.960s] GC(242) User=0.05s Sys=0.00s Real=0.05s
[2018-01-26T21:21:15.902+0530][5255.135s] GC(243) Pause Young (Allocation Failure)
[2018-01-26T21:21:15.913+0530][5255.146s] GC(243) Using 4 workers of 4 for evacuation
[2018-01-26T21:21:16.014+0530][5255.246s] GC(243) ParNew: 87438K->14K(109248K)
[2018-01-26T21:21:16.014+0530][5255.246s] GC(243) CMS: 156352K->156352K(393216K)
[2018-01-26T21:21:16.014+0530][5255.246s] GC(243) Metaspace: 47459K->47459K(1093632K)
[2018-01-26T21:21:16.016+0530][5255.249s] GC(243) Pause Young (Allocation Failure) 238M->152M(490M) 113.716ms
[2018-01-26T21:21:16.018+0530][5255.250s] GC(243) User=0.06s Sys=0.00s Real=0.12s
[2018-01-26T21:21:48.550+0530][5287.783s] GC(244) Pause Young (Allocation Failure)
[2018-01-26T21:21:48.567+0530][5287.800s] GC(244) Using 4 workers of 4 for evacuation
[2018-01-26T21:21:48.640+0530][5287.873s] GC(244) ParNew: 87437K->16K(109248K)
[2018-01-26T21:21:48.640+0530][5287.873s] GC(244) CMS: 156352K->156352K(393216K)
[2018-01-26T21:21:48.641+0530][5287.873s] GC(244) Metaspace: 47459K->47459K(1093632K)
[2018-01-26T21:21:48.646+0530][5287.879s] GC(244) Pause Young (Allocation Failure) 238M->152M(490M) 95.749ms
[2018-01-26T21:21:48.651+0530][5287.883s] GC(244) User=0.04s Sys=0.00s Real=0.10s
[2018-01-26T21:22:20.160+0530][5319.393s] GC(245) Pause Young (Allocation Failure)
[2018-01-26T21:22:20.165+0530][5319.397s] GC(245) Using 4 workers of 4 for evacuation
[2018-01-26T21:22:20.204+0530][5319.437s] GC(245) ParNew: 87440K->16K(109248K)
[2018-01-26T21:22:20.204+0530][5319.437s] GC(245) CMS: 156352K->156352K(393216K)
[2018-01-26T21:22:20.204+0530][5319.437s] GC(245) Metaspace: 47459K->47459K(1093632K)
[2018-01-26T21:22:20.206+0530][5319.439s] GC(245) Pause Young (Allocation Failure) 238M->152M(490M) 46.258ms
[2018-01-26T21:22:20.207+0530][5319.440s] GC(245) User=0.03s Sys=0.01s Real=0.04s
[2018-01-26T21:22:53.904+0530][5353.136s] GC(246) Pause Young (Allocation Failure)
[2018-01-26T21:22:53.909+0530][5353.142s] GC(246) Using 4 workers of 4 for evacuation
[2018-01-26T21:22:53.950+0530][5353.183s] GC(246) ParNew: 87440K->14K(109248K)
[2018-01-26T21:22:53.950+0530][5353.183s] GC(246) CMS: 156352K->156352K(393216K)
[2018-01-26T21:22:53.950+0530][5353.183s] GC(246) Metaspace: 47459K->47459K(1093632K)
[2018-01-26T21:22:53.952+0530][5353.185s] GC(246) Pause Young (Allocation Failure) 238M->152M(490M) 48.657ms
[2018-01-26T21:22:53.954+0530][5353.186s] GC(246) User=0.05s Sys=0.00s Real=0.05s
[2018-01-26T21:23:26.278+0530][5385.511s] GC(247) Pause Young (Allocation Failure)
[2018-01-26T21:23:26.291+0530][5385.524s] GC(247) Using 4 workers of 4 for evacuation
[2018-01-26T21:23:26.336+0530][5385.569s] GC(247) ParNew: 87438K->14K(109248K)
[2018-01-26T21:23:26.336+0530][5385.569s] GC(247) CMS: 156352K->156352K(393216K)
[2018-01-26T21:23:26.336+0530][5385.569s] GC(247) Metaspace: 47459K->47459K(1093632K)
[2018-01-26T21:23:26.340+0530][5385.573s] GC(247) Pause Young (Allocation Failure) 238M->152M(490M) 61.266ms
[2018-01-26T21:23:26.341+0530][5385.574s] GC(247) User=0.04s Sys=0.00s Real=0.07s
[2018-01-26T21:23:57.891+0530][5417.124s] GC(248) Pause Young (Allocation Failure)
[2018-01-26T21:23:57.903+0530][5417.135s] GC(248) Using 4 workers of 4 for evacuation
[2018-01-26T21:23:57.978+0530][5417.211s] GC(248) ParNew: 87438K->14K(109248K)
[2018-01-26T21:23:57.978+0530][5417.211s] GC(248) CMS: 156352K->156352K(393216K)
[2018-01-26T21:23:57.979+0530][5417.211s] GC(248) Metaspace: 47459K->47459K(1093632K)
[2018-01-26T21:23:57.980+0530][5417.213s] GC(248) Pause Young (Allocation Failure) 238M->152M(490M) 89.080ms
[2018-01-26T21:23:57.983+0530][5417.216s] GC(248) User=0.04s Sys=0.00s Real=0.10s
[2018-01-26T21:24:31.805+0530][5451.038s] GC(249) Pause Young (Allocation Failure)
[2018-01-26T21:24:31.810+0530][5451.043s] GC(249) Using 4 workers of 4 for evacuation
[2018-01-26T21:24:31.852+0530][5451.085s] GC(249) ParNew: 87438K->14K(109248K)
[2018-01-26T21:24:31.852+0530][5451.085s] GC(249) CMS: 156352K->156352K(393216K)
[2018-01-26T21:24:31.852+0530][5451.085s] GC(249) Metaspace: 47459K->47459K(1093632K)
[2018-01-26T21:24:31.854+0530][5451.087s] GC(249) Pause Young (Allocation Failure) 238M->152M(490M) 49.111ms
[2018-01-26T21:24:31.856+0530][5451.089s] GC(249) User=0.05s Sys=0.00s Real=0.05s
[2018-01-26T21:25:03.581+0530][5482.814s] GC(250) Pause Young (Allocation Failure)
[2018-01-26T21:25:03.595+0530][5482.827s] GC(250) Using 4 workers of 4 for evacuation
[2018-01-26T21:25:03.648+0530][5482.881s] GC(250) ParNew: 87438K->16K(109248K)
[2018-01-26T21:25:03.649+0530][5482.881s] GC(250) CMS: 156352K->156352K(393216K)
[2018-01-26T21:25:03.649+0530][5482.881s] GC(250) Metaspace: 47459K->47459K(1093632K)
[2018-01-26T21:25:03.651+0530][5482.884s] GC(250) Pause Young (Allocation Failure) 238M->152M(490M) 69.510ms
[2018-01-26T21:25:03.652+0530][5482.885s] GC(250) User=0.04s Sys=0.00s Real=0.08s
[2018-01-26T21:25:35.259+0530][5514.492s] GC(251) Pause Young (Allocation Failure)
[2018-01-26T21:25:35.263+0530][5514.496s] GC(251) Using 4 workers of 4 for evacuation
[2018-01-26T21:25:35.314+0530][5514.546s] GC(251) ParNew: 87440K->16K(109248K)
[2018-01-26T21:25:35.314+0530][5514.547s] GC(251) CMS: 156352K->156352K(393216K)
[2018-01-26T21:25:35.314+0530][5514.547s] GC(251) Metaspace: 47459K->47459K(1093632K)
[2018-01-26T21:25:35.316+0530][5514.549s] GC(251) Pause Young (Allocation Failure) 238M->152M(490M) 57.003ms
[2018-01-26T21:25:35.317+0530][5514.550s] GC(251) User=0.05s Sys=0.00s Real=0.06s
[2018-01-26T21:26:09.527+0530][5548.760s] GC(252) Pause Young (Allocation Failure)
[2018-01-26T21:26:09.536+0530][5548.769s] GC(252) Using 4 workers of 4 for evacuation
[2018-01-26T21:26:09.626+0530][5548.859s] GC(252) ParNew: 87440K->16K(109248K)
[2018-01-26T21:26:09.627+0530][5548.859s] GC(252) CMS: 156352K->156352K(393216K)
[2018-01-26T21:26:09.627+0530][5548.859s] GC(252) Metaspace: 47459K->47459K(1093632K)
[2018-01-26T21:26:09.632+0530][5548.864s] GC(252) Pause Young (Allocation Failure) 238M->152M(490M) 104.587ms
[2018-01-26T21:26:09.633+0530][5548.866s] GC(252) User=0.05s Sys=0.00s Real=0.11s
[2018-01-26T21:26:41.134+0530][5580.366s] GC(253) Pause Young (Allocation Failure)
[2018-01-26T21:26:41.141+0530][5580.374s] GC(253) Using 4 workers of 4 for evacuation
