[2018-01-26T21:44:44.321+0530][6663.553s] GC(286) ParNew: 87438K->12K(109248K)
[2018-01-26T21:44:44.321+0530][6663.553s] GC(286) CMS: 156354K->156355K(393216K)
[2018-01-26T21:44:44.321+0530][6663.553s] GC(286) Metaspace: 47467K->47467K(1093632K)
[2018-01-26T21:44:44.323+0530][6663.556s] GC(286) Pause Young (Allocation Failure) 238M->152M(490M) 73.984ms
[2018-01-26T21:44:44.324+0530][6663.557s] GC(286) User=0.05s Sys=0.00s Real=0.08s
[2018-01-26T21:45:18.737+0530][6697.970s] GC(287) Pause Young (Allocation Failure)
[2018-01-26T21:45:18.742+0530][6697.975s] GC(287) Using 4 workers of 4 for evacuation
[2018-01-26T21:45:18.813+0530][6698.046s] GC(287) ParNew: 87436K->14K(109248K)
[2018-01-26T21:45:18.813+0530][6698.046s] GC(287) CMS: 156355K->156355K(393216K)
[2018-01-26T21:45:18.813+0530][6698.046s] GC(287) Metaspace: 47467K->47467K(1093632K)
[2018-01-26T21:45:18.815+0530][6698.048s] GC(287) Pause Young (Allocation Failure) 238M->152M(490M) 77.889ms
[2018-01-26T21:45:18.820+0530][6698.053s] GC(287) User=0.04s Sys=0.00s Real=0.08s
[2018-01-26T21:45:50.563+0530][6729.796s] GC(288) Pause Young (Allocation Failure)
[2018-01-26T21:45:50.568+0530][6729.801s] GC(288) Using 4 workers of 4 for evacuation
[2018-01-26T21:45:50.610+0530][6729.843s] GC(288) ParNew: 87438K->16K(109248K)
[2018-01-26T21:45:50.610+0530][6729.843s] GC(288) CMS: 156355K->156355K(393216K)
[2018-01-26T21:45:50.610+0530][6729.843s] GC(288) Metaspace: 47467K->47467K(1093632K)
[2018-01-26T21:45:50.612+0530][6729.845s] GC(288) Pause Young (Allocation Failure) 238M->152M(490M) 48.975ms
[2018-01-26T21:45:50.613+0530][6729.846s] GC(288) User=0.05s Sys=0.00s Real=0.05s
[2018-01-26T21:46:22.673+0530][6761.905s] GC(289) Pause Young (Allocation Failure)
[2018-01-26T21:46:22.677+0530][6761.910s] GC(289) Using 4 workers of 4 for evacuation
[2018-01-26T21:46:22.720+0530][6761.953s] GC(289) ParNew: 87440K->14K(109248K)
[2018-01-26T21:46:22.720+0530][6761.953s] GC(289) CMS: 156355K->156355K(393216K)
[2018-01-26T21:46:22.720+0530][6761.953s] GC(289) Metaspace: 47467K->47467K(1093632K)
[2018-01-26T21:46:22.722+0530][6761.955s] GC(289) Pause Young (Allocation Failure) 238M->152M(490M) 49.438ms
[2018-01-26T21:46:22.723+0530][6761.956s] GC(289) User=0.04s Sys=0.00s Real=0.05s
[2018-01-26T21:46:57.205+0530][6796.438s] GC(290) Pause Young (Allocation Failure)
[2018-01-26T21:46:57.210+0530][6796.443s] GC(290) Using 4 workers of 4 for evacuation
[2018-01-26T21:46:57.246+0530][6796.479s] GC(290) ParNew: 87438K->14K(109248K)
[2018-01-26T21:46:57.246+0530][6796.479s] GC(290) CMS: 156355K->156355K(393216K)
[2018-01-26T21:46:57.246+0530][6796.479s] GC(290) Metaspace: 47470K->47470K(1093632K)
[2018-01-26T21:46:57.248+0530][6796.481s] GC(290) Pause Young (Allocation Failure) 238M->152M(490M) 42.698ms
[2018-01-26T21:46:57.249+0530][6796.482s] GC(290) User=0.05s Sys=0.00s Real=0.04s
[2018-01-26T21:47:29.186+0530][6828.419s] GC(291) Pause Young (Allocation Failure)
[2018-01-26T21:47:29.197+0530][6828.430s] GC(291) Using 4 workers of 4 for evacuation
[2018-01-26T21:47:29.279+0530][6828.512s] GC(291) ParNew: 87437K->14K(109248K)
[2018-01-26T21:47:29.280+0530][6828.512s] GC(291) CMS: 156355K->156355K(393216K)
[2018-01-26T21:47:29.280+0530][6828.512s] GC(291) Metaspace: 47470K->47470K(1093632K)
[2018-01-26T21:47:29.285+0530][6828.518s] GC(291) Pause Young (Allocation Failure) 238M->152M(490M) 98.392ms
[2018-01-26T21:47:29.286+0530][6828.519s] GC(291) User=0.05s Sys=0.00s Real=0.10s
[2018-01-26T21:48:01.599+0530][6860.832s] GC(292) Pause Young (Allocation Failure)
[2018-01-26T21:48:01.604+0530][6860.837s] GC(292) Using 4 workers of 4 for evacuation
[2018-01-26T21:48:01.662+0530][6860.894s] GC(292) ParNew: 87438K->16K(109248K)
[2018-01-26T21:48:01.662+0530][6860.894s] GC(292) CMS: 156355K->156355K(393216K)
[2018-01-26T21:48:01.662+0530][6860.895s] GC(292) Metaspace: 47470K->47470K(1093632K)
[2018-01-26T21:48:01.664+0530][6860.897s] GC(292) Pause Young (Allocation Failure) 238M->152M(490M) 64.363ms
[2018-01-26T21:48:01.665+0530][6860.898s] GC(292) User=0.04s Sys=0.00s Real=0.07s
[2018-01-26T21:48:35.938+0530][6895.171s] GC(293) Pause Young (Allocation Failure)
[2018-01-26T21:48:35.943+0530][6895.176s] GC(293) Using 4 workers of 4 for evacuation
[2018-01-26T21:48:35.987+0530][6895.220s] GC(293) ParNew: 87440K->14K(109248K)
[2018-01-26T21:48:35.988+0530][6895.220s] GC(293) CMS: 156355K->156355K(393216K)
[2018-01-26T21:48:35.988+0530][6895.220s] GC(293) Metaspace: 47472K->47472K(1093632K)
[2018-01-26T21:48:35.990+0530][6895.222s] GC(293) Pause Young (Allocation Failure) 238M->152M(490M) 51.380ms
[2018-01-26T21:48:35.992+0530][6895.225s] GC(293) User=0.06s Sys=0.00s Real=0.06s
[2018-01-26T21:49:07.689+0530][6926.922s] GC(294) Pause Young (Allocation Failure)
[2018-01-26T21:49:07.693+0530][6926.926s] GC(294) Using 4 workers of 4 for evacuation
[2018-01-26T21:49:07.728+0530][6926.961s] GC(294) ParNew: 87438K->12K(109248K)
[2018-01-26T21:49:07.728+0530][6926.961s] GC(294) CMS: 156355K->156355K(393216K)
[2018-01-26T21:49:07.728+0530][6926.961s] GC(294) Metaspace: 47472K->47472K(1093632K)
[2018-01-26T21:49:07.732+0530][6926.965s] GC(294) Pause Young (Allocation Failure) 238M->152M(490M) 43.302ms
[2018-01-26T21:49:07.734+0530][6926.967s] GC(294) User=0.04s Sys=0.00s Real=0.05s
[2018-01-26T21:49:40.441+0530][6959.673s] GC(295) Pause Young (Allocation Failure)
[2018-01-26T21:49:40.456+0530][6959.689s] GC(295) Using 4 workers of 4 for evacuation
[2018-01-26T21:49:40.528+0530][6959.761s] GC(295) ParNew: 87436K->16K(109248K)
[2018-01-26T21:49:40.528+0530][6959.761s] GC(295) CMS: 156355K->156355K(393216K)
[2018-01-26T21:49:40.528+0530][6959.761s] GC(295) Metaspace: 47472K->47472K(1093632K)
[2018-01-26T21:49:40.530+0530][6959.763s] GC(295) Pause Young (Allocation Failure) 238M->152M(490M) 89.317ms
[2018-01-26T21:49:40.534+0530][6959.767s] GC(295) User=0.04s Sys=0.00s Real=0.09s
[2018-01-26T21:50:14.508+0530][6993.741s] GC(296) Pause Young (Allocation Failure)
[2018-01-26T21:50:14.512+0530][6993.745s] GC(296) Using 4 workers of 4 for evacuation
[2018-01-26T21:50:14.549+0530][6993.781s] GC(296) ParNew: 87440K->14K(109248K)
[2018-01-26T21:50:14.549+0530][6993.781s] GC(296) CMS: 156355K->156355K(393216K)
[2018-01-26T21:50:14.549+0530][6993.781s] GC(296) Metaspace: 47472K->47472K(1093632K)
[2018-01-26T21:50:14.551+0530][6993.783s] GC(296) Pause Young (Allocation Failure) 238M->152M(490M) 42.261ms
[2018-01-26T21:50:14.552+0530][6993.785s] GC(296) User=0.04s Sys=0.00s Real=0.05s
[2018-01-26T21:50:46.213+0530][7025.446s] GC(297) Pause Young (Allocation Failure)
[2018-01-26T21:50:46.227+0530][7025.460s] GC(297) Using 4 workers of 4 for evacuation
[2018-01-26T21:50:46.320+0530][7025.553s] GC(297) ParNew: 87438K->14K(109248K)
[2018-01-26T21:50:46.320+0530][7025.553s] GC(297) CMS: 156355K->156355K(393216K)
[2018-01-26T21:50:46.320+0530][7025.553s] GC(297) Metaspace: 47472K->47472K(1093632K)
[2018-01-26T21:50:46.322+0530][7025.555s] GC(297) Pause Young (Allocation Failure) 238M->152M(490M) 108.926ms
[2018-01-26T21:50:46.324+0530][7025.557s] GC(297) User=0.05s Sys=0.00s Real=0.11s
[2018-01-26T21:51:19.115+0530][7058.348s] GC(298) Pause Young (Allocation Failure)
[2018-01-26T21:51:19.132+0530][7058.365s] GC(298) Using 4 workers of 4 for evacuation
[2018-01-26T21:51:19.212+0530][7058.445s] GC(298) ParNew: 87438K->16K(109248K)
[2018-01-26T21:51:19.213+0530][7058.445s] GC(298) CMS: 156355K->156355K(393216K)
[2018-01-26T21:51:19.213+0530][7058.445s] GC(298) Metaspace: 47472K->47472K(1093632K)
[2018-01-26T21:51:19.215+0530][7058.447s] GC(298) Pause Young (Allocation Failure) 238M->152M(490M) 99.324ms
[2018-01-26T21:51:19.216+0530][7058.449s] GC(298) User=0.05s Sys=0.00s Real=0.11s
[2018-01-26T21:51:52.910+0530][7092.143s] GC(299) Pause Young (Allocation Failure)
[2018-01-26T21:51:52.914+0530][7092.147s] GC(299) Using 4 workers of 4 for evacuation
[2018-01-26T21:51:52.957+0530][7092.190s] GC(299) ParNew: 87440K->16K(109248K)
[2018-01-26T21:51:52.957+0530][7092.190s] GC(299) CMS: 156355K->156355K(393216K)
[2018-01-26T21:51:52.957+0530][7092.190s] GC(299) Metaspace: 47472K->47472K(1093632K)
[2018-01-26T21:51:52.959+0530][7092.192s] GC(299) Pause Young (Allocation Failure) 238M->152M(490M) 49.350ms
[2018-01-26T21:51:52.960+0530][7092.193s] GC(299) User=0.05s Sys=0.00s Real=0.06s
[2018-01-26T21:52:24.513+0530][7123.746s] GC(300) Pause Young (Allocation Failure)
[2018-01-26T21:52:24.518+0530][7123.751s] GC(300) Using 4 workers of 4 for evacuation
[2018-01-26T21:52:24.552+0530][7123.784s] GC(300) ParNew: 87440K->14K(109248K)
[2018-01-26T21:52:24.552+0530][7123.785s] GC(300) CMS: 156355K->156355K(393216K)
[2018-01-26T21:52:24.552+0530][7123.785s] GC(300) Metaspace: 47472K->47472K(1093632K)
[2018-01-26T21:52:24.554+0530][7123.787s] GC(300) Pause Young (Allocation Failure) 238M->152M(490M) 40.798ms
[2018-01-26T21:52:24.556+0530][7123.788s] GC(300) User=0.04s Sys=0.00s Real=0.05s
[2018-01-26T21:52:57.510+0530][7156.743s] GC(301) Pause Young (Allocation Failure)
[2018-01-26T21:52:57.528+0530][7156.761s] GC(301) Using 4 workers of 4 for evacuation
[2018-01-26T21:52:57.653+0530][7156.885s] GC(301) ParNew: 87438K->12K(109248K)
[2018-01-26T21:52:57.653+0530][7156.886s] GC(301) CMS: 156355K->156355K(393216K)
[2018-01-26T21:52:57.653+0530][7156.886s] GC(301) Metaspace: 47472K->47472K(1093632K)
[2018-01-26T21:52:57.655+0530][7156.888s] GC(301) Pause Young (Allocation Failure) 238M->152M(490M) 144.966ms
[2018-01-26T21:52:57.656+0530][7156.889s] GC(301) User=0.06s Sys=0.00s Real=0.15s
[2018-01-26T21:53:30.349+0530][7189.582s] GC(302) Pause Young (Allocation Failure)
[2018-01-26T21:53:30.354+0530][7189.587s] GC(302) Using 4 workers of 4 for evacuation
[2018-01-26T21:53:30.392+0530][7189.625s] GC(302) ParNew: 87436K->16K(109248K)
[2018-01-26T21:53:30.392+0530][7189.625s] GC(302) CMS: 156355K->156355K(393216K)
[2018-01-26T21:53:30.392+0530][7189.625s] GC(302) Metaspace: 47472K->47472K(1093632K)
[2018-01-26T21:53:30.394+0530][7189.627s] GC(302) Pause Young (Allocation Failure) 238M->152M(490M) 45.262ms
[2018-01-26T21:53:30.395+0530][7189.628s] GC(302) User=0.04s Sys=0.00s Real=0.05s
[2018-01-26T21:54:01.825+0530][7221.058s] GC(303) Pause Young (Allocation Failure)
[2018-01-26T21:54:01.832+0530][7221.065s] GC(303) Using 4 workers of 4 for evacuation
[2018-01-26T21:54:01.870+0530][7221.103s] GC(303) ParNew: 87439K->14K(109248K)
[2018-01-26T21:54:01.870+0530][7221.103s] GC(303) CMS: 156355K->156356K(393216K)
[2018-01-26T21:54:01.870+0530][7221.103s] GC(303) Metaspace: 47472K->47472K(1093632K)
[2018-01-26T21:54:01.872+0530][7221.105s] GC(303) Pause Young (Allocation Failure) 238M->152M(490M) 47.157ms
[2018-01-26T21:54:01.873+0530][7221.106s] GC(303) User=0.05s Sys=0.00s Real=0.05s
[2018-01-26T21:54:32.654+0530][7251.887s] GC(304) Pause Young (Allocation Failure)
[2018-01-26T21:54:32.660+0530][7251.893s] GC(304) Using 4 workers of 4 for evacuation
[2018-01-26T21:54:32.697+0530][7251.929s] GC(304) ParNew: 87415K->969K(109248K)
[2018-01-26T21:54:32.697+0530][7251.929s] GC(304) CMS: 156356K->156356K(393216K)
[2018-01-26T21:54:32.697+0530][7251.929s] GC(304) Metaspace: 47855K->47855K(1093632K)
[2018-01-26T21:54:32.699+0530][7251.932s] GC(304) Pause Young (Allocation Failure) 238M->153M(490M) 44.853ms
[2018-01-26T21:54:32.700+0530][7251.933s] GC(304) User=0.04s Sys=0.00s Real=0.05s
[2018-01-26T21:54:33.189+0530][7252.422s] GC(305) Pause Young (Allocation Failure)
[2018-01-26T21:54:33.193+0530][7252.426s] GC(305) Using 4 workers of 4 for evacuation
[2018-01-26T21:54:33.229+0530][7252.462s] GC(305) ParNew: 88385K->1579K(109248K)
[2018-01-26T21:54:33.229+0530][7252.462s] GC(305) CMS: 156356K->156356K(393216K)
[2018-01-26T21:54:33.229+0530][7252.462s] GC(305) Metaspace: 47895K->47895K(1093632K)
[2018-01-26T21:54:33.231+0530][7252.464s] GC(305) Pause Young (Allocation Failure) 239M->154M(490M) 42.015ms
[2018-01-26T21:54:33.233+0530][7252.465s] GC(305) User=0.04s Sys=0.00s Real=0.05s
[2018-01-26T21:54:33.834+0530][7253.067s] GC(306) Pause Young (Allocation Failure)
[2018-01-26T21:54:33.840+0530][7253.073s] GC(306) Using 4 workers of 4 for evacuation
[2018-01-26T21:54:33.877+0530][7253.110s] GC(306) ParNew: 89003K->1975K(109248K)
[2018-01-26T21:54:33.877+0530][7253.110s] GC(306) CMS: 156356K->156356K(393216K)
[2018-01-26T21:54:33.877+0530][7253.110s] GC(306) Metaspace: 47932K->47932K(1093632K)
[2018-01-26T21:54:33.881+0530][7253.113s] GC(306) Pause Young (Allocation Failure) 239M->154M(490M) 46.105ms
[2018-01-26T21:54:33.882+0530][7253.115s] GC(306) User=0.05s Sys=0.00s Real=0.04s
[2018-01-26T21:55:00.226+0530][7279.459s] GC(307) Pause Young (Allocation Failure)
[2018-01-26T21:55:00.231+0530][7279.463s] GC(307) Using 4 workers of 4 for evacuation
[2018-01-26T21:55:00.286+0530][7279.519s] GC(307) ParNew: 89399K->4237K(109248K)
[2018-01-26T21:55:00.286+0530][7279.519s] GC(307) CMS: 156356K->156356K(393216K)
[2018-01-26T21:55:00.286+0530][7279.519s] GC(307) Metaspace: 47983K->47983K(1093632K)
[2018-01-26T21:55:00.288+0530][7279.521s] GC(307) Pause Young (Allocation Failure) 239M->156M(490M) 61.438ms
[2018-01-26T21:55:00.289+0530][7279.522s] GC(307) User=0.06s Sys=0.00s Real=0.06s
[2018-01-26T21:55:21.520+0530][7300.752s] GC(308) Pause Young (Allocation Failure)
[2018-01-26T21:55:21.528+0530][7300.761s] GC(308) Using 4 workers of 4 for evacuation
[2018-01-26T21:55:21.572+0530][7300.804s] GC(308) ParNew: 91660K->5753K(109248K)
[2018-01-26T21:55:21.572+0530][7300.804s] GC(308) CMS: 156356K->156356K(393216K)
[2018-01-26T21:55:21.572+0530][7300.804s] GC(308) Metaspace: 48091K->48091K(1093632K)
[2018-01-26T21:55:21.574+0530][7300.806s] GC(308) Pause Young (Allocation Failure) 242M->158M(490M) 54.072ms
[2018-01-26T21:55:21.575+0530][7300.808s] GC(308) User=0.05s Sys=0.00s Real=0.06s
[2018-01-26T21:55:22.050+0530][7301.283s] GC(309) Pause Young (Allocation Failure)
[2018-01-26T21:55:22.057+0530][7301.290s] GC(309) Using 4 workers of 4 for evacuation
[2018-01-26T21:55:22.116+0530][7301.349s] GC(309) ParNew: 93177K->5897K(109248K)
[2018-01-26T21:55:22.116+0530][7301.349s] GC(309) CMS: 156356K->156356K(393216K)
[2018-01-26T21:55:22.116+0530][7301.349s] GC(309) Metaspace: 48125K->48125K(1093632K)
[2018-01-26T21:55:22.118+0530][7301.351s] GC(309) Pause Young (Allocation Failure) 243M->158M(490M) 68.363ms
[2018-01-26T21:55:22.120+0530][7301.353s] GC(309) User=0.07s Sys=0.00s Real=0.08s
[2018-01-26T21:55:26.988+0530][7306.221s] GC(310) Pause Young (Allocation Failure)
[2018-01-26T21:55:26.992+0530][7306.225s] GC(310) Using 4 workers of 4 for evacuation
[2018-01-26T21:55:27.037+0530][7306.270s] GC(310) ParNew: 93321K->7825K(109248K)
[2018-01-26T21:55:27.038+0530][7306.270s] GC(310) CMS: 156356K->156356K(393216K)
[2018-01-26T21:55:27.038+0530][7306.270s] GC(310) Metaspace: 48168K->48168K(1095680K)
[2018-01-26T21:55:27.041+0530][7306.273s] GC(310) Pause Young (Allocation Failure) 243M->160M(490M) 52.372ms
[2018-01-26T21:55:27.042+0530][7306.275s] GC(310) User=0.05s Sys=0.00s Real=0.06s
[2018-01-26T21:55:59.481+0530][7338.714s] GC(311) Pause Young (Allocation Failure)
[2018-01-26T21:55:59.497+0530][7338.730s] GC(311) Using 4 workers of 4 for evacuation
[2018-01-26T21:55:59.597+0530][7338.830s] GC(311) ParNew: 95249K->6237K(109248K)
[2018-01-26T21:55:59.597+0530][7338.830s] GC(311) CMS: 156356K->156356K(393216K)
[2018-01-26T21:55:59.597+0530][7338.830s] GC(311) Metaspace: 48171K->48171K(1095680K)
[2018-01-26T21:55:59.603+0530][7338.836s] GC(311) Pause Young (Allocation Failure) 245M->158M(490M) 122.049ms
[2018-01-26T21:55:59.604+0530][7338.837s] GC(311) User=0.06s Sys=0.00s Real=0.12s
[2018-01-26T21:56:30.502+0530][7369.735s] GC(312) Pause Young (Allocation Failure)
[2018-01-26T21:56:30.516+0530][7369.748s] GC(312) Using 4 workers of 4 for evacuation
[2018-01-26T21:56:30.636+0530][7369.869s] GC(312) ParNew: 93661K->6231K(109248K)
[2018-01-26T21:56:30.636+0530][7369.869s] GC(312) CMS: 156356K->156936K(393216K)
[2018-01-26T21:56:30.636+0530][7369.869s] GC(312) Metaspace: 48171K->48171K(1095680K)
[2018-01-26T21:56:30.639+0530][7369.872s] GC(312) Pause Young (Allocation Failure) 244M->159M(490M) 136.739ms
[2018-01-26T21:56:30.640+0530][7369.873s] GC(312) User=0.05s Sys=0.00s Real=0.13s
[2018-01-26T21:57:03.857+0530][7403.089s] GC(313) Pause Young (Allocation Failure)
[2018-01-26T21:57:03.862+0530][7403.094s] GC(313) Using 4 workers of 4 for evacuation
[2018-01-26T21:57:04.002+0530][7403.235s] GC(313) ParNew: 93655K->5923K(109248K)
[2018-01-26T21:57:04.003+0530][7403.235s] GC(313) CMS: 156936K->157069K(393216K)
[2018-01-26T21:57:04.003+0530][7403.235s] GC(313) Metaspace: 48171K->48171K(1095680K)
[2018-01-26T21:57:04.005+0530][7403.238s] GC(313) Pause Young (Allocation Failure) 244M->159M(490M) 148.381ms
[2018-01-26T21:57:04.006+0530][7403.239s] GC(313) User=0.06s Sys=0.00s Real=0.16s
[2018-01-26T21:57:28.768+0530][7428.001s] GC(314) Pause Young (Allocation Failure)
[2018-01-26T21:57:28.785+0530][7428.017s] GC(314) Using 4 workers of 4 for evacuation
[2018-01-26T21:57:28.927+0530][7428.160s] GC(314) ParNew: 93347K->6058K(109248K)
[2018-01-26T21:57:28.928+0530][7428.160s] GC(314) CMS: 157069K->157492K(393216K)
[2018-01-26T21:57:28.928+0530][7428.160s] GC(314) Metaspace: 48338K->48338K(1095680K)
[2018-01-26T21:57:28.931+0530][7428.164s] GC(314) Pause Young (Allocation Failure) 244M->159M(490M) 162.993ms
[2018-01-26T21:57:28.932+0530][7428.165s] GC(314) User=0.07s Sys=0.00s Real=0.17s
[2018-01-26T21:57:58.130+0530][7457.363s] GC(315) Pause Young (Allocation Failure)
[2018-01-26T21:57:58.139+0530][7457.372s] GC(315) Using 4 workers of 4 for evacuation
[2018-01-26T21:57:58.195+0530][7457.428s] GC(315) ParNew: 93482K->3947K(109248K)
[2018-01-26T21:57:58.195+0530][7457.428s] GC(315) CMS: 157492K->159720K(393216K)
[2018-01-26T21:57:58.195+0530][7457.428s] GC(315) Metaspace: 48401K->48401K(1095680K)
[2018-01-26T21:57:58.197+0530][7457.430s] GC(315) Pause Young (Allocation Failure) 245M->159M(490M) 66.845ms
[2018-01-26T21:57:58.199+0530][7457.431s] GC(315) User=0.06s Sys=0.00s Real=0.07s
[2018-01-26T21:58:31.679+0530][7490.911s] GC(316) Pause Young (Allocation Failure)
[2018-01-26T21:58:31.683+0530][7490.916s] GC(316) Using 4 workers of 4 for evacuation
[2018-01-26T21:58:31.730+0530][7490.963s] GC(316) ParNew: 91371K->2235K(109248K)
[2018-01-26T21:58:31.730+0530][7490.963s] GC(316) CMS: 159720K->160248K(393216K)
[2018-01-26T21:58:31.730+0530][7490.963s] GC(316) Metaspace: 48401K->48401K(1095680K)
[2018-01-26T21:58:31.732+0530][7490.965s] GC(316) Pause Young (Allocation Failure) 245M->158M(490M) 53.401ms
[2018-01-26T21:58:31.733+0530][7490.966s] GC(316) User=0.06s Sys=0.00s Real=0.06s
[2018-01-26T21:59:02.803+0530][7522.035s] GC(317) Pause Young (Allocation Failure)
[2018-01-26T21:59:02.824+0530][7522.057s] GC(317) Using 4 workers of 4 for evacuation
[2018-01-26T21:59:02.933+0530][7522.166s] GC(317) ParNew: 89659K->2090K(109248K)
[2018-01-26T21:59:02.933+0530][7522.166s] GC(317) CMS: 160248K->160367K(393216K)
[2018-01-26T21:59:02.933+0530][7522.166s] GC(317) Metaspace: 48401K->48401K(1095680K)
[2018-01-26T21:59:02.940+0530][7522.173s] GC(317) Pause Young (Allocation Failure) 244M->158M(490M) 137.509ms
[2018-01-26T21:59:02.941+0530][7522.174s] GC(317) User=0.05s Sys=0.00s Real=0.14s
[2018-01-26T21:59:34.567+0530][7553.800s] GC(318) Pause Young (Allocation Failure)
[2018-01-26T21:59:34.575+0530][7553.808s] GC(318) Using 4 workers of 4 for evacuation
[2018-01-26T21:59:34.717+0530][7553.949s] GC(318) ParNew: 89514K->1387K(109248K)
[2018-01-26T21:59:34.717+0530][7553.950s] GC(318) CMS: 160367K->161183K(393216K)
[2018-01-26T21:59:34.717+0530][7553.950s] GC(318) Metaspace: 48587K->48587K(1095680K)
[2018-01-26T21:59:34.719+0530][7553.952s] GC(318) Pause Young (Allocation Failure) 244M->158M(490M) 151.638ms
[2018-01-26T21:59:34.720+0530][7553.953s] GC(318) User=0.09s Sys=0.00s Real=0.17s
[2018-01-26T22:00:06.459+0530][7585.692s] GC(319) Pause Young (Allocation Failure)
[2018-01-26T22:00:06.466+0530][7585.699s] GC(319) Using 4 workers of 4 for evacuation
