[2018-01-26T21:26:41.274+0530][5580.506s] GC(253) ParNew: 87440K->16K(109248K)
[2018-01-26T21:26:41.274+0530][5580.507s] GC(253) CMS: 156352K->156353K(393216K)
[2018-01-26T21:26:41.274+0530][5580.507s] GC(253) Metaspace: 47459K->47459K(1093632K)
[2018-01-26T21:26:41.280+0530][5580.513s] GC(253) Pause Young (Allocation Failure) 238M->152M(490M) 146.595ms
[2018-01-26T21:26:41.282+0530][5580.515s] GC(253) User=0.05s Sys=0.00s Real=0.16s
[2018-01-26T21:27:13.129+0530][5612.362s] GC(254) Pause Young (Allocation Failure)
[2018-01-26T21:27:13.135+0530][5612.368s] GC(254) Using 4 workers of 4 for evacuation
[2018-01-26T21:27:13.173+0530][5612.405s] GC(254) ParNew: 87440K->16K(109248K)
[2018-01-26T21:27:13.173+0530][5612.406s] GC(254) CMS: 156353K->156353K(393216K)
[2018-01-26T21:27:13.173+0530][5612.406s] GC(254) Metaspace: 47459K->47459K(1093632K)
[2018-01-26T21:27:13.175+0530][5612.408s] GC(254) Pause Young (Allocation Failure) 238M->152M(490M) 45.614ms
[2018-01-26T21:27:13.176+0530][5612.409s] GC(254) User=0.05s Sys=0.00s Real=0.05s
[2018-01-26T21:27:47.404+0530][5646.637s] GC(255) Pause Young (Allocation Failure)
[2018-01-26T21:27:47.417+0530][5646.650s] GC(255) Using 4 workers of 4 for evacuation
[2018-01-26T21:27:47.498+0530][5646.731s] GC(255) ParNew: 87440K->16K(109248K)
[2018-01-26T21:27:47.498+0530][5646.731s] GC(255) CMS: 156353K->156353K(393216K)
[2018-01-26T21:27:47.498+0530][5646.731s] GC(255) Metaspace: 47459K->47459K(1093632K)
[2018-01-26T21:27:47.505+0530][5646.738s] GC(255) Pause Young (Allocation Failure) 238M->152M(490M) 101.535ms
[2018-01-26T21:27:47.508+0530][5646.740s] GC(255) User=0.05s Sys=0.00s Real=0.10s
[2018-01-26T21:28:19.048+0530][5678.281s] GC(256) Pause Young (Allocation Failure)
[2018-01-26T21:28:19.053+0530][5678.286s] GC(256) Using 4 workers of 4 for evacuation
[2018-01-26T21:28:19.096+0530][5678.329s] GC(256) ParNew: 87440K->12K(109248K)
[2018-01-26T21:28:19.097+0530][5678.329s] GC(256) CMS: 156353K->156353K(393216K)
[2018-01-26T21:28:19.097+0530][5678.329s] GC(256) Metaspace: 47459K->47459K(1093632K)
[2018-01-26T21:28:19.098+0530][5678.331s] GC(256) Pause Young (Allocation Failure) 238M->152M(490M) 50.090ms
[2018-01-26T21:28:19.100+0530][5678.332s] GC(256) User=0.05s Sys=0.00s Real=0.05s
[2018-01-26T21:28:51.367+0530][5710.600s] GC(257) Pause Young (Allocation Failure)
[2018-01-26T21:28:51.375+0530][5710.608s] GC(257) Using 4 workers of 4 for evacuation
[2018-01-26T21:28:51.408+0530][5710.641s] GC(257) ParNew: 87435K->14K(109248K)
[2018-01-26T21:28:51.408+0530][5710.641s] GC(257) CMS: 156353K->156353K(393216K)
[2018-01-26T21:28:51.408+0530][5710.641s] GC(257) Metaspace: 47460K->47460K(1093632K)
[2018-01-26T21:28:51.410+0530][5710.643s] GC(257) Pause Young (Allocation Failure) 238M->152M(490M) 42.914ms
[2018-01-26T21:28:51.412+0530][5710.644s] GC(257) User=0.04s Sys=0.00s Real=0.05s
[2018-01-26T21:29:25.509+0530][5744.742s] GC(258) Pause Young (Allocation Failure)
[2018-01-26T21:29:25.514+0530][5744.747s] GC(258) Using 4 workers of 4 for evacuation
[2018-01-26T21:29:25.559+0530][5744.792s] GC(258) ParNew: 87437K->14K(109248K)
[2018-01-26T21:29:25.559+0530][5744.792s] GC(258) CMS: 156353K->156353K(393216K)
[2018-01-26T21:29:25.559+0530][5744.792s] GC(258) Metaspace: 47460K->47460K(1093632K)
[2018-01-26T21:29:25.561+0530][5744.794s] GC(258) Pause Young (Allocation Failure) 238M->152M(490M) 52.590ms
[2018-01-26T21:29:25.563+0530][5744.795s] GC(258) User=0.05s Sys=0.00s Real=0.06s
[2018-01-26T21:29:57.501+0530][5776.733s] GC(259) Pause Young (Allocation Failure)
[2018-01-26T21:29:57.505+0530][5776.738s] GC(259) Using 4 workers of 4 for evacuation
[2018-01-26T21:29:57.546+0530][5776.779s] GC(259) ParNew: 87438K->14K(109248K)
[2018-01-26T21:29:57.546+0530][5776.779s] GC(259) CMS: 156353K->156353K(393216K)
[2018-01-26T21:29:57.546+0530][5776.779s] GC(259) Metaspace: 47460K->47460K(1093632K)
[2018-01-26T21:29:57.549+0530][5776.782s] GC(259) Pause Young (Allocation Failure) 238M->152M(490M) 48.226ms
[2018-01-26T21:29:57.550+0530][5776.783s] GC(259) User=0.05s Sys=0.00s Real=0.04s
[2018-01-26T21:30:30.189+0530][5809.422s] GC(260) Pause Young (Allocation Failure)
[2018-01-26T21:30:30.194+0530][5809.427s] GC(260) Using 4 workers of 4 for evacuation
[2018-01-26T21:30:30.228+0530][5809.461s] GC(260) ParNew: 87438K->16K(109248K)
[2018-01-26T21:30:30.228+0530][5809.461s] GC(260) CMS: 156353K->156353K(393216K)
[2018-01-26T21:30:30.228+0530][5809.461s] GC(260) Metaspace: 47460K->47460K(1093632K)
[2018-01-26T21:30:30.230+0530][5809.463s] GC(260) Pause Young (Allocation Failure) 238M->152M(490M) 40.669ms
[2018-01-26T21:30:30.231+0530][5809.464s] GC(260) User=0.04s Sys=0.00s Real=0.04s
[2018-01-26T21:31:04.498+0530][5843.730s] GC(261) Pause Young (Allocation Failure)
[2018-01-26T21:31:04.506+0530][5843.739s] GC(261) Using 4 workers of 4 for evacuation
[2018-01-26T21:31:04.549+0530][5843.782s] GC(261) ParNew: 87440K->16K(109248K)
[2018-01-26T21:31:04.549+0530][5843.782s] GC(261) CMS: 156353K->156353K(393216K)
[2018-01-26T21:31:04.549+0530][5843.782s] GC(261) Metaspace: 47460K->47460K(1093632K)
[2018-01-26T21:31:04.551+0530][5843.784s] GC(261) Pause Young (Allocation Failure) 238M->152M(490M) 53.796ms
[2018-01-26T21:31:04.552+0530][5843.785s] GC(261) User=0.05s Sys=0.00s Real=0.06s
[2018-01-26T21:31:36.242+0530][5875.474s] GC(262) Pause Young (Allocation Failure)
[2018-01-26T21:31:36.246+0530][5875.479s] GC(262) Using 4 workers of 4 for evacuation
[2018-01-26T21:31:36.283+0530][5875.516s] GC(262) ParNew: 87440K->14K(109248K)
[2018-01-26T21:31:36.283+0530][5875.516s] GC(262) CMS: 156353K->156353K(393216K)
[2018-01-26T21:31:36.284+0530][5875.516s] GC(262) Metaspace: 47460K->47460K(1093632K)
[2018-01-26T21:31:36.286+0530][5875.519s] GC(262) Pause Young (Allocation Failure) 238M->152M(490M) 44.238ms
[2018-01-26T21:31:36.287+0530][5875.520s] GC(262) User=0.04s Sys=0.00s Real=0.04s
[2018-01-26T21:32:09.125+0530][5908.358s] GC(263) Pause Young (Allocation Failure)
[2018-01-26T21:32:09.132+0530][5908.365s] GC(263) Using 4 workers of 4 for evacuation
[2018-01-26T21:32:09.180+0530][5908.413s] GC(263) ParNew: 87438K->14K(109248K)
[2018-01-26T21:32:09.180+0530][5908.413s] GC(263) CMS: 156353K->156353K(393216K)
[2018-01-26T21:32:09.180+0530][5908.413s] GC(263) Metaspace: 47460K->47460K(1093632K)
[2018-01-26T21:32:09.182+0530][5908.415s] GC(263) Pause Young (Allocation Failure) 238M->152M(490M) 57.050ms
[2018-01-26T21:32:09.183+0530][5908.416s] GC(263) User=0.06s Sys=0.00s Real=0.06s
[2018-01-26T21:32:43.151+0530][5942.383s] GC(264) Pause Young (Allocation Failure)
[2018-01-26T21:32:43.155+0530][5942.388s] GC(264) Using 4 workers of 4 for evacuation
[2018-01-26T21:32:43.189+0530][5942.422s] GC(264) ParNew: 87438K->14K(109248K)
[2018-01-26T21:32:43.189+0530][5942.422s] GC(264) CMS: 156353K->156353K(393216K)
[2018-01-26T21:32:43.189+0530][5942.422s] GC(264) Metaspace: 47460K->47460K(1093632K)
[2018-01-26T21:32:43.191+0530][5942.424s] GC(264) Pause Young (Allocation Failure) 238M->152M(490M) 40.187ms
[2018-01-26T21:32:43.192+0530][5942.425s] GC(264) User=0.04s Sys=0.00s Real=0.05s
[2018-01-26T21:33:14.935+0530][5974.168s] GC(265) Pause Young (Allocation Failure)
[2018-01-26T21:33:14.944+0530][5974.177s] GC(265) Using 4 workers of 4 for evacuation
[2018-01-26T21:33:15.025+0530][5974.258s] GC(265) ParNew: 87438K->16K(109248K)
[2018-01-26T21:33:15.025+0530][5974.258s] GC(265) CMS: 156353K->156353K(393216K)
[2018-01-26T21:33:15.025+0530][5974.258s] GC(265) Metaspace: 47460K->47460K(1093632K)
[2018-01-26T21:33:15.033+0530][5974.266s] GC(265) Pause Young (Allocation Failure) 238M->152M(490M) 97.939ms
[2018-01-26T21:33:15.034+0530][5974.267s] GC(265) User=0.05s Sys=0.00s Real=0.10s
[2018-01-26T21:33:48.836+0530][6008.069s] GC(266) Pause Young (Allocation Failure)
[2018-01-26T21:33:48.841+0530][6008.073s] GC(266) Using 4 workers of 4 for evacuation
[2018-01-26T21:33:48.923+0530][6008.155s] GC(266) ParNew: 87440K->16K(109248K)
[2018-01-26T21:33:48.923+0530][6008.155s] GC(266) CMS: 156353K->156353K(393216K)
[2018-01-26T21:33:48.923+0530][6008.155s] GC(266) Metaspace: 47460K->47460K(1093632K)
[2018-01-26T21:33:48.925+0530][6008.158s] GC(266) Pause Young (Allocation Failure) 238M->152M(490M) 89.185ms
[2018-01-26T21:33:48.933+0530][6008.166s] GC(266) User=0.05s Sys=0.00s Real=0.09s
[2018-01-26T21:34:21.875+0530][6041.107s] GC(267) Pause Young (Allocation Failure)
[2018-01-26T21:34:21.879+0530][6041.112s] GC(267) Using 4 workers of 4 for evacuation
[2018-01-26T21:34:21.917+0530][6041.150s] GC(267) ParNew: 87439K->16K(109248K)
[2018-01-26T21:34:21.917+0530][6041.150s] GC(267) CMS: 156353K->156353K(393216K)
[2018-01-26T21:34:21.917+0530][6041.150s] GC(267) Metaspace: 47461K->47461K(1093632K)
[2018-01-26T21:34:21.919+0530][6041.152s] GC(267) Pause Young (Allocation Failure) 238M->152M(490M) 44.804ms
[2018-01-26T21:34:21.921+0530][6041.153s] GC(267) User=0.04s Sys=0.00s Real=0.04s
[2018-01-26T21:34:53.246+0530][6072.479s] GC(268) Pause Young (Allocation Failure)
[2018-01-26T21:34:53.250+0530][6072.483s] GC(268) Using 4 workers of 4 for evacuation
[2018-01-26T21:34:53.285+0530][6072.518s] GC(268) ParNew: 87440K->16K(109248K)
[2018-01-26T21:34:53.285+0530][6072.518s] GC(268) CMS: 156353K->156353K(393216K)
[2018-01-26T21:34:53.285+0530][6072.518s] GC(268) Metaspace: 47461K->47461K(1093632K)
[2018-01-26T21:34:53.287+0530][6072.520s] GC(268) Pause Young (Allocation Failure) 238M->152M(490M) 41.731ms
[2018-01-26T21:34:53.289+0530][6072.522s] GC(268) User=0.04s Sys=0.00s Real=0.04s
[2018-01-26T21:35:26.978+0530][6106.210s] GC(269) Pause Young (Allocation Failure)
[2018-01-26T21:35:26.982+0530][6106.215s] GC(269) Using 4 workers of 4 for evacuation
[2018-01-26T21:35:27.022+0530][6106.254s] GC(269) ParNew: 87440K->16K(109248K)
[2018-01-26T21:35:27.022+0530][6106.255s] GC(269) CMS: 156353K->156353K(393216K)
[2018-01-26T21:35:27.022+0530][6106.255s] GC(269) Metaspace: 47461K->47461K(1093632K)
[2018-01-26T21:35:27.024+0530][6106.257s] GC(269) Pause Young (Allocation Failure) 238M->152M(490M) 46.056ms
[2018-01-26T21:35:27.025+0530][6106.258s] GC(269) User=0.05s Sys=0.00s Real=0.05s
[2018-01-26T21:36:00.163+0530][6139.396s] GC(270) Pause Young (Allocation Failure)
[2018-01-26T21:36:00.176+0530][6139.409s] GC(270) Using 4 workers of 4 for evacuation
[2018-01-26T21:36:00.261+0530][6139.494s] GC(270) ParNew: 87440K->16K(109248K)
[2018-01-26T21:36:00.261+0530][6139.494s] GC(270) CMS: 156353K->156354K(393216K)
[2018-01-26T21:36:00.261+0530][6139.494s] GC(270) Metaspace: 47461K->47461K(1093632K)
[2018-01-26T21:36:00.263+0530][6139.496s] GC(270) Pause Young (Allocation Failure) 238M->152M(490M) 100.382ms
[2018-01-26T21:36:00.271+0530][6139.503s] GC(270) User=0.05s Sys=0.00s Real=0.10s
[2018-01-26T21:36:31.860+0530][6171.092s] GC(271) Pause Young (Allocation Failure)
[2018-01-26T21:36:31.865+0530][6171.098s] GC(271) Using 4 workers of 4 for evacuation
[2018-01-26T21:36:31.914+0530][6171.147s] GC(271) ParNew: 87440K->16K(109248K)
[2018-01-26T21:36:31.914+0530][6171.147s] GC(271) CMS: 156354K->156354K(393216K)
[2018-01-26T21:36:31.914+0530][6171.147s] GC(271) Metaspace: 47464K->47464K(1093632K)
[2018-01-26T21:36:31.916+0530][6171.149s] GC(271) Pause Young (Allocation Failure) 238M->152M(490M) 56.830ms
[2018-01-26T21:36:31.918+0530][6171.150s] GC(271) User=0.06s Sys=0.00s Real=0.06s
[2018-01-26T21:37:05.473+0530][6204.706s] GC(272) Pause Young (Allocation Failure)
[2018-01-26T21:37:05.478+0530][6204.711s] GC(272) Using 4 workers of 4 for evacuation
[2018-01-26T21:37:05.517+0530][6204.750s] GC(272) ParNew: 87440K->14K(109248K)
[2018-01-26T21:37:05.517+0530][6204.750s] GC(272) CMS: 156354K->156354K(393216K)
[2018-01-26T21:37:05.517+0530][6204.750s] GC(272) Metaspace: 47464K->47464K(1093632K)
[2018-01-26T21:37:05.519+0530][6204.752s] GC(272) Pause Young (Allocation Failure) 238M->152M(490M) 45.805ms
[2018-01-26T21:37:05.520+0530][6204.753s] GC(272) User=0.04s Sys=0.00s Real=0.04s
[2018-01-26T21:37:38.332+0530][6237.565s] GC(273) Pause Young (Allocation Failure)
[2018-01-26T21:37:38.337+0530][6237.569s] GC(273) Using 4 workers of 4 for evacuation
[2018-01-26T21:37:38.371+0530][6237.604s] GC(273) ParNew: 87438K->14K(109248K)
[2018-01-26T21:37:38.371+0530][6237.604s] GC(273) CMS: 156354K->156354K(393216K)
[2018-01-26T21:37:38.371+0530][6237.604s] GC(273) Metaspace: 47464K->47464K(1093632K)
[2018-01-26T21:37:38.374+0530][6237.607s] GC(273) Pause Young (Allocation Failure) 238M->152M(490M) 41.424ms
[2018-01-26T21:37:38.375+0530][6237.608s] GC(273) User=0.04s Sys=0.00s Real=0.05s
[2018-01-26T21:38:10.193+0530][6269.426s] GC(274) Pause Young (Allocation Failure)
[2018-01-26T21:38:10.199+0530][6269.432s] GC(274) Using 4 workers of 4 for evacuation
[2018-01-26T21:38:10.234+0530][6269.466s] GC(274) ParNew: 87438K->14K(109248K)
[2018-01-26T21:38:10.234+0530][6269.466s] GC(274) CMS: 156354K->156354K(393216K)
[2018-01-26T21:38:10.234+0530][6269.466s] GC(274) Metaspace: 47464K->47464K(1093632K)
[2018-01-26T21:38:10.236+0530][6269.468s] GC(274) Pause Young (Allocation Failure) 238M->152M(490M) 42.442ms
[2018-01-26T21:38:10.237+0530][6269.470s] GC(274) User=0.05s Sys=0.00s Real=0.04s
[2018-01-26T21:38:44.139+0530][6303.372s] GC(275) Pause Young (Allocation Failure)
[2018-01-26T21:38:44.148+0530][6303.381s] GC(275) Using 4 workers of 4 for evacuation
[2018-01-26T21:38:44.223+0530][6303.456s] GC(275) ParNew: 87438K->16K(109248K)
[2018-01-26T21:38:44.223+0530][6303.456s] GC(275) CMS: 156354K->156354K(393216K)
[2018-01-26T21:38:44.223+0530][6303.456s] GC(275) Metaspace: 47464K->47464K(1093632K)
[2018-01-26T21:38:44.225+0530][6303.458s] GC(275) Pause Young (Allocation Failure) 238M->152M(490M) 86.101ms
[2018-01-26T21:38:44.226+0530][6303.459s] GC(275) User=0.04s Sys=0.00s Real=0.09s
[2018-01-26T21:39:16.552+0530][6335.785s] GC(276) Pause Young (Allocation Failure)
[2018-01-26T21:39:16.559+0530][6335.792s] GC(276) Using 4 workers of 4 for evacuation
[2018-01-26T21:39:16.597+0530][6335.830s] GC(276) ParNew: 87440K->14K(109248K)
[2018-01-26T21:39:16.597+0530][6335.830s] GC(276) CMS: 156354K->156354K(393216K)
[2018-01-26T21:39:16.597+0530][6335.830s] GC(276) Metaspace: 47466K->47466K(1093632K)
[2018-01-26T21:39:16.600+0530][6335.833s] GC(276) Pause Young (Allocation Failure) 238M->152M(490M) 47.686ms
[2018-01-26T21:39:16.602+0530][6335.835s] GC(276) User=0.04s Sys=0.00s Real=0.05s
[2018-01-26T21:39:48.775+0530][6368.007s] GC(277) Pause Young (Allocation Failure)
[2018-01-26T21:39:48.784+0530][6368.016s] GC(277) Using 4 workers of 4 for evacuation
[2018-01-26T21:39:48.865+0530][6368.098s] GC(277) ParNew: 87438K->16K(109248K)
[2018-01-26T21:39:48.865+0530][6368.098s] GC(277) CMS: 156354K->156354K(393216K)
[2018-01-26T21:39:48.865+0530][6368.098s] GC(277) Metaspace: 47466K->47466K(1093632K)
[2018-01-26T21:39:48.867+0530][6368.100s] GC(277) Pause Young (Allocation Failure) 238M->152M(490M) 92.773ms
[2018-01-26T21:39:48.873+0530][6368.106s] GC(277) User=0.05s Sys=0.00s Real=0.10s
[2018-01-26T21:40:22.847+0530][6402.080s] GC(278) Pause Young (Allocation Failure)
[2018-01-26T21:40:22.853+0530][6402.086s] GC(278) Using 4 workers of 4 for evacuation
[2018-01-26T21:40:22.927+0530][6402.160s] GC(278) ParNew: 87440K->14K(109248K)
[2018-01-26T21:40:22.927+0530][6402.160s] GC(278) CMS: 156354K->156354K(393216K)
[2018-01-26T21:40:22.927+0530][6402.160s] GC(278) Metaspace: 47467K->47467K(1093632K)
[2018-01-26T21:40:22.929+0530][6402.162s] GC(278) Pause Young (Allocation Failure) 238M->152M(490M) 81.730ms
[2018-01-26T21:40:22.931+0530][6402.163s] GC(278) User=0.05s Sys=0.00s Real=0.08s
[2018-01-26T21:40:55.115+0530][6434.348s] GC(279) Pause Young (Allocation Failure)
[2018-01-26T21:40:55.121+0530][6434.353s] GC(279) Using 4 workers of 4 for evacuation
[2018-01-26T21:40:55.165+0530][6434.397s] GC(279) ParNew: 87438K->14K(109248K)
[2018-01-26T21:40:55.165+0530][6434.397s] GC(279) CMS: 156354K->156354K(393216K)
[2018-01-26T21:40:55.165+0530][6434.397s] GC(279) Metaspace: 47467K->47467K(1093632K)
[2018-01-26T21:40:55.168+0530][6434.400s] GC(279) Pause Young (Allocation Failure) 238M->152M(490M) 52.391ms
[2018-01-26T21:40:55.169+0530][6434.402s] GC(279) User=0.05s Sys=0.00s Real=0.06s
[2018-01-26T21:41:27.183+0530][6466.416s] GC(280) Pause Young (Allocation Failure)
[2018-01-26T21:41:27.187+0530][6466.420s] GC(280) Using 4 workers of 4 for evacuation
[2018-01-26T21:41:27.229+0530][6466.462s] GC(280) ParNew: 87438K->12K(109248K)
[2018-01-26T21:41:27.229+0530][6466.462s] GC(280) CMS: 156354K->156354K(393216K)
[2018-01-26T21:41:27.229+0530][6466.462s] GC(280) Metaspace: 47467K->47467K(1093632K)
[2018-01-26T21:41:27.231+0530][6466.464s] GC(280) Pause Young (Allocation Failure) 238M->152M(490M) 47.768ms
[2018-01-26T21:41:27.232+0530][6466.465s] GC(280) User=0.05s Sys=0.00s Real=0.05s
[2018-01-26T21:42:01.541+0530][6500.774s] GC(281) Pause Young (Allocation Failure)
[2018-01-26T21:42:01.547+0530][6500.779s] GC(281) Using 4 workers of 4 for evacuation
[2018-01-26T21:42:01.579+0530][6500.812s] GC(281) ParNew: 87436K->14K(109248K)
[2018-01-26T21:42:01.579+0530][6500.812s] GC(281) CMS: 156354K->156354K(393216K)
[2018-01-26T21:42:01.579+0530][6500.812s] GC(281) Metaspace: 47467K->47467K(1093632K)
[2018-01-26T21:42:01.583+0530][6500.816s] GC(281) Pause Young (Allocation Failure) 238M->152M(490M) 41.636ms
[2018-01-26T21:42:01.585+0530][6500.818s] GC(281) User=0.04s Sys=0.00s Real=0.04s
[2018-01-26T21:42:33.694+0530][6532.927s] GC(282) Pause Young (Allocation Failure)
[2018-01-26T21:42:33.700+0530][6532.933s] GC(282) Using 4 workers of 4 for evacuation
[2018-01-26T21:42:33.758+0530][6532.990s] GC(282) ParNew: 87438K->14K(109248K)
[2018-01-26T21:42:33.758+0530][6532.990s] GC(282) CMS: 156354K->156354K(393216K)
[2018-01-26T21:42:33.758+0530][6532.990s] GC(282) Metaspace: 47467K->47467K(1093632K)
[2018-01-26T21:42:33.760+0530][6532.992s] GC(282) Pause Young (Allocation Failure) 238M->152M(490M) 65.806ms
[2018-01-26T21:42:33.764+0530][6532.996s] GC(282) User=0.04s Sys=0.00s Real=0.08s
[2018-01-26T21:43:05.843+0530][6565.076s] GC(283) Pause Young (Allocation Failure)
[2018-01-26T21:43:05.848+0530][6565.081s] GC(283) Using 4 workers of 4 for evacuation
[2018-01-26T21:43:05.893+0530][6565.125s] GC(283) ParNew: 87438K->12K(109248K)
[2018-01-26T21:43:05.893+0530][6565.126s] GC(283) CMS: 156354K->156354K(393216K)
[2018-01-26T21:43:05.893+0530][6565.126s] GC(283) Metaspace: 47467K->47467K(1093632K)
[2018-01-26T21:43:05.896+0530][6565.129s] GC(283) Pause Young (Allocation Failure) 238M->152M(490M) 52.718ms
[2018-01-26T21:43:05.898+0530][6565.131s] GC(283) User=0.05s Sys=0.00s Real=0.05s
[2018-01-26T21:43:40.211+0530][6599.444s] GC(284) Pause Young (Allocation Failure)
[2018-01-26T21:43:40.218+0530][6599.451s] GC(284) Using 4 workers of 4 for evacuation
[2018-01-26T21:43:40.251+0530][6599.484s] GC(284) ParNew: 87436K->14K(109248K)
[2018-01-26T21:43:40.251+0530][6599.484s] GC(284) CMS: 156354K->156354K(393216K)
[2018-01-26T21:43:40.251+0530][6599.484s] GC(284) Metaspace: 47467K->47467K(1093632K)
[2018-01-26T21:43:40.254+0530][6599.487s] GC(284) Pause Young (Allocation Failure) 238M->152M(490M) 42.937ms
[2018-01-26T21:43:40.255+0530][6599.488s] GC(284) User=0.04s Sys=0.00s Real=0.05s
[2018-01-26T21:44:12.294+0530][6631.527s] GC(285) Pause Young (Allocation Failure)
[2018-01-26T21:44:12.304+0530][6631.537s] GC(285) Using 4 workers of 4 for evacuation
[2018-01-26T21:44:12.340+0530][6631.573s] GC(285) ParNew: 87438K->14K(109248K)
[2018-01-26T21:44:12.340+0530][6631.573s] GC(285) CMS: 156354K->156354K(393216K)
[2018-01-26T21:44:12.340+0530][6631.573s] GC(285) Metaspace: 47467K->47467K(1093632K)
[2018-01-26T21:44:12.342+0530][6631.575s] GC(285) Pause Young (Allocation Failure) 238M->152M(490M) 48.071ms
[2018-01-26T21:44:12.343+0530][6631.576s] GC(285) User=0.05s Sys=0.00s Real=0.05s
[2018-01-26T21:44:44.249+0530][6663.482s] GC(286) Pause Young (Allocation Failure)
[2018-01-26T21:44:44.258+0530][6663.490s] GC(286) Using 4 workers of 4 for evacuation
