[2018-01-26T20:50:37.461+0530][3416.694s] GC(187) ParNew: 87440K->16K(109248K)
[2018-01-26T20:50:37.461+0530][3416.694s] GC(187) CMS: 155829K->155829K(393216K)
[2018-01-26T20:50:37.461+0530][3416.694s] GC(187) Metaspace: 47313K->47313K(1093632K)
[2018-01-26T20:50:37.463+0530][3416.696s] GC(187) Pause Young (Allocation Failure) 237M->152M(490M) 46.364ms
[2018-01-26T20:50:37.465+0530][3416.698s] GC(187) User=0.04s Sys=0.00s Real=0.05s
[2018-01-26T20:51:11.610+0530][3450.843s] GC(188) Pause Young (Allocation Failure)
[2018-01-26T20:51:11.625+0530][3450.858s] GC(188) Using 4 workers of 4 for evacuation
[2018-01-26T20:51:11.711+0530][3450.944s] GC(188) ParNew: 87440K->12K(109248K)
[2018-01-26T20:51:11.711+0530][3450.944s] GC(188) CMS: 155829K->155829K(393216K)
[2018-01-26T20:51:11.711+0530][3450.944s] GC(188) Metaspace: 47313K->47313K(1093632K)
[2018-01-26T20:51:11.713+0530][3450.946s] GC(188) Pause Young (Allocation Failure) 237M->152M(490M) 103.364ms
[2018-01-26T20:51:11.715+0530][3450.947s] GC(188) User=0.05s Sys=0.00s Real=0.11s
[2018-01-26T20:51:43.777+0530][3483.009s] GC(189) Pause Young (Allocation Failure)
[2018-01-26T20:51:43.784+0530][3483.017s] GC(189) Using 4 workers of 4 for evacuation
[2018-01-26T20:51:43.821+0530][3483.054s] GC(189) ParNew: 87436K->14K(109248K)
[2018-01-26T20:51:43.821+0530][3483.054s] GC(189) CMS: 155829K->155829K(393216K)
[2018-01-26T20:51:43.821+0530][3483.054s] GC(189) Metaspace: 47313K->47313K(1093632K)
[2018-01-26T20:51:43.824+0530][3483.056s] GC(189) Pause Young (Allocation Failure) 237M->152M(490M) 46.908ms
[2018-01-26T20:51:43.825+0530][3483.058s] GC(189) User=0.05s Sys=0.00s Real=0.05s
[2018-01-26T20:52:15.862+0530][3515.095s] GC(190) Pause Young (Allocation Failure)
[2018-01-26T20:52:15.867+0530][3515.099s] GC(190) Using 4 workers of 4 for evacuation
[2018-01-26T20:52:15.916+0530][3515.149s] GC(190) ParNew: 87438K->14K(109248K)
[2018-01-26T20:52:15.916+0530][3515.149s] GC(190) CMS: 155829K->155829K(393216K)
[2018-01-26T20:52:15.916+0530][3515.149s] GC(190) Metaspace: 47313K->47313K(1093632K)
[2018-01-26T20:52:15.918+0530][3515.151s] GC(190) Pause Young (Allocation Failure) 237M->152M(490M) 55.874ms
[2018-01-26T20:52:15.919+0530][3515.152s] GC(190) User=0.06s Sys=0.00s Real=0.05s
[2018-01-26T20:52:50.118+0530][3549.351s] GC(191) Pause Young (Allocation Failure)
[2018-01-26T20:52:50.123+0530][3549.356s] GC(191) Using 4 workers of 4 for evacuation
[2018-01-26T20:52:50.170+0530][3549.403s] GC(191) ParNew: 87438K->16K(109248K)
[2018-01-26T20:52:50.171+0530][3549.403s] GC(191) CMS: 155829K->155829K(393216K)
[2018-01-26T20:52:50.171+0530][3549.403s] GC(191) Metaspace: 47313K->47313K(1093632K)
[2018-01-26T20:52:50.177+0530][3549.410s] GC(191) Pause Young (Allocation Failure) 237M->152M(490M) 58.748ms
[2018-01-26T20:52:50.179+0530][3549.411s] GC(191) User=0.05s Sys=0.00s Real=0.06s
[2018-01-26T20:53:22.336+0530][3581.569s] GC(192) Pause Young (Allocation Failure)
[2018-01-26T20:53:22.343+0530][3581.575s] GC(192) Using 4 workers of 4 for evacuation
[2018-01-26T20:53:22.411+0530][3581.644s] GC(192) ParNew: 87440K->14K(109248K)
[2018-01-26T20:53:22.411+0530][3581.644s] GC(192) CMS: 155829K->155829K(393216K)
[2018-01-26T20:53:22.411+0530][3581.644s] GC(192) Metaspace: 47313K->47313K(1093632K)
[2018-01-26T20:53:22.413+0530][3581.646s] GC(192) Pause Young (Allocation Failure) 237M->152M(490M) 77.012ms
[2018-01-26T20:53:22.415+0530][3581.647s] GC(192) User=0.05s Sys=0.00s Real=0.08s
[2018-01-26T20:53:54.281+0530][3613.514s] GC(193) Pause Young (Allocation Failure)
[2018-01-26T20:53:54.286+0530][3613.519s] GC(193) Using 4 workers of 4 for evacuation
[2018-01-26T20:53:54.331+0530][3613.564s] GC(193) ParNew: 87438K->14K(109248K)
[2018-01-26T20:53:54.331+0530][3613.564s] GC(193) CMS: 155829K->155829K(393216K)
[2018-01-26T20:53:54.331+0530][3613.564s] GC(193) Metaspace: 47313K->47313K(1093632K)
[2018-01-26T20:53:54.333+0530][3613.566s] GC(193) Pause Young (Allocation Failure) 237M->152M(490M) 51.965ms
[2018-01-26T20:53:54.334+0530][3613.567s] GC(193) User=0.05s Sys=0.00s Real=0.05s
[2018-01-26T20:54:28.866+0530][3648.099s] GC(194) Pause Young (Allocation Failure)
[2018-01-26T20:54:28.871+0530][3648.103s] GC(194) Using 4 workers of 4 for evacuation
[2018-01-26T20:54:28.936+0530][3648.169s] GC(194) ParNew: 87438K->14K(109248K)
[2018-01-26T20:54:28.936+0530][3648.169s] GC(194) CMS: 155829K->155829K(393216K)
[2018-01-26T20:54:28.936+0530][3648.169s] GC(194) Metaspace: 47313K->47313K(1093632K)
[2018-01-26T20:54:28.938+0530][3648.171s] GC(194) Pause Young (Allocation Failure) 237M->152M(490M) 71.671ms
[2018-01-26T20:54:28.939+0530][3648.172s] GC(194) User=0.03s Sys=0.00s Real=0.08s
[2018-01-26T20:55:00.895+0530][3680.128s] GC(195) Pause Young (Allocation Failure)
[2018-01-26T20:55:00.900+0530][3680.133s] GC(195) Using 4 workers of 4 for evacuation
[2018-01-26T20:55:00.943+0530][3680.175s] GC(195) ParNew: 87438K->16K(109248K)
[2018-01-26T20:55:00.943+0530][3680.175s] GC(195) CMS: 155829K->155829K(393216K)
[2018-01-26T20:55:00.943+0530][3680.175s] GC(195) Metaspace: 47313K->47313K(1093632K)
[2018-01-26T20:55:00.945+0530][3680.177s] GC(195) Pause Young (Allocation Failure) 237M->152M(490M) 49.430ms
[2018-01-26T20:55:00.946+0530][3680.179s] GC(195) User=0.05s Sys=0.00s Real=0.05s
[2018-01-26T20:55:32.952+0530][3712.185s] GC(196) Pause Young (Allocation Failure)
[2018-01-26T20:55:32.959+0530][3712.192s] GC(196) Using 4 workers of 4 for evacuation
[2018-01-26T20:55:32.998+0530][3712.231s] GC(196) ParNew: 87440K->14K(109248K)
[2018-01-26T20:55:32.998+0530][3712.231s] GC(196) CMS: 155829K->155829K(393216K)
[2018-01-26T20:55:32.998+0530][3712.231s] GC(196) Metaspace: 47313K->47313K(1093632K)
[2018-01-26T20:55:33.000+0530][3712.233s] GC(196) Pause Young (Allocation Failure) 237M->152M(490M) 48.160ms
[2018-01-26T20:55:33.002+0530][3712.235s] GC(196) User=0.05s Sys=0.00s Real=0.06s
[2018-01-26T20:56:07.525+0530][3746.758s] GC(197) Pause Young (Allocation Failure)
[2018-01-26T20:56:07.529+0530][3746.762s] GC(197) Using 4 workers of 4 for evacuation
[2018-01-26T20:56:07.575+0530][3746.808s] GC(197) ParNew: 87438K->16K(109248K)
[2018-01-26T20:56:07.576+0530][3746.808s] GC(197) CMS: 155829K->155830K(393216K)
[2018-01-26T20:56:07.576+0530][3746.808s] GC(197) Metaspace: 47313K->47313K(1093632K)
[2018-01-26T20:56:07.578+0530][3746.811s] GC(197) Pause Young (Allocation Failure) 237M->152M(490M) 52.937ms
[2018-01-26T20:56:07.580+0530][3746.812s] GC(197) User=0.05s Sys=0.00s Real=0.06s
[2018-01-26T20:56:39.460+0530][3778.693s] GC(198) Pause Young (Allocation Failure)
[2018-01-26T20:56:39.465+0530][3778.698s] GC(198) Using 4 workers of 4 for evacuation
[2018-01-26T20:56:39.517+0530][3778.749s] GC(198) ParNew: 87440K->16K(109248K)
[2018-01-26T20:56:39.517+0530][3778.749s] GC(198) CMS: 155830K->155830K(393216K)
[2018-01-26T20:56:39.517+0530][3778.749s] GC(198) Metaspace: 47313K->47313K(1093632K)
[2018-01-26T20:56:39.519+0530][3778.752s] GC(198) Pause Young (Allocation Failure) 237M->152M(490M) 58.271ms
[2018-01-26T20:56:39.520+0530][3778.753s] GC(198) User=0.06s Sys=0.00s Real=0.05s
[2018-01-26T20:57:11.877+0530][3811.109s] GC(199) Pause Young (Allocation Failure)
[2018-01-26T20:57:11.881+0530][3811.114s] GC(199) Using 4 workers of 4 for evacuation
[2018-01-26T20:57:11.931+0530][3811.164s] GC(199) ParNew: 87440K->16K(109248K)
[2018-01-26T20:57:11.931+0530][3811.164s] GC(199) CMS: 155830K->155830K(393216K)
[2018-01-26T20:57:11.931+0530][3811.164s] GC(199) Metaspace: 47313K->47313K(1093632K)
[2018-01-26T20:57:11.933+0530][3811.166s] GC(199) Pause Young (Allocation Failure) 237M->152M(490M) 56.605ms
[2018-01-26T20:57:11.935+0530][3811.167s] GC(199) User=0.05s Sys=0.00s Real=0.06s
[2018-01-26T20:57:46.206+0530][3845.439s] GC(200) Pause Young (Allocation Failure)
[2018-01-26T20:57:46.211+0530][3845.444s] GC(200) Using 4 workers of 4 for evacuation
[2018-01-26T20:57:46.251+0530][3845.484s] GC(200) ParNew: 87440K->16K(109248K)
[2018-01-26T20:57:46.251+0530][3845.484s] GC(200) CMS: 155830K->155830K(393216K)
[2018-01-26T20:57:46.251+0530][3845.484s] GC(200) Metaspace: 47313K->47313K(1093632K)
[2018-01-26T20:57:46.253+0530][3845.486s] GC(200) Pause Young (Allocation Failure) 237M->152M(490M) 47.081ms
[2018-01-26T20:57:46.255+0530][3845.488s] GC(200) User=0.04s Sys=0.00s Real=0.05s
[2018-01-26T20:58:18.018+0530][3877.251s] GC(201) Pause Young (Allocation Failure)
[2018-01-26T20:58:18.023+0530][3877.256s] GC(201) Using 4 workers of 4 for evacuation
[2018-01-26T20:58:18.058+0530][3877.291s] GC(201) ParNew: 87440K->14K(109248K)
[2018-01-26T20:58:18.058+0530][3877.291s] GC(201) CMS: 155830K->155830K(393216K)
[2018-01-26T20:58:18.058+0530][3877.291s] GC(201) Metaspace: 47313K->47313K(1093632K)
[2018-01-26T20:58:18.060+0530][3877.293s] GC(201) Pause Young (Allocation Failure) 237M->152M(490M) 41.837ms
[2018-01-26T20:58:18.061+0530][3877.294s] GC(201) User=0.04s Sys=0.00s Real=0.05s
[2018-01-26T20:58:50.565+0530][3909.798s] GC(202) Pause Young (Allocation Failure)
[2018-01-26T20:58:50.572+0530][3909.804s] GC(202) Using 4 workers of 4 for evacuation
[2018-01-26T20:58:50.610+0530][3909.842s] GC(202) ParNew: 87438K->16K(109248K)
[2018-01-26T20:58:50.610+0530][3909.842s] GC(202) CMS: 155830K->155830K(393216K)
[2018-01-26T20:58:50.610+0530][3909.843s] GC(202) Metaspace: 47313K->47313K(1093632K)
[2018-01-26T20:58:50.612+0530][3909.845s] GC(202) Pause Young (Allocation Failure) 237M->152M(490M) 46.698ms
[2018-01-26T20:58:50.613+0530][3909.846s] GC(202) User=0.04s Sys=0.00s Real=0.05s
[2018-01-26T20:59:24.742+0530][3943.975s] GC(203) Pause Young (Allocation Failure)
[2018-01-26T20:59:24.755+0530][3943.987s] GC(203) Using 4 workers of 4 for evacuation
[2018-01-26T20:59:24.827+0530][3944.060s] GC(203) ParNew: 87439K->14K(109248K)
[2018-01-26T20:59:24.827+0530][3944.060s] GC(203) CMS: 155830K->155830K(393216K)
[2018-01-26T20:59:24.827+0530][3944.060s] GC(203) Metaspace: 47313K->47313K(1093632K)
[2018-01-26T20:59:24.830+0530][3944.063s] GC(203) Pause Young (Allocation Failure) 237M->152M(490M) 87.972ms
[2018-01-26T20:59:24.831+0530][3944.064s] GC(203) User=0.05s Sys=0.00s Real=0.08s
[2018-01-26T20:59:56.534+0530][3975.767s] GC(204) Pause Young (Allocation Failure)
[2018-01-26T20:59:56.547+0530][3975.780s] GC(204) Using 4 workers of 4 for evacuation
[2018-01-26T20:59:56.602+0530][3975.834s] GC(204) ParNew: 87438K->14K(109248K)
[2018-01-26T20:59:56.602+0530][3975.834s] GC(204) CMS: 155830K->155830K(393216K)
[2018-01-26T20:59:56.602+0530][3975.834s] GC(204) Metaspace: 47315K->47315K(1093632K)
[2018-01-26T20:59:56.604+0530][3975.836s] GC(204) Pause Young (Allocation Failure) 237M->152M(490M) 69.325ms
[2018-01-26T20:59:56.606+0530][3975.838s] GC(204) User=0.06s Sys=0.00s Real=0.07s
[2018-01-26T21:00:29.377+0530][4008.610s] GC(205) Pause Young (Allocation Failure)
[2018-01-26T21:00:29.383+0530][4008.616s] GC(205) Using 4 workers of 4 for evacuation
[2018-01-26T21:00:29.424+0530][4008.657s] GC(205) ParNew: 87438K->14K(109248K)
[2018-01-26T21:00:29.424+0530][4008.657s] GC(205) CMS: 155830K->155830K(393216K)
[2018-01-26T21:00:29.424+0530][4008.657s] GC(205) Metaspace: 47315K->47315K(1093632K)
[2018-01-26T21:00:29.426+0530][4008.659s] GC(205) Pause Young (Allocation Failure) 237M->152M(490M) 49.012ms
[2018-01-26T21:00:29.427+0530][4008.660s] GC(205) User=0.04s Sys=0.00s Real=0.05s
[2018-01-26T21:01:03.382+0530][4042.614s] GC(206) Pause Young (Allocation Failure)
[2018-01-26T21:01:03.386+0530][4042.619s] GC(206) Using 4 workers of 4 for evacuation
[2018-01-26T21:01:03.441+0530][4042.674s] GC(206) ParNew: 87438K->16K(109248K)
[2018-01-26T21:01:03.441+0530][4042.674s] GC(206) CMS: 155830K->155830K(393216K)
[2018-01-26T21:01:03.441+0530][4042.674s] GC(206) Metaspace: 47315K->47315K(1093632K)
[2018-01-26T21:01:03.443+0530][4042.676s] GC(206) Pause Young (Allocation Failure) 237M->152M(490M) 61.529ms
[2018-01-26T21:01:03.451+0530][4042.684s] GC(206) User=0.05s Sys=0.00s Real=0.06s
[2018-01-26T21:01:34.916+0530][4074.149s] GC(207) Pause Young (Allocation Failure)
[2018-01-26T21:01:34.921+0530][4074.153s] GC(207) Using 4 workers of 4 for evacuation
[2018-01-26T21:01:34.961+0530][4074.194s] GC(207) ParNew: 87439K->14K(109248K)
[2018-01-26T21:01:34.961+0530][4074.194s] GC(207) CMS: 155830K->155830K(393216K)
[2018-01-26T21:01:34.961+0530][4074.194s] GC(207) Metaspace: 47315K->47315K(1093632K)
[2018-01-26T21:01:34.963+0530][4074.196s] GC(207) Pause Young (Allocation Failure) 237M->152M(490M) 47.513ms
[2018-01-26T21:01:34.965+0530][4074.197s] GC(207) User=0.05s Sys=0.00s Real=0.05s
[2018-01-26T21:02:08.633+0530][4107.865s] GC(208) Pause Young (Allocation Failure)
[2018-01-26T21:02:08.638+0530][4107.871s] GC(208) Using 4 workers of 4 for evacuation
[2018-01-26T21:02:08.675+0530][4107.908s] GC(208) ParNew: 87438K->16K(109248K)
[2018-01-26T21:02:08.675+0530][4107.908s] GC(208) CMS: 155830K->155830K(393216K)
[2018-01-26T21:02:08.675+0530][4107.908s] GC(208) Metaspace: 47315K->47315K(1093632K)
[2018-01-26T21:02:08.677+0530][4107.910s] GC(208) Pause Young (Allocation Failure) 237M->152M(490M) 44.431ms
[2018-01-26T21:02:08.678+0530][4107.911s] GC(208) User=0.05s Sys=0.00s Real=0.04s
[2018-01-26T21:02:41.814+0530][4141.046s] GC(209) Pause Young (Allocation Failure)
[2018-01-26T21:02:41.819+0530][4141.051s] GC(209) Using 4 workers of 4 for evacuation
[2018-01-26T21:02:41.852+0530][4141.085s] GC(209) ParNew: 87440K->14K(109248K)
[2018-01-26T21:02:41.852+0530][4141.085s] GC(209) CMS: 155830K->155830K(393216K)
[2018-01-26T21:02:41.852+0530][4141.085s] GC(209) Metaspace: 47315K->47315K(1093632K)
[2018-01-26T21:02:41.854+0530][4141.087s] GC(209) Pause Young (Allocation Failure) 237M->152M(490M) 40.516ms
[2018-01-26T21:02:41.856+0530][4141.089s] GC(209) User=0.04s Sys=0.00s Real=0.04s
[2018-01-26T21:03:13.088+0530][4172.321s] GC(210) Pause Young (Allocation Failure)
[2018-01-26T21:03:13.106+0530][4172.338s] GC(210) Using 4 workers of 4 for evacuation
[2018-01-26T21:03:13.173+0530][4172.406s] GC(210) ParNew: 87438K->14K(109248K)
[2018-01-26T21:03:13.173+0530][4172.406s] GC(210) CMS: 155830K->155830K(393216K)
[2018-01-26T21:03:13.173+0530][4172.406s] GC(210) Metaspace: 47315K->47315K(1093632K)
[2018-01-26T21:03:13.177+0530][4172.409s] GC(210) Pause Young (Allocation Failure) 237M->152M(490M) 88.258ms
[2018-01-26T21:03:13.179+0530][4172.412s] GC(210) User=0.04s Sys=0.00s Real=0.09s
[2018-01-26T21:03:45.645+0530][4204.878s] GC(211) Pause Young (Allocation Failure)
[2018-01-26T21:03:45.653+0530][4204.886s] GC(211) Using 4 workers of 4 for evacuation
[2018-01-26T21:03:45.762+0530][4204.995s] GC(211) ParNew: 87438K->651K(109248K)
[2018-01-26T21:03:45.762+0530][4204.995s] GC(211) CMS: 155830K->155830K(393216K)
[2018-01-26T21:03:45.762+0530][4204.995s] GC(211) Metaspace: 47458K->47458K(1093632K)
[2018-01-26T21:03:45.764+0530][4204.997s] GC(211) Pause Young (Allocation Failure) 237M->152M(490M) 118.950ms
[2018-01-26T21:03:45.767+0530][4205.000s] GC(211) User=0.05s Sys=0.00s Real=0.12s
[2018-01-26T21:04:18.590+0530][4237.823s] GC(212) Pause Young (Allocation Failure)
[2018-01-26T21:04:18.596+0530][4237.829s] GC(212) Using 4 workers of 4 for evacuation
[2018-01-26T21:04:18.642+0530][4237.875s] GC(212) ParNew: 88075K->571K(109248K)
[2018-01-26T21:04:18.642+0530][4237.875s] GC(212) CMS: 155830K->155830K(393216K)
[2018-01-26T21:04:18.642+0530][4237.875s] GC(212) Metaspace: 47458K->47458K(1093632K)
[2018-01-26T21:04:18.645+0530][4237.877s] GC(212) Pause Young (Allocation Failure) 238M->152M(490M) 54.410ms
[2018-01-26T21:04:18.646+0530][4237.879s] GC(212) User=0.06s Sys=0.00s Real=0.06s
[2018-01-26T21:04:50.497+0530][4269.730s] GC(213) Pause Young (Allocation Failure)
[2018-01-26T21:04:50.502+0530][4269.735s] GC(213) Using 4 workers of 4 for evacuation
[2018-01-26T21:04:50.540+0530][4269.773s] GC(213) ParNew: 87995K->718K(109248K)
[2018-01-26T21:04:50.540+0530][4269.773s] GC(213) CMS: 155830K->155830K(393216K)
[2018-01-26T21:04:50.540+0530][4269.773s] GC(213) Metaspace: 47458K->47458K(1093632K)
[2018-01-26T21:04:50.542+0530][4269.775s] GC(213) Pause Young (Allocation Failure) 238M->152M(490M) 44.973ms
[2018-01-26T21:04:50.543+0530][4269.776s] GC(213) User=0.05s Sys=0.00s Real=0.05s
[2018-01-26T21:05:24.513+0530][4303.745s] GC(214) Pause Young (Allocation Failure)
[2018-01-26T21:05:24.518+0530][4303.751s] GC(214) Using 4 workers of 4 for evacuation
[2018-01-26T21:05:24.565+0530][4303.798s] GC(214) ParNew: 88142K->670K(109248K)
[2018-01-26T21:05:24.565+0530][4303.798s] GC(214) CMS: 155830K->155831K(393216K)
[2018-01-26T21:05:24.565+0530][4303.798s] GC(214) Metaspace: 47458K->47458K(1093632K)
[2018-01-26T21:05:24.567+0530][4303.800s] GC(214) Pause Young (Allocation Failure) 238M->152M(490M) 54.819ms
[2018-01-26T21:05:24.569+0530][4303.801s] GC(214) User=0.06s Sys=0.00s Real=0.05s
[2018-01-26T21:05:57.117+0530][4336.350s] GC(215) Pause Young (Allocation Failure)
[2018-01-26T21:05:57.124+0530][4336.357s] GC(215) Using 4 workers of 4 for evacuation
[2018-01-26T21:05:57.165+0530][4336.398s] GC(215) ParNew: 88094K->573K(109248K)
[2018-01-26T21:05:57.165+0530][4336.398s] GC(215) CMS: 155831K->155831K(393216K)
[2018-01-26T21:05:57.165+0530][4336.398s] GC(215) Metaspace: 47458K->47458K(1093632K)
[2018-01-26T21:05:57.167+0530][4336.400s] GC(215) Pause Young (Allocation Failure) 238M->152M(490M) 50.686ms
[2018-01-26T21:05:57.169+0530][4336.401s] GC(215) User=0.04s Sys=0.00s Real=0.05s
[2018-01-26T21:06:29.266+0530][4368.498s] GC(216) Pause Young (Allocation Failure)
[2018-01-26T21:06:29.270+0530][4368.503s] GC(216) Using 4 workers of 4 for evacuation
[2018-01-26T21:06:29.312+0530][4368.544s] GC(216) ParNew: 87997K->708K(109248K)
[2018-01-26T21:06:29.312+0530][4368.544s] GC(216) CMS: 155831K->155831K(393216K)
[2018-01-26T21:06:29.312+0530][4368.544s] GC(216) Metaspace: 47458K->47458K(1093632K)
[2018-01-26T21:06:29.314+0530][4368.547s] GC(216) Pause Young (Allocation Failure) 238M->152M(490M) 48.454ms
[2018-01-26T21:06:29.316+0530][4368.549s] GC(216) User=0.04s Sys=0.00s Real=0.05s
[2018-01-26T21:07:03.450+0530][4402.683s] GC(217) Pause Young (Allocation Failure)
[2018-01-26T21:07:03.454+0530][4402.687s] GC(217) Using 4 workers of 4 for evacuation
[2018-01-26T21:07:03.498+0530][4402.731s] GC(217) ParNew: 88131K->721K(109248K)
[2018-01-26T21:07:03.498+0530][4402.731s] GC(217) CMS: 155831K->155831K(393216K)
[2018-01-26T21:07:03.498+0530][4402.731s] GC(217) Metaspace: 47458K->47458K(1093632K)
[2018-01-26T21:07:03.500+0530][4402.733s] GC(217) Pause Young (Allocation Failure) 238M->152M(490M) 50.206ms
[2018-01-26T21:07:03.501+0530][4402.734s] GC(217) User=0.05s Sys=0.00s Real=0.06s
[2018-01-26T21:07:35.916+0530][4435.148s] GC(218) Pause Young (Allocation Failure)
[2018-01-26T21:07:35.921+0530][4435.153s] GC(218) Using 4 workers of 4 for evacuation
[2018-01-26T21:07:35.966+0530][4435.198s] GC(218) ParNew: 88145K->618K(109248K)
[2018-01-26T21:07:35.966+0530][4435.199s] GC(218) CMS: 155831K->155831K(393216K)
[2018-01-26T21:07:35.966+0530][4435.199s] GC(218) Metaspace: 47458K->47458K(1093632K)
[2018-01-26T21:07:35.968+0530][4435.201s] GC(218) Pause Young (Allocation Failure) 238M->152M(490M) 52.261ms
[2018-01-26T21:07:35.969+0530][4435.202s] GC(218) User=0.05s Sys=0.00s Real=0.05s
[2018-01-26T21:08:08.236+0530][4467.469s] GC(219) Pause Young (Allocation Failure)
[2018-01-26T21:08:08.241+0530][4467.474s] GC(219) Using 4 workers of 4 for evacuation
[2018-01-26T21:08:08.285+0530][4467.518s] GC(219) ParNew: 88042K->289K(109248K)
[2018-01-26T21:08:08.285+0530][4467.518s] GC(219) CMS: 155831K->156350K(393216K)
[2018-01-26T21:08:08.285+0530][4467.518s] GC(219) Metaspace: 47458K->47458K(1093632K)
[2018-01-26T21:08:08.287+0530][4467.520s] GC(219) Pause Young (Allocation Failure) 238M->152M(490M) 51.455ms
[2018-01-26T21:08:08.289+0530][4467.521s] GC(219) User=0.05s Sys=0.00s Real=0.06s
[2018-01-26T21:08:42.651+0530][4501.883s] GC(220) Pause Young (Allocation Failure)
[2018-01-26T21:08:42.655+0530][4501.888s] GC(220) Using 4 workers of 4 for evacuation
