[2018-01-27T02:32:50.129+0530][13465.243s] GC(516) Using 4 workers of 4 for evacuation
[2018-01-27T02:32:50.168+0530][13465.281s] GC(516) ParNew: 87440K->16K(109248K)
[2018-01-27T02:32:50.168+0530][13465.281s] GC(516) CMS: 61447K->61447K(393216K)
[2018-01-27T02:32:50.168+0530][13465.281s] GC(516) Metaspace: 49192K->49192K(1095680K)
[2018-01-27T02:32:50.170+0530][13465.284s] GC(516) Pause Young (Allocation Failure) 145M->60M(490M) 46.559ms
[2018-01-27T02:32:50.172+0530][13465.285s] GC(516) User=0.04s Sys=0.00s Real=0.05s
[2018-01-27T02:33:22.424+0530][13497.538s] GC(517) Pause Young (Allocation Failure)
[2018-01-27T02:33:22.430+0530][13497.543s] GC(517) Using 4 workers of 4 for evacuation
[2018-01-27T02:33:22.466+0530][13497.580s] GC(517) ParNew: 87440K->16K(109248K)
[2018-01-27T02:33:22.466+0530][13497.580s] GC(517) CMS: 61447K->61447K(393216K)
[2018-01-27T02:33:22.466+0530][13497.580s] GC(517) Metaspace: 49192K->49192K(1095680K)
[2018-01-27T02:33:22.468+0530][13497.582s] GC(517) Pause Young (Allocation Failure) 145M->60M(490M) 44.322ms
[2018-01-27T02:33:22.470+0530][13497.583s] GC(517) User=0.04s Sys=0.00s Real=0.04s
[2018-01-27T02:33:57.031+0530][13532.145s] GC(518) Pause Young (Allocation Failure)
[2018-01-27T02:33:57.036+0530][13532.149s] GC(518) Using 4 workers of 4 for evacuation
[2018-01-27T02:33:57.072+0530][13532.185s] GC(518) ParNew: 87440K->14K(109248K)
[2018-01-27T02:33:57.072+0530][13532.185s] GC(518) CMS: 61447K->61448K(393216K)
[2018-01-27T02:33:57.072+0530][13532.185s] GC(518) Metaspace: 49192K->49192K(1095680K)
[2018-01-27T02:33:57.074+0530][13532.187s] GC(518) Pause Young (Allocation Failure) 145M->60M(490M) 42.718ms
[2018-01-27T02:33:57.075+0530][13532.189s] GC(518) User=0.05s Sys=0.00s Real=0.05s
[2018-01-27T02:34:28.734+0530][13563.847s] GC(519) Pause Young (Allocation Failure)
[2018-01-27T02:34:28.740+0530][13563.853s] GC(519) Using 4 workers of 4 for evacuation
[2018-01-27T02:34:28.776+0530][13563.889s] GC(519) ParNew: 87438K->14K(109248K)
[2018-01-27T02:34:28.776+0530][13563.889s] GC(519) CMS: 61448K->61448K(393216K)
[2018-01-27T02:34:28.776+0530][13563.889s] GC(519) Metaspace: 49192K->49192K(1095680K)
[2018-01-27T02:34:28.778+0530][13563.892s] GC(519) Pause Young (Allocation Failure) 145M->60M(490M) 44.385ms
[2018-01-27T02:34:28.780+0530][13563.893s] GC(519) User=0.04s Sys=0.00s Real=0.06s
[2018-01-27T02:35:01.256+0530][13596.370s] GC(520) Pause Young (Allocation Failure)
[2018-01-27T02:35:01.261+0530][13596.374s] GC(520) Using 4 workers of 4 for evacuation
[2018-01-27T02:35:01.306+0530][13596.419s] GC(520) ParNew: 87438K->12K(109248K)
[2018-01-27T02:35:01.306+0530][13596.419s] GC(520) CMS: 61448K->61448K(393216K)
[2018-01-27T02:35:01.306+0530][13596.419s] GC(520) Metaspace: 49192K->49192K(1095680K)
[2018-01-27T02:35:01.308+0530][13596.421s] GC(520) Pause Young (Allocation Failure) 145M->60M(490M) 51.426ms
[2018-01-27T02:35:01.309+0530][13596.422s] GC(520) User=0.05s Sys=0.00s Real=0.05s
[2018-01-27T02:35:25.444+0530][13620.557s] GC(521) Pause Young (Allocation Failure)
[2018-01-27T02:35:25.449+0530][13620.562s] GC(521) Using 4 workers of 4 for evacuation
[2018-01-27T02:35:25.499+0530][13620.612s] GC(521) ParNew: 87436K->684K(109248K)
[2018-01-27T02:35:25.499+0530][13620.612s] GC(521) CMS: 61448K->61448K(393216K)
[2018-01-27T02:35:25.499+0530][13620.612s] GC(521) Metaspace: 49198K->49198K(1095680K)
[2018-01-27T02:35:25.501+0530][13620.614s] GC(521) Pause Young (Allocation Failure) 145M->60M(490M) 57.128ms
[2018-01-27T02:35:25.502+0530][13620.616s] GC(521) User=0.05s Sys=0.00s Real=0.06s
[2018-01-27T02:35:57.321+0530][13652.435s] GC(522) Pause Young (Allocation Failure)
[2018-01-27T02:35:57.328+0530][13652.441s] GC(522) Using 4 workers of 4 for evacuation
[2018-01-27T02:35:57.365+0530][13652.478s] GC(522) ParNew: 88108K->1075K(109248K)
[2018-01-27T02:35:57.365+0530][13652.478s] GC(522) CMS: 61448K->61448K(393216K)
[2018-01-27T02:35:57.365+0530][13652.478s] GC(522) Metaspace: 49198K->49198K(1095680K)
[2018-01-27T02:35:57.367+0530][13652.480s] GC(522) Pause Young (Allocation Failure) 146M->61M(490M) 45.634ms
[2018-01-27T02:35:57.368+0530][13652.481s] GC(522) User=0.04s Sys=0.00s Real=0.04s
[2018-01-27T02:36:31.417+0530][13686.530s] GC(523) Pause Young (Allocation Failure)
[2018-01-27T02:36:31.423+0530][13686.537s] GC(523) Using 4 workers of 4 for evacuation
[2018-01-27T02:36:31.471+0530][13686.584s] GC(523) ParNew: 88499K->789K(109248K)
[2018-01-27T02:36:31.471+0530][13686.584s] GC(523) CMS: 61448K->61448K(393216K)
[2018-01-27T02:36:31.471+0530][13686.584s] GC(523) Metaspace: 49198K->49198K(1095680K)
[2018-01-27T02:36:31.473+0530][13686.586s] GC(523) Pause Young (Allocation Failure) 146M->60M(490M) 56.020ms
[2018-01-27T02:36:31.474+0530][13686.588s] GC(523) User=0.05s Sys=0.00s Real=0.06s
[2018-01-27T02:36:55.131+0530][13710.244s] GC(524) Pause Young (Allocation Failure)
[2018-01-27T02:36:55.135+0530][13710.248s] GC(524) Using 4 workers of 4 for evacuation
[2018-01-27T02:36:55.172+0530][13710.285s] GC(524) ParNew: 88213K->1021K(109248K)
[2018-01-27T02:36:55.172+0530][13710.285s] GC(524) CMS: 61448K->61448K(393216K)
[2018-01-27T02:36:55.172+0530][13710.285s] GC(524) Metaspace: 49227K->49227K(1095680K)
[2018-01-27T02:36:55.174+0530][13710.287s] GC(524) Pause Young (Allocation Failure) 146M->61M(490M) 43.076ms
[2018-01-27T02:36:55.175+0530][13710.289s] GC(524) User=0.05s Sys=0.00s Real=0.05s
[2018-01-27T02:37:27.300+0530][13742.413s] GC(525) Pause Young (Allocation Failure)
[2018-01-27T02:37:27.304+0530][13742.418s] GC(525) Using 4 workers of 4 for evacuation
[2018-01-27T02:37:27.343+0530][13742.456s] GC(525) ParNew: 88445K->1012K(109248K)
[2018-01-27T02:37:27.343+0530][13742.457s] GC(525) CMS: 61448K->61448K(393216K)
[2018-01-27T02:37:27.343+0530][13742.457s] GC(525) Metaspace: 49227K->49227K(1095680K)
[2018-01-27T02:37:27.345+0530][13742.459s] GC(525) Pause Young (Allocation Failure) 146M->60M(490M) 45.402ms
[2018-01-27T02:37:27.346+0530][13742.460s] GC(525) User=0.05s Sys=0.00s Real=0.04s
[2018-01-27T02:38:01.209+0530][13776.322s] GC(526) Pause Young (Allocation Failure)
[2018-01-27T02:38:01.216+0530][13776.329s] GC(526) Using 4 workers of 4 for evacuation
[2018-01-27T02:38:01.255+0530][13776.368s] GC(526) ParNew: 88436K->818K(109248K)
[2018-01-27T02:38:01.255+0530][13776.368s] GC(526) CMS: 61448K->61448K(393216K)
[2018-01-27T02:38:01.255+0530][13776.368s] GC(526) Metaspace: 49227K->49227K(1095680K)
[2018-01-27T02:38:01.257+0530][13776.370s] GC(526) Pause Young (Allocation Failure) 146M->60M(490M) 48.025ms
[2018-01-27T02:38:01.258+0530][13776.371s] GC(526) User=0.04s Sys=0.00s Real=0.05s
[2018-01-27T02:38:24.225+0530][13799.338s] GC(527) Pause Young (Allocation Failure)
[2018-01-27T02:38:24.230+0530][13799.343s] GC(527) Using 4 workers of 4 for evacuation
[2018-01-27T02:38:24.263+0530][13799.377s] GC(527) ParNew: 88242K->1231K(109248K)
[2018-01-27T02:38:24.263+0530][13799.377s] GC(527) CMS: 61448K->61448K(393216K)
[2018-01-27T02:38:24.263+0530][13799.377s] GC(527) Metaspace: 49250K->49250K(1095680K)
[2018-01-27T02:38:24.266+0530][13799.379s] GC(527) Pause Young (Allocation Failure) 146M->61M(490M) 40.730ms
[2018-01-27T02:38:24.267+0530][13799.380s] GC(527) User=0.04s Sys=0.00s Real=0.04s
[2018-01-27T02:38:58.775+0530][13833.888s] GC(528) Pause Young (Allocation Failure)
[2018-01-27T02:38:58.782+0530][13833.896s] GC(528) Using 4 workers of 4 for evacuation
[2018-01-27T02:38:58.832+0530][13833.946s] GC(528) ParNew: 88655K->990K(109248K)
[2018-01-27T02:38:58.832+0530][13833.946s] GC(528) CMS: 61448K->61448K(393216K)
[2018-01-27T02:38:58.832+0530][13833.946s] GC(528) Metaspace: 49250K->49250K(1095680K)
[2018-01-27T02:38:58.835+0530][13833.948s] GC(528) Pause Young (Allocation Failure) 146M->60M(490M) 59.639ms
[2018-01-27T02:38:58.843+0530][13833.956s] GC(528) User=0.04s Sys=0.00s Real=0.06s
[2018-01-27T02:39:21.863+0530][13856.976s] GC(529) Pause Young (Allocation Failure)
[2018-01-27T02:39:21.868+0530][13856.981s] GC(529) Using 4 workers of 4 for evacuation
[2018-01-27T02:39:21.904+0530][13857.017s] GC(529) ParNew: 88414K->796K(109248K)
[2018-01-27T02:39:21.904+0530][13857.017s] GC(529) CMS: 61448K->61537K(393216K)
[2018-01-27T02:39:21.904+0530][13857.017s] GC(529) Metaspace: 49257K->49257K(1095680K)
[2018-01-27T02:39:21.906+0530][13857.019s] GC(529) Pause Young (Allocation Failure) 146M->60M(490M) 42.823ms
[2018-01-27T02:39:21.907+0530][13857.021s] GC(529) User=0.04s Sys=0.00s Real=0.04s
[2018-01-27T02:39:54.467+0530][13889.581s] GC(530) Pause Young (Allocation Failure)
[2018-01-27T02:39:54.481+0530][13889.594s] GC(530) Using 4 workers of 4 for evacuation
[2018-01-27T02:39:54.597+0530][13889.711s] GC(530) ParNew: 88220K->990K(109248K)
[2018-01-27T02:39:54.597+0530][13889.711s] GC(530) CMS: 61537K->61537K(393216K)
[2018-01-27T02:39:54.597+0530][13889.711s] GC(530) Metaspace: 49257K->49257K(1095680K)
[2018-01-27T02:39:54.599+0530][13889.713s] GC(530) Pause Young (Allocation Failure) 146M->61M(490M) 132.020ms
[2018-01-27T02:39:54.603+0530][13889.717s] GC(530) User=0.06s Sys=0.00s Real=0.14s
[2018-01-27T02:40:27.709+0530][13922.822s] GC(531) Pause Young (Allocation Failure)
[2018-01-27T02:40:27.713+0530][13922.827s] GC(531) Using 4 workers of 4 for evacuation
[2018-01-27T02:40:27.758+0530][13922.872s] GC(531) ParNew: 88414K->763K(109248K)
[2018-01-27T02:40:27.758+0530][13922.872s] GC(531) CMS: 61537K->61537K(393216K)
[2018-01-27T02:40:27.759+0530][13922.872s] GC(531) Metaspace: 49257K->49257K(1095680K)
[2018-01-27T02:40:27.761+0530][13922.874s] GC(531) Pause Young (Allocation Failure) 146M->60M(490M) 51.491ms
[2018-01-27T02:40:27.762+0530][13922.875s] GC(531) User=0.05s Sys=0.00s Real=0.06s
[2018-01-27T02:41:00.332+0530][13955.445s] GC(532) Pause Young (Allocation Failure)
[2018-01-27T02:41:00.336+0530][13955.450s] GC(532) Using 4 workers of 4 for evacuation
[2018-01-27T02:41:00.386+0530][13955.499s] GC(532) ParNew: 88187K->1135K(109248K)
[2018-01-27T02:41:00.386+0530][13955.499s] GC(532) CMS: 61537K->61566K(393216K)
[2018-01-27T02:41:00.386+0530][13955.499s] GC(532) Metaspace: 49257K->49257K(1095680K)
[2018-01-27T02:41:00.388+0530][13955.501s] GC(532) Pause Young (Allocation Failure) 146M->61M(490M) 56.321ms
[2018-01-27T02:41:00.389+0530][13955.503s] GC(532) User=0.05s Sys=0.00s Real=0.06s
[2018-01-27T02:41:32.990+0530][13988.103s] GC(533) Pause Young (Allocation Failure)
[2018-01-27T02:41:32.994+0530][13988.108s] GC(533) Using 4 workers of 4 for evacuation
[2018-01-27T02:41:33.046+0530][13988.159s] GC(533) ParNew: 88559K->777K(109248K)
[2018-01-27T02:41:33.046+0530][13988.159s] GC(533) CMS: 61566K->61566K(393216K)
[2018-01-27T02:41:33.046+0530][13988.159s] GC(533) Metaspace: 49258K->49258K(1095680K)
[2018-01-27T02:41:33.048+0530][13988.161s] GC(533) Pause Young (Allocation Failure) 146M->60M(490M) 57.938ms
[2018-01-27T02:41:33.049+0530][13988.163s] GC(533) User=0.06s Sys=0.00s Real=0.06s
[2018-01-27T02:42:05.568+0530][14020.682s] GC(534) Pause Young (Allocation Failure)
[2018-01-27T02:42:05.576+0530][14020.690s] GC(534) Using 4 workers of 4 for evacuation
[2018-01-27T02:42:05.616+0530][14020.729s] GC(534) ParNew: 88201K->917K(109248K)
[2018-01-27T02:42:05.616+0530][14020.729s] GC(534) CMS: 61566K->61566K(393216K)
[2018-01-27T02:42:05.616+0530][14020.729s] GC(534) Metaspace: 49258K->49258K(1095680K)
[2018-01-27T02:42:05.618+0530][14020.732s] GC(534) Pause Young (Allocation Failure) 146M->61M(490M) 49.752ms
[2018-01-27T02:42:05.620+0530][14020.733s] GC(534) User=0.05s Sys=0.00s Real=0.05s
[2018-01-27T02:42:36.979+0530][14052.093s] GC(535) Pause Young (Allocation Failure)
[2018-01-27T02:42:36.983+0530][14052.097s] GC(535) Using 4 workers of 4 for evacuation
[2018-01-27T02:42:37.028+0530][14052.142s] GC(535) ParNew: 88341K->900K(109248K)
[2018-01-27T02:42:37.028+0530][14052.142s] GC(535) CMS: 61566K->61570K(393216K)
[2018-01-27T02:42:37.028+0530][14052.142s] GC(535) Metaspace: 49260K->49260K(1095680K)
[2018-01-27T02:42:37.030+0530][14052.144s] GC(535) Pause Young (Allocation Failure) 146M->61M(490M) 51.192ms
[2018-01-27T02:42:37.032+0530][14052.145s] GC(535) User=0.05s Sys=0.00s Real=0.06s
[2018-01-27T02:43:02.847+0530][14077.961s] GC(536) Pause Young (Allocation Failure)
[2018-01-27T02:43:02.853+0530][14077.966s] GC(536) Using 4 workers of 4 for evacuation
[2018-01-27T02:43:02.957+0530][14078.070s] GC(536) ParNew: 88324K->811K(109248K)
[2018-01-27T02:43:02.957+0530][14078.070s] GC(536) CMS: 61570K->61570K(393216K)
[2018-01-27T02:43:02.957+0530][14078.070s] GC(536) Metaspace: 49262K->49262K(1095680K)
[2018-01-27T02:43:02.961+0530][14078.075s] GC(536) Pause Young (Allocation Failure) 146M->60M(490M) 113.935ms
[2018-01-27T02:43:02.963+0530][14078.076s] GC(536) User=0.05s Sys=0.00s Real=0.12s
[2018-01-27T02:43:35.651+0530][14110.764s] GC(537) Pause Young (Allocation Failure)
[2018-01-27T02:43:35.656+0530][14110.770s] GC(537) Using 4 workers of 4 for evacuation
[2018-01-27T02:43:35.695+0530][14110.809s] GC(537) ParNew: 88235K->1124K(109248K)
[2018-01-27T02:43:35.695+0530][14110.809s] GC(537) CMS: 61570K->61597K(393216K)
[2018-01-27T02:43:35.695+0530][14110.809s] GC(537) Metaspace: 49262K->49262K(1095680K)
[2018-01-27T02:43:35.698+0530][14110.811s] GC(537) Pause Young (Allocation Failure) 146M->61M(490M) 46.476ms
[2018-01-27T02:43:35.699+0530][14110.812s] GC(537) User=0.04s Sys=0.00s Real=0.05s
[2018-01-27T02:44:07.598+0530][14142.712s] GC(538) Pause Young (Allocation Failure)
[2018-01-27T02:44:07.610+0530][14142.723s] GC(538) Using 4 workers of 4 for evacuation
[2018-01-27T02:44:07.710+0530][14142.823s] GC(538) ParNew: 88547K->830K(109248K)
[2018-01-27T02:44:07.710+0530][14142.823s] GC(538) CMS: 61597K->61597K(393216K)
[2018-01-27T02:44:07.710+0530][14142.823s] GC(538) Metaspace: 49262K->49262K(1095680K)
[2018-01-27T02:44:07.717+0530][14142.831s] GC(538) Pause Young (Allocation Failure) 146M->60M(490M) 118.834ms
[2018-01-27T02:44:07.721+0530][14142.835s] GC(538) User=0.04s Sys=0.01s Real=0.12s
[2018-01-27T02:44:41.391+0530][14176.505s] GC(539) Pause Young (Allocation Failure)
[2018-01-27T02:44:41.404+0530][14176.518s] GC(539) Using 4 workers of 4 for evacuation
[2018-01-27T02:44:41.439+0530][14176.553s] GC(539) ParNew: 88254K->883K(109248K)
[2018-01-27T02:44:41.439+0530][14176.553s] GC(539) CMS: 61597K->61597K(393216K)
[2018-01-27T02:44:41.439+0530][14176.553s] GC(539) Metaspace: 49262K->49262K(1095680K)
[2018-01-27T02:44:41.442+0530][14176.555s] GC(539) Pause Young (Allocation Failure) 146M->61M(490M) 50.360ms
[2018-01-27T02:44:41.443+0530][14176.556s] GC(539) User=0.04s Sys=0.00s Real=0.06s
[2018-01-27T02:45:13.996+0530][14209.109s] GC(540) Pause Young (Allocation Failure)
[2018-01-27T02:45:14.000+0530][14209.114s] GC(540) Using 4 workers of 4 for evacuation
[2018-01-27T02:45:14.041+0530][14209.154s] GC(540) ParNew: 88307K->835K(109248K)
[2018-01-27T02:45:14.041+0530][14209.154s] GC(540) CMS: 61597K->61597K(393216K)
[2018-01-27T02:45:14.041+0530][14209.154s] GC(540) Metaspace: 49262K->49262K(1095680K)
[2018-01-27T02:45:14.043+0530][14209.156s] GC(540) Pause Young (Allocation Failure) 146M->60M(490M) 47.215ms
[2018-01-27T02:45:14.044+0530][14209.157s] GC(540) User=0.04s Sys=0.00s Real=0.05s
[2018-01-27T02:45:46.019+0530][14241.133s] GC(541) Pause Young (Allocation Failure)
[2018-01-27T02:45:46.024+0530][14241.138s] GC(541) Using 4 workers of 4 for evacuation
[2018-01-27T02:45:46.065+0530][14241.178s] GC(541) ParNew: 88259K->842K(109248K)
[2018-01-27T02:45:46.065+0530][14241.178s] GC(541) CMS: 61597K->61597K(393216K)
[2018-01-27T02:45:46.065+0530][14241.178s] GC(541) Metaspace: 49262K->49262K(1095680K)
[2018-01-27T02:45:46.067+0530][14241.180s] GC(541) Pause Young (Allocation Failure) 146M->60M(490M) 47.388ms
[2018-01-27T02:45:46.068+0530][14241.181s] GC(541) User=0.04s Sys=0.01s Real=0.04s
[2018-01-27T02:46:19.990+0530][14275.103s] GC(542) Pause Young (Allocation Failure)
[2018-01-27T02:46:19.994+0530][14275.108s] GC(542) Using 4 workers of 4 for evacuation
[2018-01-27T02:46:20.029+0530][14275.142s] GC(542) ParNew: 88266K->767K(109248K)
[2018-01-27T02:46:20.029+0530][14275.143s] GC(542) CMS: 61597K->61597K(393216K)
[2018-01-27T02:46:20.029+0530][14275.143s] GC(542) Metaspace: 49262K->49262K(1095680K)
[2018-01-27T02:46:20.031+0530][14275.145s] GC(542) Pause Young (Allocation Failure) 146M->60M(490M) 41.144ms
[2018-01-27T02:46:20.033+0530][14275.146s] GC(542) User=0.04s Sys=0.00s Real=0.04s
[2018-01-27T02:46:52.780+0530][14307.894s] GC(543) Pause Young (Allocation Failure)
[2018-01-27T02:46:52.790+0530][14307.903s] GC(543) Using 4 workers of 4 for evacuation
[2018-01-27T02:46:52.876+0530][14307.989s] GC(543) ParNew: 88191K->1074K(109248K)
[2018-01-27T02:46:52.876+0530][14307.989s] GC(543) CMS: 61597K->61615K(393216K)
[2018-01-27T02:46:52.876+0530][14307.989s] GC(543) Metaspace: 49262K->49262K(1095680K)
[2018-01-27T02:46:52.878+0530][14307.991s] GC(543) Pause Young (Allocation Failure) 146M->61M(490M) 97.786ms
[2018-01-27T02:46:52.884+0530][14307.998s] GC(543) User=0.04s Sys=0.00s Real=0.10s
[2018-01-27T02:47:24.874+0530][14339.987s] GC(544) Pause Young (Allocation Failure)
[2018-01-27T02:47:24.878+0530][14339.991s] GC(544) Using 4 workers of 4 for evacuation
[2018-01-27T02:47:24.920+0530][14340.034s] GC(544) ParNew: 88498K->243K(109248K)
[2018-01-27T02:47:24.920+0530][14340.034s] GC(544) CMS: 61615K->62196K(393216K)
[2018-01-27T02:47:24.920+0530][14340.034s] GC(544) Metaspace: 49262K->49262K(1095680K)
[2018-01-27T02:47:24.923+0530][14340.036s] GC(544) Pause Young (Allocation Failure) 146M->60M(490M) 48.942ms
[2018-01-27T02:47:24.924+0530][14340.037s] GC(544) User=0.04s Sys=0.00s Real=0.05s
[2018-01-27T02:47:58.657+0530][14373.771s] GC(545) Pause Young (Allocation Failure)
[2018-01-27T02:47:58.666+0530][14373.780s] GC(545) Using 4 workers of 4 for evacuation
[2018-01-27T02:47:58.707+0530][14373.821s] GC(545) ParNew: 87667K->46K(109248K)
[2018-01-27T02:47:58.707+0530][14373.821s] GC(545) CMS: 62196K->62196K(393216K)
[2018-01-27T02:47:58.708+0530][14373.821s] GC(545) Metaspace: 49262K->49262K(1095680K)
[2018-01-27T02:47:58.710+0530][14373.823s] GC(545) Pause Young (Allocation Failure) 146M->60M(490M) 52.468ms
[2018-01-27T02:47:58.711+0530][14373.825s] GC(545) User=0.05s Sys=0.00s Real=0.05s
[2018-01-27T02:48:30.332+0530][14405.446s] GC(546) Pause Young (Allocation Failure)
[2018-01-27T02:48:30.337+0530][14405.450s] GC(546) Using 4 workers of 4 for evacuation
[2018-01-27T02:48:30.381+0530][14405.495s] GC(546) ParNew: 87470K->148K(109248K)
[2018-01-27T02:48:30.381+0530][14405.495s] GC(546) CMS: 62196K->62196K(393216K)
[2018-01-27T02:48:30.381+0530][14405.495s] GC(546) Metaspace: 49262K->49262K(1095680K)
[2018-01-27T02:48:30.384+0530][14405.497s] GC(546) Pause Young (Allocation Failure) 146M->60M(490M) 51.607ms
[2018-01-27T02:48:30.385+0530][14405.498s] GC(546) User=0.05s Sys=0.00s Real=0.05s
[2018-01-27T02:49:03.461+0530][14438.574s] GC(547) Pause Young (Allocation Failure)
[2018-01-27T02:49:03.465+0530][14438.579s] GC(547) Using 4 workers of 4 for evacuation
[2018-01-27T02:49:03.504+0530][14438.618s] GC(547) ParNew: 87572K->195K(109248K)
[2018-01-27T02:49:03.504+0530][14438.618s] GC(547) CMS: 62196K->62196K(393216K)
[2018-01-27T02:49:03.504+0530][14438.618s] GC(547) Metaspace: 49262K->49262K(1095680K)
[2018-01-27T02:49:03.506+0530][14438.620s] GC(547) Pause Young (Allocation Failure) 146M->60M(490M) 45.411ms
[2018-01-27T02:49:03.508+0530][14438.621s] GC(547) User=0.04s Sys=0.00s Real=0.05s
[2018-01-27T02:49:36.217+0530][14471.330s] GC(548) Pause Young (Allocation Failure)
[2018-01-27T02:49:36.222+0530][14471.335s] GC(548) Using 4 workers of 4 for evacuation
[2018-01-27T02:49:36.267+0530][14471.380s] GC(548) ParNew: 87619K->179K(109248K)
[2018-01-27T02:49:36.267+0530][14471.380s] GC(548) CMS: 62196K->62196K(393216K)
[2018-01-27T02:49:36.267+0530][14471.380s] GC(548) Metaspace: 49262K->49262K(1095680K)
[2018-01-27T02:49:36.270+0530][14471.383s] GC(548) Pause Young (Allocation Failure) 146M->60M(490M) 52.659ms
