[2018-01-27T03:25:07.549+0530][16602.663s] GC(614) Metaspace: 49286K->49286K(1095680K)
[2018-01-27T03:25:07.551+0530][16602.665s] GC(614) Pause Young (Allocation Failure) 147M->61M(490M) 47.754ms
[2018-01-27T03:25:07.553+0530][16602.666s] GC(614) User=0.04s Sys=0.00s Real=0.05s
[2018-01-27T03:25:41.498+0530][16636.612s] GC(615) Pause Young (Allocation Failure)
[2018-01-27T03:25:41.503+0530][16636.617s] GC(615) Using 4 workers of 4 for evacuation
[2018-01-27T03:25:41.547+0530][16636.661s] GC(615) ParNew: 87440K->16K(109248K)
[2018-01-27T03:25:41.547+0530][16636.661s] GC(615) CMS: 63270K->63270K(393216K)
[2018-01-27T03:25:41.547+0530][16636.661s] GC(615) Metaspace: 49286K->49286K(1095680K)
[2018-01-27T03:25:41.550+0530][16636.663s] GC(615) Pause Young (Allocation Failure) 147M->61M(490M) 51.055ms
[2018-01-27T03:25:41.551+0530][16636.664s] GC(615) User=0.04s Sys=0.00s Real=0.05s
[2018-01-27T03:26:13.695+0530][16668.809s] GC(616) Pause Young (Allocation Failure)
[2018-01-27T03:26:13.700+0530][16668.814s] GC(616) Using 4 workers of 4 for evacuation
[2018-01-27T03:26:13.737+0530][16668.850s] GC(616) ParNew: 87440K->16K(109248K)
[2018-01-27T03:26:13.737+0530][16668.851s] GC(616) CMS: 63270K->63270K(393216K)
[2018-01-27T03:26:13.737+0530][16668.851s] GC(616) Metaspace: 49286K->49286K(1095680K)
[2018-01-27T03:26:13.739+0530][16668.852s] GC(616) Pause Young (Allocation Failure) 147M->61M(490M) 43.728ms
[2018-01-27T03:26:13.740+0530][16668.854s] GC(616) User=0.04s Sys=0.00s Real=0.04s
[2018-01-27T03:26:45.292+0530][16700.406s] GC(617) Pause Young (Allocation Failure)
[2018-01-27T03:26:45.297+0530][16700.410s] GC(617) Using 4 workers of 4 for evacuation
[2018-01-27T03:26:45.338+0530][16700.451s] GC(617) ParNew: 87440K->14K(109248K)
[2018-01-27T03:26:45.338+0530][16700.451s] GC(617) CMS: 63270K->63270K(393216K)
[2018-01-27T03:26:45.338+0530][16700.451s] GC(617) Metaspace: 49286K->49286K(1095680K)
[2018-01-27T03:26:45.340+0530][16700.453s] GC(617) Pause Young (Allocation Failure) 147M->61M(490M) 47.521ms
[2018-01-27T03:26:45.341+0530][16700.454s] GC(617) User=0.05s Sys=0.00s Real=0.05s
[2018-01-27T03:27:19.667+0530][16734.781s] GC(618) Pause Young (Allocation Failure)
[2018-01-27T03:27:19.674+0530][16734.788s] GC(618) Using 4 workers of 4 for evacuation
[2018-01-27T03:27:19.711+0530][16734.824s] GC(618) ParNew: 87438K->16K(109248K)
[2018-01-27T03:27:19.711+0530][16734.824s] GC(618) CMS: 63270K->63270K(393216K)
[2018-01-27T03:27:19.711+0530][16734.824s] GC(618) Metaspace: 49286K->49286K(1095680K)
[2018-01-27T03:27:19.713+0530][16734.826s] GC(618) Pause Young (Allocation Failure) 147M->61M(490M) 45.334ms
[2018-01-27T03:27:19.714+0530][16734.827s] GC(618) User=0.05s Sys=0.00s Real=0.05s
[2018-01-27T03:27:50.935+0530][16766.048s] GC(619) Pause Young (Allocation Failure)
[2018-01-27T03:27:50.939+0530][16766.053s] GC(619) Using 4 workers of 4 for evacuation
[2018-01-27T03:27:50.975+0530][16766.088s] GC(619) ParNew: 87440K->28K(109248K)
[2018-01-27T03:27:50.975+0530][16766.088s] GC(619) CMS: 63270K->63270K(393216K)
[2018-01-27T03:27:50.975+0530][16766.088s] GC(619) Metaspace: 49286K->49286K(1095680K)
[2018-01-27T03:27:50.977+0530][16766.090s] GC(619) Pause Young (Allocation Failure) 147M->61M(490M) 42.081ms
[2018-01-27T03:27:50.978+0530][16766.092s] GC(619) User=0.05s Sys=0.00s Real=0.04s
[2018-01-27T03:28:23.260+0530][16798.374s] GC(620) Pause Young (Allocation Failure)
[2018-01-27T03:28:23.265+0530][16798.378s] GC(620) Using 4 workers of 4 for evacuation
[2018-01-27T03:28:23.307+0530][16798.420s] GC(620) ParNew: 87452K->28K(109248K)
[2018-01-27T03:28:23.307+0530][16798.420s] GC(620) CMS: 63270K->63270K(393216K)
[2018-01-27T03:28:23.307+0530][16798.420s] GC(620) Metaspace: 49286K->49286K(1095680K)
[2018-01-27T03:28:23.309+0530][16798.422s] GC(620) Pause Young (Allocation Failure) 147M->61M(490M) 48.336ms
[2018-01-27T03:28:23.310+0530][16798.423s] GC(620) User=0.05s Sys=0.00s Real=0.04s
[2018-01-27T03:28:57.416+0530][16832.530s] GC(621) Pause Young (Allocation Failure)
[2018-01-27T03:28:57.422+0530][16832.535s] GC(621) Using 4 workers of 4 for evacuation
[2018-01-27T03:28:57.455+0530][16832.569s] GC(621) ParNew: 87452K->28K(109248K)
[2018-01-27T03:28:57.455+0530][16832.569s] GC(621) CMS: 63270K->63270K(393216K)
[2018-01-27T03:28:57.455+0530][16832.569s] GC(621) Metaspace: 49286K->49286K(1095680K)
[2018-01-27T03:28:57.457+0530][16832.570s] GC(621) Pause Young (Allocation Failure) 147M->61M(490M) 40.769ms
[2018-01-27T03:28:57.458+0530][16832.572s] GC(621) User=0.04s Sys=0.00s Real=0.04s
[2018-01-27T03:29:29.422+0530][16864.536s] GC(622) Pause Young (Allocation Failure)
[2018-01-27T03:29:29.429+0530][16864.542s] GC(622) Using 4 workers of 4 for evacuation
[2018-01-27T03:29:29.466+0530][16864.580s] GC(622) ParNew: 87452K->28K(109248K)
[2018-01-27T03:29:29.466+0530][16864.580s] GC(622) CMS: 63270K->63270K(393216K)
[2018-01-27T03:29:29.466+0530][16864.580s] GC(622) Metaspace: 49286K->49286K(1095680K)
[2018-01-27T03:29:29.468+0530][16864.582s] GC(622) Pause Young (Allocation Failure) 147M->61M(490M) 45.982ms
[2018-01-27T03:29:29.470+0530][16864.583s] GC(622) User=0.05s Sys=0.00s Real=0.04s
[2018-01-27T03:30:01.474+0530][16896.587s] GC(623) Pause Young (Allocation Failure)
[2018-01-27T03:30:01.482+0530][16896.596s] GC(623) Using 4 workers of 4 for evacuation
[2018-01-27T03:30:01.573+0530][16896.687s] GC(623) ParNew: 87452K->28K(109248K)
[2018-01-27T03:30:01.573+0530][16896.687s] GC(623) CMS: 63270K->63270K(393216K)
[2018-01-27T03:30:01.573+0530][16896.687s] GC(623) Metaspace: 49289K->49289K(1095680K)
[2018-01-27T03:30:01.577+0530][16896.690s] GC(623) Pause Young (Allocation Failure) 147M->61M(490M) 102.831ms
[2018-01-27T03:30:01.579+0530][16896.692s] GC(623) User=0.05s Sys=0.00s Real=0.10s
[2018-01-27T03:30:35.474+0530][16930.587s] GC(624) Pause Young (Allocation Failure)
[2018-01-27T03:30:35.480+0530][16930.594s] GC(624) Using 4 workers of 4 for evacuation
[2018-01-27T03:30:35.521+0530][16930.634s] GC(624) ParNew: 87452K->30K(109248K)
[2018-01-27T03:30:35.521+0530][16930.634s] GC(624) CMS: 63270K->63270K(393216K)
[2018-01-27T03:30:35.521+0530][16930.634s] GC(624) Metaspace: 49289K->49289K(1095680K)
[2018-01-27T03:30:35.523+0530][16930.636s] GC(624) Pause Young (Allocation Failure) 147M->61M(490M) 49.322ms
[2018-01-27T03:30:35.524+0530][16930.638s] GC(624) User=0.05s Sys=0.00s Real=0.05s
[2018-01-27T03:31:07.540+0530][16962.653s] GC(625) Pause Young (Allocation Failure)
[2018-01-27T03:31:07.549+0530][16962.662s] GC(625) Using 4 workers of 4 for evacuation
[2018-01-27T03:31:07.598+0530][16962.711s] GC(625) ParNew: 87454K->30K(109248K)
[2018-01-27T03:31:07.598+0530][16962.711s] GC(625) CMS: 63270K->63270K(393216K)
[2018-01-27T03:31:07.598+0530][16962.711s] GC(625) Metaspace: 49289K->49289K(1095680K)
[2018-01-27T03:31:07.600+0530][16962.713s] GC(625) Pause Young (Allocation Failure) 147M->61M(490M) 60.252ms
[2018-01-27T03:31:07.602+0530][16962.715s] GC(625) User=0.06s Sys=0.00s Real=0.07s
[2018-01-27T03:31:39.534+0530][16994.648s] GC(626) Pause Young (Allocation Failure)
[2018-01-27T03:31:39.539+0530][16994.653s] GC(626) Using 4 workers of 4 for evacuation
[2018-01-27T03:31:39.575+0530][16994.689s] GC(626) ParNew: 87454K->28K(109248K)
[2018-01-27T03:31:39.576+0530][16994.689s] GC(626) CMS: 63270K->63270K(393216K)
[2018-01-27T03:31:39.576+0530][16994.689s] GC(626) Metaspace: 49297K->49297K(1095680K)
[2018-01-27T03:31:39.577+0530][16994.691s] GC(626) Pause Young (Allocation Failure) 147M->61M(490M) 43.199ms
[2018-01-27T03:31:39.579+0530][16994.692s] GC(626) User=0.05s Sys=0.00s Real=0.04s
[2018-01-27T03:32:13.682+0530][17028.795s] GC(627) Pause Young (Allocation Failure)
[2018-01-27T03:32:13.687+0530][17028.800s] GC(627) Using 4 workers of 4 for evacuation
[2018-01-27T03:32:13.722+0530][17028.836s] GC(627) ParNew: 87452K->14K(109248K)
[2018-01-27T03:32:13.722+0530][17028.836s] GC(627) CMS: 63270K->63285K(393216K)
[2018-01-27T03:32:13.722+0530][17028.836s] GC(627) Metaspace: 49297K->49297K(1095680K)
[2018-01-27T03:32:13.724+0530][17028.838s] GC(627) Pause Young (Allocation Failure) 147M->61M(490M) 42.349ms
[2018-01-27T03:32:13.725+0530][17028.839s] GC(627) User=0.04s Sys=0.00s Real=0.04s
[2018-01-27T03:32:46.269+0530][17061.382s] GC(628) Pause Young (Allocation Failure)
[2018-01-27T03:32:46.273+0530][17061.386s] GC(628) Using 4 workers of 4 for evacuation
[2018-01-27T03:32:46.312+0530][17061.425s] GC(628) ParNew: 87438K->16K(109248K)
[2018-01-27T03:32:46.312+0530][17061.425s] GC(628) CMS: 63285K->63285K(393216K)
[2018-01-27T03:32:46.312+0530][17061.425s] GC(628) Metaspace: 49297K->49297K(1095680K)
[2018-01-27T03:32:46.315+0530][17061.428s] GC(628) Pause Young (Allocation Failure) 147M->61M(490M) 45.644ms
[2018-01-27T03:32:46.316+0530][17061.429s] GC(628) User=0.04s Sys=0.00s Real=0.05s
[2018-01-27T03:33:18.228+0530][17093.341s] GC(629) Pause Young (Allocation Failure)
[2018-01-27T03:33:18.232+0530][17093.345s] GC(629) Using 4 workers of 4 for evacuation
[2018-01-27T03:33:18.308+0530][17093.421s] GC(629) ParNew: 87440K->16K(109248K)
[2018-01-27T03:33:18.308+0530][17093.422s] GC(629) CMS: 63285K->63285K(393216K)
[2018-01-27T03:33:18.308+0530][17093.422s] GC(629) Metaspace: 49297K->49297K(1095680K)
[2018-01-27T03:33:18.311+0530][17093.424s] GC(629) Pause Young (Allocation Failure) 147M->61M(490M) 83.054ms
[2018-01-27T03:33:18.312+0530][17093.425s] GC(629) User=0.04s Sys=0.00s Real=0.09s
[2018-01-27T03:33:52.246+0530][17127.359s] GC(630) Pause Young (Allocation Failure)
[2018-01-27T03:33:52.253+0530][17127.366s] GC(630) Using 4 workers of 4 for evacuation
[2018-01-27T03:33:52.294+0530][17127.407s] GC(630) ParNew: 87440K->16K(109248K)
[2018-01-27T03:33:52.294+0530][17127.407s] GC(630) CMS: 63285K->63285K(393216K)
[2018-01-27T03:33:52.294+0530][17127.407s] GC(630) Metaspace: 49297K->49297K(1095680K)
[2018-01-27T03:33:52.296+0530][17127.409s] GC(630) Pause Young (Allocation Failure) 147M->61M(490M) 50.095ms
[2018-01-27T03:33:52.297+0530][17127.411s] GC(630) User=0.05s Sys=0.00s Real=0.05s
[2018-01-27T03:34:24.662+0530][17159.776s] GC(631) Pause Young (Allocation Failure)
[2018-01-27T03:34:24.676+0530][17159.789s] GC(631) Using 4 workers of 4 for evacuation
[2018-01-27T03:34:24.743+0530][17159.857s] GC(631) ParNew: 87439K->16K(109248K)
[2018-01-27T03:34:24.743+0530][17159.857s] GC(631) CMS: 63285K->63286K(393216K)
[2018-01-27T03:34:24.743+0530][17159.857s] GC(631) Metaspace: 49297K->49297K(1095680K)
[2018-01-27T03:34:24.745+0530][17159.859s] GC(631) Pause Young (Allocation Failure) 147M->61M(490M) 83.144ms
[2018-01-27T03:34:24.747+0530][17159.860s] GC(631) User=0.04s Sys=0.00s Real=0.08s
[2018-01-27T03:34:57.036+0530][17192.150s] GC(632) Pause Young (Allocation Failure)
[2018-01-27T03:34:57.041+0530][17192.155s] GC(632) Using 4 workers of 4 for evacuation
[2018-01-27T03:34:57.077+0530][17192.190s] GC(632) ParNew: 87440K->14K(109248K)
[2018-01-27T03:34:57.077+0530][17192.190s] GC(632) CMS: 63286K->63286K(393216K)
[2018-01-27T03:34:57.077+0530][17192.190s] GC(632) Metaspace: 49297K->49297K(1095680K)
[2018-01-27T03:34:57.079+0530][17192.192s] GC(632) Pause Young (Allocation Failure) 147M->61M(490M) 42.715ms
[2018-01-27T03:34:57.080+0530][17192.194s] GC(632) User=0.05s Sys=0.00s Real=0.05s
[2018-01-27T03:35:30.882+0530][17225.995s] GC(633) Pause Young (Allocation Failure)
[2018-01-27T03:35:30.901+0530][17226.014s] GC(633) Using 4 workers of 4 for evacuation
[2018-01-27T03:35:30.974+0530][17226.087s] GC(633) ParNew: 87438K->12K(109248K)
[2018-01-27T03:35:30.974+0530][17226.088s] GC(633) CMS: 63286K->63286K(393216K)
[2018-01-27T03:35:30.974+0530][17226.088s] GC(633) Metaspace: 49297K->49297K(1095680K)
[2018-01-27T03:35:30.976+0530][17226.090s] GC(633) Pause Young (Allocation Failure) 147M->61M(490M) 94.341ms
[2018-01-27T03:35:30.978+0530][17226.091s] GC(633) User=0.05s Sys=0.00s Real=0.10s
[2018-01-27T03:36:03.653+0530][17258.766s] GC(634) Pause Young (Allocation Failure)
[2018-01-27T03:36:03.660+0530][17258.773s] GC(634) Using 4 workers of 4 for evacuation
[2018-01-27T03:36:03.700+0530][17258.813s] GC(634) ParNew: 87436K->16K(109248K)
[2018-01-27T03:36:03.700+0530][17258.813s] GC(634) CMS: 63286K->63286K(393216K)
[2018-01-27T03:36:03.700+0530][17258.813s] GC(634) Metaspace: 49297K->49297K(1095680K)
[2018-01-27T03:36:03.702+0530][17258.815s] GC(634) Pause Young (Allocation Failure) 147M->61M(490M) 49.196ms
[2018-01-27T03:36:03.703+0530][17258.817s] GC(634) User=0.04s Sys=0.00s Real=0.05s
[2018-01-27T03:36:35.651+0530][17290.764s] GC(635) Pause Young (Allocation Failure)
[2018-01-27T03:36:35.656+0530][17290.769s] GC(635) Using 4 workers of 4 for evacuation
[2018-01-27T03:36:35.691+0530][17290.804s] GC(635) ParNew: 87440K->14K(109248K)
[2018-01-27T03:36:35.691+0530][17290.804s] GC(635) CMS: 63286K->63286K(393216K)
[2018-01-27T03:36:35.691+0530][17290.804s] GC(635) Metaspace: 49297K->49297K(1095680K)
[2018-01-27T03:36:35.693+0530][17290.806s] GC(635) Pause Young (Allocation Failure) 147M->61M(490M) 42.453ms
[2018-01-27T03:36:35.694+0530][17290.808s] GC(635) User=0.04s Sys=0.00s Real=0.04s
[2018-01-27T03:37:09.118+0530][17324.231s] GC(636) Pause Young (Allocation Failure)
[2018-01-27T03:37:09.123+0530][17324.236s] GC(636) Using 4 workers of 4 for evacuation
[2018-01-27T03:37:09.162+0530][17324.275s] GC(636) ParNew: 87437K->16K(109248K)
[2018-01-27T03:37:09.162+0530][17324.275s] GC(636) CMS: 63286K->63286K(393216K)
[2018-01-27T03:37:09.162+0530][17324.275s] GC(636) Metaspace: 49297K->49297K(1095680K)
[2018-01-27T03:37:09.164+0530][17324.277s] GC(636) Pause Young (Allocation Failure) 147M->61M(490M) 46.216ms
[2018-01-27T03:37:09.165+0530][17324.279s] GC(636) User=0.05s Sys=0.00s Real=0.05s
[2018-01-27T03:37:41.644+0530][17356.758s] GC(637) Pause Young (Allocation Failure)
[2018-01-27T03:37:41.649+0530][17356.763s] GC(637) Using 4 workers of 4 for evacuation
[2018-01-27T03:37:41.683+0530][17356.796s] GC(637) ParNew: 87440K->16K(109248K)
[2018-01-27T03:37:41.683+0530][17356.796s] GC(637) CMS: 63286K->63286K(393216K)
[2018-01-27T03:37:41.683+0530][17356.796s] GC(637) Metaspace: 49297K->49297K(1095680K)
[2018-01-27T03:37:41.685+0530][17356.798s] GC(637) Pause Young (Allocation Failure) 147M->61M(490M) 40.437ms
[2018-01-27T03:37:41.686+0530][17356.799s] GC(637) User=0.04s Sys=0.00s Real=0.04s
[2018-01-27T03:38:14.321+0530][17389.434s] GC(638) Pause Young (Allocation Failure)
[2018-01-27T03:38:14.326+0530][17389.439s] GC(638) Using 4 workers of 4 for evacuation
[2018-01-27T03:38:14.362+0530][17389.475s] GC(638) ParNew: 87440K->14K(109248K)
[2018-01-27T03:38:14.362+0530][17389.475s] GC(638) CMS: 63286K->63286K(393216K)
[2018-01-27T03:38:14.362+0530][17389.475s] GC(638) Metaspace: 49297K->49297K(1095680K)
[2018-01-27T03:38:14.367+0530][17389.480s] GC(638) Pause Young (Allocation Failure) 147M->61M(490M) 46.093ms
[2018-01-27T03:38:14.368+0530][17389.481s] GC(638) User=0.04s Sys=0.00s Real=0.04s
[2018-01-27T03:38:47.748+0530][17422.861s] GC(639) Pause Young (Allocation Failure)
[2018-01-27T03:38:47.753+0530][17422.866s] GC(639) Using 4 workers of 4 for evacuation
[2018-01-27T03:38:47.791+0530][17422.905s] GC(639) ParNew: 87438K->16K(109248K)
[2018-01-27T03:38:47.791+0530][17422.905s] GC(639) CMS: 63286K->63286K(393216K)
[2018-01-27T03:38:47.792+0530][17422.905s] GC(639) Metaspace: 49297K->49297K(1095680K)
[2018-01-27T03:38:47.793+0530][17422.907s] GC(639) Pause Young (Allocation Failure) 147M->61M(490M) 45.526ms
[2018-01-27T03:38:47.795+0530][17422.908s] GC(639) User=0.04s Sys=0.00s Real=0.05s
[2018-01-27T03:39:19.880+0530][17454.994s] GC(640) Pause Young (Allocation Failure)
[2018-01-27T03:39:19.890+0530][17455.004s] GC(640) Using 4 workers of 4 for evacuation
[2018-01-27T03:39:19.964+0530][17455.078s] GC(640) ParNew: 87440K->12K(109248K)
[2018-01-27T03:39:19.964+0530][17455.078s] GC(640) CMS: 63286K->63286K(393216K)
[2018-01-27T03:39:19.964+0530][17455.078s] GC(640) Metaspace: 49297K->49297K(1095680K)
[2018-01-27T03:39:19.967+0530][17455.080s] GC(640) Pause Young (Allocation Failure) 147M->61M(490M) 86.493ms
[2018-01-27T03:39:19.968+0530][17455.081s] GC(640) User=0.04s Sys=0.00s Real=0.09s
[2018-01-27T03:39:53.388+0530][17488.501s] GC(641) Pause Young (Allocation Failure)
[2018-01-27T03:39:53.393+0530][17488.507s] GC(641) Using 4 workers of 4 for evacuation
[2018-01-27T03:39:53.437+0530][17488.550s] GC(641) ParNew: 87436K->16K(109248K)
[2018-01-27T03:39:53.437+0530][17488.550s] GC(641) CMS: 63286K->63286K(393216K)
[2018-01-27T03:39:53.437+0530][17488.550s] GC(641) Metaspace: 49297K->49297K(1095680K)
[2018-01-27T03:39:53.440+0530][17488.553s] GC(641) Pause Young (Allocation Failure) 147M->61M(490M) 51.943ms
[2018-01-27T03:39:53.441+0530][17488.554s] GC(641) User=0.05s Sys=0.00s Real=0.06s
[2018-01-27T03:40:25.855+0530][17520.968s] GC(642) Pause Young (Allocation Failure)
[2018-01-27T03:40:25.862+0530][17520.975s] GC(642) Using 4 workers of 4 for evacuation
[2018-01-27T03:40:25.895+0530][17521.009s] GC(642) ParNew: 87440K->16K(109248K)
[2018-01-27T03:40:25.895+0530][17521.009s] GC(642) CMS: 63286K->63286K(393216K)
[2018-01-27T03:40:25.895+0530][17521.009s] GC(642) Metaspace: 49297K->49297K(1095680K)
[2018-01-27T03:40:25.898+0530][17521.011s] GC(642) Pause Young (Allocation Failure) 147M->61M(490M) 43.138ms
[2018-01-27T03:40:25.900+0530][17521.013s] GC(642) User=0.04s Sys=0.00s Real=0.05s
[2018-01-27T03:40:58.051+0530][17553.164s] GC(643) Pause Young (Allocation Failure)
[2018-01-27T03:40:58.057+0530][17553.170s] GC(643) Using 4 workers of 4 for evacuation
[2018-01-27T03:40:58.132+0530][17553.245s] GC(643) ParNew: 87440K->16K(109248K)
[2018-01-27T03:40:58.132+0530][17553.245s] GC(643) CMS: 63286K->63286K(393216K)
[2018-01-27T03:40:58.132+0530][17553.245s] GC(643) Metaspace: 49297K->49297K(1095680K)
[2018-01-27T03:40:58.134+0530][17553.247s] GC(643) Pause Young (Allocation Failure) 147M->61M(490M) 82.625ms
[2018-01-27T03:40:58.135+0530][17553.248s] GC(643) User=0.05s Sys=0.00s Real=0.09s
[2018-01-27T03:41:31.710+0530][17586.824s] GC(644) Pause Young (Allocation Failure)
[2018-01-27T03:41:31.731+0530][17586.845s] GC(644) Using 4 workers of 4 for evacuation
[2018-01-27T03:41:31.886+0530][17586.999s] GC(644) ParNew: 87440K->16K(109248K)
[2018-01-27T03:41:31.886+0530][17586.999s] GC(644) CMS: 63286K->63286K(393216K)
[2018-01-27T03:41:31.886+0530][17586.999s] GC(644) Metaspace: 49297K->49297K(1095680K)
[2018-01-27T03:41:31.889+0530][17587.002s] GC(644) Pause Young (Allocation Failure) 147M->61M(490M) 178.855ms
[2018-01-27T03:41:31.890+0530][17587.004s] GC(644) User=0.05s Sys=0.00s Real=0.18s
[2018-01-27T03:42:02.713+0530][17617.826s] GC(645) Pause Young (Allocation Failure)
[2018-01-27T03:42:02.725+0530][17617.838s] GC(645) Using 4 workers of 4 for evacuation
[2018-01-27T03:42:02.775+0530][17617.888s] GC(645) ParNew: 87440K->99K(109248K)
[2018-01-27T03:42:02.775+0530][17617.889s] GC(645) CMS: 63286K->63287K(393216K)
[2018-01-27T03:42:02.775+0530][17617.889s] GC(645) Metaspace: 49353K->49353K(1095680K)
[2018-01-27T03:42:02.777+0530][17617.891s] GC(645) Pause Young (Allocation Failure) 147M->61M(490M) 64.304ms
[2018-01-27T03:42:02.779+0530][17617.892s] GC(645) User=0.05s Sys=0.00s Real=0.07s
[2018-01-27T03:42:34.496+0530][17649.610s] GC(646) Pause Young (Allocation Failure)
[2018-01-27T03:42:34.503+0530][17649.616s] GC(646) Using 4 workers of 4 for evacuation
[2018-01-27T03:42:34.543+0530][17649.656s] GC(646) ParNew: 87523K->110K(109248K)
[2018-01-27T03:42:34.543+0530][17649.656s] GC(646) CMS: 63287K->63287K(393216K)
[2018-01-27T03:42:34.543+0530][17649.656s] GC(646) Metaspace: 49353K->49353K(1095680K)
[2018-01-27T03:42:34.547+0530][17649.660s] GC(646) Pause Young (Allocation Failure) 147M->61M(490M) 50.156ms
[2018-01-27T03:42:34.548+0530][17649.662s] GC(646) User=0.05s Sys=0.00s Real=0.05s
[2018-01-27T03:43:08.834+0530][17683.948s] GC(647) Pause Young (Allocation Failure)
[2018-01-27T03:43:08.843+0530][17683.957s] GC(647) Using 4 workers of 4 for evacuation
[2018-01-27T03:43:08.882+0530][17683.996s] GC(647) ParNew: 87534K->146K(109248K)
