[2018-01-26T18:22:05.081+0530][0.023s] Using Concurrent Mark Sweep
[2018-01-26T18:22:05.082+0530][0.023s] Heap address: 0x00000000e0000000, size: 512 MB, Compressed Oops mode: 32-bit
[2018-01-26T18:22:11.198+0530][6.139s] GC(0) Pause Initial Mark
[2018-01-26T18:22:11.272+0530][6.214s] GC(0) Pause Initial Mark 77M->77M(490M) 74.358ms
[2018-01-26T18:22:11.272+0530][6.214s] GC(0) User=0.03s Sys=0.00s Real=0.08s
[2018-01-26T18:22:11.274+0530][6.216s] GC(0) Concurrent Mark
[2018-01-26T18:22:11.274+0530][6.216s] GC(0) Using 4 workers of 4 for marking
[2018-01-26T18:22:11.279+0530][6.221s] GC(0) Concurrent Mark 4.943ms
[2018-01-26T18:22:11.279+0530][6.221s] GC(0) User=0.00s Sys=0.00s Real=0.00s
[2018-01-26T18:22:11.279+0530][6.221s] GC(0) Concurrent Preclean
[2018-01-26T18:22:11.281+0530][6.222s] GC(0) Concurrent Preclean 1.274ms
[2018-01-26T18:22:11.281+0530][6.222s] GC(0) User=0.01s Sys=0.00s Real=0.01s
[2018-01-26T18:22:11.281+0530][6.222s] GC(0) Concurrent Abortable Preclean
[2018-01-26T18:22:11.668+0530][6.610s] GC(1) Pause Young (Allocation Failure)
[2018-01-26T18:22:11.675+0530][6.617s] GC(1) Using 4 workers of 4 for evacuation
[2018-01-26T18:22:11.710+0530][6.651s] GC(0) Concurrent Abortable Preclean 428.893ms
[2018-01-26T18:22:11.710+0530][6.651s] GC(0) User=0.18s Sys=0.03s Real=0.42s
[2018-01-26T18:22:11.731+0530][6.673s] GC(1) ParNew: 87424K->15582K(109248K)
[2018-01-26T18:22:11.732+0530][6.673s] GC(1) CMS: 0K->0K(393216K)
[2018-01-26T18:22:11.732+0530][6.673s] GC(1) Metaspace: 22350K->22350K(1071104K)
[2018-01-26T18:22:11.732+0530][6.673s] GC(1) Pause Young (Allocation Failure) 85M->15M(490M) 63.468ms
[2018-01-26T18:22:11.732+0530][6.673s] GC(1) User=0.03s Sys=0.03s Real=0.07s
[2018-01-26T18:22:11.733+0530][6.675s] GC(0) Pause Remark
[2018-01-26T18:22:11.733+0530][6.675s] GC(2) Pause Young (CMS Final Remark)
[2018-01-26T18:22:11.733+0530][6.675s] GC(2) Using 4 workers of 4 for evacuation
[2018-01-26T18:22:11.805+0530][6.746s] GC(2) ParNew: 17277K->19205K(109248K)
[2018-01-26T18:22:11.805+0530][6.746s] GC(2) CMS: 0K->0K(393216K)
[2018-01-26T18:22:11.805+0530][6.746s] GC(2) Metaspace: 22350K->22350K(1071104K)
[2018-01-26T18:22:11.805+0530][6.746s] GC(2) Pause Young (CMS Final Remark) 16M->18M(490M) 71.384ms
[2018-01-26T18:22:11.805+0530][6.746s] GC(2) User=0.03s Sys=0.01s Real=0.07s
[2018-01-26T18:22:11.836+0530][6.778s] GC(0) Pause Remark 16M->18M(490M) 102.689ms
[2018-01-26T18:22:11.836+0530][6.778s] GC(0) User=0.06s Sys=0.01s Real=0.10s
[2018-01-26T18:22:11.868+0530][6.809s] GC(0) Concurrent Sweep
[2018-01-26T18:22:11.868+0530][6.809s] GC(0) Concurrent Sweep 0.091ms
[2018-01-26T18:22:11.868+0530][6.809s] GC(0) User=0.00s Sys=0.00s Real=0.00s
[2018-01-26T18:22:11.868+0530][6.809s] GC(0) Concurrent Reset
[2018-01-26T18:22:11.871+0530][6.813s] GC(0) Concurrent Reset 3.431ms
[2018-01-26T18:22:11.871+0530][6.813s] GC(0) User=0.00s Sys=0.00s Real=0.00s
[2018-01-26T18:22:11.871+0530][6.813s] GC(0) Old: 0K->0K(393216K)
[2018-01-26T18:22:15.952+0530][10.893s] GC(3) Pause Young (Allocation Failure)
[2018-01-26T18:22:15.952+0530][10.893s] GC(3) Using 4 workers of 4 for evacuation
[2018-01-26T18:22:16.061+0530][11.002s] GC(3) ParNew: 106629K->21824K(109248K)
[2018-01-26T18:22:16.061+0530][11.002s] GC(3) CMS: 0K->1616K(393216K)
[2018-01-26T18:22:16.061+0530][11.002s] GC(3) Metaspace: 28250K->28250K(1075200K)
[2018-01-26T18:22:16.061+0530][11.002s] GC(3) Pause Young (Allocation Failure) 104M->22M(490M) 109.441ms
[2018-01-26T18:22:16.061+0530][11.003s] GC(3) User=0.04s Sys=0.01s Real=0.11s
[2018-01-26T18:22:17.874+0530][12.815s] GC(4) Pause Young (Allocation Failure)
[2018-01-26T18:22:17.874+0530][12.815s] GC(4) Using 4 workers of 4 for evacuation
[2018-01-26T18:22:18.084+0530][13.026s] GC(4) ParNew: 109225K->21824K(109248K)
[2018-01-26T18:22:18.084+0530][13.026s] GC(4) CMS: 1616K->11397K(393216K)
[2018-01-26T18:22:18.085+0530][13.026s] GC(4) Metaspace: 29363K->29363K(1077248K)
[2018-01-26T18:22:18.085+0530][13.026s] GC(4) Pause Young (Allocation Failure) 108M->32M(490M) 210.900ms
[2018-01-26T18:22:18.085+0530][13.026s] GC(4) User=0.07s Sys=0.02s Real=0.21s
[2018-01-26T18:22:18.936+0530][13.877s] GC(5) Pause Young (Allocation Failure)
[2018-01-26T18:22:18.936+0530][13.877s] GC(5) Using 4 workers of 4 for evacuation
[2018-01-26T18:22:19.029+0530][13.971s] GC(5) ParNew: 109248K->18789K(109248K)
[2018-01-26T18:22:19.030+0530][13.971s] GC(5) CMS: 11397K->11397K(393216K)
[2018-01-26T18:22:19.030+0530][13.971s] GC(5) Metaspace: 29713K->29713K(1077248K)
[2018-01-26T18:22:19.030+0530][13.971s] GC(5) Pause Young (Allocation Failure) 117M->29M(490M) 93.800ms
[2018-01-26T18:22:19.030+0530][13.971s] GC(5) User=0.03s Sys=0.00s Real=0.09s
[2018-01-26T18:22:20.122+0530][15.063s] GC(6) Pause Young (Allocation Failure)
[2018-01-26T18:22:20.122+0530][15.063s] GC(6) Using 4 workers of 4 for evacuation
[2018-01-26T18:22:20.196+0530][15.137s] GC(6) ParNew: 106205K->16837K(109248K)
[2018-01-26T18:22:20.196+0530][15.137s] GC(6) CMS: 11397K->11397K(393216K)
[2018-01-26T18:22:20.196+0530][15.137s] GC(6) Metaspace: 30779K->30779K(1077248K)
[2018-01-26T18:22:20.196+0530][15.138s] GC(6) Pause Young (Allocation Failure) 114M->27M(490M) 74.148ms
[2018-01-26T18:22:20.196+0530][15.138s] GC(6) User=0.03s Sys=0.00s Real=0.08s
[2018-01-26T18:22:21.088+0530][16.029s] GC(7) Pause Young (Allocation Failure)
[2018-01-26T18:22:21.088+0530][16.029s] GC(7) Using 4 workers of 4 for evacuation
[2018-01-26T18:22:21.139+0530][16.081s] GC(7) ParNew: 104261K->14728K(109248K)
[2018-01-26T18:22:21.139+0530][16.081s] GC(7) CMS: 11397K->11397K(393216K)
[2018-01-26T18:22:21.139+0530][16.081s] GC(7) Metaspace: 30868K->30868K(1077248K)
[2018-01-26T18:22:21.139+0530][16.081s] GC(7) Pause Young (Allocation Failure) 112M->25M(490M) 51.641ms
[2018-01-26T18:22:21.139+0530][16.081s] GC(7) User=0.02s Sys=0.00s Real=0.06s
[2018-01-26T18:22:21.812+0530][16.753s] GC(8) Pause Young (Allocation Failure)
[2018-01-26T18:22:21.812+0530][16.753s] GC(8) Using 4 workers of 4 for evacuation
[2018-01-26T18:22:21.871+0530][16.812s] GC(8) ParNew: 102152K->19444K(109248K)
[2018-01-26T18:22:21.871+0530][16.812s] GC(8) CMS: 11397K->11397K(393216K)
[2018-01-26T18:22:21.871+0530][16.812s] GC(8) Metaspace: 31016K->31016K(1079296K)
[2018-01-26T18:22:21.871+0530][16.812s] GC(8) Pause Young (Allocation Failure) 110M->30M(490M) 59.183ms
[2018-01-26T18:22:21.871+0530][16.812s] GC(8) User=0.02s Sys=0.01s Real=0.05s
[2018-01-26T18:22:23.655+0530][18.597s] GC(9) Pause Young (Allocation Failure)
[2018-01-26T18:22:23.656+0530][18.597s] GC(9) Using 4 workers of 4 for evacuation
[2018-01-26T18:22:23.729+0530][18.670s] GC(9) ParNew: 106868K->16716K(109248K)
[2018-01-26T18:22:23.729+0530][18.671s] GC(9) CMS: 11397K->11397K(393216K)
[2018-01-26T18:22:23.729+0530][18.671s] GC(9) Metaspace: 32508K->32508K(1079296K)
[2018-01-26T18:22:23.729+0530][18.671s] GC(9) Pause Young (Allocation Failure) 115M->27M(490M) 73.686ms
[2018-01-26T18:22:23.729+0530][18.671s] GC(9) User=0.03s Sys=0.00s Real=0.07s
[2018-01-26T18:22:25.921+0530][20.863s] GC(10) Pause Young (Allocation Failure)
[2018-01-26T18:22:25.922+0530][20.863s] GC(10) Using 4 workers of 4 for evacuation
[2018-01-26T18:22:25.986+0530][20.928s] GC(10) ParNew: 104140K->19039K(109248K)
[2018-01-26T18:22:25.986+0530][20.928s] GC(10) CMS: 11397K->11397K(393216K)
[2018-01-26T18:22:25.986+0530][20.928s] GC(10) Metaspace: 35179K->35179K(1081344K)
[2018-01-26T18:22:25.986+0530][20.928s] GC(10) Pause Young (Allocation Failure) 112M->29M(490M) 64.950ms
[2018-01-26T18:22:25.986+0530][20.928s] GC(10) User=0.03s Sys=0.00s Real=0.06s
[2018-01-26T18:22:28.004+0530][22.946s] GC(11) Pause Initial Mark
[2018-01-26T18:22:28.108+0530][23.049s] GC(11) Pause Initial Mark 110M->110M(490M) 103.509ms
[2018-01-26T18:22:28.108+0530][23.049s] GC(11) User=0.03s Sys=0.00s Real=0.10s
[2018-01-26T18:22:28.116+0530][23.057s] GC(11) Concurrent Mark
[2018-01-26T18:22:28.116+0530][23.057s] GC(11) Using 4 workers of 4 for marking
[2018-01-26T18:22:28.161+0530][23.103s] GC(11) Concurrent Mark 45.601ms
[2018-01-26T18:22:28.161+0530][23.103s] GC(11) User=0.02s Sys=0.00s Real=0.05s
[2018-01-26T18:22:28.172+0530][23.113s] GC(11) Concurrent Preclean
[2018-01-26T18:22:28.173+0530][23.115s] GC(11) Concurrent Preclean 1.417ms
[2018-01-26T18:22:28.173+0530][23.115s] GC(11) User=0.00s Sys=0.00s Real=0.00s
[2018-01-26T18:22:28.173+0530][23.115s] GC(11) Concurrent Abortable Preclean
[2018-01-26T18:22:28.463+0530][23.404s] GC(12) Pause Young (Allocation Failure)
[2018-01-26T18:22:28.463+0530][23.404s] GC(12) Using 4 workers of 4 for evacuation
[2018-01-26T18:22:28.616+0530][23.558s] GC(12) ParNew: 106463K->21824K(109248K)
[2018-01-26T18:22:28.616+0530][23.558s] GC(12) CMS: 11397K->20303K(393216K)
[2018-01-26T18:22:28.616+0530][23.558s] GC(12) Metaspace: 38798K->38798K(1085440K)
[2018-01-26T18:22:28.616+0530][23.558s] GC(12) Pause Young (Allocation Failure) 115M->41M(490M) 153.919ms
[2018-01-26T18:22:28.616+0530][23.558s] GC(12) User=0.06s Sys=0.02s Real=0.15s
[2018-01-26T18:22:34.434+0530][29.376s] GC(11) Concurrent Abortable Preclean 6260.920ms
[2018-01-26T18:22:34.434+0530][29.376s] GC(11) User=2.48s Sys=0.03s Real=6.26s
[2018-01-26T18:22:34.435+0530][29.376s] GC(11) Pause Remark
[2018-01-26T18:22:34.435+0530][29.376s] GC(13) Pause Young (CMS Final Remark)
[2018-01-26T18:22:34.435+0530][29.376s] GC(13) Using 4 workers of 4 for evacuation
[2018-01-26T18:22:34.526+0530][29.467s] GC(13) ParNew: 24409K->15241K(109248K)
[2018-01-26T18:22:34.526+0530][29.467s] GC(13) CMS: 20303K->20691K(393216K)
[2018-01-26T18:22:34.526+0530][29.467s] GC(13) Metaspace: 38804K->38804K(1085440K)
[2018-01-26T18:22:34.526+0530][29.467s] GC(13) Pause Young (CMS Final Remark) 43M->35M(490M) 91.132ms
[2018-01-26T18:22:34.526+0530][29.467s] GC(13) User=0.04s Sys=0.00s Real=0.09s
[2018-01-26T18:22:34.630+0530][29.572s] GC(11) Pause Remark 43M->35M(490M) 195.867ms
[2018-01-26T18:22:34.631+0530][29.572s] GC(11) User=0.07s Sys=0.00s Real=0.19s
[2018-01-26T18:22:34.631+0530][29.572s] GC(11) Concurrent Sweep
[2018-01-26T18:22:34.656+0530][29.598s] GC(11) Concurrent Sweep 25.340ms
[2018-01-26T18:22:34.656+0530][29.598s] GC(11) User=0.01s Sys=0.00s Real=0.03s
[2018-01-26T18:22:34.656+0530][29.598s] GC(11) Concurrent Reset
[2018-01-26T18:22:34.657+0530][29.599s] GC(11) Concurrent Reset 0.836ms
[2018-01-26T18:22:34.657+0530][29.599s] GC(11) User=0.00s Sys=0.00s Real=0.00s
[2018-01-26T18:22:34.657+0530][29.599s] GC(11) Old: 11397K->19032K(393216K)
[2018-01-26T18:39:01.065+0530][1016.006s] GC(14) Pause Young (Allocation Failure)
[2018-01-26T18:39:01.065+0530][1016.006s] GC(14) Using 4 workers of 4 for evacuation
[2018-01-26T18:39:01.164+0530][1016.105s] GC(14) ParNew: 102665K->18593K(109248K)
[2018-01-26T18:39:01.164+0530][1016.106s] GC(14) CMS: 19032K->19164K(393216K)
[2018-01-26T18:39:01.164+0530][1016.106s] GC(14) Metaspace: 42804K->42804K(1089536K)
[2018-01-26T18:39:01.164+0530][1016.106s] GC(14) Pause Young (Allocation Failure) 118M->36M(490M) 99.580ms
[2018-01-26T18:39:01.164+0530][1016.106s] GC(14) User=0.05s Sys=0.00s Real=0.10s
[2018-01-26T19:13:53.010+0530][3107.951s] GC(15) Pause Young (Allocation Failure)
[2018-01-26T19:13:53.010+0530][3107.951s] GC(15) Using 4 workers of 4 for evacuation
[2018-01-26T19:13:53.063+0530][3108.005s] GC(15) ParNew: 106017K->17706K(109248K)
[2018-01-26T19:13:53.063+0530][3108.005s] GC(15) CMS: 19164K->19545K(393216K)
[2018-01-26T19:13:53.063+0530][3108.005s] GC(15) Metaspace: 43196K->43196K(1089536K)
[2018-01-26T19:13:53.064+0530][3108.005s] GC(15) Pause Young (Allocation Failure) 122M->36M(490M) 53.988ms
[2018-01-26T19:13:53.064+0530][3108.005s] GC(15) User=0.04s Sys=0.00s Real=0.06s
[2018-01-26T19:53:27.527+0530][5482.468s] Heap
[2018-01-26T19:53:27.527+0530][5482.469s]  par new generation   total 109248K, used 30213K [0x00000000e0000000, 0x00000000e8000000, 0x00000000e8000000)
[2018-01-26T19:53:27.527+0530][5482.469s]   eden space 87424K,  14% used [0x00000000e0000000, 0x00000000e0c36cb8, 0x00000000e5560000)
[2018-01-26T19:53:27.527+0530][5482.469s]   from space 21824K,  81% used [0x00000000e5560000, 0x00000000e66aaa90, 0x00000000e6ab0000)
[2018-01-26T19:53:27.527+0530][5482.469s]   to   space 21824K,   0% used [0x00000000e6ab0000, 0x00000000e6ab0000, 0x00000000e8000000)
[2018-01-26T19:53:27.527+0530][5482.469s]  concurrent mark-sweep generation total 393216K, used 19545K [0x00000000e8000000, 0x0000000100000000, 0x0000000100000000)
[2018-01-26T19:53:27.527+0530][5482.469s]  Metaspace       used 43384K, capacity 45114K, committed 45252K, reserved 1089536K
[2018-01-26T19:53:27.527+0530][5482.469s]   class space    used 4775K, capacity 5086K, committed 5092K, reserved 1048576K
