[2018-01-27T12:52:57.814+0530][18758.456s] GC(680) ParNew: 87440K->16K(109248K)
[2018-01-27T12:52:57.814+0530][18758.456s] GC(680) CMS: 63351K->63351K(393216K)
[2018-01-27T12:52:57.814+0530][18758.457s] GC(680) Metaspace: 49353K->49353K(1095680K)
[2018-01-27T12:52:57.816+0530][18758.458s] GC(680) Pause Young (Allocation Failure) 147M->61M(490M) 45.910ms
[2018-01-27T12:52:57.817+0530][18758.460s] GC(680) User=0.05s Sys=0.00s Real=0.05s
[2018-01-27T12:53:29.646+0530][18790.288s] GC(681) Pause Young (Allocation Failure)
[2018-01-27T12:53:29.651+0530][18790.294s] GC(681) Using 4 workers of 4 for evacuation
[2018-01-27T12:53:29.694+0530][18790.336s] GC(681) ParNew: 87440K->16K(109248K)
[2018-01-27T12:53:29.694+0530][18790.337s] GC(681) CMS: 63351K->63351K(393216K)
[2018-01-27T12:53:29.694+0530][18790.337s] GC(681) Metaspace: 49353K->49353K(1095680K)
[2018-01-27T12:53:29.697+0530][18790.339s] GC(681) Pause Young (Allocation Failure) 147M->61M(490M) 50.757ms
[2018-01-27T12:53:29.699+0530][18790.341s] GC(681) User=0.05s Sys=0.00s Real=0.05s
[2018-01-27T12:54:02.759+0530][18823.401s] GC(682) Pause Young (Allocation Failure)
[2018-01-27T12:54:02.769+0530][18823.411s] GC(682) Using 4 workers of 4 for evacuation
[2018-01-27T12:54:02.857+0530][18823.499s] GC(682) ParNew: 87440K->16K(109248K)
[2018-01-27T12:54:02.857+0530][18823.499s] GC(682) CMS: 63351K->63351K(393216K)
[2018-01-27T12:54:02.857+0530][18823.499s] GC(682) Metaspace: 49353K->49353K(1095680K)
[2018-01-27T12:54:02.863+0530][18823.506s] GC(682) Pause Young (Allocation Failure) 147M->61M(490M) 104.567ms
[2018-01-27T12:54:02.865+0530][18823.507s] GC(682) User=0.05s Sys=0.00s Real=0.11s
[2018-01-27T12:54:34.913+0530][18855.555s] GC(683) Pause Young (Allocation Failure)
[2018-01-27T12:54:34.918+0530][18855.561s] GC(683) Using 4 workers of 4 for evacuation
[2018-01-27T12:54:34.995+0530][18855.637s] GC(683) ParNew: 87440K->16K(109248K)
[2018-01-27T12:54:34.995+0530][18855.637s] GC(683) CMS: 63351K->63351K(393216K)
[2018-01-27T12:54:34.995+0530][18855.637s] GC(683) Metaspace: 49353K->49353K(1095680K)
[2018-01-27T12:54:34.997+0530][18855.639s] GC(683) Pause Young (Allocation Failure) 147M->61M(490M) 83.795ms
[2018-01-27T12:54:35.000+0530][18855.643s] GC(683) User=0.05s Sys=0.00s Real=0.08s
[2018-01-27T12:55:07.767+0530][18888.409s] GC(684) Pause Young (Allocation Failure)
[2018-01-27T12:55:07.771+0530][18888.414s] GC(684) Using 4 workers of 4 for evacuation
[2018-01-27T12:55:07.809+0530][18888.451s] GC(684) ParNew: 87440K->14K(109248K)
[2018-01-27T12:55:07.809+0530][18888.451s] GC(684) CMS: 63351K->63351K(393216K)
[2018-01-27T12:55:07.809+0530][18888.451s] GC(684) Metaspace: 49353K->49353K(1095680K)
[2018-01-27T12:55:07.811+0530][18888.453s] GC(684) Pause Young (Allocation Failure) 147M->61M(490M) 44.048ms
[2018-01-27T12:55:07.812+0530][18888.454s] GC(684) User=0.04s Sys=0.00s Real=0.04s
[2018-01-27T12:55:40.172+0530][18920.815s] GC(685) Pause Young (Allocation Failure)
[2018-01-27T12:55:40.189+0530][18920.831s] GC(685) Using 4 workers of 4 for evacuation
[2018-01-27T12:55:40.306+0530][18920.949s] GC(685) ParNew: 87438K->16K(109248K)
[2018-01-27T12:55:40.306+0530][18920.949s] GC(685) CMS: 63351K->63351K(393216K)
[2018-01-27T12:55:40.306+0530][18920.949s] GC(685) Metaspace: 49353K->49353K(1095680K)
[2018-01-27T12:55:40.308+0530][18920.951s] GC(685) Pause Young (Allocation Failure) 147M->61M(490M) 135.936ms
[2018-01-27T12:55:40.309+0530][18920.952s] GC(685) User=0.05s Sys=0.00s Real=0.14s
[2018-01-27T12:56:11.705+0530][18952.347s] GC(686) Pause Young (Allocation Failure)
[2018-01-27T12:56:11.710+0530][18952.352s] GC(686) Using 4 workers of 4 for evacuation
[2018-01-27T12:56:11.756+0530][18952.399s] GC(686) ParNew: 87440K->12K(109248K)
[2018-01-27T12:56:11.756+0530][18952.399s] GC(686) CMS: 63351K->63351K(393216K)
[2018-01-27T12:56:11.756+0530][18952.399s] GC(686) Metaspace: 49353K->49353K(1095680K)
[2018-01-27T12:56:11.759+0530][18952.401s] GC(686) Pause Young (Allocation Failure) 147M->61M(490M) 53.645ms
[2018-01-27T12:56:11.760+0530][18952.402s] GC(686) User=0.05s Sys=0.00s Real=0.05s
[2018-01-27T12:56:45.918+0530][18986.560s] GC(687) Pause Young (Allocation Failure)
[2018-01-27T12:56:45.923+0530][18986.565s] GC(687) Using 4 workers of 4 for evacuation
[2018-01-27T12:56:45.966+0530][18986.608s] GC(687) ParNew: 87436K->16K(109248K)
[2018-01-27T12:56:45.966+0530][18986.608s] GC(687) CMS: 63351K->63351K(393216K)
[2018-01-27T12:56:45.966+0530][18986.608s] GC(687) Metaspace: 49353K->49353K(1095680K)
[2018-01-27T12:56:45.968+0530][18986.611s] GC(687) Pause Young (Allocation Failure) 147M->61M(490M) 50.522ms
[2018-01-27T12:56:45.969+0530][18986.612s] GC(687) User=0.05s Sys=0.00s Real=0.05s
[2018-01-27T12:57:17.572+0530][19018.214s] GC(688) Pause Young (Allocation Failure)
[2018-01-27T12:57:17.576+0530][19018.219s] GC(688) Using 4 workers of 4 for evacuation
[2018-01-27T12:57:17.614+0530][19018.256s] GC(688) ParNew: 87440K->12K(109248K)
[2018-01-27T12:57:17.614+0530][19018.256s] GC(688) CMS: 63351K->63351K(393216K)
[2018-01-27T12:57:17.614+0530][19018.256s] GC(688) Metaspace: 49353K->49353K(1095680K)
[2018-01-27T12:57:17.616+0530][19018.259s] GC(688) Pause Young (Allocation Failure) 147M->61M(490M) 44.682ms
[2018-01-27T12:57:17.617+0530][19018.260s] GC(688) User=0.04s Sys=0.00s Real=0.04s
[2018-01-27T12:57:49.476+0530][19050.119s] GC(689) Pause Young (Allocation Failure)
[2018-01-27T12:57:49.481+0530][19050.124s] GC(689) Using 4 workers of 4 for evacuation
[2018-01-27T12:57:49.528+0530][19050.171s] GC(689) ParNew: 87436K->14K(109248K)
[2018-01-27T12:57:49.528+0530][19050.171s] GC(689) CMS: 63351K->63351K(393216K)
[2018-01-27T12:57:49.528+0530][19050.171s] GC(689) Metaspace: 49353K->49353K(1095680K)
[2018-01-27T12:57:49.531+0530][19050.173s] GC(689) Pause Young (Allocation Failure) 147M->61M(490M) 54.193ms
[2018-01-27T12:57:49.532+0530][19050.174s] GC(689) User=0.06s Sys=0.00s Real=0.06s
[2018-01-27T12:58:24.096+0530][19084.739s] GC(690) Pause Young (Allocation Failure)
[2018-01-27T12:58:24.110+0530][19084.752s] GC(690) Using 4 workers of 4 for evacuation
[2018-01-27T12:58:24.206+0530][19084.849s] GC(690) ParNew: 87438K->16K(109248K)
[2018-01-27T12:58:24.207+0530][19084.849s] GC(690) CMS: 63351K->63351K(393216K)
[2018-01-27T12:58:24.207+0530][19084.849s] GC(690) Metaspace: 49353K->49353K(1095680K)
[2018-01-27T12:58:24.209+0530][19084.851s] GC(690) Pause Young (Allocation Failure) 147M->61M(490M) 112.386ms
[2018-01-27T12:58:24.210+0530][19084.852s] GC(690) User=0.05s Sys=0.00s Real=0.11s
[2018-01-27T12:58:56.171+0530][19116.814s] GC(691) Pause Young (Allocation Failure)
[2018-01-27T12:58:56.176+0530][19116.818s] GC(691) Using 4 workers of 4 for evacuation
[2018-01-27T12:58:56.211+0530][19116.854s] GC(691) ParNew: 87440K->14K(109248K)
[2018-01-27T12:58:56.211+0530][19116.854s] GC(691) CMS: 63351K->63351K(393216K)
[2018-01-27T12:58:56.211+0530][19116.854s] GC(691) Metaspace: 49353K->49353K(1095680K)
[2018-01-27T12:58:56.214+0530][19116.856s] GC(691) Pause Young (Allocation Failure) 147M->61M(490M) 42.444ms
[2018-01-27T12:58:56.215+0530][19116.857s] GC(691) User=0.03s Sys=0.00s Real=0.05s
[2018-01-27T12:59:28.233+0530][19148.875s] GC(692) Pause Young (Allocation Failure)
[2018-01-27T12:59:28.247+0530][19148.889s] GC(692) Using 4 workers of 4 for evacuation
[2018-01-27T12:59:28.330+0530][19148.973s] GC(692) ParNew: 87438K->14K(109248K)
[2018-01-27T12:59:28.330+0530][19148.973s] GC(692) CMS: 63351K->63351K(393216K)
[2018-01-27T12:59:28.331+0530][19148.973s] GC(692) Metaspace: 49353K->49353K(1095680K)
[2018-01-27T12:59:28.334+0530][19148.976s] GC(692) Pause Young (Allocation Failure) 147M->61M(490M) 101.134ms
[2018-01-27T12:59:28.336+0530][19148.979s] GC(692) User=0.04s Sys=0.00s Real=0.10s
[2018-01-27T13:00:02.129+0530][19182.772s] GC(693) Pause Young (Allocation Failure)
[2018-01-27T13:00:02.134+0530][19182.776s] GC(693) Using 4 workers of 4 for evacuation
[2018-01-27T13:00:02.180+0530][19182.823s] GC(693) ParNew: 87438K->14K(109248K)
[2018-01-27T13:00:02.180+0530][19182.823s] GC(693) CMS: 63351K->63351K(393216K)
[2018-01-27T13:00:02.180+0530][19182.823s] GC(693) Metaspace: 49353K->49353K(1095680K)
[2018-01-27T13:00:02.183+0530][19182.825s] GC(693) Pause Young (Allocation Failure) 147M->61M(490M) 53.190ms
[2018-01-27T13:00:02.184+0530][19182.826s] GC(693) User=0.05s Sys=0.00s Real=0.06s
[2018-01-27T13:00:33.803+0530][19214.446s] GC(694) Pause Young (Allocation Failure)
[2018-01-27T13:00:33.810+0530][19214.453s] GC(694) Using 4 workers of 4 for evacuation
[2018-01-27T13:00:33.841+0530][19214.483s] GC(694) ParNew: 87438K->14K(109248K)
[2018-01-27T13:00:33.841+0530][19214.483s] GC(694) CMS: 63351K->63351K(393216K)
[2018-01-27T13:00:33.841+0530][19214.483s] GC(694) Metaspace: 49353K->49353K(1095680K)
[2018-01-27T13:00:33.843+0530][19214.485s] GC(694) Pause Young (Allocation Failure) 147M->61M(490M) 39.199ms
[2018-01-27T13:00:33.844+0530][19214.486s] GC(694) User=0.04s Sys=0.00s Real=0.05s
[2018-01-27T13:01:05.441+0530][19246.084s] GC(695) Pause Young (Allocation Failure)
[2018-01-27T13:01:05.537+0530][19246.179s] GC(695) Using 4 workers of 4 for evacuation
[2018-01-27T13:01:05.613+0530][19246.255s] GC(695) ParNew: 87438K->14K(109248K)
[2018-01-27T13:01:05.613+0530][19246.255s] GC(695) CMS: 63351K->63351K(393216K)
[2018-01-27T13:01:05.613+0530][19246.255s] GC(695) Metaspace: 49353K->49353K(1095680K)
[2018-01-27T13:01:05.618+0530][19246.261s] GC(695) Pause Young (Allocation Failure) 147M->61M(490M) 176.877ms
[2018-01-27T13:01:05.619+0530][19246.262s] GC(695) User=0.05s Sys=0.00s Real=0.19s
[2018-01-27T13:01:39.497+0530][19280.139s] GC(696) Pause Young (Allocation Failure)
[2018-01-27T13:01:39.504+0530][19280.147s] GC(696) Using 4 workers of 4 for evacuation
[2018-01-27T13:01:39.537+0530][19280.180s] GC(696) ParNew: 87438K->16K(109248K)
[2018-01-27T13:01:39.537+0530][19280.180s] GC(696) CMS: 63351K->63351K(393216K)
[2018-01-27T13:01:39.537+0530][19280.180s] GC(696) Metaspace: 49353K->49353K(1095680K)
[2018-01-27T13:01:39.540+0530][19280.182s] GC(696) Pause Young (Allocation Failure) 147M->61M(490M) 43.410ms
[2018-01-27T13:01:39.541+0530][19280.184s] GC(696) User=0.04s Sys=0.00s Real=0.04s
[2018-01-27T13:02:11.609+0530][19312.252s] GC(697) Pause Young (Allocation Failure)
[2018-01-27T13:02:11.614+0530][19312.256s] GC(697) Using 4 workers of 4 for evacuation
[2018-01-27T13:02:11.647+0530][19312.290s] GC(697) ParNew: 87440K->16K(109248K)
[2018-01-27T13:02:11.647+0530][19312.290s] GC(697) CMS: 63351K->63352K(393216K)
[2018-01-27T13:02:11.647+0530][19312.290s] GC(697) Metaspace: 49353K->49353K(1095680K)
[2018-01-27T13:02:11.650+0530][19312.292s] GC(697) Pause Young (Allocation Failure) 147M->61M(490M) 40.374ms
[2018-01-27T13:02:11.651+0530][19312.293s] GC(697) User=0.04s Sys=0.00s Real=0.04s
[2018-01-27T13:02:43.747+0530][19344.389s] GC(698) Pause Young (Allocation Failure)
[2018-01-27T13:02:43.752+0530][19344.395s] GC(698) Using 4 workers of 4 for evacuation
[2018-01-27T13:02:43.793+0530][19344.435s] GC(698) ParNew: 87440K->14K(109248K)
[2018-01-27T13:02:43.793+0530][19344.435s] GC(698) CMS: 63352K->63352K(393216K)
[2018-01-27T13:02:43.793+0530][19344.435s] GC(698) Metaspace: 49353K->49353K(1095680K)
[2018-01-27T13:02:43.795+0530][19344.438s] GC(698) Pause Young (Allocation Failure) 147M->61M(490M) 48.296ms
[2018-01-27T13:02:43.797+0530][19344.439s] GC(698) User=0.05s Sys=0.00s Real=0.05s
[2018-01-27T13:03:17.409+0530][19378.052s] GC(699) Pause Young (Allocation Failure)
[2018-01-27T13:03:17.419+0530][19378.061s] GC(699) Using 4 workers of 4 for evacuation
[2018-01-27T13:03:17.515+0530][19378.157s] GC(699) ParNew: 87438K->16K(109248K)
[2018-01-27T13:03:17.515+0530][19378.157s] GC(699) CMS: 63352K->63352K(393216K)
[2018-01-27T13:03:17.515+0530][19378.158s] GC(699) Metaspace: 49353K->49353K(1095680K)
[2018-01-27T13:03:17.517+0530][19378.159s] GC(699) Pause Young (Allocation Failure) 147M->61M(490M) 107.714ms
[2018-01-27T13:03:17.518+0530][19378.161s] GC(699) User=0.04s Sys=0.00s Real=0.11s
[2018-01-27T13:03:49.766+0530][19410.408s] GC(700) Pause Young (Allocation Failure)
[2018-01-27T13:03:49.770+0530][19410.413s] GC(700) Using 4 workers of 4 for evacuation
[2018-01-27T13:03:49.807+0530][19410.450s] GC(700) ParNew: 87440K->12K(109248K)
[2018-01-27T13:03:49.807+0530][19410.450s] GC(700) CMS: 63352K->63352K(393216K)
[2018-01-27T13:03:49.807+0530][19410.450s] GC(700) Metaspace: 49353K->49353K(1095680K)
[2018-01-27T13:03:49.809+0530][19410.452s] GC(700) Pause Young (Allocation Failure) 147M->61M(490M) 43.523ms
[2018-01-27T13:03:49.811+0530][19410.453s] GC(700) User=0.05s Sys=0.00s Real=0.05s
[2018-01-27T13:04:21.844+0530][19442.487s] GC(701) Pause Young (Allocation Failure)
[2018-01-27T13:04:21.856+0530][19442.498s] GC(701) Using 4 workers of 4 for evacuation
[2018-01-27T13:04:21.960+0530][19442.603s] GC(701) ParNew: 87436K->16K(109248K)
[2018-01-27T13:04:21.960+0530][19442.603s] GC(701) CMS: 63352K->63352K(393216K)
[2018-01-27T13:04:21.960+0530][19442.603s] GC(701) Metaspace: 49353K->49353K(1095680K)
[2018-01-27T13:04:21.968+0530][19442.610s] GC(701) Pause Young (Allocation Failure) 147M->61M(490M) 123.802ms
[2018-01-27T13:04:21.970+0530][19442.612s] GC(701) User=0.05s Sys=0.00s Real=0.13s
[2018-01-27T13:04:53.664+0530][19474.306s] GC(702) Pause Young (Allocation Failure)
[2018-01-27T13:04:53.688+0530][19474.331s] GC(702) Using 4 workers of 4 for evacuation
[2018-01-27T13:04:53.794+0530][19474.437s] GC(702) ParNew: 87440K->587K(109248K)
[2018-01-27T13:04:53.795+0530][19474.437s] GC(702) CMS: 63352K->63352K(393216K)
[2018-01-27T13:04:53.795+0530][19474.437s] GC(702) Metaspace: 49353K->49353K(1095680K)
[2018-01-27T13:04:53.797+0530][19474.439s] GC(702) Pause Young (Allocation Failure) 147M->62M(490M) 132.982ms
[2018-01-27T13:04:53.798+0530][19474.441s] GC(702) User=0.05s Sys=0.00s Real=0.14s
[2018-01-27T13:05:17.777+0530][19498.419s] GC(703) Pause Young (Allocation Failure)
[2018-01-27T13:05:17.781+0530][19498.424s] GC(703) Using 4 workers of 4 for evacuation
[2018-01-27T13:05:17.823+0530][19498.465s] GC(703) ParNew: 88011K->1093K(109248K)
[2018-01-27T13:05:17.823+0530][19498.465s] GC(703) CMS: 63352K->63352K(393216K)
[2018-01-27T13:05:17.823+0530][19498.465s] GC(703) Metaspace: 49353K->49353K(1095680K)
[2018-01-27T13:05:17.826+0530][19498.468s] GC(703) Pause Young (Allocation Failure) 147M->62M(490M) 48.674ms
[2018-01-27T13:05:17.827+0530][19498.469s] GC(703) User=0.05s Sys=0.00s Real=0.05s
[2018-01-27T13:05:51.668+0530][19532.310s] GC(704) Pause Young (Allocation Failure)
[2018-01-27T13:05:51.672+0530][19532.314s] GC(704) Using 4 workers of 4 for evacuation
[2018-01-27T13:05:51.712+0530][19532.355s] GC(704) ParNew: 88517K->1437K(109248K)
[2018-01-27T13:05:51.712+0530][19532.355s] GC(704) CMS: 63352K->63352K(393216K)
[2018-01-27T13:05:51.712+0530][19532.355s] GC(704) Metaspace: 49353K->49353K(1095680K)
[2018-01-27T13:05:51.715+0530][19532.357s] GC(704) Pause Young (Allocation Failure) 148M->63M(490M) 47.064ms
[2018-01-27T13:05:51.716+0530][19532.358s] GC(704) User=0.05s Sys=0.00s Real=0.05s
[2018-01-27T13:06:22.702+0530][19563.344s] GC(705) Pause Young (Allocation Failure)
[2018-01-27T13:06:22.713+0530][19563.355s] GC(705) Using 4 workers of 4 for evacuation
[2018-01-27T13:06:22.755+0530][19563.397s] GC(705) ParNew: 88861K->1426K(109248K)
[2018-01-27T13:06:22.755+0530][19563.397s] GC(705) CMS: 63352K->63352K(393216K)
[2018-01-27T13:06:22.755+0530][19563.397s] GC(705) Metaspace: 49353K->49353K(1095680K)
[2018-01-27T13:06:22.757+0530][19563.399s] GC(705) Pause Young (Allocation Failure) 148M->63M(490M) 54.796ms
[2018-01-27T13:06:22.758+0530][19563.400s] GC(705) User=0.05s Sys=0.00s Real=0.06s
[2018-01-27T13:06:54.574+0530][19595.216s] GC(706) Pause Young (Allocation Failure)
[2018-01-27T13:06:54.588+0530][19595.230s] GC(706) Using 4 workers of 4 for evacuation
[2018-01-27T13:06:54.646+0530][19595.288s] GC(706) ParNew: 88850K->1116K(109248K)
[2018-01-27T13:06:54.646+0530][19595.288s] GC(706) CMS: 63352K->63352K(393216K)
[2018-01-27T13:06:54.646+0530][19595.288s] GC(706) Metaspace: 49353K->49353K(1095680K)
[2018-01-27T13:06:54.648+0530][19595.291s] GC(706) Pause Young (Allocation Failure) 148M->62M(490M) 74.396ms
[2018-01-27T13:06:54.654+0530][19595.296s] GC(706) User=0.05s Sys=0.00s Real=0.08s
[2018-01-27T13:07:27.980+0530][19628.623s] GC(707) Pause Young (Allocation Failure)
[2018-01-27T13:07:27.987+0530][19628.629s] GC(707) Using 4 workers of 4 for evacuation
[2018-01-27T13:07:28.034+0530][19628.677s] GC(707) ParNew: 88539K->1562K(109248K)
[2018-01-27T13:07:28.035+0530][19628.677s] GC(707) CMS: 63352K->63352K(393216K)
[2018-01-27T13:07:28.035+0530][19628.677s] GC(707) Metaspace: 49353K->49353K(1095680K)
[2018-01-27T13:07:28.037+0530][19628.680s] GC(707) Pause Young (Allocation Failure) 148M->63M(490M) 56.797ms
[2018-01-27T13:07:28.039+0530][19628.682s] GC(707) User=0.05s Sys=0.00s Real=0.06s
[2018-01-27T14:32:19.505+0530][19660.972s] GC(708) Pause Young (Allocation Failure)
[2018-01-27T14:32:19.514+0530][19660.980s] GC(708) Using 4 workers of 4 for evacuation
[2018-01-27T14:32:19.643+0530][19661.109s] GC(708) ParNew: 88986K->1167K(109248K)
[2018-01-27T14:32:19.643+0530][19661.110s] GC(708) CMS: 63352K->63352K(393216K)
[2018-01-27T14:32:19.643+0530][19661.110s] GC(708) Metaspace: 49353K->49353K(1095680K)
[2018-01-27T14:32:19.645+0530][19661.112s] GC(708) Pause Young (Allocation Failure) 148M->63M(490M) 140.058ms
[2018-01-27T14:32:19.650+0530][19661.117s] GC(708) User=0.05s Sys=0.00s Real=0.15s
[2018-01-27T14:32:51.242+0530][19692.708s] GC(709) Pause Young (Allocation Failure)
[2018-01-27T14:32:51.260+0530][19692.726s] GC(709) Using 4 workers of 4 for evacuation
[2018-01-27T14:32:51.419+0530][19692.886s] GC(709) ParNew: 88591K->1588K(109248K)
[2018-01-27T14:32:51.419+0530][19692.886s] GC(709) CMS: 63352K->63352K(393216K)
[2018-01-27T14:32:51.419+0530][19692.886s] GC(709) Metaspace: 49353K->49353K(1095680K)
[2018-01-27T14:32:51.425+0530][19692.892s] GC(709) Pause Young (Allocation Failure) 148M->63M(490M) 183.218ms
[2018-01-27T14:32:51.426+0530][19692.893s] GC(709) User=0.05s Sys=0.00s Real=0.18s
[2018-01-27T14:33:24.076+0530][19725.543s] GC(710) Pause Young (Allocation Failure)
[2018-01-27T14:33:24.082+0530][19725.548s] GC(710) Using 4 workers of 4 for evacuation
[2018-01-27T14:33:24.120+0530][19725.586s] GC(710) ParNew: 89012K->962K(109248K)
[2018-01-27T14:33:24.120+0530][19725.586s] GC(710) CMS: 63352K->63601K(393216K)
[2018-01-27T14:33:24.120+0530][19725.586s] GC(710) Metaspace: 49353K->49353K(1095680K)
[2018-01-27T14:33:24.122+0530][19725.588s] GC(710) Pause Young (Allocation Failure) 148M->63M(490M) 45.402ms
[2018-01-27T14:33:24.123+0530][19725.590s] GC(710) User=0.05s Sys=0.00s Real=0.05s
[2018-01-27T14:33:56.239+0530][19757.705s] GC(711) Pause Young (Allocation Failure)
[2018-01-27T14:33:56.260+0530][19757.727s] GC(711) Using 4 workers of 4 for evacuation
[2018-01-27T14:33:56.411+0530][19757.877s] GC(711) ParNew: 88386K->357K(109248K)
[2018-01-27T14:33:56.411+0530][19757.877s] GC(711) CMS: 63601K->64268K(393216K)
[2018-01-27T14:33:56.411+0530][19757.877s] GC(711) Metaspace: 49353K->49353K(1095680K)
[2018-01-27T14:33:56.413+0530][19757.880s] GC(711) Pause Young (Allocation Failure) 148M->63M(490M) 174.599ms
[2018-01-27T14:33:56.419+0530][19757.885s] GC(711) User=0.06s Sys=0.00s Real=0.18s
[2018-01-27T14:34:28.283+0530][19789.749s] GC(712) Pause Young (Allocation Failure)
[2018-01-27T14:34:28.289+0530][19789.755s] GC(712) Using 4 workers of 4 for evacuation
[2018-01-27T14:34:28.332+0530][19789.798s] GC(712) ParNew: 87781K->90K(109248K)
[2018-01-27T14:34:28.332+0530][19789.799s] GC(712) CMS: 64268K->64268K(393216K)
[2018-01-27T14:34:28.332+0530][19789.799s] GC(712) Metaspace: 49353K->49353K(1095680K)
[2018-01-27T14:34:28.335+0530][19789.801s] GC(712) Pause Young (Allocation Failure) 148M->62M(490M) 52.228ms
[2018-01-27T14:34:28.336+0530][19789.803s] GC(712) User=0.05s Sys=0.00s Real=0.05s
[2018-01-27T14:35:01.173+0530][19822.640s] GC(713) Pause Young (Allocation Failure)
