[2018-01-27T03:43:08.883+0530][17683.996s] GC(647) CMS: 63287K->63287K(393216K)
[2018-01-27T03:43:08.883+0530][17683.996s] GC(647) Metaspace: 49353K->49353K(1095680K)
[2018-01-27T03:43:08.887+0530][17684.000s] GC(647) Pause Young (Allocation Failure) 147M->61M(490M) 52.469ms
[2018-01-27T03:43:08.890+0530][17684.003s] GC(647) User=0.04s Sys=0.00s Real=0.05s
[2018-01-27T03:43:40.344+0530][17715.458s] GC(648) Pause Young (Allocation Failure)
[2018-01-27T03:43:40.354+0530][17715.467s] GC(648) Using 4 workers of 4 for evacuation
[2018-01-27T03:43:40.426+0530][17715.540s] GC(648) ParNew: 87570K->89K(109248K)
[2018-01-27T03:43:40.426+0530][17715.540s] GC(648) CMS: 63287K->63287K(393216K)
[2018-01-27T03:43:40.426+0530][17715.540s] GC(648) Metaspace: 49353K->49353K(1095680K)
[2018-01-27T03:43:40.428+0530][17715.542s] GC(648) Pause Young (Allocation Failure) 147M->61M(490M) 83.965ms
[2018-01-27T03:43:40.430+0530][17715.543s] GC(648) User=0.04s Sys=0.00s Real=0.08s
[2018-01-27T03:44:12.596+0530][17747.709s] GC(649) Pause Young (Allocation Failure)
[2018-01-27T03:44:12.600+0530][17747.714s] GC(649) Using 4 workers of 4 for evacuation
[2018-01-27T03:44:12.634+0530][17747.748s] GC(649) ParNew: 87513K->100K(109248K)
[2018-01-27T03:44:12.634+0530][17747.748s] GC(649) CMS: 63287K->63287K(393216K)
[2018-01-27T03:44:12.634+0530][17747.748s] GC(649) Metaspace: 49353K->49353K(1095680K)
[2018-01-27T03:44:12.636+0530][17747.750s] GC(649) Pause Young (Allocation Failure) 147M->61M(490M) 40.057ms
[2018-01-27T03:44:12.637+0530][17747.751s] GC(649) User=0.04s Sys=0.00s Real=0.04s
[2018-01-27T03:44:46.695+0530][17781.808s] GC(650) Pause Young (Allocation Failure)
[2018-01-27T03:44:46.699+0530][17781.813s] GC(650) Using 4 workers of 4 for evacuation
[2018-01-27T03:44:46.749+0530][17781.863s] GC(650) ParNew: 87524K->100K(109248K)
[2018-01-27T03:44:46.749+0530][17781.863s] GC(650) CMS: 63287K->63287K(393216K)
[2018-01-27T03:44:46.749+0530][17781.863s] GC(650) Metaspace: 49353K->49353K(1095680K)
[2018-01-27T03:44:46.751+0530][17781.865s] GC(650) Pause Young (Allocation Failure) 147M->61M(490M) 56.500ms
[2018-01-27T03:44:46.752+0530][17781.866s] GC(650) User=0.04s Sys=0.00s Real=0.05s
[2018-01-27T03:45:18.412+0530][17813.525s] GC(651) Pause Young (Allocation Failure)
[2018-01-27T03:45:18.417+0530][17813.530s] GC(651) Using 4 workers of 4 for evacuation
[2018-01-27T03:45:18.450+0530][17813.563s] GC(651) ParNew: 87524K->94K(109248K)
[2018-01-27T03:45:18.450+0530][17813.563s] GC(651) CMS: 63287K->63287K(393216K)
[2018-01-27T03:45:18.450+0530][17813.563s] GC(651) Metaspace: 49353K->49353K(1095680K)
[2018-01-27T03:45:18.452+0530][17813.565s] GC(651) Pause Young (Allocation Failure) 147M->61M(490M) 40.137ms
[2018-01-27T03:45:18.453+0530][17813.566s] GC(651) User=0.04s Sys=0.00s Real=0.05s
[2018-01-27T03:45:49.837+0530][17844.950s] GC(652) Pause Young (Allocation Failure)
[2018-01-27T03:45:49.853+0530][17844.966s] GC(652) Using 4 workers of 4 for evacuation
[2018-01-27T03:45:49.978+0530][17845.091s] GC(652) ParNew: 87518K->91K(109248K)
[2018-01-27T03:45:49.978+0530][17845.091s] GC(652) CMS: 63287K->63287K(393216K)
[2018-01-27T03:45:49.978+0530][17845.091s] GC(652) Metaspace: 49353K->49353K(1095680K)
[2018-01-27T03:45:49.980+0530][17845.093s] GC(652) Pause Young (Allocation Failure) 147M->61M(490M) 143.307ms
[2018-01-27T03:45:49.981+0530][17845.094s] GC(652) User=0.07s Sys=0.00s Real=0.14s
[2018-01-27T03:46:23.273+0530][17878.387s] GC(653) Pause Young (Allocation Failure)
[2018-01-27T03:46:23.285+0530][17878.398s] GC(653) Using 4 workers of 4 for evacuation
[2018-01-27T03:46:23.341+0530][17878.454s] GC(653) ParNew: 87515K->36K(109248K)
[2018-01-27T03:46:23.341+0530][17878.454s] GC(653) CMS: 63287K->63349K(393216K)
[2018-01-27T03:46:23.341+0530][17878.454s] GC(653) Metaspace: 49353K->49353K(1095680K)
[2018-01-27T03:46:23.343+0530][17878.456s] GC(653) Pause Young (Allocation Failure) 147M->61M(490M) 69.704ms
[2018-01-27T03:46:23.344+0530][17878.457s] GC(653) User=0.05s Sys=0.00s Real=0.08s
[2018-01-27T03:46:55.348+0530][17910.462s] GC(654) Pause Young (Allocation Failure)
[2018-01-27T03:46:55.353+0530][17910.467s] GC(654) Using 4 workers of 4 for evacuation
[2018-01-27T03:46:55.417+0530][17910.530s] GC(654) ParNew: 87460K->16K(109248K)
[2018-01-27T03:46:55.417+0530][17910.531s] GC(654) CMS: 63349K->63349K(393216K)
[2018-01-27T03:46:55.417+0530][17910.531s] GC(654) Metaspace: 49353K->49353K(1095680K)
[2018-01-27T03:46:55.420+0530][17910.534s] GC(654) Pause Young (Allocation Failure) 147M->61M(490M) 72.131ms
[2018-01-27T03:46:55.422+0530][17910.535s] GC(654) User=0.05s Sys=0.00s Real=0.08s
[2018-01-27T03:47:27.205+0530][17942.318s] GC(655) Pause Young (Allocation Failure)
[2018-01-27T03:47:27.211+0530][17942.324s] GC(655) Using 4 workers of 4 for evacuation
[2018-01-27T03:47:27.252+0530][17942.365s] GC(655) ParNew: 87440K->14K(109248K)
[2018-01-27T03:47:27.252+0530][17942.365s] GC(655) CMS: 63349K->63349K(393216K)
[2018-01-27T03:47:27.252+0530][17942.365s] GC(655) Metaspace: 49353K->49353K(1095680K)
[2018-01-27T03:47:27.254+0530][17942.368s] GC(655) Pause Young (Allocation Failure) 147M->61M(490M) 49.630ms
[2018-01-27T03:47:27.256+0530][17942.369s] GC(655) User=0.05s Sys=0.00s Real=0.05s
[2018-01-27T03:48:01.021+0530][17976.134s] GC(656) Pause Young (Allocation Failure)
[2018-01-27T03:48:01.028+0530][17976.142s] GC(656) Using 4 workers of 4 for evacuation
[2018-01-27T03:48:01.067+0530][17976.180s] GC(656) ParNew: 87438K->16K(109248K)
[2018-01-27T03:48:01.067+0530][17976.180s] GC(656) CMS: 63349K->63349K(393216K)
[2018-01-27T03:48:01.067+0530][17976.180s] GC(656) Metaspace: 49353K->49353K(1095680K)
[2018-01-27T03:48:01.069+0530][17976.182s] GC(656) Pause Young (Allocation Failure) 147M->61M(490M) 47.926ms
[2018-01-27T03:48:01.070+0530][17976.184s] GC(656) User=0.05s Sys=0.00s Real=0.04s
[2018-01-27T03:48:33.731+0530][18008.845s] GC(657) Pause Young (Allocation Failure)
[2018-01-27T03:48:33.738+0530][18008.852s] GC(657) Using 4 workers of 4 for evacuation
[2018-01-27T03:48:33.778+0530][18008.891s] GC(657) ParNew: 87440K->14K(109248K)
[2018-01-27T03:48:33.778+0530][18008.891s] GC(657) CMS: 63349K->63349K(393216K)
[2018-01-27T03:48:33.778+0530][18008.891s] GC(657) Metaspace: 49353K->49353K(1095680K)
[2018-01-27T03:48:33.780+0530][18008.893s] GC(657) Pause Young (Allocation Failure) 147M->61M(490M) 48.517ms
[2018-01-27T03:48:33.781+0530][18008.894s] GC(657) User=0.05s Sys=0.00s Real=0.06s
[2018-01-27T03:49:05.605+0530][18040.718s] GC(658) Pause Young (Allocation Failure)
[2018-01-27T03:49:05.610+0530][18040.723s] GC(658) Using 4 workers of 4 for evacuation
[2018-01-27T03:49:05.645+0530][18040.759s] GC(658) ParNew: 87438K->16K(109248K)
[2018-01-27T03:49:05.645+0530][18040.759s] GC(658) CMS: 63349K->63349K(393216K)
[2018-01-27T03:49:05.645+0530][18040.759s] GC(658) Metaspace: 49353K->49353K(1095680K)
[2018-01-27T03:49:05.648+0530][18040.761s] GC(658) Pause Young (Allocation Failure) 147M->61M(490M) 42.716ms
[2018-01-27T03:49:05.649+0530][18040.762s] GC(658) User=0.05s Sys=0.00s Real=0.04s
[2018-01-27T03:49:39.110+0530][18074.224s] GC(659) Pause Young (Allocation Failure)
[2018-01-27T03:49:39.117+0530][18074.231s] GC(659) Using 4 workers of 4 for evacuation
[2018-01-27T03:49:39.154+0530][18074.267s] GC(659) ParNew: 87440K->14K(109248K)
[2018-01-27T03:49:39.154+0530][18074.267s] GC(659) CMS: 63349K->63349K(393216K)
[2018-01-27T03:49:39.154+0530][18074.267s] GC(659) Metaspace: 49353K->49353K(1095680K)
[2018-01-27T03:49:39.156+0530][18074.270s] GC(659) Pause Young (Allocation Failure) 147M->61M(490M) 46.003ms
[2018-01-27T03:49:39.158+0530][18074.271s] GC(659) User=0.05s Sys=0.00s Real=0.05s
[2018-01-27T03:50:11.249+0530][18106.363s] GC(660) Pause Young (Allocation Failure)
[2018-01-27T03:50:11.257+0530][18106.371s] GC(660) Using 4 workers of 4 for evacuation
[2018-01-27T03:50:11.296+0530][18106.410s] GC(660) ParNew: 87438K->14K(109248K)
[2018-01-27T03:50:11.297+0530][18106.410s] GC(660) CMS: 63349K->63349K(393216K)
[2018-01-27T03:50:11.297+0530][18106.410s] GC(660) Metaspace: 49353K->49353K(1095680K)
[2018-01-27T03:50:11.299+0530][18106.412s] GC(660) Pause Young (Allocation Failure) 147M->61M(490M) 49.557ms
[2018-01-27T03:50:11.300+0530][18106.414s] GC(660) User=0.04s Sys=0.00s Real=0.06s
[2018-01-27T03:50:43.904+0530][18139.017s] GC(661) Pause Young (Allocation Failure)
[2018-01-27T03:50:43.921+0530][18139.035s] GC(661) Using 4 workers of 4 for evacuation
[2018-01-27T03:50:44.032+0530][18139.145s] GC(661) ParNew: 87438K->16K(109248K)
[2018-01-27T03:50:44.032+0530][18139.145s] GC(661) CMS: 63349K->63349K(393216K)
[2018-01-27T03:50:44.032+0530][18139.145s] GC(661) Metaspace: 49353K->49353K(1095680K)
[2018-01-27T03:50:44.035+0530][18139.148s] GC(661) Pause Young (Allocation Failure) 147M->61M(490M) 130.781ms
[2018-01-27T03:50:44.044+0530][18139.157s] GC(661) User=0.06s Sys=0.00s Real=0.13s
[2018-01-27T03:51:16.456+0530][18171.570s] GC(662) Pause Young (Allocation Failure)
[2018-01-27T03:51:16.468+0530][18171.582s] GC(662) Using 4 workers of 4 for evacuation
[2018-01-27T03:51:16.572+0530][18171.685s] GC(662) ParNew: 87440K->14K(109248K)
[2018-01-27T03:51:16.572+0530][18171.685s] GC(662) CMS: 63349K->63350K(393216K)
[2018-01-27T03:51:16.572+0530][18171.685s] GC(662) Metaspace: 49353K->49353K(1095680K)
[2018-01-27T03:51:16.574+0530][18171.688s] GC(662) Pause Young (Allocation Failure) 147M->61M(490M) 118.022ms
[2018-01-27T03:51:16.582+0530][18171.695s] GC(662) User=0.05s Sys=0.00s Real=0.12s
[2018-01-27T03:51:48.182+0530][18203.295s] GC(663) Pause Young (Allocation Failure)
[2018-01-27T03:51:48.187+0530][18203.301s] GC(663) Using 4 workers of 4 for evacuation
[2018-01-27T03:51:48.235+0530][18203.348s] GC(663) ParNew: 87438K->16K(109248K)
[2018-01-27T03:51:48.235+0530][18203.348s] GC(663) CMS: 63350K->63350K(393216K)
[2018-01-27T03:51:48.235+0530][18203.348s] GC(663) Metaspace: 49353K->49353K(1095680K)
[2018-01-27T03:51:48.237+0530][18203.351s] GC(663) Pause Young (Allocation Failure) 147M->61M(490M) 55.166ms
[2018-01-27T03:51:48.239+0530][18203.352s] GC(663) User=0.05s Sys=0.00s Real=0.05s
[2018-01-27T03:52:21.714+0530][18236.828s] GC(664) Pause Young (Allocation Failure)
[2018-01-27T03:52:21.725+0530][18236.838s] GC(664) Using 4 workers of 4 for evacuation
[2018-01-27T03:52:21.774+0530][18236.888s] GC(664) ParNew: 87440K->12K(109248K)
[2018-01-27T03:52:21.774+0530][18236.888s] GC(664) CMS: 63350K->63350K(393216K)
[2018-01-27T03:52:21.774+0530][18236.888s] GC(664) Metaspace: 49353K->49353K(1095680K)
[2018-01-27T03:52:21.777+0530][18236.890s] GC(664) Pause Young (Allocation Failure) 147M->61M(490M) 62.403ms
[2018-01-27T03:52:21.778+0530][18236.892s] GC(664) User=0.05s Sys=0.00s Real=0.07s
[2018-01-27T03:52:53.816+0530][18268.929s] GC(665) Pause Young (Allocation Failure)
[2018-01-27T03:52:53.828+0530][18268.941s] GC(665) Using 4 workers of 4 for evacuation
[2018-01-27T03:52:53.941+0530][18269.055s] GC(665) ParNew: 87436K->14K(109248K)
[2018-01-27T03:52:53.941+0530][18269.055s] GC(665) CMS: 63350K->63350K(393216K)
[2018-01-27T03:52:53.941+0530][18269.055s] GC(665) Metaspace: 49353K->49353K(1095680K)
[2018-01-27T03:52:53.948+0530][18269.061s] GC(665) Pause Young (Allocation Failure) 147M->61M(490M) 131.839ms
[2018-01-27T03:52:53.949+0530][18269.062s] GC(665) User=0.05s Sys=0.00s Real=0.13s
[2018-01-27T03:53:25.092+0530][18300.205s] GC(666) Pause Young (Allocation Failure)
[2018-01-27T03:53:25.109+0530][18300.222s] GC(666) Using 4 workers of 4 for evacuation
[2018-01-27T03:53:25.200+0530][18300.314s] GC(666) ParNew: 87438K->14K(109248K)
[2018-01-27T03:53:25.201+0530][18300.314s] GC(666) CMS: 63350K->63350K(393216K)
[2018-01-27T03:53:25.201+0530][18300.314s] GC(666) Metaspace: 49353K->49353K(1095680K)
[2018-01-27T03:53:25.203+0530][18300.316s] GC(666) Pause Young (Allocation Failure) 147M->61M(490M) 110.709ms
[2018-01-27T03:53:25.207+0530][18300.321s] GC(666) User=0.05s Sys=0.00s Real=0.11s
[2018-01-27T03:53:59.441+0530][18334.554s] GC(667) Pause Young (Allocation Failure)
[2018-01-27T03:53:59.446+0530][18334.559s] GC(667) Using 4 workers of 4 for evacuation
[2018-01-27T03:53:59.483+0530][18334.596s] GC(667) ParNew: 87438K->16K(109248K)
[2018-01-27T03:53:59.483+0530][18334.596s] GC(667) CMS: 63350K->63350K(393216K)
[2018-01-27T03:53:59.483+0530][18334.596s] GC(667) Metaspace: 49353K->49353K(1095680K)
[2018-01-27T03:53:59.485+0530][18334.598s] GC(667) Pause Young (Allocation Failure) 147M->61M(490M) 44.144ms
[2018-01-27T03:53:59.486+0530][18334.599s] GC(667) User=0.04s Sys=0.00s Real=0.04s
[2018-01-27T03:54:31.058+0530][18366.172s] GC(668) Pause Young (Allocation Failure)
[2018-01-27T03:54:31.063+0530][18366.176s] GC(668) Using 4 workers of 4 for evacuation
[2018-01-27T03:54:31.100+0530][18366.213s] GC(668) ParNew: 87440K->14K(109248K)
[2018-01-27T03:54:31.100+0530][18366.213s] GC(668) CMS: 63350K->63350K(393216K)
[2018-01-27T03:54:31.100+0530][18366.213s] GC(668) Metaspace: 49353K->49353K(1095680K)
[2018-01-27T03:54:31.102+0530][18366.215s] GC(668) Pause Young (Allocation Failure) 147M->61M(490M) 43.276ms
[2018-01-27T03:54:31.103+0530][18366.216s] GC(668) User=0.04s Sys=0.00s Real=0.05s
[2018-01-27T03:55:03.373+0530][18398.486s] GC(669) Pause Young (Allocation Failure)
[2018-01-27T03:55:03.377+0530][18398.490s] GC(669) Using 4 workers of 4 for evacuation
[2018-01-27T03:55:03.410+0530][18398.524s] GC(669) ParNew: 87438K->14K(109248K)
[2018-01-27T03:55:03.410+0530][18398.524s] GC(669) CMS: 63350K->63350K(393216K)
[2018-01-27T03:55:03.410+0530][18398.524s] GC(669) Metaspace: 49353K->49353K(1095680K)
[2018-01-27T03:55:03.413+0530][18398.526s] GC(669) Pause Young (Allocation Failure) 147M->61M(490M) 40.296ms
[2018-01-27T03:55:03.414+0530][18398.528s] GC(669) User=0.04s Sys=0.00s Real=0.05s
[2018-01-27T03:55:37.453+0530][18432.566s] GC(670) Pause Young (Allocation Failure)
[2018-01-27T03:55:37.460+0530][18432.573s] GC(670) Using 4 workers of 4 for evacuation
[2018-01-27T03:55:37.570+0530][18432.684s] GC(670) ParNew: 87438K->16K(109248K)
[2018-01-27T03:55:37.570+0530][18432.684s] GC(670) CMS: 63350K->63350K(393216K)
[2018-01-27T03:55:37.570+0530][18432.684s] GC(670) Metaspace: 49353K->49353K(1095680K)
[2018-01-27T03:55:37.573+0530][18432.686s] GC(670) Pause Young (Allocation Failure) 147M->61M(490M) 119.923ms
[2018-01-27T03:55:37.574+0530][18432.687s] GC(670) User=0.05s Sys=0.00s Real=0.13s
[2018-01-27T03:56:09.225+0530][18464.338s] GC(671) Pause Young (Allocation Failure)
[2018-01-27T03:56:09.230+0530][18464.343s] GC(671) Using 4 workers of 4 for evacuation
[2018-01-27T03:56:09.271+0530][18464.385s] GC(671) ParNew: 87439K->16K(109248K)
[2018-01-27T03:56:09.271+0530][18464.385s] GC(671) CMS: 63350K->63350K(393216K)
[2018-01-27T03:56:09.271+0530][18464.385s] GC(671) Metaspace: 49353K->49353K(1095680K)
[2018-01-27T03:56:09.274+0530][18464.387s] GC(671) Pause Young (Allocation Failure) 147M->61M(490M) 48.692ms
[2018-01-27T03:56:09.275+0530][18464.388s] GC(671) User=0.05s Sys=0.00s Real=0.05s
[2018-01-27T03:56:41.382+0530][18496.496s] GC(672) Pause Young (Allocation Failure)
[2018-01-27T03:56:41.392+0530][18496.506s] GC(672) Using 4 workers of 4 for evacuation
[2018-01-27T03:56:41.452+0530][18496.566s] GC(672) ParNew: 87440K->16K(109248K)
[2018-01-27T03:56:41.452+0530][18496.566s] GC(672) CMS: 63350K->63350K(393216K)
[2018-01-27T03:56:41.452+0530][18496.566s] GC(672) Metaspace: 49353K->49353K(1095680K)
[2018-01-27T03:56:41.454+0530][18496.568s] GC(672) Pause Young (Allocation Failure) 147M->61M(490M) 72.199ms
[2018-01-27T03:56:41.457+0530][18496.571s] GC(672) User=0.05s Sys=0.00s Real=0.07s
[2018-01-27T03:57:15.243+0530][18530.356s] GC(673) Pause Young (Allocation Failure)
[2018-01-27T03:57:15.248+0530][18530.361s] GC(673) Using 4 workers of 4 for evacuation
[2018-01-27T03:57:15.301+0530][18530.414s] GC(673) ParNew: 87439K->14K(109248K)
[2018-01-27T03:57:15.301+0530][18530.414s] GC(673) CMS: 63350K->63350K(393216K)
[2018-01-27T03:57:15.301+0530][18530.414s] GC(673) Metaspace: 49353K->49353K(1095680K)
[2018-01-27T03:57:15.303+0530][18530.416s] GC(673) Pause Young (Allocation Failure) 147M->61M(490M) 60.195ms
[2018-01-27T03:57:15.304+0530][18530.417s] GC(673) User=0.04s Sys=0.00s Real=0.07s
[2018-01-27T03:57:47.029+0530][18562.142s] GC(674) Pause Young (Allocation Failure)
[2018-01-27T03:57:47.036+0530][18562.149s] GC(674) Using 4 workers of 4 for evacuation
[2018-01-27T03:57:47.073+0530][18562.187s] GC(674) ParNew: 87438K->16K(109248K)
[2018-01-27T03:57:47.073+0530][18562.187s] GC(674) CMS: 63350K->63350K(393216K)
[2018-01-27T03:57:47.073+0530][18562.187s] GC(674) Metaspace: 49353K->49353K(1095680K)
[2018-01-27T03:57:47.076+0530][18562.189s] GC(674) Pause Young (Allocation Failure) 147M->61M(490M) 46.710ms
[2018-01-27T03:57:47.077+0530][18562.190s] GC(674) User=0.04s Sys=0.00s Real=0.05s
[2018-01-27T12:50:13.532+0530][18594.175s] GC(675) Pause Young (Allocation Failure)
[2018-01-27T12:50:13.537+0530][18594.179s] GC(675) Using 4 workers of 4 for evacuation
[2018-01-27T12:50:13.620+0530][18594.262s] GC(675) ParNew: 87440K->14K(109248K)
[2018-01-27T12:50:13.620+0530][18594.262s] GC(675) CMS: 63350K->63350K(393216K)
[2018-01-27T12:50:13.620+0530][18594.262s] GC(675) Metaspace: 49353K->49353K(1095680K)
[2018-01-27T12:50:13.629+0530][18594.271s] GC(675) Pause Young (Allocation Failure) 147M->61M(490M) 96.495ms
[2018-01-27T12:50:13.630+0530][18594.272s] GC(675) User=0.06s Sys=0.00s Real=0.09s
[2018-01-27T12:50:47.096+0530][18627.739s] GC(676) Pause Young (Allocation Failure)
[2018-01-27T12:50:47.101+0530][18627.744s] GC(676) Using 4 workers of 4 for evacuation
[2018-01-27T12:50:47.160+0530][18627.802s] GC(676) ParNew: 87438K->16K(109248K)
[2018-01-27T12:50:47.160+0530][18627.802s] GC(676) CMS: 63350K->63350K(393216K)
[2018-01-27T12:50:47.160+0530][18627.802s] GC(676) Metaspace: 49353K->49353K(1095680K)
[2018-01-27T12:50:47.162+0530][18627.804s] GC(676) Pause Young (Allocation Failure) 147M->61M(490M) 65.823ms
[2018-01-27T12:50:47.163+0530][18627.806s] GC(676) User=0.04s Sys=0.00s Real=0.07s
[2018-01-27T12:51:19.354+0530][18659.996s] GC(677) Pause Young (Allocation Failure)
[2018-01-27T12:51:19.360+0530][18660.002s] GC(677) Using 4 workers of 4 for evacuation
[2018-01-27T12:51:19.394+0530][18660.037s] GC(677) ParNew: 87440K->14K(109248K)
[2018-01-27T12:51:19.394+0530][18660.037s] GC(677) CMS: 63350K->63350K(393216K)
[2018-01-27T12:51:19.394+0530][18660.037s] GC(677) Metaspace: 49353K->49353K(1095680K)
[2018-01-27T12:51:19.396+0530][18660.039s] GC(677) Pause Young (Allocation Failure) 147M->61M(490M) 42.497ms
[2018-01-27T12:51:19.397+0530][18660.040s] GC(677) User=0.05s Sys=0.00s Real=0.04s
[2018-01-27T12:51:51.658+0530][18692.301s] GC(678) Pause Young (Allocation Failure)
[2018-01-27T12:51:51.663+0530][18692.306s] GC(678) Using 4 workers of 4 for evacuation
[2018-01-27T12:51:51.747+0530][18692.389s] GC(678) ParNew: 87438K->16K(109248K)
[2018-01-27T12:51:51.747+0530][18692.390s] GC(678) CMS: 63350K->63350K(393216K)
[2018-01-27T12:51:51.747+0530][18692.390s] GC(678) Metaspace: 49353K->49353K(1095680K)
[2018-01-27T12:51:51.749+0530][18692.392s] GC(678) Pause Young (Allocation Failure) 147M->61M(490M) 91.324ms
[2018-01-27T12:51:51.751+0530][18692.393s] GC(678) User=0.04s Sys=0.00s Real=0.09s
[2018-01-27T12:52:25.009+0530][18725.652s] GC(679) Pause Young (Allocation Failure)
[2018-01-27T12:52:25.015+0530][18725.658s] GC(679) Using 4 workers of 4 for evacuation
[2018-01-27T12:52:25.051+0530][18725.694s] GC(679) ParNew: 87440K->16K(109248K)
[2018-01-27T12:52:25.051+0530][18725.694s] GC(679) CMS: 63350K->63351K(393216K)
[2018-01-27T12:52:25.051+0530][18725.694s] GC(679) Metaspace: 49353K->49353K(1095680K)
[2018-01-27T12:52:25.053+0530][18725.696s] GC(679) Pause Young (Allocation Failure) 147M->61M(490M) 44.096ms
[2018-01-27T12:52:25.057+0530][18725.699s] GC(679) User=0.04s Sys=0.00s Real=0.05s
[2018-01-27T12:52:57.770+0530][18758.413s] GC(680) Pause Young (Allocation Failure)
[2018-01-27T12:52:57.778+0530][18758.421s] GC(680) Using 4 workers of 4 for evacuation
