[2018-01-27T02:16:26.036+0530][12481.150s] GC(484) User=0.04s Sys=0.00s Real=0.05s
[2018-01-27T02:16:57.741+0530][12512.854s] GC(485) Pause Young (Allocation Failure)
[2018-01-27T02:16:57.747+0530][12512.860s] GC(485) Using 4 workers of 4 for evacuation
[2018-01-27T02:16:57.794+0530][12512.907s] GC(485) ParNew: 88111K->1053K(109248K)
[2018-01-27T02:16:57.794+0530][12512.908s] GC(485) CMS: 196459K->196460K(393216K)
[2018-01-27T02:16:57.794+0530][12512.908s] GC(485) Metaspace: 49246K->49246K(1095680K)
[2018-01-27T02:16:57.796+0530][12512.910s] GC(485) Pause Young (Allocation Failure) 277M->192M(490M) 55.252ms
[2018-01-27T02:16:57.798+0530][12512.911s] GC(485) User=0.05s Sys=0.00s Real=0.05s
[2018-01-27T02:17:29.915+0530][12545.028s] GC(486) Pause Young (Allocation Failure)
[2018-01-27T02:17:29.921+0530][12545.035s] GC(486) Using 4 workers of 4 for evacuation
[2018-01-27T02:17:29.958+0530][12545.071s] GC(486) ParNew: 88477K->845K(109248K)
[2018-01-27T02:17:29.958+0530][12545.071s] GC(486) CMS: 196460K->196460K(393216K)
[2018-01-27T02:17:29.958+0530][12545.071s] GC(486) Metaspace: 49246K->49246K(1095680K)
[2018-01-27T02:17:29.960+0530][12545.073s] GC(486) Pause Young (Allocation Failure) 278M->192M(490M) 45.150ms
[2018-01-27T02:17:29.961+0530][12545.075s] GC(486) User=0.04s Sys=0.00s Real=0.04s
[2018-01-27T02:18:03.993+0530][12579.107s] GC(487) Pause Young (Allocation Failure)
[2018-01-27T02:18:04.004+0530][12579.118s] GC(487) Using 4 workers of 4 for evacuation
[2018-01-27T02:18:04.098+0530][12579.212s] GC(487) ParNew: 88269K->813K(109248K)
[2018-01-27T02:18:04.098+0530][12579.212s] GC(487) CMS: 196460K->196466K(393216K)
[2018-01-27T02:18:04.099+0530][12579.212s] GC(487) Metaspace: 49246K->49246K(1095680K)
[2018-01-27T02:18:04.101+0530][12579.214s] GC(487) Pause Young (Allocation Failure) 278M->192M(490M) 107.447ms
[2018-01-27T02:18:04.102+0530][12579.215s] GC(487) User=0.06s Sys=0.00s Real=0.11s
[2018-01-27T02:18:36.486+0530][12611.600s] GC(488) Pause Young (Allocation Failure)
[2018-01-27T02:18:36.491+0530][12611.605s] GC(488) Using 4 workers of 4 for evacuation
[2018-01-27T02:18:36.529+0530][12611.642s] GC(488) ParNew: 88237K->742K(109248K)
[2018-01-27T02:18:36.529+0530][12611.642s] GC(488) CMS: 196466K->196469K(393216K)
[2018-01-27T02:18:36.529+0530][12611.642s] GC(488) Metaspace: 49246K->49246K(1095680K)
[2018-01-27T02:18:36.531+0530][12611.645s] GC(488) Pause Young (Allocation Failure) 278M->192M(490M) 45.011ms
[2018-01-27T02:18:36.533+0530][12611.646s] GC(488) User=0.05s Sys=0.00s Real=0.05s
[2018-01-27T02:19:08.067+0530][12643.181s] GC(489) Pause Young (Allocation Failure)
[2018-01-27T02:19:08.072+0530][12643.186s] GC(489) Using 4 workers of 4 for evacuation
[2018-01-27T02:19:08.116+0530][12643.230s] GC(489) ParNew: 88166K->1035K(109248K)
[2018-01-27T02:19:08.116+0530][12643.230s] GC(489) CMS: 196469K->196478K(393216K)
[2018-01-27T02:19:08.116+0530][12643.230s] GC(489) Metaspace: 49246K->49246K(1095680K)
[2018-01-27T02:19:08.119+0530][12643.232s] GC(489) Pause Young (Allocation Failure) 277M->192M(490M) 51.388ms
[2018-01-27T02:19:08.120+0530][12643.233s] GC(489) User=0.05s Sys=0.00s Real=0.06s
[2018-01-27T02:19:41.682+0530][12676.796s] GC(490) Pause Young (Allocation Failure)
[2018-01-27T02:19:41.687+0530][12676.800s] GC(490) Using 4 workers of 4 for evacuation
[2018-01-27T02:19:41.737+0530][12676.850s] GC(490) ParNew: 88459K->275K(109248K)
[2018-01-27T02:19:41.737+0530][12676.850s] GC(490) CMS: 196478K->197059K(393216K)
[2018-01-27T02:19:41.737+0530][12676.850s] GC(490) Metaspace: 49246K->49246K(1095680K)
[2018-01-27T02:19:41.739+0530][12676.852s] GC(490) Pause Young (Allocation Failure) 278M->192M(490M) 56.731ms
[2018-01-27T02:19:41.740+0530][12676.854s] GC(490) User=0.05s Sys=0.00s Real=0.06s
[2018-01-27T02:19:41.764+0530][12676.877s] GC(491) Pause Initial Mark
[2018-01-27T02:19:41.792+0530][12676.906s] GC(491) Pause Initial Mark 192M->192M(490M) 28.308ms
[2018-01-27T02:19:41.794+0530][12676.907s] GC(491) User=0.03s Sys=0.00s Real=0.03s
[2018-01-27T02:19:41.811+0530][12676.925s] GC(491) Concurrent Mark
[2018-01-27T02:19:41.811+0530][12676.925s] GC(491) Using 4 workers of 4 for marking
[2018-01-27T02:19:41.921+0530][12677.035s] GC(491) Concurrent Mark 110.184ms
[2018-01-27T02:19:41.923+0530][12677.036s] GC(491) User=0.10s Sys=0.00s Real=0.12s
[2018-01-27T02:19:41.924+0530][12677.038s] GC(491) Concurrent Preclean
[2018-01-27T02:19:41.927+0530][12677.040s] GC(491) Concurrent Preclean 2.429ms
[2018-01-27T02:19:41.928+0530][12677.041s] GC(491) User=0.00s Sys=0.00s Real=0.00s
[2018-01-27T02:19:41.945+0530][12677.058s] GC(491) Pause Remark
[2018-01-27T02:19:41.946+0530][12677.059s] GC(492) Pause Young (CMS Final Remark)
[2018-01-27T02:19:41.949+0530][12677.062s] GC(492) Using 4 workers of 4 for evacuation
[2018-01-27T02:19:41.980+0530][12677.093s] GC(492) ParNew: 1242K->52K(109248K)
[2018-01-27T02:19:41.980+0530][12677.093s] GC(492) CMS: 197059K->197059K(393216K)
[2018-01-27T02:19:41.980+0530][12677.093s] GC(492) Metaspace: 49246K->49246K(1095680K)
[2018-01-27T02:19:41.982+0530][12677.095s] GC(492) Pause Young (CMS Final Remark) 193M->192M(490M) 35.984ms
[2018-01-27T02:19:41.983+0530][12677.097s] GC(492) User=0.03s Sys=0.00s Real=0.04s
[2018-01-27T02:19:42.057+0530][12677.170s] GC(491) Pause Remark 193M->192M(490M) 112.447ms
[2018-01-27T02:19:42.058+0530][12677.172s] GC(491) User=0.11s Sys=0.00s Real=0.11s
[2018-01-27T02:19:42.068+0530][12677.181s] GC(491) Concurrent Sweep
[2018-01-27T02:19:42.232+0530][12677.346s] GC(491) Concurrent Sweep 164.705ms
[2018-01-27T02:19:42.234+0530][12677.347s] GC(491) User=0.15s Sys=0.00s Real=0.17s
[2018-01-27T02:19:42.237+0530][12677.350s] GC(491) Concurrent Reset
[2018-01-27T02:19:42.238+0530][12677.351s] GC(491) Concurrent Reset 0.916ms
[2018-01-27T02:19:42.239+0530][12677.353s] GC(491) User=0.00s Sys=0.00s Real=0.00s
[2018-01-27T02:19:42.239+0530][12677.353s] GC(491) Old: 197059K->61446K(393216K)
[2018-01-27T02:20:14.490+0530][12709.603s] GC(493) Pause Young (Allocation Failure)
[2018-01-27T02:20:14.495+0530][12709.608s] GC(493) Using 4 workers of 4 for evacuation
[2018-01-27T02:20:14.533+0530][12709.646s] GC(493) ParNew: 87476K->26K(109248K)
[2018-01-27T02:20:14.533+0530][12709.646s] GC(493) CMS: 61446K->61446K(393216K)
[2018-01-27T02:20:14.533+0530][12709.646s] GC(493) Metaspace: 49192K->49192K(1095680K)
[2018-01-27T02:20:14.536+0530][12709.649s] GC(493) Pause Young (Allocation Failure) 145M->60M(490M) 46.298ms
[2018-01-27T02:20:14.538+0530][12709.651s] GC(493) User=0.04s Sys=0.00s Real=0.05s
[2018-01-27T02:20:46.799+0530][12741.912s] GC(494) Pause Young (Allocation Failure)
[2018-01-27T02:20:46.804+0530][12741.917s] GC(494) Using 4 workers of 4 for evacuation
[2018-01-27T02:20:46.842+0530][12741.955s] GC(494) ParNew: 87450K->14K(109248K)
[2018-01-27T02:20:46.842+0530][12741.955s] GC(494) CMS: 61446K->61446K(393216K)
[2018-01-27T02:20:46.842+0530][12741.955s] GC(494) Metaspace: 49192K->49192K(1095680K)
[2018-01-27T02:20:46.844+0530][12741.957s] GC(494) Pause Young (Allocation Failure) 145M->60M(490M) 45.278ms
[2018-01-27T02:20:46.845+0530][12741.959s] GC(494) User=0.05s Sys=0.00s Real=0.05s
[2018-01-27T02:21:20.832+0530][12775.946s] GC(495) Pause Young (Allocation Failure)
[2018-01-27T02:21:20.838+0530][12775.951s] GC(495) Using 4 workers of 4 for evacuation
[2018-01-27T02:21:20.872+0530][12775.986s] GC(495) ParNew: 87438K->16K(109248K)
[2018-01-27T02:21:20.873+0530][12775.986s] GC(495) CMS: 61446K->61446K(393216K)
[2018-01-27T02:21:20.873+0530][12775.986s] GC(495) Metaspace: 49192K->49192K(1095680K)
[2018-01-27T02:21:20.875+0530][12775.988s] GC(495) Pause Young (Allocation Failure) 145M->60M(490M) 42.110ms
[2018-01-27T02:21:20.876+0530][12775.989s] GC(495) User=0.04s Sys=0.00s Real=0.04s
[2018-01-27T02:21:53.770+0530][12808.884s] GC(496) Pause Young (Allocation Failure)
[2018-01-27T02:21:53.776+0530][12808.889s] GC(496) Using 4 workers of 4 for evacuation
[2018-01-27T02:21:53.808+0530][12808.922s] GC(496) ParNew: 87440K->14K(109248K)
[2018-01-27T02:21:53.808+0530][12808.922s] GC(496) CMS: 61446K->61446K(393216K)
[2018-01-27T02:21:53.808+0530][12808.922s] GC(496) Metaspace: 49192K->49192K(1095680K)
[2018-01-27T02:21:53.810+0530][12808.924s] GC(496) Pause Young (Allocation Failure) 145M->60M(490M) 40.241ms
[2018-01-27T02:21:53.812+0530][12808.925s] GC(496) User=0.04s Sys=0.00s Real=0.04s
[2018-01-27T02:22:25.238+0530][12840.352s] GC(497) Pause Young (Allocation Failure)
[2018-01-27T02:22:25.250+0530][12840.363s] GC(497) Using 4 workers of 4 for evacuation
[2018-01-27T02:22:25.338+0530][12840.451s] GC(497) ParNew: 87438K->14K(109248K)
[2018-01-27T02:22:25.338+0530][12840.451s] GC(497) CMS: 61446K->61446K(393216K)
[2018-01-27T02:22:25.338+0530][12840.451s] GC(497) Metaspace: 49192K->49192K(1095680K)
[2018-01-27T02:22:25.340+0530][12840.454s] GC(497) Pause Young (Allocation Failure) 145M->60M(490M) 101.868ms
[2018-01-27T02:22:25.341+0530][12840.455s] GC(497) User=0.05s Sys=0.00s Real=0.11s
[2018-01-27T02:22:58.641+0530][12873.754s] GC(498) Pause Young (Allocation Failure)
[2018-01-27T02:22:58.646+0530][12873.759s] GC(498) Using 4 workers of 4 for evacuation
[2018-01-27T02:22:58.683+0530][12873.796s] GC(498) ParNew: 87438K->16K(109248K)
[2018-01-27T02:22:58.683+0530][12873.797s] GC(498) CMS: 61446K->61446K(393216K)
[2018-01-27T02:22:58.683+0530][12873.797s] GC(498) Metaspace: 49192K->49192K(1095680K)
[2018-01-27T02:22:58.685+0530][12873.799s] GC(498) Pause Young (Allocation Failure) 145M->60M(490M) 44.273ms
[2018-01-27T02:22:58.688+0530][12873.801s] GC(498) User=0.04s Sys=0.00s Real=0.04s
[2018-01-27T02:23:30.943+0530][12906.056s] GC(499) Pause Young (Allocation Failure)
[2018-01-27T02:23:30.948+0530][12906.061s] GC(499) Using 4 workers of 4 for evacuation
[2018-01-27T02:23:30.994+0530][12906.107s] GC(499) ParNew: 87440K->14K(109248K)
[2018-01-27T02:23:30.994+0530][12906.107s] GC(499) CMS: 61446K->61446K(393216K)
[2018-01-27T02:23:30.994+0530][12906.107s] GC(499) Metaspace: 49192K->49192K(1095680K)
[2018-01-27T02:23:30.996+0530][12906.109s] GC(499) Pause Young (Allocation Failure) 145M->60M(490M) 53.105ms
[2018-01-27T02:23:30.997+0530][12906.110s] GC(499) User=0.05s Sys=0.00s Real=0.05s
[2018-01-27T02:24:03.672+0530][12938.785s] GC(500) Pause Young (Allocation Failure)
[2018-01-27T02:24:03.678+0530][12938.792s] GC(500) Using 4 workers of 4 for evacuation
[2018-01-27T02:24:03.718+0530][12938.831s] GC(500) ParNew: 87438K->16K(109248K)
[2018-01-27T02:24:03.718+0530][12938.831s] GC(500) CMS: 61446K->61446K(393216K)
[2018-01-27T02:24:03.718+0530][12938.831s] GC(500) Metaspace: 49192K->49192K(1095680K)
[2018-01-27T02:24:03.720+0530][12938.833s] GC(500) Pause Young (Allocation Failure) 145M->60M(490M) 48.233ms
[2018-01-27T02:24:03.721+0530][12938.835s] GC(500) User=0.05s Sys=0.00s Real=0.05s
[2018-01-27T02:24:36.929+0530][12972.042s] GC(501) Pause Young (Allocation Failure)
[2018-01-27T02:24:36.936+0530][12972.049s] GC(501) Using 4 workers of 4 for evacuation
[2018-01-27T02:24:36.968+0530][12972.082s] GC(501) ParNew: 87440K->16K(109248K)
[2018-01-27T02:24:36.968+0530][12972.082s] GC(501) CMS: 61446K->61447K(393216K)
[2018-01-27T02:24:36.969+0530][12972.082s] GC(501) Metaspace: 49192K->49192K(1095680K)
[2018-01-27T02:24:36.972+0530][12972.085s] GC(501) Pause Young (Allocation Failure) 145M->60M(490M) 43.228ms
[2018-01-27T02:24:36.973+0530][12972.087s] GC(501) User=0.04s Sys=0.00s Real=0.05s
[2018-01-27T02:25:09.279+0530][13004.393s] GC(502) Pause Young (Allocation Failure)
[2018-01-27T02:25:09.284+0530][13004.398s] GC(502) Using 4 workers of 4 for evacuation
[2018-01-27T02:25:09.320+0530][13004.434s] GC(502) ParNew: 87440K->16K(109248K)
[2018-01-27T02:25:09.320+0530][13004.434s] GC(502) CMS: 61447K->61447K(393216K)
[2018-01-27T02:25:09.320+0530][13004.434s] GC(502) Metaspace: 49192K->49192K(1095680K)
[2018-01-27T02:25:09.323+0530][13004.436s] GC(502) Pause Young (Allocation Failure) 145M->60M(490M) 43.442ms
[2018-01-27T02:25:09.324+0530][13004.437s] GC(502) User=0.05s Sys=0.00s Real=0.05s
[2018-01-27T02:25:42.835+0530][13037.948s] GC(503) Pause Young (Allocation Failure)
[2018-01-27T02:25:42.840+0530][13037.953s] GC(503) Using 4 workers of 4 for evacuation
[2018-01-27T02:25:42.872+0530][13037.986s] GC(503) ParNew: 87439K->16K(109248K)
[2018-01-27T02:25:42.872+0530][13037.986s] GC(503) CMS: 61447K->61447K(393216K)
[2018-01-27T02:25:42.872+0530][13037.986s] GC(503) Metaspace: 49192K->49192K(1095680K)
[2018-01-27T02:25:42.874+0530][13037.988s] GC(503) Pause Young (Allocation Failure) 145M->60M(490M) 39.783ms
[2018-01-27T02:25:42.876+0530][13037.989s] GC(503) User=0.04s Sys=0.00s Real=0.04s
[2018-01-27T02:26:15.468+0530][13070.582s] GC(504) Pause Young (Allocation Failure)
[2018-01-27T02:26:15.473+0530][13070.586s] GC(504) Using 4 workers of 4 for evacuation
[2018-01-27T02:26:15.514+0530][13070.627s] GC(504) ParNew: 87440K->14K(109248K)
[2018-01-27T02:26:15.514+0530][13070.627s] GC(504) CMS: 61447K->61447K(393216K)
[2018-01-27T02:26:15.514+0530][13070.627s] GC(504) Metaspace: 49192K->49192K(1095680K)
[2018-01-27T02:26:15.516+0530][13070.630s] GC(504) Pause Young (Allocation Failure) 145M->60M(490M) 48.287ms
[2018-01-27T02:26:15.518+0530][13070.631s] GC(504) User=0.05s Sys=0.00s Real=0.05s
[2018-01-27T02:26:47.456+0530][13102.570s] GC(505) Pause Young (Allocation Failure)
[2018-01-27T02:26:47.461+0530][13102.575s] GC(505) Using 4 workers of 4 for evacuation
[2018-01-27T02:26:47.495+0530][13102.608s] GC(505) ParNew: 87438K->16K(109248K)
[2018-01-27T02:26:47.495+0530][13102.608s] GC(505) CMS: 61447K->61447K(393216K)
[2018-01-27T02:26:47.495+0530][13102.608s] GC(505) Metaspace: 49192K->49192K(1095680K)
[2018-01-27T02:26:47.497+0530][13102.610s] GC(505) Pause Young (Allocation Failure) 145M->60M(490M) 40.454ms
[2018-01-27T02:26:47.498+0530][13102.612s] GC(505) User=0.04s Sys=0.00s Real=0.04s
[2018-01-27T02:27:21.339+0530][13136.452s] GC(506) Pause Young (Allocation Failure)
[2018-01-27T02:27:21.344+0530][13136.457s] GC(506) Using 4 workers of 4 for evacuation
[2018-01-27T02:27:21.382+0530][13136.496s] GC(506) ParNew: 87440K->16K(109248K)
[2018-01-27T02:27:21.382+0530][13136.496s] GC(506) CMS: 61447K->61447K(393216K)
[2018-01-27T02:27:21.382+0530][13136.496s] GC(506) Metaspace: 49192K->49192K(1095680K)
[2018-01-27T02:27:21.384+0530][13136.498s] GC(506) Pause Young (Allocation Failure) 145M->60M(490M) 45.564ms
[2018-01-27T02:27:21.386+0530][13136.499s] GC(506) User=0.04s Sys=0.00s Real=0.05s
[2018-01-27T02:27:53.689+0530][13168.802s] GC(507) Pause Young (Allocation Failure)
[2018-01-27T02:27:53.693+0530][13168.807s] GC(507) Using 4 workers of 4 for evacuation
[2018-01-27T02:27:53.729+0530][13168.843s] GC(507) ParNew: 87440K->14K(109248K)
[2018-01-27T02:27:53.729+0530][13168.843s] GC(507) CMS: 61447K->61447K(393216K)
[2018-01-27T02:27:53.729+0530][13168.843s] GC(507) Metaspace: 49192K->49192K(1095680K)
[2018-01-27T02:27:53.731+0530][13168.845s] GC(507) Pause Young (Allocation Failure) 145M->60M(490M) 42.341ms
[2018-01-27T02:27:53.733+0530][13168.846s] GC(507) User=0.04s Sys=0.00s Real=0.05s
[2018-01-27T02:28:25.722+0530][13200.836s] GC(508) Pause Young (Allocation Failure)
[2018-01-27T02:28:25.728+0530][13200.842s] GC(508) Using 4 workers of 4 for evacuation
[2018-01-27T02:28:25.771+0530][13200.884s] GC(508) ParNew: 87438K->16K(109248K)
[2018-01-27T02:28:25.771+0530][13200.884s] GC(508) CMS: 61447K->61447K(393216K)
[2018-01-27T02:28:25.771+0530][13200.884s] GC(508) Metaspace: 49192K->49192K(1095680K)
[2018-01-27T02:28:25.773+0530][13200.886s] GC(508) Pause Young (Allocation Failure) 145M->60M(490M) 50.582ms
[2018-01-27T02:28:25.774+0530][13200.888s] GC(508) User=0.05s Sys=0.00s Real=0.05s
[2018-01-27T02:29:00.539+0530][13235.652s] GC(509) Pause Young (Allocation Failure)
[2018-01-27T02:29:00.545+0530][13235.659s] GC(509) Using 4 workers of 4 for evacuation
[2018-01-27T02:29:00.594+0530][13235.708s] GC(509) ParNew: 87440K->14K(109248K)
[2018-01-27T02:29:00.594+0530][13235.708s] GC(509) CMS: 61447K->61447K(393216K)
[2018-01-27T02:29:00.594+0530][13235.708s] GC(509) Metaspace: 49192K->49192K(1095680K)
[2018-01-27T02:29:00.597+0530][13235.711s] GC(509) Pause Young (Allocation Failure) 145M->60M(490M) 58.571ms
[2018-01-27T02:29:00.599+0530][13235.712s] GC(509) User=0.06s Sys=0.00s Real=0.06s
[2018-01-27T02:29:32.349+0530][13267.462s] GC(510) Pause Young (Allocation Failure)
[2018-01-27T02:29:32.353+0530][13267.467s] GC(510) Using 4 workers of 4 for evacuation
[2018-01-27T02:29:32.393+0530][13267.506s] GC(510) ParNew: 87438K->16K(109248K)
[2018-01-27T02:29:32.393+0530][13267.506s] GC(510) CMS: 61447K->61447K(393216K)
[2018-01-27T02:29:32.393+0530][13267.507s] GC(510) Metaspace: 49192K->49192K(1095680K)
[2018-01-27T02:29:32.395+0530][13267.509s] GC(510) Pause Young (Allocation Failure) 145M->60M(490M) 46.266ms
[2018-01-27T02:29:32.397+0530][13267.510s] GC(510) User=0.05s Sys=0.00s Real=0.05s
[2018-01-27T02:30:04.581+0530][13299.695s] GC(511) Pause Young (Allocation Failure)
[2018-01-27T02:30:04.586+0530][13299.699s] GC(511) Using 4 workers of 4 for evacuation
[2018-01-27T02:30:04.629+0530][13299.743s] GC(511) ParNew: 87440K->14K(109248K)
[2018-01-27T02:30:04.629+0530][13299.743s] GC(511) CMS: 61447K->61447K(393216K)
[2018-01-27T02:30:04.629+0530][13299.743s] GC(511) Metaspace: 49192K->49192K(1095680K)
[2018-01-27T02:30:04.631+0530][13299.745s] GC(511) Pause Young (Allocation Failure) 145M->60M(490M) 50.251ms
[2018-01-27T02:30:04.633+0530][13299.746s] GC(511) User=0.05s Sys=0.00s Real=0.04s
[2018-01-27T02:30:39.361+0530][13334.474s] GC(512) Pause Young (Allocation Failure)
[2018-01-27T02:30:39.366+0530][13334.479s] GC(512) Using 4 workers of 4 for evacuation
[2018-01-27T02:30:39.406+0530][13334.519s] GC(512) ParNew: 87438K->14K(109248K)
[2018-01-27T02:30:39.406+0530][13334.519s] GC(512) CMS: 61447K->61447K(393216K)
[2018-01-27T02:30:39.406+0530][13334.519s] GC(512) Metaspace: 49192K->49192K(1095680K)
[2018-01-27T02:30:39.408+0530][13334.521s] GC(512) Pause Young (Allocation Failure) 145M->60M(490M) 46.793ms
[2018-01-27T02:30:39.409+0530][13334.522s] GC(512) User=0.05s Sys=0.00s Real=0.04s
[2018-01-27T02:31:11.185+0530][13366.299s] GC(513) Pause Young (Allocation Failure)
[2018-01-27T02:31:11.190+0530][13366.303s] GC(513) Using 4 workers of 4 for evacuation
[2018-01-27T02:31:11.225+0530][13366.338s] GC(513) ParNew: 87438K->14K(109248K)
[2018-01-27T02:31:11.225+0530][13366.338s] GC(513) CMS: 61447K->61447K(393216K)
[2018-01-27T02:31:11.225+0530][13366.338s] GC(513) Metaspace: 49192K->49192K(1095680K)
[2018-01-27T02:31:11.227+0530][13366.340s] GC(513) Pause Young (Allocation Failure) 145M->60M(490M) 41.470ms
[2018-01-27T02:31:11.228+0530][13366.341s] GC(513) User=0.04s Sys=0.00s Real=0.04s
[2018-01-27T02:31:43.753+0530][13398.866s] GC(514) Pause Young (Allocation Failure)
[2018-01-27T02:31:43.758+0530][13398.872s] GC(514) Using 4 workers of 4 for evacuation
[2018-01-27T02:31:43.809+0530][13398.922s] GC(514) ParNew: 87437K->12K(109248K)
[2018-01-27T02:31:43.809+0530][13398.922s] GC(514) CMS: 61447K->61447K(393216K)
[2018-01-27T02:31:43.809+0530][13398.922s] GC(514) Metaspace: 49192K->49192K(1095680K)
[2018-01-27T02:31:43.812+0530][13398.925s] GC(514) Pause Young (Allocation Failure) 145M->60M(490M) 59.169ms
[2018-01-27T02:31:43.813+0530][13398.927s] GC(514) User=0.06s Sys=0.01s Real=0.06s
[2018-01-27T02:32:18.360+0530][13433.474s] GC(515) Pause Young (Allocation Failure)
[2018-01-27T02:32:18.365+0530][13433.479s] GC(515) Using 4 workers of 4 for evacuation
[2018-01-27T02:32:18.402+0530][13433.516s] GC(515) ParNew: 87436K->16K(109248K)
[2018-01-27T02:32:18.403+0530][13433.516s] GC(515) CMS: 61447K->61447K(393216K)
[2018-01-27T02:32:18.403+0530][13433.516s] GC(515) Metaspace: 49192K->49192K(1095680K)
[2018-01-27T02:32:18.405+0530][13433.518s] GC(515) Pause Young (Allocation Failure) 145M->60M(490M) 44.861ms
[2018-01-27T02:32:18.407+0530][13433.520s] GC(515) User=0.05s Sys=0.00s Real=0.05s
[2018-01-27T02:32:50.124+0530][13465.237s] GC(516) Pause Young (Allocation Failure)
