[2018-01-27T02:49:36.272+0530][14471.385s] GC(548) User=0.05s Sys=0.00s Real=0.06s
[2018-01-27T02:50:08.378+0530][14503.491s] GC(549) Pause Young (Allocation Failure)
[2018-01-27T02:50:08.383+0530][14503.496s] GC(549) Using 4 workers of 4 for evacuation
[2018-01-27T02:50:08.418+0530][14503.531s] GC(549) ParNew: 87603K->165K(109248K)
[2018-01-27T02:50:08.418+0530][14503.531s] GC(549) CMS: 62196K->62196K(393216K)
[2018-01-27T02:50:08.418+0530][14503.531s] GC(549) Metaspace: 49262K->49262K(1095680K)
[2018-01-27T02:50:08.420+0530][14503.533s] GC(549) Pause Young (Allocation Failure) 146M->60M(490M) 41.855ms
[2018-01-27T02:50:08.421+0530][14503.534s] GC(549) User=0.04s Sys=0.00s Real=0.04s
[2018-01-27T02:50:42.157+0530][14537.270s] GC(550) Pause Young (Allocation Failure)
[2018-01-27T02:50:42.164+0530][14537.277s] GC(550) Using 4 workers of 4 for evacuation
[2018-01-27T02:50:42.208+0530][14537.322s] GC(550) ParNew: 87589K->205K(109248K)
[2018-01-27T02:50:42.209+0530][14537.322s] GC(550) CMS: 62196K->62197K(393216K)
[2018-01-27T02:50:42.209+0530][14537.322s] GC(550) Metaspace: 49262K->49262K(1095680K)
[2018-01-27T02:50:42.211+0530][14537.324s] GC(550) Pause Young (Allocation Failure) 146M->60M(490M) 54.231ms
[2018-01-27T02:50:42.212+0530][14537.325s] GC(550) User=0.05s Sys=0.00s Real=0.06s
[2018-01-27T02:51:14.690+0530][14569.803s] GC(551) Pause Young (Allocation Failure)
[2018-01-27T02:51:14.697+0530][14569.810s] GC(551) Using 4 workers of 4 for evacuation
[2018-01-27T02:51:14.747+0530][14569.860s] GC(551) ParNew: 87629K->176K(109248K)
[2018-01-27T02:51:14.747+0530][14569.861s] GC(551) CMS: 62197K->62197K(393216K)
[2018-01-27T02:51:14.747+0530][14569.861s] GC(551) Metaspace: 49263K->49263K(1095680K)
[2018-01-27T02:51:14.752+0530][14569.865s] GC(551) Pause Young (Allocation Failure) 146M->60M(490M) 62.156ms
[2018-01-27T02:51:14.753+0530][14569.867s] GC(551) User=0.05s Sys=0.00s Real=0.07s
[2018-01-27T02:51:46.521+0530][14601.634s] GC(552) Pause Young (Allocation Failure)
[2018-01-27T02:51:46.530+0530][14601.644s] GC(552) Using 4 workers of 4 for evacuation
[2018-01-27T02:51:46.588+0530][14601.701s] GC(552) ParNew: 87600K->233K(109248K)
[2018-01-27T02:51:46.588+0530][14601.701s] GC(552) CMS: 62197K->62197K(393216K)
[2018-01-27T02:51:46.588+0530][14601.701s] GC(552) Metaspace: 49263K->49263K(1095680K)
[2018-01-27T02:51:46.590+0530][14601.703s] GC(552) Pause Young (Allocation Failure) 146M->60M(490M) 68.802ms
[2018-01-27T02:51:46.591+0530][14601.704s] GC(552) User=0.05s Sys=0.00s Real=0.06s
[2018-01-27T02:52:21.010+0530][14636.123s] GC(553) Pause Young (Allocation Failure)
[2018-01-27T02:52:21.018+0530][14636.131s] GC(553) Using 4 workers of 4 for evacuation
[2018-01-27T02:52:21.060+0530][14636.173s] GC(553) ParNew: 87657K->188K(109248K)
[2018-01-27T02:52:21.060+0530][14636.174s] GC(553) CMS: 62197K->62197K(393216K)
[2018-01-27T02:52:21.060+0530][14636.174s] GC(553) Metaspace: 49263K->49263K(1095680K)
[2018-01-27T02:52:21.063+0530][14636.176s] GC(553) Pause Young (Allocation Failure) 146M->60M(490M) 52.785ms
[2018-01-27T02:52:21.064+0530][14636.177s] GC(553) User=0.04s Sys=0.00s Real=0.06s
[2018-01-27T02:52:52.933+0530][14668.046s] GC(554) Pause Young (Allocation Failure)
[2018-01-27T02:52:52.938+0530][14668.051s] GC(554) Using 4 workers of 4 for evacuation
[2018-01-27T02:52:52.969+0530][14668.082s] GC(554) ParNew: 87612K->48K(109248K)
[2018-01-27T02:52:52.969+0530][14668.082s] GC(554) CMS: 62197K->62328K(393216K)
[2018-01-27T02:52:52.969+0530][14668.082s] GC(554) Metaspace: 49263K->49263K(1095680K)
[2018-01-27T02:52:52.971+0530][14668.085s] GC(554) Pause Young (Allocation Failure) 146M->60M(490M) 38.338ms
[2018-01-27T02:52:52.973+0530][14668.086s] GC(554) User=0.04s Sys=0.00s Real=0.05s
[2018-01-27T02:53:24.911+0530][14700.025s] GC(555) Pause Young (Allocation Failure)
[2018-01-27T02:53:24.916+0530][14700.029s] GC(555) Using 4 workers of 4 for evacuation
[2018-01-27T02:53:24.954+0530][14700.067s] GC(555) ParNew: 87472K->25K(109248K)
[2018-01-27T02:53:24.954+0530][14700.067s] GC(555) CMS: 62328K->62328K(393216K)
[2018-01-27T02:53:24.954+0530][14700.067s] GC(555) Metaspace: 49263K->49263K(1095680K)
[2018-01-27T02:53:24.956+0530][14700.069s] GC(555) Pause Young (Allocation Failure) 146M->60M(490M) 44.630ms
[2018-01-27T02:53:24.957+0530][14700.071s] GC(555) User=0.04s Sys=0.00s Real=0.05s
[2018-01-27T02:53:59.664+0530][14734.777s] GC(556) Pause Young (Allocation Failure)
[2018-01-27T02:53:59.669+0530][14734.782s] GC(556) Using 4 workers of 4 for evacuation
[2018-01-27T02:53:59.709+0530][14734.823s] GC(556) ParNew: 87449K->16K(109248K)
[2018-01-27T02:53:59.709+0530][14734.823s] GC(556) CMS: 62328K->62328K(393216K)
[2018-01-27T02:53:59.709+0530][14734.823s] GC(556) Metaspace: 49263K->49263K(1095680K)
[2018-01-27T02:53:59.712+0530][14734.825s] GC(556) Pause Young (Allocation Failure) 146M->60M(490M) 47.953ms
[2018-01-27T02:53:59.713+0530][14734.827s] GC(556) User=0.04s Sys=0.00s Real=0.05s
[2018-01-27T02:54:31.658+0530][14766.771s] GC(557) Pause Young (Allocation Failure)
[2018-01-27T02:54:31.662+0530][14766.775s] GC(557) Using 4 workers of 4 for evacuation
[2018-01-27T02:54:31.696+0530][14766.809s] GC(557) ParNew: 87440K->14K(109248K)
[2018-01-27T02:54:31.696+0530][14766.810s] GC(557) CMS: 62328K->62328K(393216K)
[2018-01-27T02:54:31.696+0530][14766.810s] GC(557) Metaspace: 49263K->49263K(1095680K)
[2018-01-27T02:54:31.698+0530][14766.812s] GC(557) Pause Young (Allocation Failure) 146M->60M(490M) 40.478ms
[2018-01-27T02:54:31.700+0530][14766.813s] GC(557) User=0.04s Sys=0.00s Real=0.04s
[2018-01-27T02:55:03.906+0530][14799.019s] GC(558) Pause Young (Allocation Failure)
[2018-01-27T02:55:03.911+0530][14799.024s] GC(558) Using 4 workers of 4 for evacuation
[2018-01-27T02:55:03.949+0530][14799.062s] GC(558) ParNew: 87438K->14K(109248K)
[2018-01-27T02:55:03.949+0530][14799.062s] GC(558) CMS: 62328K->62328K(393216K)
[2018-01-27T02:55:03.949+0530][14799.062s] GC(558) Metaspace: 49263K->49263K(1095680K)
[2018-01-27T02:55:03.951+0530][14799.064s] GC(558) Pause Young (Allocation Failure) 146M->60M(490M) 45.048ms
[2018-01-27T02:55:03.952+0530][14799.065s] GC(558) User=0.05s Sys=0.00s Real=0.05s
[2018-01-27T02:55:38.639+0530][14833.753s] GC(559) Pause Young (Allocation Failure)
[2018-01-27T02:55:38.645+0530][14833.758s] GC(559) Using 4 workers of 4 for evacuation
[2018-01-27T02:55:38.688+0530][14833.801s] GC(559) ParNew: 87438K->14K(109248K)
[2018-01-27T02:55:38.688+0530][14833.801s] GC(559) CMS: 62328K->62328K(393216K)
[2018-01-27T02:55:38.688+0530][14833.801s] GC(559) Metaspace: 49263K->49263K(1095680K)
[2018-01-27T02:55:38.690+0530][14833.803s] GC(559) Pause Young (Allocation Failure) 146M->60M(490M) 50.581ms
[2018-01-27T02:55:38.691+0530][14833.805s] GC(559) User=0.05s Sys=0.00s Real=0.05s
[2018-01-27T02:56:10.013+0530][14865.126s] GC(560) Pause Young (Allocation Failure)
[2018-01-27T02:56:10.022+0530][14865.135s] GC(560) Using 4 workers of 4 for evacuation
[2018-01-27T02:56:10.142+0530][14865.255s] GC(560) ParNew: 87438K->55K(109248K)
[2018-01-27T02:56:10.142+0530][14865.256s] GC(560) CMS: 62328K->62328K(393216K)
[2018-01-27T02:56:10.142+0530][14865.256s] GC(560) Metaspace: 49264K->49264K(1095680K)
[2018-01-27T02:56:10.145+0530][14865.258s] GC(560) Pause Young (Allocation Failure) 146M->60M(490M) 131.845ms
[2018-01-27T02:56:10.146+0530][14865.259s] GC(560) User=0.05s Sys=0.00s Real=0.13s
[2018-01-27T02:56:41.362+0530][14896.475s] GC(561) Pause Young (Allocation Failure)
[2018-01-27T02:56:41.369+0530][14896.483s] GC(561) Using 4 workers of 4 for evacuation
[2018-01-27T02:56:41.414+0530][14896.527s] GC(561) ParNew: 87479K->89K(109248K)
[2018-01-27T02:56:41.414+0530][14896.527s] GC(561) CMS: 62328K->62328K(393216K)
[2018-01-27T02:56:41.414+0530][14896.527s] GC(561) Metaspace: 49274K->49274K(1095680K)
[2018-01-27T02:56:41.417+0530][14896.530s] GC(561) Pause Young (Allocation Failure) 146M->60M(490M) 55.006ms
[2018-01-27T02:56:41.418+0530][14896.532s] GC(561) User=0.05s Sys=0.00s Real=0.06s
[2018-01-27T02:57:13.450+0530][14928.563s] GC(562) Pause Young (Allocation Failure)
[2018-01-27T02:57:13.454+0530][14928.567s] GC(562) Using 4 workers of 4 for evacuation
[2018-01-27T02:57:13.491+0530][14928.604s] GC(562) ParNew: 87513K->122K(109248K)
[2018-01-27T02:57:13.491+0530][14928.604s] GC(562) CMS: 62328K->62328K(393216K)
[2018-01-27T02:57:13.491+0530][14928.604s] GC(562) Metaspace: 49285K->49285K(1095680K)
[2018-01-27T02:57:13.493+0530][14928.606s] GC(562) Pause Young (Allocation Failure) 146M->60M(490M) 43.299ms
[2018-01-27T02:57:13.494+0530][14928.608s] GC(562) User=0.05s Sys=0.00s Real=0.05s
[2018-01-27T02:57:45.833+0530][14960.946s] GC(563) Pause Young (Allocation Failure)
[2018-01-27T02:57:45.841+0530][14960.954s] GC(563) Using 4 workers of 4 for evacuation
[2018-01-27T02:57:45.915+0530][14961.028s] GC(563) ParNew: 87546K->418K(109248K)
[2018-01-27T02:57:45.915+0530][14961.028s] GC(563) CMS: 62328K->62328K(393216K)
[2018-01-27T02:57:45.915+0530][14961.028s] GC(563) Metaspace: 49285K->49285K(1095680K)
[2018-01-27T02:57:45.918+0530][14961.031s] GC(563) Pause Young (Allocation Failure) 146M->61M(490M) 84.927ms
[2018-01-27T02:57:45.926+0530][14961.039s] GC(563) User=0.05s Sys=0.00s Real=0.09s
[2018-01-27T02:58:17.784+0530][14992.897s] GC(564) Pause Young (Allocation Failure)
[2018-01-27T02:58:17.788+0530][14992.902s] GC(564) Using 4 workers of 4 for evacuation
[2018-01-27T02:58:17.869+0530][14992.982s] GC(564) ParNew: 87842K->615K(109248K)
[2018-01-27T02:58:17.869+0530][14992.982s] GC(564) CMS: 62328K->62328K(393216K)
[2018-01-27T02:58:17.869+0530][14992.982s] GC(564) Metaspace: 49285K->49285K(1095680K)
[2018-01-27T02:58:17.871+0530][14992.984s] GC(564) Pause Young (Allocation Failure) 146M->61M(490M) 86.993ms
[2018-01-27T02:58:17.872+0530][14992.985s] GC(564) User=0.04s Sys=0.00s Real=0.08s
[2018-01-27T02:58:50.951+0530][15026.064s] GC(565) Pause Young (Allocation Failure)
[2018-01-27T02:58:50.967+0530][15026.081s] GC(565) Using 4 workers of 4 for evacuation
[2018-01-27T02:58:51.047+0530][15026.161s] GC(565) ParNew: 88039K->490K(109248K)
[2018-01-27T02:58:51.047+0530][15026.161s] GC(565) CMS: 62328K->62328K(393216K)
[2018-01-27T02:58:51.047+0530][15026.161s] GC(565) Metaspace: 49285K->49285K(1095680K)
[2018-01-27T02:58:51.058+0530][15026.171s] GC(565) Pause Young (Allocation Failure) 146M->61M(490M) 107.386ms
[2018-01-27T02:58:51.060+0530][15026.173s] GC(565) User=0.05s Sys=0.00s Real=0.11s
[2018-01-27T02:59:04.705+0530][15039.818s] GC(566) Pause Young (Allocation Failure)
[2018-01-27T02:59:04.718+0530][15039.831s] GC(566) Using 4 workers of 4 for evacuation
[2018-01-27T02:59:04.814+0530][15039.927s] GC(566) ParNew: 87914K->1250K(109248K)
[2018-01-27T02:59:04.814+0530][15039.928s] GC(566) CMS: 62328K->62328K(393216K)
[2018-01-27T02:59:04.814+0530][15039.928s] GC(566) Metaspace: 49285K->49285K(1095680K)
[2018-01-27T02:59:04.816+0530][15039.929s] GC(566) Pause Young (Allocation Failure) 146M->62M(490M) 111.216ms
[2018-01-27T02:59:04.827+0530][15039.941s] GC(566) User=0.04s Sys=0.00s Real=0.11s
[2018-01-27T02:59:37.530+0530][15072.644s] GC(567) Pause Young (Allocation Failure)
[2018-01-27T02:59:37.539+0530][15072.652s] GC(567) Using 4 workers of 4 for evacuation
[2018-01-27T02:59:37.602+0530][15072.715s] GC(567) ParNew: 88674K->1651K(109248K)
[2018-01-27T02:59:37.602+0530][15072.715s] GC(567) CMS: 62328K->62329K(393216K)
[2018-01-27T02:59:37.602+0530][15072.715s] GC(567) Metaspace: 49286K->49286K(1095680K)
[2018-01-27T02:59:37.606+0530][15072.719s] GC(567) Pause Young (Allocation Failure) 147M->62M(490M) 75.461ms
[2018-01-27T02:59:37.607+0530][15072.721s] GC(567) User=0.05s Sys=0.00s Real=0.08s
[2018-01-27T03:00:09.405+0530][15104.518s] GC(568) Pause Young (Allocation Failure)
[2018-01-27T03:00:09.411+0530][15104.525s] GC(568) Using 4 workers of 4 for evacuation
[2018-01-27T03:00:09.460+0530][15104.573s] GC(568) ParNew: 89075K->1241K(109248K)
[2018-01-27T03:00:09.460+0530][15104.573s] GC(568) CMS: 62329K->62330K(393216K)
[2018-01-27T03:00:09.460+0530][15104.574s] GC(568) Metaspace: 49286K->49286K(1095680K)
[2018-01-27T03:00:09.462+0530][15104.576s] GC(568) Pause Young (Allocation Failure) 147M->62M(490M) 57.618ms
[2018-01-27T03:00:09.464+0530][15104.577s] GC(568) User=0.05s Sys=0.00s Real=0.06s
[2018-01-27T03:00:42.476+0530][15137.590s] GC(569) Pause Young (Allocation Failure)
[2018-01-27T03:00:42.485+0530][15137.598s] GC(569) Using 4 workers of 4 for evacuation
[2018-01-27T03:00:42.535+0530][15137.648s] GC(569) ParNew: 88665K->1484K(109248K)
[2018-01-27T03:00:42.535+0530][15137.648s] GC(569) CMS: 62330K->62346K(393216K)
[2018-01-27T03:00:42.535+0530][15137.648s] GC(569) Metaspace: 49286K->49286K(1095680K)
[2018-01-27T03:00:42.537+0530][15137.650s] GC(569) Pause Young (Allocation Failure) 147M->62M(490M) 60.647ms
[2018-01-27T03:00:42.539+0530][15137.652s] GC(569) User=0.05s Sys=0.00s Real=0.06s
[2018-01-27T03:01:15.199+0530][15170.312s] GC(570) Pause Young (Allocation Failure)
[2018-01-27T03:01:15.210+0530][15170.324s] GC(570) Using 4 workers of 4 for evacuation
[2018-01-27T03:01:15.328+0530][15170.441s] GC(570) ParNew: 88908K->1246K(109248K)
[2018-01-27T03:01:15.328+0530][15170.441s] GC(570) CMS: 62346K->62371K(393216K)
[2018-01-27T03:01:15.328+0530][15170.441s] GC(570) Metaspace: 49286K->49286K(1095680K)
[2018-01-27T03:01:15.330+0530][15170.443s] GC(570) Pause Young (Allocation Failure) 147M->62M(490M) 131.176ms
[2018-01-27T03:01:15.339+0530][15170.452s] GC(570) User=0.05s Sys=0.00s Real=0.13s
[2018-01-27T03:01:46.264+0530][15201.378s] GC(571) Pause Young (Allocation Failure)
[2018-01-27T03:01:46.270+0530][15201.383s] GC(571) Using 4 workers of 4 for evacuation
[2018-01-27T03:01:46.312+0530][15201.425s] GC(571) ParNew: 88670K->921K(109248K)
[2018-01-27T03:01:46.312+0530][15201.425s] GC(571) CMS: 62371K->62663K(393216K)
[2018-01-27T03:01:46.312+0530][15201.425s] GC(571) Metaspace: 49286K->49286K(1095680K)
[2018-01-27T03:01:46.315+0530][15201.429s] GC(571) Pause Young (Allocation Failure) 147M->62M(490M) 50.835ms
[2018-01-27T03:01:46.317+0530][15201.430s] GC(571) User=0.05s Sys=0.00s Real=0.05s
[2018-01-27T03:02:20.561+0530][15235.674s] GC(572) Pause Young (Allocation Failure)
[2018-01-27T03:02:20.568+0530][15235.682s] GC(572) Using 4 workers of 4 for evacuation
[2018-01-27T03:02:20.617+0530][15235.730s] GC(572) ParNew: 88345K->733K(109248K)
[2018-01-27T03:02:20.617+0530][15235.730s] GC(572) CMS: 62663K->62671K(393216K)
[2018-01-27T03:02:20.617+0530][15235.730s] GC(572) Metaspace: 49286K->49286K(1095680K)
[2018-01-27T03:02:20.619+0530][15235.732s] GC(572) Pause Young (Allocation Failure) 147M->61M(490M) 57.888ms
[2018-01-27T03:02:20.621+0530][15235.734s] GC(572) User=0.05s Sys=0.00s Real=0.06s
[2018-01-27T03:02:52.119+0530][15267.233s] GC(573) Pause Young (Allocation Failure)
[2018-01-27T03:02:52.124+0530][15267.237s] GC(573) Using 4 workers of 4 for evacuation
[2018-01-27T03:02:52.160+0530][15267.273s] GC(573) ParNew: 88157K->1030K(109248K)
[2018-01-27T03:02:52.160+0530][15267.273s] GC(573) CMS: 62671K->62679K(393216K)
[2018-01-27T03:02:52.160+0530][15267.273s] GC(573) Metaspace: 49286K->49286K(1095680K)
[2018-01-27T03:02:52.162+0530][15267.275s] GC(573) Pause Young (Allocation Failure) 147M->62M(490M) 42.801ms
[2018-01-27T03:02:52.163+0530][15267.277s] GC(573) User=0.04s Sys=0.00s Real=0.05s
[2018-01-27T03:03:23.908+0530][15299.021s] GC(574) Pause Young (Allocation Failure)
[2018-01-27T03:03:23.912+0530][15299.026s] GC(574) Using 4 workers of 4 for evacuation
[2018-01-27T03:03:23.954+0530][15299.068s] GC(574) ParNew: 88454K->276K(109248K)
[2018-01-27T03:03:23.955+0530][15299.068s] GC(574) CMS: 62679K->63252K(393216K)
[2018-01-27T03:03:23.955+0530][15299.068s] GC(574) Metaspace: 49286K->49286K(1095680K)
[2018-01-27T03:03:23.957+0530][15299.070s] GC(574) Pause Young (Allocation Failure) 147M->62M(490M) 49.061ms
[2018-01-27T03:03:23.958+0530][15299.071s] GC(574) User=0.04s Sys=0.00s Real=0.05s
[2018-01-27T03:03:57.948+0530][15333.062s] GC(575) Pause Young (Allocation Failure)
[2018-01-27T03:03:57.965+0530][15333.078s] GC(575) Using 4 workers of 4 for evacuation
[2018-01-27T03:03:58.117+0530][15333.230s] GC(575) ParNew: 87700K->89K(109248K)
[2018-01-27T03:03:58.117+0530][15333.231s] GC(575) CMS: 63252K->63253K(393216K)
[2018-01-27T03:03:58.117+0530][15333.231s] GC(575) Metaspace: 49286K->49286K(1095680K)
[2018-01-27T03:03:58.119+0530][15333.233s] GC(575) Pause Young (Allocation Failure) 147M->61M(490M) 170.848ms
[2018-01-27T03:03:58.128+0530][15333.241s] GC(575) User=0.04s Sys=0.00s Real=0.18s
[2018-01-27T03:04:29.424+0530][15364.538s] GC(576) Pause Young (Allocation Failure)
[2018-01-27T03:04:29.432+0530][15364.545s] GC(576) Using 4 workers of 4 for evacuation
[2018-01-27T03:04:29.461+0530][15364.575s] GC(576) ParNew: 87513K->23K(109248K)
[2018-01-27T03:04:29.461+0530][15364.575s] GC(576) CMS: 63253K->63267K(393216K)
[2018-01-27T03:04:29.461+0530][15364.575s] GC(576) Metaspace: 49286K->49286K(1095680K)
[2018-01-27T03:04:29.463+0530][15364.577s] GC(576) Pause Young (Allocation Failure) 147M->61M(490M) 39.057ms
[2018-01-27T03:04:29.465+0530][15364.579s] GC(576) User=0.04s Sys=0.00s Real=0.04s
[2018-01-27T03:05:01.477+0530][15396.590s] GC(577) Pause Young (Allocation Failure)
[2018-01-27T03:05:01.506+0530][15396.620s] GC(577) Using 4 workers of 4 for evacuation
[2018-01-27T03:05:01.603+0530][15396.716s] GC(577) ParNew: 87447K->14K(109248K)
[2018-01-27T03:05:01.603+0530][15396.717s] GC(577) CMS: 63267K->63267K(393216K)
[2018-01-27T03:05:01.603+0530][15396.717s] GC(577) Metaspace: 49286K->49286K(1095680K)
[2018-01-27T03:05:01.605+0530][15396.719s] GC(577) Pause Young (Allocation Failure) 147M->61M(490M) 128.199ms
[2018-01-27T03:05:01.606+0530][15396.720s] GC(577) User=0.05s Sys=0.00s Real=0.13s
[2018-01-27T03:05:35.343+0530][15430.457s] GC(578) Pause Young (Allocation Failure)
[2018-01-27T03:05:35.348+0530][15430.461s] GC(578) Using 4 workers of 4 for evacuation
[2018-01-27T03:05:35.386+0530][15430.500s] GC(578) ParNew: 87438K->16K(109248K)
[2018-01-27T03:05:35.387+0530][15430.500s] GC(578) CMS: 63267K->63267K(393216K)
[2018-01-27T03:05:35.387+0530][15430.500s] GC(578) Metaspace: 49286K->49286K(1095680K)
[2018-01-27T03:05:35.389+0530][15430.502s] GC(578) Pause Young (Allocation Failure) 147M->61M(490M) 45.434ms
[2018-01-27T03:05:35.390+0530][15430.503s] GC(578) User=0.05s Sys=0.00s Real=0.04s
[2018-01-27T03:06:07.601+0530][15462.715s] GC(579) Pause Young (Allocation Failure)
[2018-01-27T03:06:07.606+0530][15462.719s] GC(579) Using 4 workers of 4 for evacuation
[2018-01-27T03:06:07.645+0530][15462.758s] GC(579) ParNew: 87440K->14K(109248K)
[2018-01-27T03:06:07.645+0530][15462.758s] GC(579) CMS: 63267K->63268K(393216K)
[2018-01-27T03:06:07.645+0530][15462.758s] GC(579) Metaspace: 49286K->49286K(1095680K)
[2018-01-27T03:06:07.647+0530][15462.760s] GC(579) Pause Young (Allocation Failure) 147M->61M(490M) 45.131ms
[2018-01-27T03:06:07.648+0530][15462.761s] GC(579) User=0.04s Sys=0.00s Real=0.05s
[2018-01-27T03:06:39.546+0530][15494.659s] GC(580) Pause Young (Allocation Failure)
[2018-01-27T03:06:39.550+0530][15494.664s] GC(580) Using 4 workers of 4 for evacuation
[2018-01-27T03:06:39.593+0530][15494.706s] GC(580) ParNew: 87438K->16K(109248K)
[2018-01-27T03:06:39.593+0530][15494.706s] GC(580) CMS: 63268K->63268K(393216K)
[2018-01-27T03:06:39.593+0530][15494.706s] GC(580) Metaspace: 49286K->49286K(1095680K)
[2018-01-27T03:06:39.595+0530][15494.708s] GC(580) Pause Young (Allocation Failure) 147M->61M(490M) 49.200ms
[2018-01-27T03:06:39.596+0530][15494.709s] GC(580) User=0.05s Sys=0.00s Real=0.05s
[2018-01-27T03:07:13.681+0530][15528.794s] GC(581) Pause Young (Allocation Failure)
[2018-01-27T03:07:13.691+0530][15528.805s] GC(581) Using 4 workers of 4 for evacuation
[2018-01-27T03:07:13.728+0530][15528.841s] GC(581) ParNew: 87440K->16K(109248K)
[2018-01-27T03:07:13.728+0530][15528.841s] GC(581) CMS: 63268K->63268K(393216K)
[2018-01-27T03:07:13.728+0530][15528.841s] GC(581) Metaspace: 49286K->49286K(1095680K)
