[2018-01-27T01:43:48.900+0530][10524.014s] GC(419) Pause Young (Allocation Failure) 276M->190M(490M) 50.130ms
[2018-01-27T01:43:48.902+0530][10524.015s] GC(419) User=0.05s Sys=0.00s Real=0.06s
[2018-01-27T01:44:12.702+0530][10547.815s] GC(420) Pause Young (Allocation Failure)
[2018-01-27T01:44:12.707+0530][10547.820s] GC(420) Using 4 workers of 4 for evacuation
[2018-01-27T01:44:12.828+0530][10547.941s] GC(420) ParNew: 87440K->843K(109248K)
[2018-01-27T01:44:12.828+0530][10547.941s] GC(420) CMS: 195232K->195233K(393216K)
[2018-01-27T01:44:12.828+0530][10547.941s] GC(420) Metaspace: 49051K->49051K(1095680K)
[2018-01-27T01:44:12.830+0530][10547.944s] GC(420) Pause Young (Allocation Failure) 276M->191M(490M) 128.195ms
[2018-01-27T01:44:12.834+0530][10547.947s] GC(420) User=0.06s Sys=0.00s Real=0.14s
[2018-01-27T01:44:44.787+0530][10579.901s] GC(421) Pause Young (Allocation Failure)
[2018-01-27T01:44:44.792+0530][10579.905s] GC(421) Using 4 workers of 4 for evacuation
[2018-01-27T01:44:44.837+0530][10579.950s] GC(421) ParNew: 88267K->1116K(109248K)
[2018-01-27T01:44:44.837+0530][10579.950s] GC(421) CMS: 195233K->195233K(393216K)
[2018-01-27T01:44:44.837+0530][10579.950s] GC(421) Metaspace: 49051K->49051K(1095680K)
[2018-01-27T01:44:44.839+0530][10579.953s] GC(421) Pause Young (Allocation Failure) 276M->191M(490M) 52.032ms
[2018-01-27T01:44:44.841+0530][10579.954s] GC(421) User=0.05s Sys=0.00s Real=0.06s
[2018-01-27T01:45:16.880+0530][10611.994s] GC(422) Pause Young (Allocation Failure)
[2018-01-27T01:45:16.889+0530][10612.003s] GC(422) Using 4 workers of 4 for evacuation
[2018-01-27T01:45:16.938+0530][10612.052s] GC(422) ParNew: 88540K->966K(109248K)
[2018-01-27T01:45:16.938+0530][10612.052s] GC(422) CMS: 195233K->195233K(393216K)
[2018-01-27T01:45:16.938+0530][10612.052s] GC(422) Metaspace: 49051K->49051K(1095680K)
[2018-01-27T01:45:16.940+0530][10612.054s] GC(422) Pause Young (Allocation Failure) 277M->191M(490M) 60.051ms
[2018-01-27T01:45:16.942+0530][10612.055s] GC(422) User=0.05s Sys=0.00s Real=0.06s
[2018-01-27T01:45:40.777+0530][10635.891s] GC(423) Pause Young (Allocation Failure)
[2018-01-27T01:45:40.786+0530][10635.900s] GC(423) Using 4 workers of 4 for evacuation
[2018-01-27T01:45:40.876+0530][10635.989s] GC(423) ParNew: 88390K->1375K(109248K)
[2018-01-27T01:45:40.876+0530][10635.989s] GC(423) CMS: 195233K->195233K(393216K)
[2018-01-27T01:45:40.876+0530][10635.989s] GC(423) Metaspace: 49051K->49051K(1095680K)
[2018-01-27T01:45:40.878+0530][10635.991s] GC(423) Pause Young (Allocation Failure) 276M->192M(490M) 100.567ms
[2018-01-27T01:45:40.879+0530][10635.993s] GC(423) User=0.04s Sys=0.00s Real=0.11s
[2018-01-27T01:46:12.505+0530][10667.619s] GC(424) Pause Young (Allocation Failure)
[2018-01-27T01:46:12.511+0530][10667.624s] GC(424) Using 4 workers of 4 for evacuation
[2018-01-27T01:46:12.554+0530][10667.668s] GC(424) ParNew: 88799K->1004K(109248K)
[2018-01-27T01:46:12.554+0530][10667.668s] GC(424) CMS: 195233K->195233K(393216K)
[2018-01-27T01:46:12.554+0530][10667.668s] GC(424) Metaspace: 49051K->49051K(1095680K)
[2018-01-27T01:46:12.558+0530][10667.671s] GC(424) Pause Young (Allocation Failure) 277M->191M(490M) 52.468ms
[2018-01-27T01:46:12.559+0530][10667.673s] GC(424) User=0.06s Sys=0.00s Real=0.05s
[2018-01-27T01:46:44.627+0530][10699.740s] GC(425) Pause Young (Allocation Failure)
[2018-01-27T01:46:44.631+0530][10699.745s] GC(425) Using 4 workers of 4 for evacuation
[2018-01-27T01:46:44.682+0530][10699.795s] GC(425) ParNew: 88428K->952K(109248K)
[2018-01-27T01:46:44.682+0530][10699.795s] GC(425) CMS: 195233K->195233K(393216K)
[2018-01-27T01:46:44.682+0530][10699.795s] GC(425) Metaspace: 49051K->49051K(1095680K)
[2018-01-27T01:46:44.684+0530][10699.797s] GC(425) Pause Young (Allocation Failure) 277M->191M(490M) 56.780ms
[2018-01-27T01:46:44.685+0530][10699.798s] GC(425) User=0.06s Sys=0.00s Real=0.06s
[2018-01-27T01:47:19.194+0530][10734.307s] GC(426) Pause Young (Allocation Failure)
[2018-01-27T01:47:19.200+0530][10734.313s] GC(426) Using 4 workers of 4 for evacuation
[2018-01-27T01:47:19.245+0530][10734.358s] GC(426) ParNew: 88376K->1181K(109248K)
[2018-01-27T01:47:19.245+0530][10734.359s] GC(426) CMS: 195233K->195233K(393216K)
[2018-01-27T01:47:19.245+0530][10734.359s] GC(426) Metaspace: 49051K->49051K(1095680K)
[2018-01-27T01:47:19.249+0530][10734.362s] GC(426) Pause Young (Allocation Failure) 276M->191M(490M) 54.995ms
[2018-01-27T01:47:19.250+0530][10734.363s] GC(426) User=0.05s Sys=0.00s Real=0.05s
[2018-01-27T01:47:50.965+0530][10766.079s] GC(427) Pause Young (Allocation Failure)
[2018-01-27T01:47:50.970+0530][10766.083s] GC(427) Using 4 workers of 4 for evacuation
[2018-01-27T01:47:51.016+0530][10766.130s] GC(427) ParNew: 88605K->1086K(109248K)
[2018-01-27T01:47:51.016+0530][10766.130s] GC(427) CMS: 195233K->195233K(393216K)
[2018-01-27T01:47:51.017+0530][10766.130s] GC(427) Metaspace: 49051K->49051K(1095680K)
[2018-01-27T01:47:51.019+0530][10766.132s] GC(427) Pause Young (Allocation Failure) 277M->191M(490M) 53.314ms
[2018-01-27T01:47:51.020+0530][10766.133s] GC(427) User=0.05s Sys=0.00s Real=0.06s
[2018-01-27T01:48:23.200+0530][10798.313s] GC(428) Pause Young (Allocation Failure)
[2018-01-27T01:48:23.205+0530][10798.318s] GC(428) Using 4 workers of 4 for evacuation
[2018-01-27T01:48:23.242+0530][10798.356s] GC(428) ParNew: 88510K->911K(109248K)
[2018-01-27T01:48:23.242+0530][10798.356s] GC(428) CMS: 195233K->195380K(393216K)
[2018-01-27T01:48:23.242+0530][10798.356s] GC(428) Metaspace: 49051K->49051K(1095680K)
[2018-01-27T01:48:23.245+0530][10798.358s] GC(428) Pause Young (Allocation Failure) 277M->191M(490M) 45.017ms
[2018-01-27T01:48:23.246+0530][10798.360s] GC(428) User=0.04s Sys=0.00s Real=0.04s
[2018-01-27T01:48:57.639+0530][10832.752s] GC(429) Pause Young (Allocation Failure)
[2018-01-27T01:48:57.643+0530][10832.757s] GC(429) Using 4 workers of 4 for evacuation
[2018-01-27T01:48:57.678+0530][10832.791s] GC(429) ParNew: 88335K->770K(109248K)
[2018-01-27T01:48:57.678+0530][10832.791s] GC(429) CMS: 195380K->195380K(393216K)
[2018-01-27T01:48:57.678+0530][10832.791s] GC(429) Metaspace: 49051K->49051K(1095680K)
[2018-01-27T01:48:57.680+0530][10832.793s] GC(429) Pause Young (Allocation Failure) 277M->191M(490M) 41.250ms
[2018-01-27T01:48:57.681+0530][10832.794s] GC(429) User=0.04s Sys=0.00s Real=0.04s
[2018-01-27T01:49:29.681+0530][10864.794s] GC(430) Pause Young (Allocation Failure)
[2018-01-27T01:49:29.686+0530][10864.799s] GC(430) Using 4 workers of 4 for evacuation
[2018-01-27T01:49:29.724+0530][10864.838s] GC(430) ParNew: 88194K->764K(109248K)
[2018-01-27T01:49:29.724+0530][10864.838s] GC(430) CMS: 195380K->195380K(393216K)
[2018-01-27T01:49:29.724+0530][10864.838s] GC(430) Metaspace: 49051K->49051K(1095680K)
[2018-01-27T01:49:29.726+0530][10864.840s] GC(430) Pause Young (Allocation Failure) 276M->191M(490M) 45.645ms
[2018-01-27T01:49:29.728+0530][10864.841s] GC(430) User=0.04s Sys=0.00s Real=0.05s
[2018-01-27T01:50:02.059+0530][10897.172s] GC(431) Pause Young (Allocation Failure)
[2018-01-27T01:50:02.064+0530][10897.177s] GC(431) Using 4 workers of 4 for evacuation
[2018-01-27T01:50:02.103+0530][10897.217s] GC(431) ParNew: 88188K->288K(109248K)
[2018-01-27T01:50:02.103+0530][10897.217s] GC(431) CMS: 195380K->195963K(393216K)
[2018-01-27T01:50:02.103+0530][10897.217s] GC(431) Metaspace: 49051K->49051K(1095680K)
[2018-01-27T01:50:02.105+0530][10897.219s] GC(431) Pause Young (Allocation Failure) 276M->191M(490M) 46.319ms
[2018-01-27T01:50:02.107+0530][10897.220s] GC(431) User=0.04s Sys=0.00s Real=0.05s
[2018-01-27T01:50:36.343+0530][10931.456s] GC(432) Pause Young (Allocation Failure)
[2018-01-27T01:50:36.347+0530][10931.461s] GC(432) Using 4 workers of 4 for evacuation
[2018-01-27T01:50:36.391+0530][10931.504s] GC(432) ParNew: 87712K->73K(109248K)
[2018-01-27T01:50:36.391+0530][10931.504s] GC(432) CMS: 195963K->195963K(393216K)
[2018-01-27T01:50:36.391+0530][10931.504s] GC(432) Metaspace: 49051K->49051K(1095680K)
[2018-01-27T01:50:36.393+0530][10931.506s] GC(432) Pause Young (Allocation Failure) 277M->191M(490M) 50.496ms
[2018-01-27T01:50:36.394+0530][10931.508s] GC(432) User=0.05s Sys=0.00s Real=0.05s
[2018-01-27T01:51:08.351+0530][10963.465s] GC(433) Pause Young (Allocation Failure)
[2018-01-27T01:51:08.356+0530][10963.469s] GC(433) Using 4 workers of 4 for evacuation
[2018-01-27T01:51:08.406+0530][10963.519s] GC(433) ParNew: 87497K->22K(109248K)
[2018-01-27T01:51:08.406+0530][10963.519s] GC(433) CMS: 195963K->195963K(393216K)
[2018-01-27T01:51:08.406+0530][10963.519s] GC(433) Metaspace: 49051K->49051K(1095680K)
[2018-01-27T01:51:08.408+0530][10963.522s] GC(433) Pause Young (Allocation Failure) 276M->191M(490M) 56.716ms
[2018-01-27T01:51:08.409+0530][10963.523s] GC(433) User=0.06s Sys=0.00s Real=0.06s
[2018-01-27T01:51:40.726+0530][10995.840s] GC(434) Pause Young (Allocation Failure)
[2018-01-27T01:51:40.731+0530][10995.844s] GC(434) Using 4 workers of 4 for evacuation
[2018-01-27T01:51:40.763+0530][10995.877s] GC(434) ParNew: 87446K->14K(109248K)
[2018-01-27T01:51:40.763+0530][10995.877s] GC(434) CMS: 195963K->195963K(393216K)
[2018-01-27T01:51:40.763+0530][10995.877s] GC(434) Metaspace: 49051K->49051K(1095680K)
[2018-01-27T01:51:40.766+0530][10995.879s] GC(434) Pause Young (Allocation Failure) 276M->191M(490M) 39.096ms
[2018-01-27T01:51:40.767+0530][10995.880s] GC(434) User=0.04s Sys=0.00s Real=0.04s
[2018-01-27T01:52:15.058+0530][11030.171s] GC(435) Pause Young (Allocation Failure)
[2018-01-27T01:52:15.063+0530][11030.177s] GC(435) Using 4 workers of 4 for evacuation
[2018-01-27T01:52:15.106+0530][11030.219s] GC(435) ParNew: 87438K->16K(109248K)
[2018-01-27T01:52:15.106+0530][11030.219s] GC(435) CMS: 195963K->195963K(393216K)
[2018-01-27T01:52:15.106+0530][11030.219s] GC(435) Metaspace: 49051K->49051K(1095680K)
[2018-01-27T01:52:15.108+0530][11030.221s] GC(435) Pause Young (Allocation Failure) 276M->191M(490M) 50.181ms
[2018-01-27T01:52:15.109+0530][11030.223s] GC(435) User=0.04s Sys=0.00s Real=0.05s
[2018-01-27T01:52:47.525+0530][11062.638s] GC(436) Pause Young (Allocation Failure)
[2018-01-27T01:52:47.532+0530][11062.645s] GC(436) Using 4 workers of 4 for evacuation
[2018-01-27T01:52:47.569+0530][11062.682s] GC(436) ParNew: 87440K->14K(109248K)
[2018-01-27T01:52:47.569+0530][11062.682s] GC(436) CMS: 195963K->195963K(393216K)
[2018-01-27T01:52:47.569+0530][11062.682s] GC(436) Metaspace: 49051K->49051K(1095680K)
[2018-01-27T01:52:47.572+0530][11062.685s] GC(436) Pause Young (Allocation Failure) 276M->191M(490M) 46.567ms
[2018-01-27T01:52:47.573+0530][11062.686s] GC(436) User=0.04s Sys=0.00s Real=0.05s
[2018-01-27T01:53:19.437+0530][11094.551s] GC(437) Pause Young (Allocation Failure)
[2018-01-27T01:53:19.442+0530][11094.555s] GC(437) Using 4 workers of 4 for evacuation
[2018-01-27T01:53:19.479+0530][11094.592s] GC(437) ParNew: 87438K->16K(109248K)
[2018-01-27T01:53:19.479+0530][11094.592s] GC(437) CMS: 195963K->195963K(393216K)
[2018-01-27T01:53:19.479+0530][11094.592s] GC(437) Metaspace: 49051K->49051K(1095680K)
[2018-01-27T01:53:19.481+0530][11094.594s] GC(437) Pause Young (Allocation Failure) 276M->191M(490M) 43.571ms
[2018-01-27T01:53:19.482+0530][11094.595s] GC(437) User=0.04s Sys=0.00s Real=0.05s
[2018-01-27T01:53:53.688+0530][11128.801s] GC(438) Pause Young (Allocation Failure)
[2018-01-27T01:53:53.692+0530][11128.805s] GC(438) Using 4 workers of 4 for evacuation
[2018-01-27T01:53:53.730+0530][11128.843s] GC(438) ParNew: 87440K->14K(109248K)
[2018-01-27T01:53:53.730+0530][11128.843s] GC(438) CMS: 195963K->195963K(393216K)
[2018-01-27T01:53:53.730+0530][11128.843s] GC(438) Metaspace: 49051K->49051K(1095680K)
[2018-01-27T01:53:53.732+0530][11128.845s] GC(438) Pause Young (Allocation Failure) 276M->191M(490M) 44.261ms
[2018-01-27T01:53:53.733+0530][11128.847s] GC(438) User=0.04s Sys=0.00s Real=0.05s
[2018-01-27T01:54:26.486+0530][11161.600s] GC(439) Pause Young (Allocation Failure)
[2018-01-27T01:54:26.491+0530][11161.604s] GC(439) Using 4 workers of 4 for evacuation
[2018-01-27T01:54:26.536+0530][11161.649s] GC(439) ParNew: 87438K->16K(109248K)
[2018-01-27T01:54:26.536+0530][11161.649s] GC(439) CMS: 195963K->195963K(393216K)
[2018-01-27T01:54:26.536+0530][11161.649s] GC(439) Metaspace: 49051K->49051K(1095680K)
[2018-01-27T01:54:26.538+0530][11161.651s] GC(439) Pause Young (Allocation Failure) 276M->191M(490M) 51.758ms
[2018-01-27T01:54:26.540+0530][11161.653s] GC(439) User=0.05s Sys=0.00s Real=0.06s
[2018-01-27T01:54:58.769+0530][11193.882s] GC(440) Pause Young (Allocation Failure)
[2018-01-27T01:54:58.774+0530][11193.887s] GC(440) Using 4 workers of 4 for evacuation
[2018-01-27T01:54:58.819+0530][11193.932s] GC(440) ParNew: 87440K->16K(109248K)
[2018-01-27T01:54:58.819+0530][11193.932s] GC(440) CMS: 195963K->195963K(393216K)
[2018-01-27T01:54:58.819+0530][11193.932s] GC(440) Metaspace: 49051K->49051K(1095680K)
[2018-01-27T01:54:58.821+0530][11193.934s] GC(440) Pause Young (Allocation Failure) 276M->191M(490M) 52.466ms
[2018-01-27T01:54:58.822+0530][11193.936s] GC(440) User=0.05s Sys=0.00s Real=0.05s
[2018-01-27T01:55:32.725+0530][11227.839s] GC(441) Pause Young (Allocation Failure)
[2018-01-27T01:55:32.730+0530][11227.843s] GC(441) Using 4 workers of 4 for evacuation
[2018-01-27T01:55:32.771+0530][11227.885s] GC(441) ParNew: 87440K->16K(109248K)
[2018-01-27T01:55:32.772+0530][11227.885s] GC(441) CMS: 195963K->195963K(393216K)
[2018-01-27T01:55:32.772+0530][11227.885s] GC(441) Metaspace: 49051K->49051K(1095680K)
[2018-01-27T01:55:32.774+0530][11227.887s] GC(441) Pause Young (Allocation Failure) 276M->191M(490M) 48.437ms
[2018-01-27T01:55:32.775+0530][11227.888s] GC(441) User=0.05s Sys=0.01s Real=0.04s
[2018-01-27T01:56:05.321+0530][11260.434s] GC(442) Pause Young (Allocation Failure)
[2018-01-27T01:56:05.325+0530][11260.439s] GC(442) Using 4 workers of 4 for evacuation
[2018-01-27T01:56:05.366+0530][11260.479s] GC(442) ParNew: 87440K->14K(109248K)
[2018-01-27T01:56:05.366+0530][11260.479s] GC(442) CMS: 195963K->195963K(393216K)
[2018-01-27T01:56:05.366+0530][11260.479s] GC(442) Metaspace: 49051K->49051K(1095680K)
[2018-01-27T01:56:05.368+0530][11260.482s] GC(442) Pause Young (Allocation Failure) 276M->191M(490M) 47.351ms
[2018-01-27T01:56:05.369+0530][11260.483s] GC(442) User=0.05s Sys=0.00s Real=0.05s
[2018-01-27T01:56:37.436+0530][11292.550s] GC(443) Pause Young (Allocation Failure)
[2018-01-27T01:56:37.441+0530][11292.554s] GC(443) Using 4 workers of 4 for evacuation
[2018-01-27T01:56:37.480+0530][11292.593s] GC(443) ParNew: 87438K->12K(109248K)
[2018-01-27T01:56:37.480+0530][11292.593s] GC(443) CMS: 195963K->195963K(393216K)
[2018-01-27T01:56:37.480+0530][11292.593s] GC(443) Metaspace: 49051K->49051K(1095680K)
[2018-01-27T01:56:37.482+0530][11292.596s] GC(443) Pause Young (Allocation Failure) 276M->191M(490M) 45.924ms
[2018-01-27T01:56:37.484+0530][11292.597s] GC(443) User=0.03s Sys=0.02s Real=0.05s
[2018-01-27T01:57:04.141+0530][11319.254s] GC(444) Pause Young (Allocation Failure)
[2018-01-27T01:57:04.150+0530][11319.264s] GC(444) Using 4 workers of 4 for evacuation
[2018-01-27T01:57:04.259+0530][11319.373s] GC(444) ParNew: 87435K->1009K(109248K)
[2018-01-27T01:57:04.260+0530][11319.373s] GC(444) CMS: 195963K->195964K(393216K)
[2018-01-27T01:57:04.260+0530][11319.373s] GC(444) Metaspace: 49053K->49053K(1095680K)
[2018-01-27T01:57:04.269+0530][11319.382s] GC(444) Pause Young (Allocation Failure) 276M->192M(490M) 127.708ms
[2018-01-27T01:57:04.271+0530][11319.384s] GC(444) User=0.05s Sys=0.00s Real=0.12s
[2018-01-27T01:57:33.398+0530][11348.512s] GC(445) Pause Young (Allocation Failure)
[2018-01-27T01:57:33.413+0530][11348.526s] GC(445) Using 4 workers of 4 for evacuation
[2018-01-27T01:57:33.539+0530][11348.653s] GC(445) ParNew: 88433K->1355K(109248K)
[2018-01-27T01:57:33.540+0530][11348.653s] GC(445) CMS: 195964K->195964K(393216K)
[2018-01-27T01:57:33.540+0530][11348.653s] GC(445) Metaspace: 49053K->49053K(1095680K)
[2018-01-27T01:57:33.542+0530][11348.655s] GC(445) Pause Young (Allocation Failure) 277M->192M(490M) 143.540ms
[2018-01-27T01:57:33.552+0530][11348.665s] GC(445) User=0.05s Sys=0.00s Real=0.15s
[2018-01-27T01:58:07.376+0530][11382.489s] GC(446) Pause Young (Allocation Failure)
[2018-01-27T01:58:07.383+0530][11382.496s] GC(446) Using 4 workers of 4 for evacuation
[2018-01-27T01:58:07.427+0530][11382.541s] GC(446) ParNew: 88779K->1299K(109248K)
[2018-01-27T01:58:07.427+0530][11382.541s] GC(446) CMS: 195964K->195964K(393216K)
[2018-01-27T01:58:07.427+0530][11382.541s] GC(446) Metaspace: 49053K->49053K(1095680K)
[2018-01-27T01:58:07.435+0530][11382.548s] GC(446) Pause Young (Allocation Failure) 278M->192M(490M) 58.753ms
[2018-01-27T01:58:07.436+0530][11382.549s] GC(446) User=0.05s Sys=0.00s Real=0.06s
[2018-01-27T01:58:38.859+0530][11413.973s] GC(447) Pause Young (Allocation Failure)
[2018-01-27T01:58:38.875+0530][11413.989s] GC(447) Using 4 workers of 4 for evacuation
[2018-01-27T01:58:39.001+0530][11414.114s] GC(447) ParNew: 88723K->1200K(109248K)
[2018-01-27T01:58:39.001+0530][11414.114s] GC(447) CMS: 195964K->195964K(393216K)
[2018-01-27T01:58:39.001+0530][11414.114s] GC(447) Metaspace: 49053K->49053K(1095680K)
[2018-01-27T01:58:39.008+0530][11414.122s] GC(447) Pause Young (Allocation Failure) 278M->192M(490M) 149.177ms
[2018-01-27T01:58:39.010+0530][11414.123s] GC(447) User=0.07s Sys=0.00s Real=0.15s
[2018-01-27T01:59:10.226+0530][11445.340s] GC(448) Pause Young (Allocation Failure)
[2018-01-27T01:59:10.232+0530][11445.345s] GC(448) Using 4 workers of 4 for evacuation
[2018-01-27T01:59:10.286+0530][11445.400s] GC(448) ParNew: 88624K->1436K(109248K)
[2018-01-27T01:59:10.287+0530][11445.400s] GC(448) CMS: 195964K->195964K(393216K)
[2018-01-27T01:59:10.287+0530][11445.400s] GC(448) Metaspace: 49053K->49053K(1095680K)
[2018-01-27T01:59:10.289+0530][11445.402s] GC(448) Pause Young (Allocation Failure) 277M->192M(490M) 62.636ms
[2018-01-27T01:59:10.290+0530][11445.403s] GC(448) User=0.05s Sys=0.00s Real=0.06s
[2018-01-27T01:59:44.321+0530][11479.434s] GC(449) Pause Young (Allocation Failure)
[2018-01-27T01:59:44.347+0530][11479.460s] GC(449) Using 4 workers of 4 for evacuation
[2018-01-27T01:59:44.397+0530][11479.511s] GC(449) ParNew: 88860K->1206K(109248K)
[2018-01-27T01:59:44.397+0530][11479.511s] GC(449) CMS: 195964K->195964K(393216K)
[2018-01-27T01:59:44.397+0530][11479.511s] GC(449) Metaspace: 49053K->49053K(1095680K)
[2018-01-27T01:59:44.400+0530][11479.514s] GC(449) Pause Young (Allocation Failure) 278M->192M(490M) 79.286ms
[2018-01-27T01:59:44.401+0530][11479.515s] GC(449) User=0.05s Sys=0.00s Real=0.08s
[2018-01-27T02:00:06.464+0530][11501.577s] GC(450) Pause Young (Allocation Failure)
[2018-01-27T02:00:06.474+0530][11501.587s] GC(450) Using 4 workers of 4 for evacuation
[2018-01-27T02:00:06.574+0530][11501.688s] GC(450) ParNew: 88630K->1150K(109248K)
[2018-01-27T02:00:06.575+0530][11501.688s] GC(450) CMS: 195964K->195964K(393216K)
[2018-01-27T02:00:06.575+0530][11501.688s] GC(450) Metaspace: 49059K->49059K(1095680K)
[2018-01-27T02:00:06.579+0530][11501.692s] GC(450) Pause Young (Allocation Failure) 277M->192M(490M) 114.779ms
[2018-01-27T02:00:06.590+0530][11501.703s] GC(450) User=0.05s Sys=0.00s Real=0.12s
[2018-01-27T02:00:30.180+0530][11525.293s] GC(451) Pause Young (Allocation Failure)
[2018-01-27T02:00:30.184+0530][11525.297s] GC(451) Using 4 workers of 4 for evacuation
[2018-01-27T02:00:30.227+0530][11525.340s] GC(451) ParNew: 88574K->1390K(109248K)
[2018-01-27T02:00:30.227+0530][11525.340s] GC(451) CMS: 195964K->195964K(393216K)
[2018-01-27T02:00:30.227+0530][11525.340s] GC(451) Metaspace: 49061K->49061K(1095680K)
[2018-01-27T02:00:30.229+0530][11525.343s] GC(451) Pause Young (Allocation Failure) 277M->192M(490M) 49.501ms
[2018-01-27T02:00:30.230+0530][11525.344s] GC(451) User=0.04s Sys=0.00s Real=0.05s
[2018-01-27T02:01:02.610+0530][11557.724s] GC(452) Pause Young (Allocation Failure)
[2018-01-27T02:01:02.618+0530][11557.731s] GC(452) Using 4 workers of 4 for evacuation
