[2018-01-27T03:07:13.730+0530][15528.844s] GC(581) Pause Young (Allocation Failure) 147M->61M(490M) 49.778ms
[2018-01-27T03:07:13.732+0530][15528.845s] GC(581) User=0.05s Sys=0.00s Real=0.04s
[2018-01-27T03:07:46.054+0530][15561.168s] GC(582) Pause Young (Allocation Failure)
[2018-01-27T03:07:46.059+0530][15561.172s] GC(582) Using 4 workers of 4 for evacuation
[2018-01-27T03:07:46.149+0530][15561.263s] GC(582) ParNew: 87440K->16K(109248K)
[2018-01-27T03:07:46.150+0530][15561.263s] GC(582) CMS: 63268K->63268K(393216K)
[2018-01-27T03:07:46.150+0530][15561.263s] GC(582) Metaspace: 49286K->49286K(1095680K)
[2018-01-27T03:07:46.154+0530][15561.268s] GC(582) Pause Young (Allocation Failure) 147M->61M(490M) 100.104ms
[2018-01-27T03:07:46.160+0530][15561.273s] GC(582) User=0.03s Sys=0.00s Real=0.10s
[2018-01-27T03:08:17.946+0530][15593.060s] GC(583) Pause Young (Allocation Failure)
[2018-01-27T03:08:17.954+0530][15593.067s] GC(583) Using 4 workers of 4 for evacuation
[2018-01-27T03:08:17.990+0530][15593.103s] GC(583) ParNew: 87440K->16K(109248K)
[2018-01-27T03:08:17.990+0530][15593.103s] GC(583) CMS: 63268K->63268K(393216K)
[2018-01-27T03:08:17.990+0530][15593.103s] GC(583) Metaspace: 49286K->49286K(1095680K)
[2018-01-27T03:08:17.992+0530][15593.105s] GC(583) Pause Young (Allocation Failure) 147M->61M(490M) 45.847ms
[2018-01-27T03:08:17.993+0530][15593.107s] GC(583) User=0.04s Sys=0.00s Real=0.05s
[2018-01-27T03:08:51.384+0530][15626.497s] GC(584) Pause Young (Allocation Failure)
[2018-01-27T03:08:51.399+0530][15626.512s] GC(584) Using 4 workers of 4 for evacuation
[2018-01-27T03:08:51.517+0530][15626.630s] GC(584) ParNew: 87440K->16K(109248K)
[2018-01-27T03:08:51.517+0530][15626.631s] GC(584) CMS: 63268K->63268K(393216K)
[2018-01-27T03:08:51.517+0530][15626.631s] GC(584) Metaspace: 49286K->49286K(1095680K)
[2018-01-27T03:08:51.520+0530][15626.633s] GC(584) Pause Young (Allocation Failure) 147M->61M(490M) 135.762ms
[2018-01-27T03:08:51.528+0530][15626.641s] GC(584) User=0.05s Sys=0.00s Real=0.14s
[2018-01-27T03:09:23.930+0530][15659.044s] GC(585) Pause Young (Allocation Failure)
[2018-01-27T03:09:23.940+0530][15659.054s] GC(585) Using 4 workers of 4 for evacuation
[2018-01-27T03:09:24.011+0530][15659.124s] GC(585) ParNew: 87440K->14K(109248K)
[2018-01-27T03:09:24.011+0530][15659.125s] GC(585) CMS: 63268K->63268K(393216K)
[2018-01-27T03:09:24.011+0530][15659.125s] GC(585) Metaspace: 49286K->49286K(1095680K)
[2018-01-27T03:09:24.014+0530][15659.127s] GC(585) Pause Young (Allocation Failure) 147M->61M(490M) 83.377ms
[2018-01-27T03:09:24.015+0530][15659.128s] GC(585) User=0.05s Sys=0.00s Real=0.09s
[2018-01-27T03:09:55.467+0530][15690.581s] GC(586) Pause Young (Allocation Failure)
[2018-01-27T03:09:55.474+0530][15690.587s] GC(586) Using 4 workers of 4 for evacuation
[2018-01-27T03:09:55.518+0530][15690.631s] GC(586) ParNew: 87438K->16K(109248K)
[2018-01-27T03:09:55.518+0530][15690.631s] GC(586) CMS: 63268K->63268K(393216K)
[2018-01-27T03:09:55.518+0530][15690.631s] GC(586) Metaspace: 49286K->49286K(1095680K)
[2018-01-27T03:09:55.520+0530][15690.633s] GC(586) Pause Young (Allocation Failure) 147M->61M(490M) 52.745ms
[2018-01-27T03:09:55.521+0530][15690.635s] GC(586) User=0.05s Sys=0.00s Real=0.06s
[2018-01-27T03:10:28.779+0530][15723.892s] GC(587) Pause Young (Allocation Failure)
[2018-01-27T03:10:28.783+0530][15723.897s] GC(587) Using 4 workers of 4 for evacuation
[2018-01-27T03:10:28.820+0530][15723.933s] GC(587) ParNew: 87440K->16K(109248K)
[2018-01-27T03:10:28.820+0530][15723.933s] GC(587) CMS: 63268K->63268K(393216K)
[2018-01-27T03:10:28.820+0530][15723.933s] GC(587) Metaspace: 49286K->49286K(1095680K)
[2018-01-27T03:10:28.822+0530][15723.935s] GC(587) Pause Young (Allocation Failure) 147M->61M(490M) 43.291ms
[2018-01-27T03:10:28.823+0530][15723.937s] GC(587) User=0.04s Sys=0.00s Real=0.05s
[2018-01-27T03:11:00.874+0530][15755.987s] GC(588) Pause Young (Allocation Failure)
[2018-01-27T03:11:00.891+0530][15756.004s] GC(588) Using 4 workers of 4 for evacuation
[2018-01-27T03:11:00.996+0530][15756.110s] GC(588) ParNew: 87440K->16K(109248K)
[2018-01-27T03:11:00.997+0530][15756.111s] GC(588) CMS: 63268K->63268K(393216K)
[2018-01-27T03:11:00.997+0530][15756.111s] GC(588) Metaspace: 49286K->49286K(1095680K)
[2018-01-27T03:11:01.006+0530][15756.119s] GC(588) Pause Young (Allocation Failure) 147M->61M(490M) 132.287ms
[2018-01-27T03:11:01.015+0530][15756.128s] GC(588) User=0.05s Sys=0.00s Real=0.13s
[2018-01-27T03:11:33.419+0530][15788.532s] GC(589) Pause Young (Allocation Failure)
[2018-01-27T03:11:33.424+0530][15788.538s] GC(589) Using 4 workers of 4 for evacuation
[2018-01-27T03:11:33.464+0530][15788.578s] GC(589) ParNew: 87440K->16K(109248K)
[2018-01-27T03:11:33.465+0530][15788.578s] GC(589) CMS: 63268K->63268K(393216K)
[2018-01-27T03:11:33.465+0530][15788.578s] GC(589) Metaspace: 49286K->49286K(1095680K)
[2018-01-27T03:11:33.467+0530][15788.580s] GC(589) Pause Young (Allocation Failure) 147M->61M(490M) 47.897ms
[2018-01-27T03:11:33.468+0530][15788.581s] GC(589) User=0.04s Sys=0.00s Real=0.05s
[2018-01-27T03:12:05.511+0530][15820.625s] GC(590) Pause Young (Allocation Failure)
[2018-01-27T03:12:05.516+0530][15820.630s] GC(590) Using 4 workers of 4 for evacuation
[2018-01-27T03:12:05.561+0530][15820.674s] GC(590) ParNew: 87440K->16K(109248K)
[2018-01-27T03:12:05.561+0530][15820.674s] GC(590) CMS: 63268K->63268K(393216K)
[2018-01-27T03:12:05.561+0530][15820.674s] GC(590) Metaspace: 49286K->49286K(1095680K)
[2018-01-27T03:12:05.563+0530][15820.676s] GC(590) Pause Young (Allocation Failure) 147M->61M(490M) 51.498ms
[2018-01-27T03:12:05.564+0530][15820.677s] GC(590) User=0.05s Sys=0.00s Real=0.06s
[2018-01-27T03:12:37.085+0530][15852.199s] GC(591) Pause Young (Allocation Failure)
[2018-01-27T03:12:37.090+0530][15852.204s] GC(591) Using 4 workers of 4 for evacuation
[2018-01-27T03:12:37.137+0530][15852.250s] GC(591) ParNew: 87440K->14K(109248K)
[2018-01-27T03:12:37.137+0530][15852.250s] GC(591) CMS: 63268K->63268K(393216K)
[2018-01-27T03:12:37.137+0530][15852.251s] GC(591) Metaspace: 49286K->49286K(1095680K)
[2018-01-27T03:12:37.139+0530][15852.253s] GC(591) Pause Young (Allocation Failure) 147M->61M(490M) 53.846ms
[2018-01-27T03:12:37.141+0530][15852.254s] GC(591) User=0.05s Sys=0.00s Real=0.06s
[2018-01-27T03:13:11.207+0530][15886.320s] GC(592) Pause Young (Allocation Failure)
[2018-01-27T03:13:11.213+0530][15886.327s] GC(592) Using 4 workers of 4 for evacuation
[2018-01-27T03:13:11.282+0530][15886.396s] GC(592) ParNew: 87438K->14K(109248K)
[2018-01-27T03:13:11.282+0530][15886.396s] GC(592) CMS: 63268K->63268K(393216K)
[2018-01-27T03:13:11.282+0530][15886.396s] GC(592) Metaspace: 49286K->49286K(1095680K)
[2018-01-27T03:13:11.284+0530][15886.398s] GC(592) Pause Young (Allocation Failure) 147M->61M(490M) 77.979ms
[2018-01-27T03:13:11.286+0530][15886.399s] GC(592) User=0.04s Sys=0.00s Real=0.08s
[2018-01-27T03:13:42.704+0530][15917.817s] GC(593) Pause Young (Allocation Failure)
[2018-01-27T03:13:42.715+0530][15917.829s] GC(593) Using 4 workers of 4 for evacuation
[2018-01-27T03:13:42.833+0530][15917.947s] GC(593) ParNew: 87438K->16K(109248K)
[2018-01-27T03:13:42.833+0530][15917.947s] GC(593) CMS: 63268K->63268K(393216K)
[2018-01-27T03:13:42.833+0530][15917.947s] GC(593) Metaspace: 49286K->49286K(1095680K)
[2018-01-27T03:13:42.840+0530][15917.954s] GC(593) Pause Young (Allocation Failure) 147M->61M(490M) 136.770ms
[2018-01-27T03:13:42.842+0530][15917.955s] GC(593) User=0.06s Sys=0.00s Real=0.15s
[2018-01-27T03:14:14.519+0530][15949.632s] GC(594) Pause Young (Allocation Failure)
[2018-01-27T03:14:14.526+0530][15949.639s] GC(594) Using 4 workers of 4 for evacuation
[2018-01-27T03:14:14.560+0530][15949.674s] GC(594) ParNew: 87440K->14K(109248K)
[2018-01-27T03:14:14.560+0530][15949.674s] GC(594) CMS: 63268K->63269K(393216K)
[2018-01-27T03:14:14.560+0530][15949.674s] GC(594) Metaspace: 49286K->49286K(1095680K)
[2018-01-27T03:14:14.563+0530][15949.676s] GC(594) Pause Young (Allocation Failure) 147M->61M(490M) 43.414ms
[2018-01-27T03:14:14.564+0530][15949.677s] GC(594) User=0.04s Sys=0.00s Real=0.05s
[2018-01-27T03:14:49.007+0530][15984.120s] GC(595) Pause Young (Allocation Failure)
[2018-01-27T03:14:49.013+0530][15984.126s] GC(595) Using 4 workers of 4 for evacuation
[2018-01-27T03:14:49.063+0530][15984.176s] GC(595) ParNew: 87438K->14K(109248K)
[2018-01-27T03:14:49.063+0530][15984.176s] GC(595) CMS: 63269K->63269K(393216K)
[2018-01-27T03:14:49.063+0530][15984.176s] GC(595) Metaspace: 49286K->49286K(1095680K)
[2018-01-27T03:14:49.065+0530][15984.178s] GC(595) Pause Young (Allocation Failure) 147M->61M(490M) 57.858ms
[2018-01-27T03:14:49.066+0530][15984.179s] GC(595) User=0.04s Sys=0.00s Real=0.06s
[2018-01-27T03:15:20.416+0530][16015.529s] GC(596) Pause Young (Allocation Failure)
[2018-01-27T03:15:20.427+0530][16015.541s] GC(596) Using 4 workers of 4 for evacuation
[2018-01-27T03:15:20.481+0530][16015.594s] GC(596) ParNew: 87438K->14K(109248K)
[2018-01-27T03:15:20.481+0530][16015.595s] GC(596) CMS: 63269K->63269K(393216K)
[2018-01-27T03:15:20.481+0530][16015.595s] GC(596) Metaspace: 49286K->49286K(1095680K)
[2018-01-27T03:15:20.483+0530][16015.597s] GC(596) Pause Young (Allocation Failure) 147M->61M(490M) 67.539ms
[2018-01-27T03:15:20.486+0530][16015.600s] GC(596) User=0.04s Sys=0.00s Real=0.07s
[2018-01-27T03:15:52.393+0530][16047.507s] GC(597) Pause Young (Allocation Failure)
[2018-01-27T03:15:52.402+0530][16047.515s] GC(597) Using 4 workers of 4 for evacuation
[2018-01-27T03:15:52.507+0530][16047.620s] GC(597) ParNew: 87438K->16K(109248K)
[2018-01-27T03:15:52.507+0530][16047.620s] GC(597) CMS: 63269K->63269K(393216K)
[2018-01-27T03:15:52.507+0530][16047.620s] GC(597) Metaspace: 49286K->49286K(1095680K)
[2018-01-27T03:15:52.509+0530][16047.623s] GC(597) Pause Young (Allocation Failure) 147M->61M(490M) 116.040ms
[2018-01-27T03:15:52.515+0530][16047.628s] GC(597) User=0.05s Sys=0.00s Real=0.11s
[2018-01-27T03:16:26.502+0530][16081.616s] GC(598) Pause Young (Allocation Failure)
[2018-01-27T03:16:26.507+0530][16081.620s] GC(598) Using 4 workers of 4 for evacuation
[2018-01-27T03:16:26.554+0530][16081.668s] GC(598) ParNew: 87440K->16K(109248K)
[2018-01-27T03:16:26.555+0530][16081.668s] GC(598) CMS: 63269K->63269K(393216K)
[2018-01-27T03:16:26.555+0530][16081.668s] GC(598) Metaspace: 49286K->49286K(1095680K)
[2018-01-27T03:16:26.557+0530][16081.670s] GC(598) Pause Young (Allocation Failure) 147M->61M(490M) 54.081ms
[2018-01-27T03:16:26.558+0530][16081.672s] GC(598) User=0.04s Sys=0.00s Real=0.05s
[2018-01-27T03:16:58.255+0530][16113.369s] GC(599) Pause Young (Allocation Failure)
[2018-01-27T03:16:58.261+0530][16113.374s] GC(599) Using 4 workers of 4 for evacuation
[2018-01-27T03:16:58.304+0530][16113.418s] GC(599) ParNew: 87440K->16K(109248K)
[2018-01-27T03:16:58.304+0530][16113.418s] GC(599) CMS: 63269K->63269K(393216K)
[2018-01-27T03:16:58.304+0530][16113.418s] GC(599) Metaspace: 49286K->49286K(1095680K)
[2018-01-27T03:16:58.306+0530][16113.420s] GC(599) Pause Young (Allocation Failure) 147M->61M(490M) 51.017ms
[2018-01-27T03:16:58.308+0530][16113.421s] GC(599) User=0.05s Sys=0.00s Real=0.05s
[2018-01-27T03:17:30.384+0530][16145.497s] GC(600) Pause Young (Allocation Failure)
[2018-01-27T03:17:30.390+0530][16145.503s] GC(600) Using 4 workers of 4 for evacuation
[2018-01-27T03:17:30.433+0530][16145.547s] GC(600) ParNew: 87440K->16K(109248K)
[2018-01-27T03:17:30.433+0530][16145.547s] GC(600) CMS: 63269K->63269K(393216K)
[2018-01-27T03:17:30.433+0530][16145.547s] GC(600) Metaspace: 49286K->49286K(1095680K)
[2018-01-27T03:17:30.436+0530][16145.549s] GC(600) Pause Young (Allocation Failure) 147M->61M(490M) 51.774ms
[2018-01-27T03:17:30.437+0530][16145.550s] GC(600) User=0.05s Sys=0.00s Real=0.05s
[2018-01-27T03:18:04.481+0530][16179.594s] GC(601) Pause Young (Allocation Failure)
[2018-01-27T03:18:04.485+0530][16179.599s] GC(601) Using 4 workers of 4 for evacuation
[2018-01-27T03:18:04.524+0530][16179.637s] GC(601) ParNew: 87439K->16K(109248K)
[2018-01-27T03:18:04.524+0530][16179.637s] GC(601) CMS: 63269K->63269K(393216K)
[2018-01-27T03:18:04.524+0530][16179.637s] GC(601) Metaspace: 49286K->49286K(1095680K)
[2018-01-27T03:18:04.526+0530][16179.639s] GC(601) Pause Young (Allocation Failure) 147M->61M(490M) 45.157ms
[2018-01-27T03:18:04.527+0530][16179.640s] GC(601) User=0.05s Sys=0.00s Real=0.04s
[2018-01-27T03:18:36.601+0530][16211.714s] GC(602) Pause Young (Allocation Failure)
[2018-01-27T03:18:36.605+0530][16211.718s] GC(602) Using 4 workers of 4 for evacuation
[2018-01-27T03:18:36.634+0530][16211.747s] GC(602) ParNew: 87440K->14K(109248K)
[2018-01-27T03:18:36.634+0530][16211.747s] GC(602) CMS: 63269K->63269K(393216K)
[2018-01-27T03:18:36.634+0530][16211.747s] GC(602) Metaspace: 49286K->49286K(1095680K)
[2018-01-27T03:18:36.636+0530][16211.749s] GC(602) Pause Young (Allocation Failure) 147M->61M(490M) 34.974ms
[2018-01-27T03:18:36.639+0530][16211.752s] GC(602) User=0.04s Sys=0.00s Real=0.04s
[2018-01-27T03:19:08.743+0530][16243.856s] GC(603) Pause Young (Allocation Failure)
[2018-01-27T03:19:08.747+0530][16243.860s] GC(603) Using 4 workers of 4 for evacuation
[2018-01-27T03:19:08.802+0530][16243.915s] GC(603) ParNew: 87438K->12K(109248K)
[2018-01-27T03:19:08.802+0530][16243.915s] GC(603) CMS: 63269K->63269K(393216K)
[2018-01-27T03:19:08.802+0530][16243.915s] GC(603) Metaspace: 49286K->49286K(1095680K)
[2018-01-27T03:19:08.804+0530][16243.918s] GC(603) Pause Young (Allocation Failure) 147M->61M(490M) 61.740ms
[2018-01-27T03:19:08.806+0530][16243.919s] GC(603) User=0.06s Sys=0.00s Real=0.06s
[2018-01-27T03:19:42.452+0530][16277.565s] GC(604) Pause Young (Allocation Failure)
[2018-01-27T03:19:42.459+0530][16277.572s] GC(604) Using 4 workers of 4 for evacuation
[2018-01-27T03:19:42.524+0530][16277.637s] GC(604) ParNew: 87436K->16K(109248K)
[2018-01-27T03:19:42.524+0530][16277.637s] GC(604) CMS: 63269K->63269K(393216K)
[2018-01-27T03:19:42.524+0530][16277.637s] GC(604) Metaspace: 49286K->49286K(1095680K)
[2018-01-27T03:19:42.526+0530][16277.639s] GC(604) Pause Young (Allocation Failure) 147M->61M(490M) 74.018ms
[2018-01-27T03:19:42.530+0530][16277.644s] GC(604) User=0.04s Sys=0.00s Real=0.08s
[2018-01-27T03:20:14.650+0530][16309.764s] GC(605) Pause Young (Allocation Failure)
[2018-01-27T03:20:14.655+0530][16309.768s] GC(605) Using 4 workers of 4 for evacuation
[2018-01-27T03:20:14.697+0530][16309.810s] GC(605) ParNew: 87440K->16K(109248K)
[2018-01-27T03:20:14.697+0530][16309.811s] GC(605) CMS: 63269K->63269K(393216K)
[2018-01-27T03:20:14.697+0530][16309.811s] GC(605) Metaspace: 49286K->49286K(1095680K)
[2018-01-27T03:20:14.699+0530][16309.813s] GC(605) Pause Young (Allocation Failure) 147M->61M(490M) 48.778ms
[2018-01-27T03:20:14.701+0530][16309.814s] GC(605) User=0.05s Sys=0.00s Real=0.06s
[2018-01-27T03:20:47.024+0530][16342.137s] GC(606) Pause Young (Allocation Failure)
[2018-01-27T03:20:47.029+0530][16342.142s] GC(606) Using 4 workers of 4 for evacuation
[2018-01-27T03:20:47.068+0530][16342.181s] GC(606) ParNew: 87440K->16K(109248K)
[2018-01-27T03:20:47.068+0530][16342.181s] GC(606) CMS: 63269K->63269K(393216K)
[2018-01-27T03:20:47.068+0530][16342.181s] GC(606) Metaspace: 49286K->49286K(1095680K)
[2018-01-27T03:20:47.070+0530][16342.183s] GC(606) Pause Young (Allocation Failure) 147M->61M(490M) 46.511ms
[2018-01-27T03:20:47.071+0530][16342.185s] GC(606) User=0.05s Sys=0.00s Real=0.04s
[2018-01-27T03:21:20.569+0530][16375.682s] GC(607) Pause Young (Allocation Failure)
[2018-01-27T03:21:20.573+0530][16375.686s] GC(607) Using 4 workers of 4 for evacuation
[2018-01-27T03:21:20.631+0530][16375.744s] GC(607) ParNew: 87440K->12K(109248K)
[2018-01-27T03:21:20.631+0530][16375.744s] GC(607) CMS: 63269K->63269K(393216K)
[2018-01-27T03:21:20.631+0530][16375.744s] GC(607) Metaspace: 49286K->49286K(1095680K)
[2018-01-27T03:21:20.633+0530][16375.747s] GC(607) Pause Young (Allocation Failure) 147M->61M(490M) 64.946ms
[2018-01-27T03:21:20.635+0530][16375.748s] GC(607) User=0.04s Sys=0.00s Real=0.07s
[2018-01-27T03:21:53.095+0530][16408.208s] GC(608) Pause Young (Allocation Failure)
[2018-01-27T03:21:53.108+0530][16408.221s] GC(608) Using 4 workers of 4 for evacuation
[2018-01-27T03:21:53.192+0530][16408.306s] GC(608) ParNew: 87436K->14K(109248K)
[2018-01-27T03:21:53.192+0530][16408.306s] GC(608) CMS: 63269K->63269K(393216K)
[2018-01-27T03:21:53.192+0530][16408.306s] GC(608) Metaspace: 49286K->49286K(1095680K)
[2018-01-27T03:21:53.195+0530][16408.308s] GC(608) Pause Young (Allocation Failure) 147M->61M(490M) 100.081ms
[2018-01-27T03:21:53.200+0530][16408.314s] GC(608) User=0.05s Sys=0.00s Real=0.10s
[2018-01-27T03:22:24.963+0530][16440.077s] GC(609) Pause Young (Allocation Failure)
[2018-01-27T03:22:24.972+0530][16440.085s] GC(609) Using 4 workers of 4 for evacuation
[2018-01-27T03:22:25.083+0530][16440.197s] GC(609) ParNew: 87438K->16K(109248K)
[2018-01-27T03:22:25.083+0530][16440.197s] GC(609) CMS: 63269K->63269K(393216K)
[2018-01-27T03:22:25.084+0530][16440.197s] GC(609) Metaspace: 49286K->49286K(1095680K)
[2018-01-27T03:22:25.086+0530][16440.199s] GC(609) Pause Young (Allocation Failure) 147M->61M(490M) 122.437ms
[2018-01-27T03:22:25.089+0530][16440.202s] GC(609) User=0.05s Sys=0.00s Real=0.13s
[2018-01-27T03:22:58.069+0530][16473.182s] GC(610) Pause Young (Allocation Failure)
[2018-01-27T03:22:58.086+0530][16473.200s] GC(610) Using 4 workers of 4 for evacuation
[2018-01-27T03:22:58.202+0530][16473.315s] GC(610) ParNew: 87440K->16K(109248K)
[2018-01-27T03:22:58.202+0530][16473.316s] GC(610) CMS: 63269K->63270K(393216K)
[2018-01-27T03:22:58.202+0530][16473.316s] GC(610) Metaspace: 49286K->49286K(1095680K)
[2018-01-27T03:22:58.206+0530][16473.319s] GC(610) Pause Young (Allocation Failure) 147M->61M(490M) 137.292ms
[2018-01-27T03:22:58.208+0530][16473.321s] GC(610) User=0.06s Sys=0.00s Real=0.14s
[2018-01-27T03:23:30.522+0530][16505.636s] GC(611) Pause Young (Allocation Failure)
[2018-01-27T03:23:30.527+0530][16505.640s] GC(611) Using 4 workers of 4 for evacuation
[2018-01-27T03:23:30.564+0530][16505.677s] GC(611) ParNew: 87440K->16K(109248K)
[2018-01-27T03:23:30.564+0530][16505.677s] GC(611) CMS: 63270K->63270K(393216K)
[2018-01-27T03:23:30.564+0530][16505.677s] GC(611) Metaspace: 49286K->49286K(1095680K)
[2018-01-27T03:23:30.566+0530][16505.680s] GC(611) Pause Young (Allocation Failure) 147M->61M(490M) 44.060ms
[2018-01-27T03:23:30.568+0530][16505.681s] GC(611) User=0.05s Sys=0.00s Real=0.04s
[2018-01-27T03:24:03.538+0530][16538.652s] GC(612) Pause Young (Allocation Failure)
[2018-01-27T03:24:03.543+0530][16538.657s] GC(612) Using 4 workers of 4 for evacuation
[2018-01-27T03:24:03.592+0530][16538.705s] GC(612) ParNew: 87440K->14K(109248K)
[2018-01-27T03:24:03.592+0530][16538.705s] GC(612) CMS: 63270K->63270K(393216K)
[2018-01-27T03:24:03.592+0530][16538.705s] GC(612) Metaspace: 49286K->49286K(1095680K)
[2018-01-27T03:24:03.594+0530][16538.707s] GC(612) Pause Young (Allocation Failure) 147M->61M(490M) 55.614ms
[2018-01-27T03:24:03.596+0530][16538.709s] GC(612) User=0.05s Sys=0.00s Real=0.06s
[2018-01-27T03:24:35.631+0530][16570.745s] GC(613) Pause Young (Allocation Failure)
[2018-01-27T03:24:35.637+0530][16570.750s] GC(613) Using 4 workers of 4 for evacuation
[2018-01-27T03:24:35.679+0530][16570.792s] GC(613) ParNew: 87438K->16K(109248K)
[2018-01-27T03:24:35.679+0530][16570.793s] GC(613) CMS: 63270K->63270K(393216K)
[2018-01-27T03:24:35.679+0530][16570.793s] GC(613) Metaspace: 49286K->49286K(1095680K)
[2018-01-27T03:24:35.681+0530][16570.795s] GC(613) Pause Young (Allocation Failure) 147M->61M(490M) 50.010ms
[2018-01-27T03:24:35.683+0530][16570.796s] GC(613) User=0.05s Sys=0.00s Real=0.06s
[2018-01-27T03:25:07.504+0530][16602.617s] GC(614) Pause Young (Allocation Failure)
[2018-01-27T03:25:07.509+0530][16602.622s] GC(614) Using 4 workers of 4 for evacuation
[2018-01-27T03:25:07.549+0530][16602.662s] GC(614) ParNew: 87440K->16K(109248K)
[2018-01-27T03:25:07.549+0530][16602.662s] GC(614) CMS: 63270K->63270K(393216K)
