[2018-01-27T02:01:02.663+0530][11557.776s] GC(452) ParNew: 88814K->1107K(109248K)
[2018-01-27T02:01:02.664+0530][11557.777s] GC(452) CMS: 195964K->196256K(393216K)
[2018-01-27T02:01:02.664+0530][11557.778s] GC(452) Metaspace: 49061K->49061K(1095680K)
[2018-01-27T02:01:02.668+0530][11557.782s] GC(452) Pause Young (Allocation Failure) 278M->192M(490M) 57.993ms
[2018-01-27T02:01:02.670+0530][11557.783s] GC(452) User=0.05s Sys=0.00s Real=0.06s
[2018-01-27T02:01:34.991+0530][11590.105s] GC(453) Pause Young (Allocation Failure)
[2018-01-27T02:01:35.007+0530][11590.121s] GC(453) Using 4 workers of 4 for evacuation
[2018-01-27T02:01:35.073+0530][11590.186s] GC(453) ParNew: 88531K->829K(109248K)
[2018-01-27T02:01:35.073+0530][11590.186s] GC(453) CMS: 196256K->196257K(393216K)
[2018-01-27T02:01:35.073+0530][11590.186s] GC(453) Metaspace: 49061K->49061K(1095680K)
[2018-01-27T02:01:35.075+0530][11590.188s] GC(453) Pause Young (Allocation Failure) 278M->192M(490M) 83.767ms
[2018-01-27T02:01:35.077+0530][11590.190s] GC(453) User=0.06s Sys=0.00s Real=0.09s
[2018-01-27T02:02:08.453+0530][11623.567s] GC(454) Pause Young (Allocation Failure)
[2018-01-27T02:02:08.458+0530][11623.571s] GC(454) Using 4 workers of 4 for evacuation
[2018-01-27T02:02:08.540+0530][11623.653s] GC(454) ParNew: 88253K->989K(109248K)
[2018-01-27T02:02:08.540+0530][11623.653s] GC(454) CMS: 196257K->196257K(393216K)
[2018-01-27T02:02:08.540+0530][11623.653s] GC(454) Metaspace: 49061K->49061K(1095680K)
[2018-01-27T02:02:08.545+0530][11623.658s] GC(454) Pause Young (Allocation Failure) 277M->192M(490M) 91.503ms
[2018-01-27T02:02:08.546+0530][11623.659s] GC(454) User=0.05s Sys=0.00s Real=0.09s
[2018-01-27T02:02:31.533+0530][11646.646s] GC(455) Pause Young (Allocation Failure)
[2018-01-27T02:02:31.538+0530][11646.651s] GC(455) Using 4 workers of 4 for evacuation
[2018-01-27T02:02:31.575+0530][11646.688s] GC(455) ParNew: 88413K->837K(109248K)
[2018-01-27T02:02:31.575+0530][11646.688s] GC(455) CMS: 196257K->196257K(393216K)
[2018-01-27T02:02:31.575+0530][11646.688s] GC(455) Metaspace: 49063K->49063K(1095680K)
[2018-01-27T02:02:31.577+0530][11646.690s] GC(455) Pause Young (Allocation Failure) 277M->192M(490M) 44.134ms
[2018-01-27T02:02:31.578+0530][11646.692s] GC(455) User=0.04s Sys=0.00s Real=0.04s
[2018-01-27T02:03:05.882+0530][11680.995s] GC(456) Pause Young (Allocation Failure)
[2018-01-27T02:03:05.889+0530][11681.002s] GC(456) Using 4 workers of 4 for evacuation
[2018-01-27T02:03:05.925+0530][11681.038s] GC(456) ParNew: 88261K->867K(109248K)
[2018-01-27T02:03:05.925+0530][11681.038s] GC(456) CMS: 196257K->196257K(393216K)
[2018-01-27T02:03:05.925+0530][11681.038s] GC(456) Metaspace: 49063K->49063K(1095680K)
[2018-01-27T02:03:05.928+0530][11681.041s] GC(456) Pause Young (Allocation Failure) 277M->192M(490M) 45.466ms
[2018-01-27T02:03:05.929+0530][11681.042s] GC(456) User=0.04s Sys=0.00s Real=0.05s
[2018-01-27T02:03:37.872+0530][11712.985s] GC(457) Pause Young (Allocation Failure)
[2018-01-27T02:03:37.880+0530][11712.993s] GC(457) Using 4 workers of 4 for evacuation
[2018-01-27T02:03:37.970+0530][11713.083s] GC(457) ParNew: 88291K->874K(109248K)
[2018-01-27T02:03:37.970+0530][11713.083s] GC(457) CMS: 196257K->196257K(393216K)
[2018-01-27T02:03:37.970+0530][11713.083s] GC(457) Metaspace: 49063K->49063K(1095680K)
[2018-01-27T02:03:37.972+0530][11713.085s] GC(457) Pause Young (Allocation Failure) 277M->192M(490M) 100.002ms
[2018-01-27T02:03:37.980+0530][11713.093s] GC(457) User=0.05s Sys=0.01s Real=0.12s
[2018-01-27T02:04:08.410+0530][11743.523s] GC(458) Pause Young (Allocation Failure)
[2018-01-27T02:04:08.440+0530][11743.553s] GC(458) Using 4 workers of 4 for evacuation
[2018-01-27T02:04:08.533+0530][11743.646s] GC(458) ParNew: 88298K->971K(109248K)
[2018-01-27T02:04:08.533+0530][11743.646s] GC(458) CMS: 196257K->196263K(393216K)
[2018-01-27T02:04:08.533+0530][11743.646s] GC(458) Metaspace: 49070K->49070K(1095680K)
[2018-01-27T02:04:08.535+0530][11743.648s] GC(458) Pause Young (Allocation Failure) 277M->192M(490M) 125.080ms
[2018-01-27T02:04:08.539+0530][11743.653s] GC(458) User=0.05s Sys=0.00s Real=0.13s
[2018-01-27T02:04:35.497+0530][11770.610s] GC(459) Pause Young (Allocation Failure)
[2018-01-27T02:04:35.502+0530][11770.615s] GC(459) Using 4 workers of 4 for evacuation
[2018-01-27T02:04:35.553+0530][11770.667s] GC(459) ParNew: 88395K->830K(109248K)
[2018-01-27T02:04:35.553+0530][11770.667s] GC(459) CMS: 196263K->196267K(393216K)
[2018-01-27T02:04:35.553+0530][11770.667s] GC(459) Metaspace: 49070K->49070K(1095680K)
[2018-01-27T02:04:35.556+0530][11770.670s] GC(459) Pause Young (Allocation Failure) 277M->192M(490M) 59.646ms
[2018-01-27T02:04:35.558+0530][11770.671s] GC(459) User=0.05s Sys=0.00s Real=0.06s
[2018-01-27T02:05:07.358+0530][11802.471s] GC(460) Pause Young (Allocation Failure)
[2018-01-27T02:05:07.362+0530][11802.476s] GC(460) Using 4 workers of 4 for evacuation
[2018-01-27T02:05:07.400+0530][11802.514s] GC(460) ParNew: 88254K->799K(109248K)
[2018-01-27T02:05:07.401+0530][11802.514s] GC(460) CMS: 196267K->196267K(393216K)
[2018-01-27T02:05:07.401+0530][11802.514s] GC(460) Metaspace: 49070K->49070K(1095680K)
[2018-01-27T02:05:07.403+0530][11802.516s] GC(460) Pause Young (Allocation Failure) 277M->192M(490M) 45.456ms
[2018-01-27T02:05:07.404+0530][11802.518s] GC(460) User=0.04s Sys=0.00s Real=0.05s
[2018-01-27T02:05:41.225+0530][11836.338s] GC(461) Pause Young (Allocation Failure)
[2018-01-27T02:05:41.230+0530][11836.343s] GC(461) Using 4 workers of 4 for evacuation
[2018-01-27T02:05:41.271+0530][11836.384s] GC(461) ParNew: 88223K->967K(109248K)
[2018-01-27T02:05:41.271+0530][11836.384s] GC(461) CMS: 196267K->196267K(393216K)
[2018-01-27T02:05:41.271+0530][11836.384s] GC(461) Metaspace: 49070K->49070K(1095680K)
[2018-01-27T02:05:41.273+0530][11836.386s] GC(461) Pause Young (Allocation Failure) 277M->192M(490M) 47.816ms
[2018-01-27T02:05:41.274+0530][11836.388s] GC(461) User=0.05s Sys=0.00s Real=0.05s
[2018-01-27T02:06:12.624+0530][11867.737s] GC(462) Pause Young (Allocation Failure)
[2018-01-27T02:06:12.629+0530][11867.742s] GC(462) Using 4 workers of 4 for evacuation
[2018-01-27T02:06:12.678+0530][11867.792s] GC(462) ParNew: 88391K->739K(109248K)
[2018-01-27T02:06:12.678+0530][11867.792s] GC(462) CMS: 196267K->196267K(393216K)
[2018-01-27T02:06:12.679+0530][11867.792s] GC(462) Metaspace: 49070K->49070K(1095680K)
[2018-01-27T02:06:12.681+0530][11867.794s] GC(462) Pause Young (Allocation Failure) 277M->192M(490M) 56.521ms
[2018-01-27T02:06:12.682+0530][11867.795s] GC(462) User=0.04s Sys=0.01s Real=0.06s
[2018-01-27T02:06:44.196+0530][11899.309s] GC(463) Pause Young (Allocation Failure)
[2018-01-27T02:06:44.201+0530][11899.314s] GC(463) Using 4 workers of 4 for evacuation
[2018-01-27T02:06:44.282+0530][11899.395s] GC(463) ParNew: 88163K->938K(109248K)
[2018-01-27T02:06:44.282+0530][11899.395s] GC(463) CMS: 196267K->196299K(393216K)
[2018-01-27T02:06:44.282+0530][11899.395s] GC(463) Metaspace: 49070K->49070K(1095680K)
[2018-01-27T02:06:44.285+0530][11899.398s] GC(463) Pause Young (Allocation Failure) 277M->192M(490M) 89.113ms
[2018-01-27T02:06:44.290+0530][11899.404s] GC(463) User=0.05s Sys=0.00s Real=0.09s
[2018-01-27T02:07:18.440+0530][11933.553s] GC(464) Pause Young (Allocation Failure)
[2018-01-27T02:07:18.454+0530][11933.568s] GC(464) Using 4 workers of 4 for evacuation
[2018-01-27T02:07:18.544+0530][11933.657s] GC(464) ParNew: 88362K->840K(109248K)
[2018-01-27T02:07:18.544+0530][11933.657s] GC(464) CMS: 196299K->196299K(393216K)
[2018-01-27T02:07:18.544+0530][11933.657s] GC(464) Metaspace: 49070K->49070K(1095680K)
[2018-01-27T02:07:18.546+0530][11933.660s] GC(464) Pause Young (Allocation Failure) 277M->192M(490M) 106.450ms
[2018-01-27T02:07:18.547+0530][11933.661s] GC(464) User=0.05s Sys=0.00s Real=0.10s
[2018-01-27T02:07:49.445+0530][11964.558s] GC(465) Pause Young (Allocation Failure)
[2018-01-27T02:07:49.456+0530][11964.570s] GC(465) Using 4 workers of 4 for evacuation
[2018-01-27T02:07:49.545+0530][11964.658s] GC(465) ParNew: 88264K->867K(109248K)
[2018-01-27T02:07:49.545+0530][11964.658s] GC(465) CMS: 196299K->196299K(393216K)
[2018-01-27T02:07:49.545+0530][11964.658s] GC(465) Metaspace: 49073K->49073K(1095680K)
[2018-01-27T02:07:49.549+0530][11964.662s] GC(465) Pause Young (Allocation Failure) 277M->192M(490M) 104.090ms
[2018-01-27T02:07:49.550+0530][11964.664s] GC(465) User=0.05s Sys=0.00s Real=0.11s
[2018-01-27T02:08:03.830+0530][11978.943s] GC(466) Pause Young (Allocation Failure)
[2018-01-27T02:08:03.840+0530][11978.953s] GC(466) Using 4 workers of 4 for evacuation
[2018-01-27T02:08:03.881+0530][11978.994s] GC(466) ParNew: 88291K->755K(109248K)
[2018-01-27T02:08:03.881+0530][11978.994s] GC(466) CMS: 196299K->196302K(393216K)
[2018-01-27T02:08:03.881+0530][11978.994s] GC(466) Metaspace: 49079K->49079K(1095680K)
[2018-01-27T02:08:03.883+0530][11978.996s] GC(466) Pause Young (Allocation Failure) 277M->192M(490M) 53.419ms
[2018-01-27T02:08:03.884+0530][11978.998s] GC(466) User=0.05s Sys=0.00s Real=0.06s
[2018-01-27T02:08:36.059+0530][12011.172s] GC(467) Pause Young (Allocation Failure)
[2018-01-27T02:08:36.063+0530][12011.177s] GC(467) Using 4 workers of 4 for evacuation
[2018-01-27T02:08:36.108+0530][12011.222s] GC(467) ParNew: 88179K->1110K(109248K)
[2018-01-27T02:08:36.108+0530][12011.222s] GC(467) CMS: 196302K->196303K(393216K)
[2018-01-27T02:08:36.108+0530][12011.222s] GC(467) Metaspace: 49079K->49079K(1095680K)
[2018-01-27T02:08:36.111+0530][12011.224s] GC(467) Pause Young (Allocation Failure) 277M->192M(490M) 51.521ms
[2018-01-27T02:08:36.112+0530][12011.225s] GC(467) User=0.04s Sys=0.00s Real=0.06s
[2018-01-27T02:09:07.872+0530][12042.986s] GC(468) Pause Young (Allocation Failure)
[2018-01-27T02:09:07.877+0530][12042.991s] GC(468) Using 4 workers of 4 for evacuation
[2018-01-27T02:09:07.914+0530][12043.028s] GC(468) ParNew: 88534K->753K(109248K)
[2018-01-27T02:09:07.914+0530][12043.028s] GC(468) CMS: 196303K->196304K(393216K)
[2018-01-27T02:09:07.914+0530][12043.028s] GC(468) Metaspace: 49079K->49079K(1095680K)
[2018-01-27T02:09:07.916+0530][12043.030s] GC(468) Pause Young (Allocation Failure) 278M->192M(490M) 44.009ms
[2018-01-27T02:09:07.918+0530][12043.031s] GC(468) User=0.05s Sys=0.00s Real=0.05s
[2018-01-27T02:09:41.926+0530][12077.040s] GC(469) Pause Young (Allocation Failure)
[2018-01-27T02:09:41.931+0530][12077.045s] GC(469) Using 4 workers of 4 for evacuation
[2018-01-27T02:09:41.970+0530][12077.084s] GC(469) ParNew: 88177K->984K(109248K)
[2018-01-27T02:09:41.970+0530][12077.084s] GC(469) CMS: 196304K->196304K(393216K)
[2018-01-27T02:09:41.970+0530][12077.084s] GC(469) Metaspace: 49079K->49079K(1095680K)
[2018-01-27T02:09:41.973+0530][12077.086s] GC(469) Pause Young (Allocation Failure) 277M->192M(490M) 46.464ms
[2018-01-27T02:09:41.974+0530][12077.088s] GC(469) User=0.03s Sys=0.00s Real=0.05s
[2018-01-27T02:10:14.396+0530][12109.509s] GC(470) Pause Young (Allocation Failure)
[2018-01-27T02:10:14.401+0530][12109.514s] GC(470) Using 4 workers of 4 for evacuation
[2018-01-27T02:10:14.440+0530][12109.554s] GC(470) ParNew: 88408K->909K(109248K)
[2018-01-27T02:10:14.440+0530][12109.554s] GC(470) CMS: 196304K->196304K(393216K)
[2018-01-27T02:10:14.440+0530][12109.554s] GC(470) Metaspace: 49079K->49079K(1095680K)
[2018-01-27T02:10:14.442+0530][12109.556s] GC(470) Pause Young (Allocation Failure) 278M->192M(490M) 46.709ms
[2018-01-27T02:10:14.444+0530][12109.557s] GC(470) User=0.04s Sys=0.00s Real=0.05s
[2018-01-27T02:10:46.698+0530][12141.811s] GC(471) Pause Young (Allocation Failure)
[2018-01-27T02:10:46.703+0530][12141.816s] GC(471) Using 4 workers of 4 for evacuation
[2018-01-27T02:10:46.748+0530][12141.861s] GC(471) ParNew: 88333K->878K(109248K)
[2018-01-27T02:10:46.748+0530][12141.861s] GC(471) CMS: 196304K->196304K(393216K)
[2018-01-27T02:10:46.748+0530][12141.861s] GC(471) Metaspace: 49079K->49079K(1095680K)
[2018-01-27T02:10:46.750+0530][12141.863s] GC(471) Pause Young (Allocation Failure) 277M->192M(490M) 52.278ms
[2018-01-27T02:10:46.752+0530][12141.865s] GC(471) User=0.05s Sys=0.00s Real=0.06s
[2018-01-27T02:11:13.042+0530][12168.155s] GC(472) Pause Young (Allocation Failure)
[2018-01-27T02:11:13.063+0530][12168.177s] GC(472) Using 4 workers of 4 for evacuation
[2018-01-27T02:11:13.144+0530][12168.257s] GC(472) ParNew: 88302K->970K(109248K)
[2018-01-27T02:11:13.144+0530][12168.258s] GC(472) CMS: 196304K->196304K(393216K)
[2018-01-27T02:11:13.144+0530][12168.258s] GC(472) Metaspace: 49161K->49161K(1095680K)
[2018-01-27T02:11:13.146+0530][12168.260s] GC(472) Pause Young (Allocation Failure) 277M->192M(490M) 104.260ms
[2018-01-27T02:11:13.153+0530][12168.267s] GC(472) User=0.04s Sys=0.00s Real=0.11s
[2018-01-27T02:11:43.391+0530][12198.504s] GC(473) Pause Young (Allocation Failure)
[2018-01-27T02:11:43.406+0530][12198.520s] GC(473) Using 4 workers of 4 for evacuation
[2018-01-27T02:11:43.515+0530][12198.629s] GC(473) ParNew: 88394K->1176K(109248K)
[2018-01-27T02:11:43.516+0530][12198.629s] GC(473) CMS: 196304K->196309K(393216K)
[2018-01-27T02:11:43.516+0530][12198.629s] GC(473) Metaspace: 49161K->49161K(1095680K)
[2018-01-27T02:11:43.518+0530][12198.631s] GC(473) Pause Young (Allocation Failure) 278M->192M(490M) 127.082ms
[2018-01-27T02:11:43.522+0530][12198.635s] GC(473) User=0.05s Sys=0.00s Real=0.13s
[2018-01-27T02:12:09.357+0530][12224.470s] GC(474) Pause Young (Allocation Failure)
[2018-01-27T02:12:09.374+0530][12224.487s] GC(474) Using 4 workers of 4 for evacuation
[2018-01-27T02:12:09.491+0530][12224.605s] GC(474) ParNew: 88600K->861K(109248K)
[2018-01-27T02:12:09.492+0530][12224.605s] GC(474) CMS: 196309K->196313K(393216K)
[2018-01-27T02:12:09.492+0530][12224.605s] GC(474) Metaspace: 49162K->49162K(1095680K)
[2018-01-27T02:12:09.494+0530][12224.607s] GC(474) Pause Young (Allocation Failure) 278M->192M(490M) 136.562ms
[2018-01-27T02:12:09.495+0530][12224.608s] GC(474) User=0.05s Sys=0.00s Real=0.14s
[2018-01-27T02:12:31.066+0530][12246.180s] GC(475) Pause Young (Allocation Failure)
[2018-01-27T02:12:31.071+0530][12246.184s] GC(475) Using 4 workers of 4 for evacuation
[2018-01-27T02:12:31.176+0530][12246.289s] GC(475) ParNew: 88285K->1245K(109248K)
[2018-01-27T02:12:31.176+0530][12246.289s] GC(475) CMS: 196313K->196326K(393216K)
[2018-01-27T02:12:31.176+0530][12246.289s] GC(475) Metaspace: 49169K->49169K(1095680K)
[2018-01-27T02:12:31.178+0530][12246.291s] GC(475) Pause Young (Allocation Failure) 277M->192M(490M) 111.806ms
[2018-01-27T02:12:31.183+0530][12246.297s] GC(475) User=0.05s Sys=0.01s Real=0.11s
[2018-01-27T02:12:49.835+0530][12264.948s] GC(476) Pause Young (Allocation Failure)
[2018-01-27T02:12:49.839+0530][12264.952s] GC(476) Using 4 workers of 4 for evacuation
[2018-01-27T02:12:49.888+0530][12265.001s] GC(476) ParNew: 88669K->949K(109248K)
[2018-01-27T02:12:49.888+0530][12265.001s] GC(476) CMS: 196326K->196326K(393216K)
[2018-01-27T02:12:49.888+0530][12265.001s] GC(476) Metaspace: 49170K->49170K(1095680K)
[2018-01-27T02:12:49.890+0530][12265.003s] GC(476) Pause Young (Allocation Failure) 278M->192M(490M) 55.218ms
[2018-01-27T02:12:49.892+0530][12265.005s] GC(476) User=0.05s Sys=0.00s Real=0.06s
[2018-01-27T02:13:21.793+0530][12296.906s] GC(477) Pause Young (Allocation Failure)
[2018-01-27T02:13:21.798+0530][12296.911s] GC(477) Using 4 workers of 4 for evacuation
[2018-01-27T02:13:21.842+0530][12296.955s] GC(477) ParNew: 88373K->988K(109248K)
[2018-01-27T02:13:21.842+0530][12296.955s] GC(477) CMS: 196326K->196326K(393216K)
[2018-01-27T02:13:21.842+0530][12296.955s] GC(477) Metaspace: 49170K->49170K(1095680K)
[2018-01-27T02:13:21.844+0530][12296.957s] GC(477) Pause Young (Allocation Failure) 278M->192M(490M) 51.345ms
[2018-01-27T02:13:21.845+0530][12296.959s] GC(477) User=0.05s Sys=0.00s Real=0.05s
[2018-01-27T02:13:56.062+0530][12331.175s] GC(478) Pause Young (Allocation Failure)
[2018-01-27T02:13:56.066+0530][12331.180s] GC(478) Using 4 workers of 4 for evacuation
[2018-01-27T02:13:56.104+0530][12331.218s] GC(478) ParNew: 88412K->907K(109248K)
[2018-01-27T02:13:56.104+0530][12331.218s] GC(478) CMS: 196326K->196326K(393216K)
[2018-01-27T02:13:56.104+0530][12331.218s] GC(478) Metaspace: 49170K->49170K(1095680K)
[2018-01-27T02:13:56.107+0530][12331.220s] GC(478) Pause Young (Allocation Failure) 278M->192M(490M) 44.982ms
[2018-01-27T02:13:56.108+0530][12331.222s] GC(478) User=0.04s Sys=0.00s Real=0.04s
[2018-01-27T02:14:20.393+0530][12355.506s] GC(479) Pause Young (Allocation Failure)
[2018-01-27T02:14:20.400+0530][12355.514s] GC(479) Using 4 workers of 4 for evacuation
[2018-01-27T02:14:20.436+0530][12355.549s] GC(479) ParNew: 88331K->1114K(109248K)
[2018-01-27T02:14:20.436+0530][12355.549s] GC(479) CMS: 196326K->196326K(393216K)
[2018-01-27T02:14:20.436+0530][12355.549s] GC(479) Metaspace: 49225K->49225K(1095680K)
[2018-01-27T02:14:20.438+0530][12355.551s] GC(479) Pause Young (Allocation Failure) 277M->192M(490M) 44.951ms
[2018-01-27T02:14:20.439+0530][12355.553s] GC(479) User=0.04s Sys=0.00s Real=0.04s
[2018-01-27T02:14:45.733+0530][12380.846s] GC(480) Pause Young (Allocation Failure)
[2018-01-27T02:14:45.737+0530][12380.850s] GC(480) Using 4 workers of 4 for evacuation
[2018-01-27T02:14:45.781+0530][12380.895s] GC(480) ParNew: 88538K->771K(109248K)
[2018-01-27T02:14:45.782+0530][12380.895s] GC(480) CMS: 196326K->196418K(393216K)
[2018-01-27T02:14:45.782+0530][12380.895s] GC(480) Metaspace: 49229K->49229K(1095680K)
[2018-01-27T02:14:45.784+0530][12380.897s] GC(480) Pause Young (Allocation Failure) 278M->192M(490M) 50.548ms
[2018-01-27T02:14:45.785+0530][12380.898s] GC(480) User=0.05s Sys=0.00s Real=0.05s
[2018-01-27T02:14:54.748+0530][12389.861s] GC(481) Pause Young (Allocation Failure)
[2018-01-27T02:14:54.756+0530][12389.869s] GC(481) Using 4 workers of 4 for evacuation
[2018-01-27T02:14:54.805+0530][12389.918s] GC(481) ParNew: 88195K->1118K(109248K)
[2018-01-27T02:14:54.805+0530][12389.918s] GC(481) CMS: 196418K->196419K(393216K)
[2018-01-27T02:14:54.805+0530][12389.918s] GC(481) Metaspace: 49246K->49246K(1095680K)
[2018-01-27T02:14:54.808+0530][12389.921s] GC(481) Pause Young (Allocation Failure) 277M->192M(490M) 59.873ms
[2018-01-27T02:14:54.809+0530][12389.922s] GC(481) User=0.05s Sys=0.00s Real=0.06s
[2018-01-27T02:15:19.627+0530][12414.740s] GC(482) Pause Young (Allocation Failure)
[2018-01-27T02:15:19.635+0530][12414.749s] GC(482) Using 4 workers of 4 for evacuation
[2018-01-27T02:15:19.673+0530][12414.786s] GC(482) ParNew: 88542K->823K(109248K)
[2018-01-27T02:15:19.673+0530][12414.786s] GC(482) CMS: 196419K->196424K(393216K)
[2018-01-27T02:15:19.673+0530][12414.786s] GC(482) Metaspace: 49246K->49246K(1095680K)
[2018-01-27T02:15:19.676+0530][12414.790s] GC(482) Pause Young (Allocation Failure) 278M->192M(490M) 49.576ms
[2018-01-27T02:15:19.678+0530][12414.791s] GC(482) User=0.05s Sys=0.00s Real=0.05s
[2018-01-27T02:15:51.740+0530][12446.853s] GC(483) Pause Young (Allocation Failure)
[2018-01-27T02:15:51.744+0530][12446.857s] GC(483) Using 4 workers of 4 for evacuation
[2018-01-27T02:15:51.784+0530][12446.897s] GC(483) ParNew: 88247K->782K(109248K)
[2018-01-27T02:15:51.784+0530][12446.897s] GC(483) CMS: 196424K->196455K(393216K)
[2018-01-27T02:15:51.784+0530][12446.897s] GC(483) Metaspace: 49246K->49246K(1095680K)
[2018-01-27T02:15:51.786+0530][12446.899s] GC(483) Pause Young (Allocation Failure) 277M->192M(490M) 46.411ms
[2018-01-27T02:15:51.787+0530][12446.901s] GC(483) User=0.04s Sys=0.00s Real=0.05s
[2018-01-27T02:16:25.991+0530][12481.104s] GC(484) Pause Young (Allocation Failure)
[2018-01-27T02:16:25.996+0530][12481.109s] GC(484) Using 4 workers of 4 for evacuation
[2018-01-27T02:16:26.033+0530][12481.146s] GC(484) ParNew: 88206K->687K(109248K)
[2018-01-27T02:16:26.033+0530][12481.146s] GC(484) CMS: 196455K->196459K(393216K)
[2018-01-27T02:16:26.033+0530][12481.146s] GC(484) Metaspace: 49246K->49246K(1095680K)
[2018-01-27T02:16:26.035+0530][12481.148s] GC(484) Pause Young (Allocation Failure) 277M->192M(490M) 44.410ms
