[2018-01-16T10:31:47.146+0530][0.100s] Using Concurrent Mark Sweep
[2018-01-16T10:31:47.146+0530][0.100s] Heap address: 0x00000000e0000000, size: 512 MB, Compressed Oops mode: 32-bit
[2018-01-16T10:31:57.343+0530][10.297s] GC(0) Pause Initial Mark
[2018-01-16T10:31:57.409+0530][10.363s] GC(0) Pause Initial Mark 78M->78M(490M) 65.471ms
[2018-01-16T10:31:57.409+0530][10.363s] GC(0) User=0.02s Sys=0.00s Real=0.06s
[2018-01-16T10:31:57.409+0530][10.363s] GC(0) Concurrent Mark
[2018-01-16T10:31:57.409+0530][10.363s] GC(0) Using 4 workers of 4 for marking
[2018-01-16T10:31:57.426+0530][10.380s] GC(0) Concurrent Mark 16.516ms
[2018-01-16T10:31:57.426+0530][10.380s] GC(0) User=0.01s Sys=0.00s Real=0.02s
[2018-01-16T10:31:57.426+0530][10.380s] GC(0) Concurrent Preclean
[2018-01-16T10:31:57.426+0530][10.380s] GC(0) Concurrent Preclean 0.770ms
[2018-01-16T10:31:57.426+0530][10.380s] GC(0) User=0.00s Sys=0.00s Real=0.00s
[2018-01-16T10:31:57.426+0530][10.380s] GC(0) Concurrent Abortable Preclean
[2018-01-16T10:31:58.408+0530][11.362s] GC(1) Pause Young (Allocation Failure)
[2018-01-16T10:31:58.408+0530][11.362s] GC(1) Using 4 workers of 4 for evacuation
[2018-01-16T10:31:58.451+0530][11.405s] GC(0) Concurrent Abortable Preclean 1024.200ms
[2018-01-16T10:31:58.451+0530][11.405s] GC(0) User=0.33s Sys=0.01s Real=1.03s
[2018-01-16T10:31:58.573+0530][11.527s] GC(1) ParNew: 87424K->16176K(109248K)
[2018-01-16T10:31:58.573+0530][11.527s] GC(1) CMS: 0K->0K(393216K)
[2018-01-16T10:31:58.573+0530][11.527s] GC(1) Metaspace: 23221K->23221K(1071104K)
[2018-01-16T10:31:58.573+0530][11.528s] GC(1) Pause Young (Allocation Failure) 85M->15M(490M) 165.845ms
[2018-01-16T10:31:58.573+0530][11.528s] GC(1) User=0.06s Sys=0.00s Real=0.17s
[2018-01-16T10:31:58.601+0530][11.555s] GC(0) Pause Remark
[2018-01-16T10:31:58.601+0530][11.555s] GC(2) Pause Young (CMS Final Remark)
[2018-01-16T10:31:58.601+0530][11.555s] GC(2) Using 4 workers of 4 for evacuation
[2018-01-16T10:31:58.701+0530][11.655s] GC(2) ParNew: 17854K->20498K(109248K)
[2018-01-16T10:31:58.701+0530][11.655s] GC(2) CMS: 0K->0K(393216K)
[2018-01-16T10:31:58.701+0530][11.655s] GC(2) Metaspace: 23235K->23235K(1071104K)
[2018-01-16T10:31:58.701+0530][11.655s] GC(2) Pause Young (CMS Final Remark) 17M->20M(490M) 100.052ms
[2018-01-16T10:31:58.701+0530][11.655s] GC(2) User=0.03s Sys=0.00s Real=0.10s
[2018-01-16T10:31:58.784+0530][11.738s] GC(0) Pause Remark 17M->20M(490M) 183.490ms
[2018-01-16T10:31:58.784+0530][11.738s] GC(0) User=0.07s Sys=0.00s Real=0.19s
[2018-01-16T10:31:58.813+0530][11.767s] GC(0) Concurrent Sweep
[2018-01-16T10:31:58.813+0530][11.767s] GC(0) Concurrent Sweep 0.085ms
[2018-01-16T10:31:58.813+0530][11.767s] GC(0) User=0.00s Sys=0.00s Real=0.00s
[2018-01-16T10:31:58.813+0530][11.768s] GC(0) Concurrent Reset
[2018-01-16T10:31:58.815+0530][11.769s] GC(0) Concurrent Reset 1.610ms
[2018-01-16T10:31:58.815+0530][11.769s] GC(0) User=0.00s Sys=0.00s Real=0.00s
[2018-01-16T10:31:58.815+0530][11.769s] GC(0) Old: 0K->0K(393216K)
[2018-01-16T10:32:04.485+0530][17.439s] GC(3) Pause Young (Allocation Failure)
[2018-01-16T10:32:04.485+0530][17.439s] GC(3) Using 4 workers of 4 for evacuation
[2018-01-16T10:32:04.630+0530][17.584s] GC(3) ParNew: 107922K->21824K(109248K)
[2018-01-16T10:32:04.630+0530][17.584s] GC(3) CMS: 0K->860K(393216K)
[2018-01-16T10:32:04.630+0530][17.584s] GC(3) Metaspace: 28964K->28964K(1077248K)
[2018-01-16T10:32:04.630+0530][17.584s] GC(3) Pause Young (Allocation Failure) 105M->22M(490M) 145.277ms
[2018-01-16T10:32:04.630+0530][17.584s] GC(3) User=0.05s Sys=0.00s Real=0.16s
[2018-01-16T10:32:07.455+0530][20.409s] GC(4) Pause Young (Allocation Failure)
[2018-01-16T10:32:07.455+0530][20.409s] GC(4) Using 4 workers of 4 for evacuation
[2018-01-16T10:32:07.722+0530][20.676s] GC(4) ParNew: 109248K->21824K(109248K)
[2018-01-16T10:32:07.722+0530][20.676s] GC(4) CMS: 860K->12614K(393216K)
[2018-01-16T10:32:07.722+0530][20.676s] GC(4) Metaspace: 30598K->30598K(1077248K)
[2018-01-16T10:32:07.722+0530][20.677s] GC(4) Pause Young (Allocation Failure) 107M->33M(490M) 267.368ms
[2018-01-16T10:32:07.723+0530][20.677s] GC(4) User=0.09s Sys=0.00s Real=0.26s
[2018-01-16T10:32:09.498+0530][22.452s] GC(5) Pause Young (Allocation Failure)
[2018-01-16T10:32:09.498+0530][22.452s] GC(5) Using 4 workers of 4 for evacuation
[2018-01-16T10:32:09.577+0530][22.531s] GC(5) ParNew: 109248K->12546K(109248K)
[2018-01-16T10:32:09.577+0530][22.531s] GC(5) CMS: 12614K->12614K(393216K)
[2018-01-16T10:32:09.577+0530][22.531s] GC(5) Metaspace: 32961K->32961K(1079296K)
[2018-01-16T10:32:09.577+0530][22.532s] GC(5) Pause Young (Allocation Failure) 119M->24M(490M) 79.146ms
[2018-01-16T10:32:09.577+0530][22.532s] GC(5) User=0.03s Sys=0.00s Real=0.08s
[2018-01-16T10:32:12.889+0530][25.843s] GC(6) Pause Young (Allocation Failure)
[2018-01-16T10:32:12.889+0530][25.843s] GC(6) Using 4 workers of 4 for evacuation
[2018-01-16T10:32:12.966+0530][25.920s] GC(6) ParNew: 99970K->15901K(109248K)
[2018-01-16T10:32:12.966+0530][25.920s] GC(6) CMS: 12614K->12614K(393216K)
[2018-01-16T10:32:12.966+0530][25.920s] GC(6) Metaspace: 38090K->38090K(1085440K)
[2018-01-16T10:32:12.966+0530][25.920s] GC(6) Pause Young (Allocation Failure) 109M->27M(490M) 76.832ms
[2018-01-16T10:32:12.966+0530][25.920s] GC(6) User=0.04s Sys=0.00s Real=0.07s
[2018-01-16T10:32:14.985+0530][27.939s] GC(7) Pause Initial Mark
[2018-01-16T10:32:15.043+0530][27.997s] GC(7) Pause Initial Mark 55M->55M(490M) 57.962ms
[2018-01-16T10:32:15.043+0530][27.997s] GC(7) User=0.02s Sys=0.00s Real=0.05s
[2018-01-16T10:32:15.043+0530][27.997s] GC(7) Concurrent Mark
[2018-01-16T10:32:15.043+0530][27.997s] GC(7) Using 4 workers of 4 for marking
[2018-01-16T10:32:15.114+0530][28.068s] GC(7) Concurrent Mark 71.634ms
[2018-01-16T10:32:15.114+0530][28.069s] GC(7) User=0.02s Sys=0.00s Real=0.08s
[2018-01-16T10:32:15.114+0530][28.069s] GC(7) Concurrent Preclean
[2018-01-16T10:32:15.116+0530][28.070s] GC(7) Concurrent Preclean 1.146ms
[2018-01-16T10:32:15.116+0530][28.070s] GC(7) User=0.00s Sys=0.00s Real=0.00s
[2018-01-16T10:32:15.116+0530][28.070s] GC(7) Concurrent Abortable Preclean
[2018-01-16T10:32:21.119+0530][34.073s] GC(7) Concurrent Abortable Preclean 6003.084ms
[2018-01-16T10:32:21.129+0530][34.083s] GC(7) User=1.42s Sys=0.01s Real=6.01s
[2018-01-16T10:32:21.129+0530][34.084s] GC(7) Pause Remark
[2018-01-16T10:32:21.130+0530][34.084s] GC(8) Pause Young (CMS Final Remark)
[2018-01-16T10:32:21.130+0530][34.084s] GC(8) Using 4 workers of 4 for evacuation
[2018-01-16T10:32:21.235+0530][34.189s] GC(8) ParNew: 44111K->20996K(109248K)
[2018-01-16T10:32:21.235+0530][34.189s] GC(8) CMS: 12614K->12614K(393216K)
[2018-01-16T10:32:21.235+0530][34.189s] GC(8) Metaspace: 40234K->40234K(1087488K)
[2018-01-16T10:32:21.235+0530][34.189s] GC(8) Pause Young (CMS Final Remark) 55M->32M(490M) 105.171ms
[2018-01-16T10:32:21.235+0530][34.189s] GC(8) User=0.02s Sys=0.01s Real=0.11s
[2018-01-16T10:32:21.361+0530][34.315s] GC(7) Pause Remark 55M->32M(490M) 231.754ms
[2018-01-16T10:32:21.361+0530][34.315s] GC(7) User=0.06s Sys=0.01s Real=0.23s
[2018-01-16T10:32:21.361+0530][34.315s] GC(7) Concurrent Sweep
[2018-01-16T10:32:21.408+0530][34.362s] GC(7) Concurrent Sweep 46.171ms
[2018-01-16T10:32:21.417+0530][34.371s] GC(7) User=0.02s Sys=0.00s Real=0.06s
[2018-01-16T10:32:21.417+0530][34.371s] GC(7) Concurrent Reset
[2018-01-16T10:32:21.418+0530][34.372s] GC(7) Concurrent Reset 0.814ms
[2018-01-16T10:32:21.418+0530][34.372s] GC(7) User=0.00s Sys=0.00s Real=0.00s
[2018-01-16T10:32:21.418+0530][34.372s] GC(7) Old: 12614K->11709K(393216K)
[2018-01-16T10:49:53.567+0530][1086.522s] Heap
[2018-01-16T10:49:53.568+0530][1086.522s]  par new generation   total 109248K, used 52254K [0x00000000e0000000, 0x00000000e8000000, 0x00000000e8000000)
[2018-01-16T10:49:53.568+0530][1086.522s]   eden space 87424K,  35% used [0x00000000e0000000, 0x00000000e1e86a10, 0x00000000e5560000)
[2018-01-16T10:49:53.568+0530][1086.522s]   from space 21824K,  96% used [0x00000000e6ab0000, 0x00000000e7f31120, 0x00000000e8000000)
[2018-01-16T10:49:53.568+0530][1086.522s]   to   space 21824K,   0% used [0x00000000e5560000, 0x00000000e5560000, 0x00000000e6ab0000)
[2018-01-16T10:49:53.568+0530][1086.522s]  concurrent mark-sweep generation total 393216K, used 11709K [0x00000000e8000000, 0x0000000100000000, 0x0000000100000000)
[2018-01-16T10:49:53.568+0530][1086.522s]  Metaspace       used 42946K, capacity 44642K, committed 44892K, reserved 1089536K
[2018-01-16T10:49:53.568+0530][1086.522s]   class space    used 4803K, capacity 5157K, committed 5272K, reserved 1048576K
