[2018-01-16T01:51:20.904+0530][0.121s] Using Concurrent Mark Sweep
[2018-01-16T01:51:20.904+0530][0.121s] Heap address: 0x00000000e0000000, size: 512 MB, Compressed Oops mode: 32-bit
[2018-01-16T01:51:33.130+0530][12.347s] GC(0) Pause Initial Mark
[2018-01-16T01:51:33.205+0530][12.421s] GC(0) Pause Initial Mark 80M->80M(490M) 74.180ms
[2018-01-16T01:51:33.205+0530][12.422s] GC(0) User=0.03s Sys=0.00s Real=0.07s
[2018-01-16T01:51:33.206+0530][12.423s] GC(0) Concurrent Mark
[2018-01-16T01:51:33.206+0530][12.423s] GC(0) Using 4 workers of 4 for marking
[2018-01-16T01:51:33.206+0530][12.423s] GC(0) Concurrent Mark 0.615ms
[2018-01-16T01:51:33.207+0530][12.423s] GC(0) User=0.00s Sys=0.00s Real=0.00s
[2018-01-16T01:51:33.207+0530][12.423s] GC(0) Concurrent Preclean
[2018-01-16T01:51:33.207+0530][12.424s] GC(0) Concurrent Preclean 0.794ms
[2018-01-16T01:51:33.207+0530][12.424s] GC(0) User=0.00s Sys=0.00s Real=0.00s
[2018-01-16T01:51:33.207+0530][12.424s] GC(0) Concurrent Abortable Preclean
[2018-01-16T01:51:34.120+0530][13.337s] GC(1) Pause Young (Allocation Failure)
[2018-01-16T01:51:34.120+0530][13.337s] GC(1) Using 4 workers of 4 for evacuation
[2018-01-16T01:51:34.162+0530][13.379s] GC(0) Concurrent Abortable Preclean 954.333ms
[2018-01-16T01:51:34.162+0530][13.379s] GC(0) User=0.27s Sys=0.01s Real=0.96s
[2018-01-16T01:51:34.253+0530][13.470s] GC(1) ParNew: 87424K->16153K(109248K)
[2018-01-16T01:51:34.253+0530][13.470s] GC(1) CMS: 0K->0K(393216K)
[2018-01-16T01:51:34.253+0530][13.470s] GC(1) Metaspace: 23224K->23224K(1071104K)
[2018-01-16T01:51:34.253+0530][13.470s] GC(1) Pause Young (Allocation Failure) 85M->15M(490M) 133.485ms
[2018-01-16T01:51:34.253+0530][13.470s] GC(1) User=0.03s Sys=0.00s Real=0.13s
[2018-01-16T01:51:34.271+0530][13.488s] GC(0) Pause Remark
[2018-01-16T01:51:34.271+0530][13.488s] GC(2) Pause Young (CMS Final Remark)
[2018-01-16T01:51:34.271+0530][13.488s] GC(2) Using 4 workers of 4 for evacuation
[2018-01-16T01:51:34.453+0530][13.670s] GC(2) ParNew: 17829K->18738K(109248K)
[2018-01-16T01:51:34.453+0530][13.670s] GC(2) CMS: 0K->0K(393216K)
[2018-01-16T01:51:34.454+0530][13.670s] GC(2) Metaspace: 23239K->23239K(1071104K)
[2018-01-16T01:51:34.454+0530][13.671s] GC(2) Pause Young (CMS Final Remark) 17M->18M(490M) 182.329ms
[2018-01-16T01:51:34.454+0530][13.671s] GC(2) User=0.04s Sys=0.01s Real=0.18s
[2018-01-16T01:51:34.586+0530][13.803s] GC(0) Pause Remark 17M->18M(490M) 314.510ms
[2018-01-16T01:51:34.586+0530][13.803s] GC(0) User=0.08s Sys=0.01s Real=0.31s
[2018-01-16T01:51:34.602+0530][13.819s] GC(0) Concurrent Sweep
[2018-01-16T01:51:34.608+0530][13.825s] GC(0) Concurrent Sweep 5.414ms
[2018-01-16T01:51:34.608+0530][13.825s] GC(0) User=0.00s Sys=0.00s Real=0.01s
[2018-01-16T01:51:34.608+0530][13.825s] GC(0) Concurrent Reset
[2018-01-16T01:51:34.611+0530][13.828s] GC(0) Concurrent Reset 3.120ms
[2018-01-16T01:51:34.611+0530][13.828s] GC(0) User=0.00s Sys=0.00s Real=0.00s
[2018-01-16T01:51:34.611+0530][13.828s] GC(0) Old: 0K->0K(393216K)
[2018-01-16T01:51:42.473+0530][21.690s] GC(3) Pause Young (Allocation Failure)
[2018-01-16T01:51:42.473+0530][21.690s] GC(3) Using 4 workers of 4 for evacuation
[2018-01-16T01:51:42.679+0530][21.896s] GC(3) ParNew: 106162K->21824K(109248K)
[2018-01-16T01:51:42.679+0530][21.896s] GC(3) CMS: 0K->893K(393216K)
[2018-01-16T01:51:42.679+0530][21.896s] GC(3) Metaspace: 28753K->28753K(1077248K)
[2018-01-16T01:51:42.679+0530][21.896s] GC(3) Pause Young (Allocation Failure) 103M->22M(490M) 206.045ms
[2018-01-16T01:51:42.679+0530][21.896s] GC(3) User=0.04s Sys=0.01s Real=0.20s
[2018-01-16T01:51:45.682+0530][24.899s] GC(4) Pause Young (Allocation Failure)
[2018-01-16T01:51:45.683+0530][24.899s] GC(4) Using 4 workers of 4 for evacuation
[2018-01-16T01:51:45.906+0530][25.123s] GC(4) ParNew: 109248K->21824K(109248K)
[2018-01-16T01:51:45.906+0530][25.123s] GC(4) CMS: 893K->12581K(393216K)
[2018-01-16T01:51:45.906+0530][25.123s] GC(4) Metaspace: 31656K->31656K(1079296K)
[2018-01-16T01:51:45.907+0530][25.123s] GC(4) Pause Young (Allocation Failure) 107M->33M(490M) 224.120ms
[2018-01-16T01:51:45.907+0530][25.124s] GC(4) User=0.08s Sys=0.00s Real=0.22s
[2018-01-16T01:51:46.924+0530][26.141s] GC(5) Pause Young (Allocation Failure)
[2018-01-16T01:51:46.924+0530][26.141s] GC(5) Using 4 workers of 4 for evacuation
[2018-01-16T01:51:47.006+0530][26.223s] GC(5) ParNew: 109248K->10377K(109248K)
[2018-01-16T01:51:47.006+0530][26.223s] GC(5) CMS: 12581K->12581K(393216K)
[2018-01-16T01:51:47.006+0530][26.223s] GC(5) Metaspace: 32357K->32357K(1079296K)
[2018-01-16T01:51:47.006+0530][26.223s] GC(5) Pause Young (Allocation Failure) 118M->22M(490M) 82.243ms
[2018-01-16T01:51:47.006+0530][26.223s] GC(5) User=0.03s Sys=0.00s Real=0.08s
[2018-01-16T01:51:51.532+0530][30.749s] GC(6) Pause Young (Allocation Failure)
[2018-01-16T01:51:51.532+0530][30.749s] GC(6) Using 4 workers of 4 for evacuation
[2018-01-16T01:51:51.638+0530][30.855s] GC(6) ParNew: 97801K->16559K(109248K)
[2018-01-16T01:51:51.638+0530][30.855s] GC(6) CMS: 12581K->12581K(393216K)
[2018-01-16T01:51:51.638+0530][30.855s] GC(6) Metaspace: 37581K->37581K(1085440K)
[2018-01-16T01:51:51.638+0530][30.855s] GC(6) Pause Young (Allocation Failure) 107M->28M(490M) 105.679ms
[2018-01-16T01:51:51.638+0530][30.855s] GC(6) User=0.04s Sys=0.00s Real=0.10s
[2018-01-16T01:51:53.678+0530][32.895s] GC(7) Pause Initial Mark
[2018-01-16T01:51:53.728+0530][32.945s] GC(7) Pause Initial Mark 60M->60M(490M) 50.487ms
[2018-01-16T01:51:53.729+0530][32.945s] GC(7) User=0.02s Sys=0.00s Real=0.06s
[2018-01-16T01:51:53.729+0530][32.946s] GC(7) Concurrent Mark
[2018-01-16T01:51:53.729+0530][32.946s] GC(7) Using 4 workers of 4 for marking
[2018-01-16T01:51:53.830+0530][33.047s] GC(7) Concurrent Mark 101.332ms
[2018-01-16T01:51:53.830+0530][33.047s] GC(7) User=0.02s Sys=0.00s Real=0.09s
[2018-01-16T01:51:53.830+0530][33.047s] GC(7) Concurrent Preclean
[2018-01-16T01:51:53.839+0530][33.056s] GC(7) Concurrent Preclean 8.682ms
[2018-01-16T01:51:53.839+0530][33.056s] GC(7) User=0.00s Sys=0.00s Real=0.01s
[2018-01-16T01:51:53.839+0530][33.056s] GC(7) Concurrent Abortable Preclean
[2018-01-16T01:51:59.839+0530][39.056s] GC(7) Concurrent Abortable Preclean 6000.179ms
[2018-01-16T01:51:59.839+0530][39.056s] GC(7) User=1.48s Sys=0.00s Real=6.00s
[2018-01-16T01:51:59.843+0530][39.060s] GC(7) Pause Remark
[2018-01-16T01:51:59.843+0530][39.060s] GC(8) Pause Young (CMS Final Remark)
[2018-01-16T01:51:59.843+0530][39.060s] GC(8) Using 4 workers of 4 for evacuation
[2018-01-16T01:51:59.935+0530][39.152s] GC(8) ParNew: 53273K->19010K(109248K)
[2018-01-16T01:51:59.935+0530][39.152s] GC(8) CMS: 12581K->12581K(393216K)
[2018-01-16T01:51:59.935+0530][39.152s] GC(8) Metaspace: 40390K->40390K(1087488K)
[2018-01-16T01:51:59.935+0530][39.152s] GC(8) Pause Young (CMS Final Remark) 64M->30M(490M) 92.016ms
[2018-01-16T01:51:59.935+0530][39.152s] GC(8) User=0.04s Sys=0.00s Real=0.09s
[2018-01-16T01:52:00.024+0530][39.241s] GC(7) Pause Remark 64M->30M(490M) 181.033ms
[2018-01-16T01:52:00.024+0530][39.241s] GC(7) User=0.06s Sys=0.00s Real=0.18s
[2018-01-16T01:52:00.024+0530][39.241s] GC(7) Concurrent Sweep
[2018-01-16T01:52:00.047+0530][39.264s] GC(7) Concurrent Sweep 23.185ms
[2018-01-16T01:52:00.047+0530][39.264s] GC(7) User=0.01s Sys=0.00s Real=0.02s
[2018-01-16T01:52:00.047+0530][39.264s] GC(7) Concurrent Reset
[2018-01-16T01:52:00.048+0530][39.265s] GC(7) Concurrent Reset 0.783ms
[2018-01-16T01:52:00.048+0530][39.265s] GC(7) User=0.01s Sys=0.00s Real=0.00s
[2018-01-16T01:52:00.048+0530][39.265s] GC(7) Old: 12581K->11649K(393216K)
[2018-01-16T02:07:19.510+0530][958.727s] Heap
[2018-01-16T02:07:19.510+0530][958.727s]  par new generation   total 109248K, used 34633K [0x00000000e0000000, 0x00000000e8000000, 0x00000000e8000000)
[2018-01-16T02:07:19.510+0530][958.727s]   eden space 87424K,  17% used [0x00000000e0000000, 0x00000000e0f41ca0, 0x00000000e5560000)
[2018-01-16T02:07:19.510+0530][958.727s]   from space 21824K,  87% used [0x00000000e6ab0000, 0x00000000e7d409b0, 0x00000000e8000000)
[2018-01-16T02:07:19.510+0530][958.727s]   to   space 21824K,   0% used [0x00000000e5560000, 0x00000000e5560000, 0x00000000e6ab0000)
[2018-01-16T02:07:19.510+0530][958.727s]  concurrent mark-sweep generation total 393216K, used 11649K [0x00000000e8000000, 0x0000000100000000, 0x0000000100000000)
[2018-01-16T02:07:19.510+0530][958.727s]  Metaspace       used 41140K, capacity 42906K, committed 43032K, reserved 1087488K
[2018-01-16T02:07:19.510+0530][958.727s]   class space    used 4613K, capacity 4949K, committed 5016K, reserved 1048576K
